<?xml version="1.0"?>
<!DOCTYPE BlastOutput PUBLIC "-//NCBI//NCBI BlastOutput/EN" "http://www.ncbi.nlm.nih.gov/dtd/NCBI_BlastOutput.dtd">
<BlastOutput>
  <BlastOutput_program>blastn</BlastOutput_program>
  <BlastOutput_version>BLASTN 2.13.0+</BlastOutput_version>
  <BlastOutput_reference>Stephen F. Altschul, Thomas L. Madden, Alejandro A. Sch&amp;auml;ffer, Jinghui Zhang, Zheng Zhang, Webb Miller, and David J. Lipman (1997), &quot;Gapped BLAST and PSI-BLAST: a new generation of protein database search programs&quot;, Nucleic Acids Res. 25:3389-3402.</BlastOutput_reference>
  <BlastOutput_db>nt</BlastOutput_db>
  <BlastOutput_query-ID>Query_56926</BlastOutput_query-ID>
  <BlastOutput_query-def>NC_015441.3:2856617-2858593 Solanum lycopersicum cultivar Heinz 1706 chromosome 4, SL3.0, whole genome shotgun sequence</BlastOutput_query-def>
  <BlastOutput_query-len>1977</BlastOutput_query-len>
  <BlastOutput_param>
    <Parameters>
      <Parameters_expect>10</Parameters_expect>
      <Parameters_sc-match>2</Parameters_sc-match>
      <Parameters_sc-mismatch>-3</Parameters_sc-mismatch>
      <Parameters_gap-open>5</Parameters_gap-open>
      <Parameters_gap-extend>2</Parameters_gap-extend>
      <Parameters_filter>L;m;</Parameters_filter>
    </Parameters>
  </BlastOutput_param>
<BlastOutput_iterations>
<Iteration>
  <Iteration_iter-num>1</Iteration_iter-num>
  <Iteration_query-ID>Query_56926</Iteration_query-ID>
  <Iteration_query-def>NC_015441.3:2856617-2858593 Solanum lycopersicum cultivar Heinz 1706 chromosome 4, SL3.0, whole genome shotgun sequence</Iteration_query-def>
  <Iteration_query-len>1977</Iteration_query-len>
<Iteration_hits>
<Hit>
  <Hit_num>1</Hit_num>
  <Hit_id>gi|1273855477|gb|CP023760.1|</Hit_id>
  <Hit_def>Solanum lycopersicum cultivar I-3 chromosome 4</Hit_def>
  <Hit_accession>CP023760</Hit_accession>
  <Hit_len>66477049</Hit_len>
  <Hit_hsps>
    <Hsp>
      <Hsp_num>1</Hsp_num>
      <Hsp_bit-score>3566.55</Hsp_bit-score>
      <Hsp_score>3954</Hsp_score>
      <Hsp_evalue>0</Hsp_evalue>
      <Hsp_query-from>1</Hsp_query-from>
      <Hsp_query-to>1977</Hsp_query-to>
      <Hsp_hit-from>2857235</Hsp_hit-from>
      <Hsp_hit-to>2859211</Hsp_hit-to>
      <Hsp_query-frame>1</Hsp_query-frame>
      <Hsp_hit-frame>1</Hsp_hit-frame>
      <Hsp_identity>1977</Hsp_identity>
      <Hsp_positive>1977</Hsp_positive>
      <Hsp_gaps>0</Hsp_gaps>
      <Hsp_align-len>1977</Hsp_align-len>
      <Hsp_qseq>GTCAAAGAAACTGAAACTAACACAAAGCAGGAGCAGGAGCAGCAACAAACAGAGAGAAGAAAACAGAGGAAGATAAGAGGAAAATTTATCGAATTCGAATCGAGAGAAAAGGGGAAGTGAAGTTGCGAAGAGTGAGAATTTCAAAGGAAATGAACAAAGGAGCAAACGGAAATCAGCAATTGGAGTTACCGGCGGGATTCAGATTCCATCCGACAGACGACGAATTGGTGCAGCACTATCTCTGCAGGAAATGCGCCGGACAGTCGATTGCTGTATCAATTATAGCTGAAATTGATCTTTACAAGTTTGATCCATGGCAGTTGCCTGGTAATTTTTGACTCTTCCTCCAATTTTTCATAGCTTGCAAAGTCTAGGTCAAAAAAAAAATCGAAACAGATTAAGCTTCGCGTTTGATCACAGTTTTTGGATCTGTTCCGCCATGGAATTTGAAAATCAGATCAAGTTCCTTAAAACAAGTTTTTCGACTTATAGCATAGCAACACAACTTCAAATCTCAAAAATCACAATTTCAAAAACTCATAGATTTCAACTTCTATATTCAAACAGGAGCTAAATTTCGAATTTTAAAAAATTATCTTCAAATATCCGTAAAAGTTAATCTTCGAACATTTTTAAGTTCCTAAAACTGTTTGGTTCTTTTTCTGAACTTTATTTTTTGTTGGTAATTGCAGAGAAGGCTTTGTACGGTGAAAAAGAGTGGTATTTTTTCTCACCAAGGGATAGAAAATATCCGAACGGTTCACGGCCGAACCGAGCAGCAGGAACCGGTTATTGGAAGGCAACCGGAGCTGATAAACCGGTGGGAAAACCCAAAACCTTAGGGATAAAGAAGGCACTTGTGTTCTATGCCGGAAAAGCACCCAGAGGTATAAAAACAAATTGGATTATGCACGAGTACCGCCTCGCCAACGTGGACCGCTCTGCTGGCAAGAACAATAACTTGAGGGTAAGTCCTTCTTCAGCTTTAATTTTTTATTTTCGGAGATGAGATTCAAGATTCGAGTAATATAGTATGGTAAAATTACTGAGTTTACGTGAACTATACTCACATCTCTAATAGTGATATCTCCTAAGATTTACAATGTTTCAAATGAAAAATAGTGGAAGATTTCACTTTAATTATCAACAATTAGGTGTGGCACCCATTTAACATATAGTAATAAGTAAAATAAAATGGTCATTATATTCTGTAACTTATGAGTGCAAAATACAATTTGTAAATTGTTTATTGATTATGTGATTTGACATTATTGCAGCTTGATGATTGGGTATTGTGTCGAATATACAACAAGAAAGGCACACTTGAGAAGCATTACAATGTGGACAACAAGGAAACTACAAGCTTTGGAGAATTTGATGAAGAAATAAAACCAAAAATATTGCCCACACAATTAGCACCGATGCCACCACGGCCTCGATCGACACCAGCAAACGACTACTTTTATTTCGAGTCATCAGAGTCGATGACTAGAATGCACACGACAAACTCGAGCTCTGGCTCAGAGCATGTCTTGTCGCCATGTGACAAGGAGGTTCAGAGCGCGCCCAAATGGGACGAAGACCACAGAAACACCCTTGATTTTCAGCTAAACTATTTGGATGGTTTACTAAATGAACCATTTGAAACCCAAATGCAGCAGCAAATTTGCAACTTTGACCAGTTCAACAATTTCCAAGACATGTTCCTATACATGCAAAAACCTTACTAAAATTGTATAAATTCATTGGATCTAAATTGAGTGTGATCCATGACATTTTCTTTGTTCTTTGGTGGTGTAGGTCAACTTTTTATTAAGTAGTTTAGAGAAGTACAAAATGCTAGTCAAATTTGGTGGGCTACAGCACAAATGAGCCTTGATAAGCATAGCCAAAGAGTCGTATAGAAGGGCTTATTATTATTGTAAGGTATGTAAAAACAAATGAAAATTTGTTAATATCAAGTTATCATTCTTCAAA</Hsp_qseq>
      <Hsp_hseq>GTCAAAGAAACTGAAACTAACACAAAGCAGGAGCAGGAGCAGCAACAAACAGAGAGAAGAAAACAGAGGAAGATAAGAGGAAAATTTATCGAATTCGAATCGAGAGAAAAGGGGAAGTGAAGTTGCGAAGAGTGAGAATTTCAAAGGAAATGAACAAAGGAGCAAACGGAAATCAGCAATTGGAGTTACCGGCGGGATTCAGATTCCATCCGACAGACGACGAATTGGTGCAGCACTATCTCTGCAGGAAATGCGCCGGACAGTCGATTGCTGTATCAATTATAGCTGAAATTGATCTTTACAAGTTTGATCCATGGCAGTTGCCTGGTAATTTTTGACTCTTCCTCCAATTTTTCATAGCTTGCAAAGTCTAGGTCAAAAAAAAAATCGAAACAGATTAAGCTTCGCGTTTGATCACAGTTTTTGGATCTGTTCCGCCATGGAATTTGAAAATCAGATCAAGTTCCTTAAAACAAGTTTTTCGACTTATAGCATAGCAACACAACTTCAAATCTCAAAAATCACAATTTCAAAAACTCATAGATTTCAACTTCTATATTCAAACAGGAGCTAAATTTCGAATTTTAAAAAATTATCTTCAAATATCCGTAAAAGTTAATCTTCGAACATTTTTAAGTTCCTAAAACTGTTTGGTTCTTTTTCTGAACTTTATTTTTTGTTGGTAATTGCAGAGAAGGCTTTGTACGGTGAAAAAGAGTGGTATTTTTTCTCACCAAGGGATAGAAAATATCCGAACGGTTCACGGCCGAACCGAGCAGCAGGAACCGGTTATTGGAAGGCAACCGGAGCTGATAAACCGGTGGGAAAACCCAAAACCTTAGGGATAAAGAAGGCACTTGTGTTCTATGCCGGAAAAGCACCCAGAGGTATAAAAACAAATTGGATTATGCACGAGTACCGCCTCGCCAACGTGGACCGCTCTGCTGGCAAGAACAATAACTTGAGGGTAAGTCCTTCTTCAGCTTTAATTTTTTATTTTCGGAGATGAGATTCAAGATTCGAGTAATATAGTATGGTAAAATTACTGAGTTTACGTGAACTATACTCACATCTCTAATAGTGATATCTCCTAAGATTTACAATGTTTCAAATGAAAAATAGTGGAAGATTTCACTTTAATTATCAACAATTAGGTGTGGCACCCATTTAACATATAGTAATAAGTAAAATAAAATGGTCATTATATTCTGTAACTTATGAGTGCAAAATACAATTTGTAAATTGTTTATTGATTATGTGATTTGACATTATTGCAGCTTGATGATTGGGTATTGTGTCGAATATACAACAAGAAAGGCACACTTGAGAAGCATTACAATGTGGACAACAAGGAAACTACAAGCTTTGGAGAATTTGATGAAGAAATAAAACCAAAAATATTGCCCACACAATTAGCACCGATGCCACCACGGCCTCGATCGACACCAGCAAACGACTACTTTTATTTCGAGTCATCAGAGTCGATGACTAGAATGCACACGACAAACTCGAGCTCTGGCTCAGAGCATGTCTTGTCGCCATGTGACAAGGAGGTTCAGAGCGCGCCCAAATGGGACGAAGACCACAGAAACACCCTTGATTTTCAGCTAAACTATTTGGATGGTTTACTAAATGAACCATTTGAAACCCAAATGCAGCAGCAAATTTGCAACTTTGACCAGTTCAACAATTTCCAAGACATGTTCCTATACATGCAAAAACCTTACTAAAATTGTATAAATTCATTGGATCTAAATTGAGTGTGATCCATGACATTTTCTTTGTTCTTTGGTGGTGTAGGTCAACTTTTTATTAAGTAGTTTAGAGAAGTACAAAATGCTAGTCAAATTTGGTGGGCTACAGCACAAATGAGCCTTGATAAGCATAGCCAAAGAGTCGTATAGAAGGGCTTATTATTATTGTAAGGTATGTAAAAACAAATGAAAATTTGTTAATATCAAGTTATCATTCTTCAAA</Hsp_hseq>
      <Hsp_midline>|||||||||||||||||||||||||||||||||||||||||||||||||||||||||||||||||||||||||||||||||||||||||||||||||||||||||||||||||||||||||||||||||||||||||||||||||||||||||||||||||||||||||||||||||||||||||||||||||||||||||||||||||||||||||||||||||||||||||||||||||||||||||||||||||||||||||||||||||||||||||||||||||||||||||||||||||||||||||||||||||||||||||||||||||||||||||||||||||||||||||||||||||||||||||||||||||||||||||||||||||||||||||||||||||||||||||||||||||||||||||||||||||||||||||||||||||||||||||||||||||||||||||||||||||||||||||||||||||||||||||||||||||||||||||||||||||||||||||||||||||||||||||||||||||||||||||||||||||||||||||||||||||||||||||||||||||||||||||||||||||||||||||||||||||||||||||||||||||||||||||||||||||||||||||||||||||||||||||||||||||||||||||||||||||||||||||||||||||||||||||||||||||||||||||||||||||||||||||||||||||||||||||||||||||||||||||||||||||||||||||||||||||||||||||||||||||||||||||||||||||||||||||||||||||||||||||||||||||||||||||||||||||||||||||||||||||||||||||||||||||||||||||||||||||||||||||||||||||||||||||||||||||||||||||||||||||||||||||||||||||||||||||||||||||||||||||||||||||||||||||||||||||||||||||||||||||||||||||||||||||||||||||||||||||||||||||||||||||||||||||||||||||||||||||||||||||||||||||||||||||||||||||||||||||||||||||||||||||||||||||||||||||||||||||||||||||||||||||||||||||||||||||||||||||||||||||||||||||||||||||||||||||||||||||||||||||||||||||||||||||||||||||||||||||||||||||||||||||||||||||||||||||||||||||||||||||||||||||||||||||||||||||||||||||||||||||||||||||||||||||||||||||||||||||||||||||||||||||||||||||||||||||||||||||||||||||||||||||||||||||||||||||||||||||||||||||||||||||||||||||||||||||||||||||||||||||||||||||||||||||||||||||||||||||||||||||||||||||||||||||||||||||||||||||||||||||||||||||||||||||||||||||||||||||||||||||||||||||||||||||||||||||||||||||||||||||||||||||||||||||||||||||||||||||||||||||||||||||||||||||||||||||||||||||||||||||||||||||||||||||||||||||||||||||||||||||||||||||||||||||||||||||||||||||||||||||||||||||||||||||||||||||||||||||</Hsp_midline>
    </Hsp>
    <Hsp>
      <Hsp_num>2</Hsp_num>
      <Hsp_bit-score>89.6514</Hsp_bit-score>
      <Hsp_score>98</Hsp_score>
      <Hsp_evalue>1.44242e-12</Hsp_evalue>
      <Hsp_query-from>707</Hsp_query-from>
      <Hsp_query-to>918</Hsp_query-to>
      <Hsp_hit-from>405509</Hsp_hit-from>
      <Hsp_hit-to>405723</Hsp_hit-to>
      <Hsp_query-frame>1</Hsp_query-frame>
      <Hsp_hit-frame>1</Hsp_hit-frame>
      <Hsp_identity>153</Hsp_identity>
      <Hsp_positive>153</Hsp_positive>
      <Hsp_gaps>13</Hsp_gaps>
      <Hsp_align-len>220</Hsp_align-len>
      <Hsp_qseq>GGTGAAAAAGAGTGGTATTTTTTCTCACCAAGGGATAGAAAATATCCGAACGGTTCACGGCCGAACCGAGCAGCAGGAACCGGTTATTGGAAGGCAACCGGAGCTGATAAACCGGT-------GGGAAAACCCAAAACCT-TAGGGATAAAGAAGGCACTTGTGTTCTATGCCGGAAAAGCACCCAGAGGTATAAAAACAAATTGGATTATGCACGAGTA</Hsp_qseq>
      <Hsp_hseq>GGAGAAAAAGAATGGTATTTCTTCACCCCACGTGATAGAAAATATCCAAATGGTGTTAGGCCAAATAGGGCAGCTGTGTCTGGTTATTGGAAAGCCACAGGCACAGATAAA--GGTATATATAGTGGAA---CAAAATATGTTGGTATTAAAAAAGCTCTTGTATTTTATAAAGGAAAACCCCCTAAAGGTATCAAGACTGATTGGATCATGCATGAATA</Hsp_hseq>
      <Hsp_midline>|| |||||||| |||||||| ||| | ||| | |||||||||||||| || |||    |||| ||  | ||||| |   | ||||||||||| || || ||  | ||||||  |||       | | ||   |||||  | | || || || || || ||||| || |||   |||||| | || | |||||| || ||  ||||||| ||||| || ||</Hsp_midline>
    </Hsp>
    <Hsp>
      <Hsp_num>3</Hsp_num>
      <Hsp_bit-score>68.0109</Hsp_bit-score>
      <Hsp_score>74</Hsp_score>
      <Hsp_evalue>4.71528e-06</Hsp_evalue>
      <Hsp_query-from>499</Hsp_query-from>
      <Hsp_query-to>581</Hsp_query-to>
      <Hsp_hit-from>61958955</Hsp_hit-from>
      <Hsp_hit-to>61958865</Hsp_hit-to>
      <Hsp_query-frame>1</Hsp_query-frame>
      <Hsp_hit-frame>-1</Hsp_hit-frame>
      <Hsp_identity>72</Hsp_identity>
      <Hsp_positive>72</Hsp_positive>
      <Hsp_gaps>10</Hsp_gaps>
      <Hsp_align-len>92</Hsp_align-len>
      <Hsp_qseq>AACACAACTTCAAATCTCAAAAA-TCACAATTTCAAAAACTCATAGATTTCAACT------TCTATATTCAAACAGGAGCTAA--ATTTCGA</Hsp_qseq>
      <Hsp_hseq>AAAACAACATCAAAGTTAAAAAAATCGCAACTTCAAAAACTCAAAG-TTTCAACTTCGAAATCTATGATCAAACAGGAGCTAAGTATTTCGA</Hsp_hseq>
      <Hsp_midline>|| ||||| |||||  | ||||| || ||| |||||||||||| || ||||||||      |||||  |||||||||||||||  |||||||</Hsp_midline>
    </Hsp>
    <Hsp>
      <Hsp_num>4</Hsp_num>
      <Hsp_bit-score>59.8958</Hsp_bit-score>
      <Hsp_score>65</Hsp_score>
      <Hsp_evalue>0.00244258</Hsp_evalue>
      <Hsp_query-from>500</Hsp_query-from>
      <Hsp_query-to>540</Hsp_query-to>
      <Hsp_hit-from>3958141</Hsp_hit-from>
      <Hsp_hit-to>3958100</Hsp_hit-to>
      <Hsp_query-frame>1</Hsp_query-frame>
      <Hsp_hit-frame>-1</Hsp_hit-frame>
      <Hsp_identity>39</Hsp_identity>
      <Hsp_positive>39</Hsp_positive>
      <Hsp_gaps>1</Hsp_gaps>
      <Hsp_align-len>42</Hsp_align-len>
      <Hsp_qseq>ACACAACTTCAAAT-CTCAAAAATCACAATTTCAAAAACTCA</Hsp_qseq>
      <Hsp_hseq>ACACAAGTTCAAATTCTCAAAAATCACAACTTCAAAAACTCA</Hsp_hseq>
      <Hsp_midline>|||||| ||||||| |||||||||||||| ||||||||||||</Hsp_midline>
    </Hsp>
    <Hsp>
      <Hsp_num>5</Hsp_num>
      <Hsp_bit-score>53.584</Hsp_bit-score>
      <Hsp_score>58</Hsp_score>
      <Hsp_evalue>0.103861</Hsp_evalue>
      <Hsp_query-from>499</Hsp_query-from>
      <Hsp_query-to>579</Hsp_query-to>
      <Hsp_hit-from>6623774</Hsp_hit-from>
      <Hsp_hit-to>6623866</Hsp_hit-to>
      <Hsp_query-frame>1</Hsp_query-frame>
      <Hsp_hit-frame>1</Hsp_hit-frame>
      <Hsp_identity>67</Hsp_identity>
      <Hsp_positive>67</Hsp_positive>
      <Hsp_gaps>12</Hsp_gaps>
      <Hsp_align-len>93</Hsp_align-len>
      <Hsp_qseq>AACACAACTTCAAATCTCAAAAATCACAATTTCAAAAACTCA------TAGATTTCAACTTC------TATATTCAAACAGGAGCTAAATTTC</Hsp_qseq>
      <Hsp_hseq>AACACAATTTCAAGTACCAAAAATCAAAACTTCAAAAACTCAAATTGTCAAGTTTCAACTTCAAAATTTATGTCCAAACGGGAGCTTTATTTC</Hsp_hseq>
      <Hsp_midline>||||||| ||||| |  ||||||||| || ||||||||||||       |  ||||||||||      ||| | ||||| ||||||  |||||</Hsp_midline>
    </Hsp>
    <Hsp>
      <Hsp_num>6</Hsp_num>
      <Hsp_bit-score>49.9773</Hsp_bit-score>
      <Hsp_score>54</Hsp_score>
      <Hsp_evalue>1.26529</Hsp_evalue>
      <Hsp_query-from>499</Hsp_query-from>
      <Hsp_query-to>553</Hsp_query-to>
      <Hsp_hit-from>59041554</Hsp_hit-from>
      <Hsp_hit-to>59041604</Hsp_hit-to>
      <Hsp_query-frame>1</Hsp_query-frame>
      <Hsp_hit-frame>1</Hsp_hit-frame>
      <Hsp_identity>45</Hsp_identity>
      <Hsp_positive>45</Hsp_positive>
      <Hsp_gaps>4</Hsp_gaps>
      <Hsp_align-len>55</Hsp_align-len>
      <Hsp_qseq>AACACAACTTCAAATCTCAAAAATCACAATTTCAAAAACTCATAGATTTCAACTT</Hsp_qseq>
      <Hsp_hseq>AACACAACTTTAAATTCCAAAAATCACAA---CAAAAACTCA-AATTTTCAAATT</Hsp_hseq>
      <Hsp_midline>|||||||||| ||||  ||||||||||||   |||||||||| |  |||||| ||</Hsp_midline>
    </Hsp>
  </Hit_hsps>
</Hit>
<Hit>
  <Hit_num>2</Hit_num>
  <Hit_id>gi|663680879|emb|HG975516.1|</Hit_id>
  <Hit_def>Solanum lycopersicum chromosome ch04, complete genome</Hit_def>
  <Hit_accession>HG975516</Hit_accession>
  <Hit_len>64069666</Hit_len>
  <Hit_hsps>
    <Hsp>
      <Hsp_num>1</Hsp_num>
      <Hsp_bit-score>3566.55</Hsp_bit-score>
      <Hsp_score>3954</Hsp_score>
      <Hsp_evalue>0</Hsp_evalue>
      <Hsp_query-from>1</Hsp_query-from>
      <Hsp_query-to>1977</Hsp_query-to>
      <Hsp_hit-from>2857270</Hsp_hit-from>
      <Hsp_hit-to>2859246</Hsp_hit-to>
      <Hsp_query-frame>1</Hsp_query-frame>
      <Hsp_hit-frame>1</Hsp_hit-frame>
      <Hsp_identity>1977</Hsp_identity>
      <Hsp_positive>1977</Hsp_positive>
      <Hsp_gaps>0</Hsp_gaps>
      <Hsp_align-len>1977</Hsp_align-len>
      <Hsp_qseq>GTCAAAGAAACTGAAACTAACACAAAGCAGGAGCAGGAGCAGCAACAAACAGAGAGAAGAAAACAGAGGAAGATAAGAGGAAAATTTATCGAATTCGAATCGAGAGAAAAGGGGAAGTGAAGTTGCGAAGAGTGAGAATTTCAAAGGAAATGAACAAAGGAGCAAACGGAAATCAGCAATTGGAGTTACCGGCGGGATTCAGATTCCATCCGACAGACGACGAATTGGTGCAGCACTATCTCTGCAGGAAATGCGCCGGACAGTCGATTGCTGTATCAATTATAGCTGAAATTGATCTTTACAAGTTTGATCCATGGCAGTTGCCTGGTAATTTTTGACTCTTCCTCCAATTTTTCATAGCTTGCAAAGTCTAGGTCAAAAAAAAAATCGAAACAGATTAAGCTTCGCGTTTGATCACAGTTTTTGGATCTGTTCCGCCATGGAATTTGAAAATCAGATCAAGTTCCTTAAAACAAGTTTTTCGACTTATAGCATAGCAACACAACTTCAAATCTCAAAAATCACAATTTCAAAAACTCATAGATTTCAACTTCTATATTCAAACAGGAGCTAAATTTCGAATTTTAAAAAATTATCTTCAAATATCCGTAAAAGTTAATCTTCGAACATTTTTAAGTTCCTAAAACTGTTTGGTTCTTTTTCTGAACTTTATTTTTTGTTGGTAATTGCAGAGAAGGCTTTGTACGGTGAAAAAGAGTGGTATTTTTTCTCACCAAGGGATAGAAAATATCCGAACGGTTCACGGCCGAACCGAGCAGCAGGAACCGGTTATTGGAAGGCAACCGGAGCTGATAAACCGGTGGGAAAACCCAAAACCTTAGGGATAAAGAAGGCACTTGTGTTCTATGCCGGAAAAGCACCCAGAGGTATAAAAACAAATTGGATTATGCACGAGTACCGCCTCGCCAACGTGGACCGCTCTGCTGGCAAGAACAATAACTTGAGGGTAAGTCCTTCTTCAGCTTTAATTTTTTATTTTCGGAGATGAGATTCAAGATTCGAGTAATATAGTATGGTAAAATTACTGAGTTTACGTGAACTATACTCACATCTCTAATAGTGATATCTCCTAAGATTTACAATGTTTCAAATGAAAAATAGTGGAAGATTTCACTTTAATTATCAACAATTAGGTGTGGCACCCATTTAACATATAGTAATAAGTAAAATAAAATGGTCATTATATTCTGTAACTTATGAGTGCAAAATACAATTTGTAAATTGTTTATTGATTATGTGATTTGACATTATTGCAGCTTGATGATTGGGTATTGTGTCGAATATACAACAAGAAAGGCACACTTGAGAAGCATTACAATGTGGACAACAAGGAAACTACAAGCTTTGGAGAATTTGATGAAGAAATAAAACCAAAAATATTGCCCACACAATTAGCACCGATGCCACCACGGCCTCGATCGACACCAGCAAACGACTACTTTTATTTCGAGTCATCAGAGTCGATGACTAGAATGCACACGACAAACTCGAGCTCTGGCTCAGAGCATGTCTTGTCGCCATGTGACAAGGAGGTTCAGAGCGCGCCCAAATGGGACGAAGACCACAGAAACACCCTTGATTTTCAGCTAAACTATTTGGATGGTTTACTAAATGAACCATTTGAAACCCAAATGCAGCAGCAAATTTGCAACTTTGACCAGTTCAACAATTTCCAAGACATGTTCCTATACATGCAAAAACCTTACTAAAATTGTATAAATTCATTGGATCTAAATTGAGTGTGATCCATGACATTTTCTTTGTTCTTTGGTGGTGTAGGTCAACTTTTTATTAAGTAGTTTAGAGAAGTACAAAATGCTAGTCAAATTTGGTGGGCTACAGCACAAATGAGCCTTGATAAGCATAGCCAAAGAGTCGTATAGAAGGGCTTATTATTATTGTAAGGTATGTAAAAACAAATGAAAATTTGTTAATATCAAGTTATCATTCTTCAAA</Hsp_qseq>
      <Hsp_hseq>GTCAAAGAAACTGAAACTAACACAAAGCAGGAGCAGGAGCAGCAACAAACAGAGAGAAGAAAACAGAGGAAGATAAGAGGAAAATTTATCGAATTCGAATCGAGAGAAAAGGGGAAGTGAAGTTGCGAAGAGTGAGAATTTCAAAGGAAATGAACAAAGGAGCAAACGGAAATCAGCAATTGGAGTTACCGGCGGGATTCAGATTCCATCCGACAGACGACGAATTGGTGCAGCACTATCTCTGCAGGAAATGCGCCGGACAGTCGATTGCTGTATCAATTATAGCTGAAATTGATCTTTACAAGTTTGATCCATGGCAGTTGCCTGGTAATTTTTGACTCTTCCTCCAATTTTTCATAGCTTGCAAAGTCTAGGTCAAAAAAAAAATCGAAACAGATTAAGCTTCGCGTTTGATCACAGTTTTTGGATCTGTTCCGCCATGGAATTTGAAAATCAGATCAAGTTCCTTAAAACAAGTTTTTCGACTTATAGCATAGCAACACAACTTCAAATCTCAAAAATCACAATTTCAAAAACTCATAGATTTCAACTTCTATATTCAAACAGGAGCTAAATTTCGAATTTTAAAAAATTATCTTCAAATATCCGTAAAAGTTAATCTTCGAACATTTTTAAGTTCCTAAAACTGTTTGGTTCTTTTTCTGAACTTTATTTTTTGTTGGTAATTGCAGAGAAGGCTTTGTACGGTGAAAAAGAGTGGTATTTTTTCTCACCAAGGGATAGAAAATATCCGAACGGTTCACGGCCGAACCGAGCAGCAGGAACCGGTTATTGGAAGGCAACCGGAGCTGATAAACCGGTGGGAAAACCCAAAACCTTAGGGATAAAGAAGGCACTTGTGTTCTATGCCGGAAAAGCACCCAGAGGTATAAAAACAAATTGGATTATGCACGAGTACCGCCTCGCCAACGTGGACCGCTCTGCTGGCAAGAACAATAACTTGAGGGTAAGTCCTTCTTCAGCTTTAATTTTTTATTTTCGGAGATGAGATTCAAGATTCGAGTAATATAGTATGGTAAAATTACTGAGTTTACGTGAACTATACTCACATCTCTAATAGTGATATCTCCTAAGATTTACAATGTTTCAAATGAAAAATAGTGGAAGATTTCACTTTAATTATCAACAATTAGGTGTGGCACCCATTTAACATATAGTAATAAGTAAAATAAAATGGTCATTATATTCTGTAACTTATGAGTGCAAAATACAATTTGTAAATTGTTTATTGATTATGTGATTTGACATTATTGCAGCTTGATGATTGGGTATTGTGTCGAATATACAACAAGAAAGGCACACTTGAGAAGCATTACAATGTGGACAACAAGGAAACTACAAGCTTTGGAGAATTTGATGAAGAAATAAAACCAAAAATATTGCCCACACAATTAGCACCGATGCCACCACGGCCTCGATCGACACCAGCAAACGACTACTTTTATTTCGAGTCATCAGAGTCGATGACTAGAATGCACACGACAAACTCGAGCTCTGGCTCAGAGCATGTCTTGTCGCCATGTGACAAGGAGGTTCAGAGCGCGCCCAAATGGGACGAAGACCACAGAAACACCCTTGATTTTCAGCTAAACTATTTGGATGGTTTACTAAATGAACCATTTGAAACCCAAATGCAGCAGCAAATTTGCAACTTTGACCAGTTCAACAATTTCCAAGACATGTTCCTATACATGCAAAAACCTTACTAAAATTGTATAAATTCATTGGATCTAAATTGAGTGTGATCCATGACATTTTCTTTGTTCTTTGGTGGTGTAGGTCAACTTTTTATTAAGTAGTTTAGAGAAGTACAAAATGCTAGTCAAATTTGGTGGGCTACAGCACAAATGAGCCTTGATAAGCATAGCCAAAGAGTCGTATAGAAGGGCTTATTATTATTGTAAGGTATGTAAAAACAAATGAAAATTTGTTAATATCAAGTTATCATTCTTCAAA</Hsp_hseq>
      <Hsp_midline>|||||||||||||||||||||||||||||||||||||||||||||||||||||||||||||||||||||||||||||||||||||||||||||||||||||||||||||||||||||||||||||||||||||||||||||||||||||||||||||||||||||||||||||||||||||||||||||||||||||||||||||||||||||||||||||||||||||||||||||||||||||||||||||||||||||||||||||||||||||||||||||||||||||||||||||||||||||||||||||||||||||||||||||||||||||||||||||||||||||||||||||||||||||||||||||||||||||||||||||||||||||||||||||||||||||||||||||||||||||||||||||||||||||||||||||||||||||||||||||||||||||||||||||||||||||||||||||||||||||||||||||||||||||||||||||||||||||||||||||||||||||||||||||||||||||||||||||||||||||||||||||||||||||||||||||||||||||||||||||||||||||||||||||||||||||||||||||||||||||||||||||||||||||||||||||||||||||||||||||||||||||||||||||||||||||||||||||||||||||||||||||||||||||||||||||||||||||||||||||||||||||||||||||||||||||||||||||||||||||||||||||||||||||||||||||||||||||||||||||||||||||||||||||||||||||||||||||||||||||||||||||||||||||||||||||||||||||||||||||||||||||||||||||||||||||||||||||||||||||||||||||||||||||||||||||||||||||||||||||||||||||||||||||||||||||||||||||||||||||||||||||||||||||||||||||||||||||||||||||||||||||||||||||||||||||||||||||||||||||||||||||||||||||||||||||||||||||||||||||||||||||||||||||||||||||||||||||||||||||||||||||||||||||||||||||||||||||||||||||||||||||||||||||||||||||||||||||||||||||||||||||||||||||||||||||||||||||||||||||||||||||||||||||||||||||||||||||||||||||||||||||||||||||||||||||||||||||||||||||||||||||||||||||||||||||||||||||||||||||||||||||||||||||||||||||||||||||||||||||||||||||||||||||||||||||||||||||||||||||||||||||||||||||||||||||||||||||||||||||||||||||||||||||||||||||||||||||||||||||||||||||||||||||||||||||||||||||||||||||||||||||||||||||||||||||||||||||||||||||||||||||||||||||||||||||||||||||||||||||||||||||||||||||||||||||||||||||||||||||||||||||||||||||||||||||||||||||||||||||||||||||||||||||||||||||||||||||||||||||||||||||||||||||||||||||||||||||||||||||||||||||||||||||||||||||||||||||||||||||||||||||||||||||||||</Hsp_midline>
    </Hsp>
    <Hsp>
      <Hsp_num>2</Hsp_num>
      <Hsp_bit-score>89.6514</Hsp_bit-score>
      <Hsp_score>98</Hsp_score>
      <Hsp_evalue>1.44242e-12</Hsp_evalue>
      <Hsp_query-from>707</Hsp_query-from>
      <Hsp_query-to>918</Hsp_query-to>
      <Hsp_hit-from>405525</Hsp_hit-from>
      <Hsp_hit-to>405739</Hsp_hit-to>
      <Hsp_query-frame>1</Hsp_query-frame>
      <Hsp_hit-frame>1</Hsp_hit-frame>
      <Hsp_identity>153</Hsp_identity>
      <Hsp_positive>153</Hsp_positive>
      <Hsp_gaps>13</Hsp_gaps>
      <Hsp_align-len>220</Hsp_align-len>
      <Hsp_qseq>GGTGAAAAAGAGTGGTATTTTTTCTCACCAAGGGATAGAAAATATCCGAACGGTTCACGGCCGAACCGAGCAGCAGGAACCGGTTATTGGAAGGCAACCGGAGCTGATAAACCGGT-------GGGAAAACCCAAAACCT-TAGGGATAAAGAAGGCACTTGTGTTCTATGCCGGAAAAGCACCCAGAGGTATAAAAACAAATTGGATTATGCACGAGTA</Hsp_qseq>
      <Hsp_hseq>GGAGAAAAAGAATGGTATTTCTTCACCCCACGTGATAGAAAATATCCAAATGGTGTTAGGCCAAATAGGGCAGCTGTGTCTGGTTATTGGAAAGCCACAGGCACAGATAAA--GGTATATATAGTGGAA---CAAAATATGTTGGTATTAAAAAAGCTCTTGTATTTTATAAAGGAAAACCCCCTAAAGGTATCAAGACTGATTGGATCATGCATGAATA</Hsp_hseq>
      <Hsp_midline>|| |||||||| |||||||| ||| | ||| | |||||||||||||| || |||    |||| ||  | ||||| |   | ||||||||||| || || ||  | ||||||  |||       | | ||   |||||  | | || || || || || ||||| || |||   |||||| | || | |||||| || ||  ||||||| ||||| || ||</Hsp_midline>
    </Hsp>
    <Hsp>
      <Hsp_num>3</Hsp_num>
      <Hsp_bit-score>68.0109</Hsp_bit-score>
      <Hsp_score>74</Hsp_score>
      <Hsp_evalue>4.71528e-06</Hsp_evalue>
      <Hsp_query-from>499</Hsp_query-from>
      <Hsp_query-to>581</Hsp_query-to>
      <Hsp_hit-from>59552009</Hsp_hit-from>
      <Hsp_hit-to>59551919</Hsp_hit-to>
      <Hsp_query-frame>1</Hsp_query-frame>
      <Hsp_hit-frame>-1</Hsp_hit-frame>
      <Hsp_identity>72</Hsp_identity>
      <Hsp_positive>72</Hsp_positive>
      <Hsp_gaps>10</Hsp_gaps>
      <Hsp_align-len>92</Hsp_align-len>
      <Hsp_qseq>AACACAACTTCAAATCTCAAAAA-TCACAATTTCAAAAACTCATAGATTTCAACT------TCTATATTCAAACAGGAGCTAA--ATTTCGA</Hsp_qseq>
      <Hsp_hseq>AAAACAACATCAAAGTTAAAAAAATCGCAACTTCAAAAACTCAAAG-TTTCAACTTCGAAATCTATGATCAAACAGGAGCTAAGTATTTCGA</Hsp_hseq>
      <Hsp_midline>|| ||||| |||||  | ||||| || ||| |||||||||||| || ||||||||      |||||  |||||||||||||||  |||||||</Hsp_midline>
    </Hsp>
    <Hsp>
      <Hsp_num>4</Hsp_num>
      <Hsp_bit-score>59.8958</Hsp_bit-score>
      <Hsp_score>65</Hsp_score>
      <Hsp_evalue>0.00244258</Hsp_evalue>
      <Hsp_query-from>500</Hsp_query-from>
      <Hsp_query-to>540</Hsp_query-to>
      <Hsp_hit-from>3958158</Hsp_hit-from>
      <Hsp_hit-to>3958117</Hsp_hit-to>
      <Hsp_query-frame>1</Hsp_query-frame>
      <Hsp_hit-frame>-1</Hsp_hit-frame>
      <Hsp_identity>39</Hsp_identity>
      <Hsp_positive>39</Hsp_positive>
      <Hsp_gaps>1</Hsp_gaps>
      <Hsp_align-len>42</Hsp_align-len>
      <Hsp_qseq>ACACAACTTCAAAT-CTCAAAAATCACAATTTCAAAAACTCA</Hsp_qseq>
      <Hsp_hseq>ACACAAGTTCAAATTCTCAAAAATCACAACTTCAAAAACTCA</Hsp_hseq>
      <Hsp_midline>|||||| ||||||| |||||||||||||| ||||||||||||</Hsp_midline>
    </Hsp>
    <Hsp>
      <Hsp_num>5</Hsp_num>
      <Hsp_bit-score>53.584</Hsp_bit-score>
      <Hsp_score>58</Hsp_score>
      <Hsp_evalue>0.103861</Hsp_evalue>
      <Hsp_query-from>499</Hsp_query-from>
      <Hsp_query-to>579</Hsp_query-to>
      <Hsp_hit-from>6623803</Hsp_hit-from>
      <Hsp_hit-to>6623895</Hsp_hit-to>
      <Hsp_query-frame>1</Hsp_query-frame>
      <Hsp_hit-frame>1</Hsp_hit-frame>
      <Hsp_identity>67</Hsp_identity>
      <Hsp_positive>67</Hsp_positive>
      <Hsp_gaps>12</Hsp_gaps>
      <Hsp_align-len>93</Hsp_align-len>
      <Hsp_qseq>AACACAACTTCAAATCTCAAAAATCACAATTTCAAAAACTCA------TAGATTTCAACTTC------TATATTCAAACAGGAGCTAAATTTC</Hsp_qseq>
      <Hsp_hseq>AACACAATTTCAAGTACCAAAAATCAAAACTTCAAAAACTCAAATTGTCAAGTTTCAACTTCAAAATTTATGTCCAAACGGGAGCTTTATTTC</Hsp_hseq>
      <Hsp_midline>||||||| ||||| |  ||||||||| || ||||||||||||       |  ||||||||||      ||| | ||||| ||||||  |||||</Hsp_midline>
    </Hsp>
    <Hsp>
      <Hsp_num>6</Hsp_num>
      <Hsp_bit-score>49.9773</Hsp_bit-score>
      <Hsp_score>54</Hsp_score>
      <Hsp_evalue>1.26529</Hsp_evalue>
      <Hsp_query-from>499</Hsp_query-from>
      <Hsp_query-to>553</Hsp_query-to>
      <Hsp_hit-from>56635701</Hsp_hit-from>
      <Hsp_hit-to>56635751</Hsp_hit-to>
      <Hsp_query-frame>1</Hsp_query-frame>
      <Hsp_hit-frame>1</Hsp_hit-frame>
      <Hsp_identity>45</Hsp_identity>
      <Hsp_positive>45</Hsp_positive>
      <Hsp_gaps>4</Hsp_gaps>
      <Hsp_align-len>55</Hsp_align-len>
      <Hsp_qseq>AACACAACTTCAAATCTCAAAAATCACAATTTCAAAAACTCATAGATTTCAACTT</Hsp_qseq>
      <Hsp_hseq>AACACAACTTTAAATTCCAAAAATCACAA---CAAAAACTCA-AATTTTCAAATT</Hsp_hseq>
      <Hsp_midline>|||||||||| ||||  ||||||||||||   |||||||||| |  |||||| ||</Hsp_midline>
    </Hsp>
  </Hit_hsps>
</Hit>
<Hit>
  <Hit_num>3</Hit_num>
  <Hit_id>gi|2099744673|emb|OU640347.1|</Hit_id>
  <Hit_def>Solanum lycopersicum genome assembly, chromosome: 4</Hit_def>
  <Hit_accession>OU640347</Hit_accession>
  <Hit_len>68185651</Hit_len>
  <Hit_hsps>
    <Hsp>
      <Hsp_num>1</Hsp_num>
      <Hsp_bit-score>3566.55</Hsp_bit-score>
      <Hsp_score>3954</Hsp_score>
      <Hsp_evalue>0</Hsp_evalue>
      <Hsp_query-from>1</Hsp_query-from>
      <Hsp_query-to>1977</Hsp_query-to>
      <Hsp_hit-from>3419165</Hsp_hit-from>
      <Hsp_hit-to>3421141</Hsp_hit-to>
      <Hsp_query-frame>1</Hsp_query-frame>
      <Hsp_hit-frame>1</Hsp_hit-frame>
      <Hsp_identity>1977</Hsp_identity>
      <Hsp_positive>1977</Hsp_positive>
      <Hsp_gaps>0</Hsp_gaps>
      <Hsp_align-len>1977</Hsp_align-len>
      <Hsp_qseq>GTCAAAGAAACTGAAACTAACACAAAGCAGGAGCAGGAGCAGCAACAAACAGAGAGAAGAAAACAGAGGAAGATAAGAGGAAAATTTATCGAATTCGAATCGAGAGAAAAGGGGAAGTGAAGTTGCGAAGAGTGAGAATTTCAAAGGAAATGAACAAAGGAGCAAACGGAAATCAGCAATTGGAGTTACCGGCGGGATTCAGATTCCATCCGACAGACGACGAATTGGTGCAGCACTATCTCTGCAGGAAATGCGCCGGACAGTCGATTGCTGTATCAATTATAGCTGAAATTGATCTTTACAAGTTTGATCCATGGCAGTTGCCTGGTAATTTTTGACTCTTCCTCCAATTTTTCATAGCTTGCAAAGTCTAGGTCAAAAAAAAAATCGAAACAGATTAAGCTTCGCGTTTGATCACAGTTTTTGGATCTGTTCCGCCATGGAATTTGAAAATCAGATCAAGTTCCTTAAAACAAGTTTTTCGACTTATAGCATAGCAACACAACTTCAAATCTCAAAAATCACAATTTCAAAAACTCATAGATTTCAACTTCTATATTCAAACAGGAGCTAAATTTCGAATTTTAAAAAATTATCTTCAAATATCCGTAAAAGTTAATCTTCGAACATTTTTAAGTTCCTAAAACTGTTTGGTTCTTTTTCTGAACTTTATTTTTTGTTGGTAATTGCAGAGAAGGCTTTGTACGGTGAAAAAGAGTGGTATTTTTTCTCACCAAGGGATAGAAAATATCCGAACGGTTCACGGCCGAACCGAGCAGCAGGAACCGGTTATTGGAAGGCAACCGGAGCTGATAAACCGGTGGGAAAACCCAAAACCTTAGGGATAAAGAAGGCACTTGTGTTCTATGCCGGAAAAGCACCCAGAGGTATAAAAACAAATTGGATTATGCACGAGTACCGCCTCGCCAACGTGGACCGCTCTGCTGGCAAGAACAATAACTTGAGGGTAAGTCCTTCTTCAGCTTTAATTTTTTATTTTCGGAGATGAGATTCAAGATTCGAGTAATATAGTATGGTAAAATTACTGAGTTTACGTGAACTATACTCACATCTCTAATAGTGATATCTCCTAAGATTTACAATGTTTCAAATGAAAAATAGTGGAAGATTTCACTTTAATTATCAACAATTAGGTGTGGCACCCATTTAACATATAGTAATAAGTAAAATAAAATGGTCATTATATTCTGTAACTTATGAGTGCAAAATACAATTTGTAAATTGTTTATTGATTATGTGATTTGACATTATTGCAGCTTGATGATTGGGTATTGTGTCGAATATACAACAAGAAAGGCACACTTGAGAAGCATTACAATGTGGACAACAAGGAAACTACAAGCTTTGGAGAATTTGATGAAGAAATAAAACCAAAAATATTGCCCACACAATTAGCACCGATGCCACCACGGCCTCGATCGACACCAGCAAACGACTACTTTTATTTCGAGTCATCAGAGTCGATGACTAGAATGCACACGACAAACTCGAGCTCTGGCTCAGAGCATGTCTTGTCGCCATGTGACAAGGAGGTTCAGAGCGCGCCCAAATGGGACGAAGACCACAGAAACACCCTTGATTTTCAGCTAAACTATTTGGATGGTTTACTAAATGAACCATTTGAAACCCAAATGCAGCAGCAAATTTGCAACTTTGACCAGTTCAACAATTTCCAAGACATGTTCCTATACATGCAAAAACCTTACTAAAATTGTATAAATTCATTGGATCTAAATTGAGTGTGATCCATGACATTTTCTTTGTTCTTTGGTGGTGTAGGTCAACTTTTTATTAAGTAGTTTAGAGAAGTACAAAATGCTAGTCAAATTTGGTGGGCTACAGCACAAATGAGCCTTGATAAGCATAGCCAAAGAGTCGTATAGAAGGGCTTATTATTATTGTAAGGTATGTAAAAACAAATGAAAATTTGTTAATATCAAGTTATCATTCTTCAAA</Hsp_qseq>
      <Hsp_hseq>GTCAAAGAAACTGAAACTAACACAAAGCAGGAGCAGGAGCAGCAACAAACAGAGAGAAGAAAACAGAGGAAGATAAGAGGAAAATTTATCGAATTCGAATCGAGAGAAAAGGGGAAGTGAAGTTGCGAAGAGTGAGAATTTCAAAGGAAATGAACAAAGGAGCAAACGGAAATCAGCAATTGGAGTTACCGGCGGGATTCAGATTCCATCCGACAGACGACGAATTGGTGCAGCACTATCTCTGCAGGAAATGCGCCGGACAGTCGATTGCTGTATCAATTATAGCTGAAATTGATCTTTACAAGTTTGATCCATGGCAGTTGCCTGGTAATTTTTGACTCTTCCTCCAATTTTTCATAGCTTGCAAAGTCTAGGTCAAAAAAAAAATCGAAACAGATTAAGCTTCGCGTTTGATCACAGTTTTTGGATCTGTTCCGCCATGGAATTTGAAAATCAGATCAAGTTCCTTAAAACAAGTTTTTCGACTTATAGCATAGCAACACAACTTCAAATCTCAAAAATCACAATTTCAAAAACTCATAGATTTCAACTTCTATATTCAAACAGGAGCTAAATTTCGAATTTTAAAAAATTATCTTCAAATATCCGTAAAAGTTAATCTTCGAACATTTTTAAGTTCCTAAAACTGTTTGGTTCTTTTTCTGAACTTTATTTTTTGTTGGTAATTGCAGAGAAGGCTTTGTACGGTGAAAAAGAGTGGTATTTTTTCTCACCAAGGGATAGAAAATATCCGAACGGTTCACGGCCGAACCGAGCAGCAGGAACCGGTTATTGGAAGGCAACCGGAGCTGATAAACCGGTGGGAAAACCCAAAACCTTAGGGATAAAGAAGGCACTTGTGTTCTATGCCGGAAAAGCACCCAGAGGTATAAAAACAAATTGGATTATGCACGAGTACCGCCTCGCCAACGTGGACCGCTCTGCTGGCAAGAACAATAACTTGAGGGTAAGTCCTTCTTCAGCTTTAATTTTTTATTTTCGGAGATGAGATTCAAGATTCGAGTAATATAGTATGGTAAAATTACTGAGTTTACGTGAACTATACTCACATCTCTAATAGTGATATCTCCTAAGATTTACAATGTTTCAAATGAAAAATAGTGGAAGATTTCACTTTAATTATCAACAATTAGGTGTGGCACCCATTTAACATATAGTAATAAGTAAAATAAAATGGTCATTATATTCTGTAACTTATGAGTGCAAAATACAATTTGTAAATTGTTTATTGATTATGTGATTTGACATTATTGCAGCTTGATGATTGGGTATTGTGTCGAATATACAACAAGAAAGGCACACTTGAGAAGCATTACAATGTGGACAACAAGGAAACTACAAGCTTTGGAGAATTTGATGAAGAAATAAAACCAAAAATATTGCCCACACAATTAGCACCGATGCCACCACGGCCTCGATCGACACCAGCAAACGACTACTTTTATTTCGAGTCATCAGAGTCGATGACTAGAATGCACACGACAAACTCGAGCTCTGGCTCAGAGCATGTCTTGTCGCCATGTGACAAGGAGGTTCAGAGCGCGCCCAAATGGGACGAAGACCACAGAAACACCCTTGATTTTCAGCTAAACTATTTGGATGGTTTACTAAATGAACCATTTGAAACCCAAATGCAGCAGCAAATTTGCAACTTTGACCAGTTCAACAATTTCCAAGACATGTTCCTATACATGCAAAAACCTTACTAAAATTGTATAAATTCATTGGATCTAAATTGAGTGTGATCCATGACATTTTCTTTGTTCTTTGGTGGTGTAGGTCAACTTTTTATTAAGTAGTTTAGAGAAGTACAAAATGCTAGTCAAATTTGGTGGGCTACAGCACAAATGAGCCTTGATAAGCATAGCCAAAGAGTCGTATAGAAGGGCTTATTATTATTGTAAGGTATGTAAAAACAAATGAAAATTTGTTAATATCAAGTTATCATTCTTCAAA</Hsp_hseq>
      <Hsp_midline>|||||||||||||||||||||||||||||||||||||||||||||||||||||||||||||||||||||||||||||||||||||||||||||||||||||||||||||||||||||||||||||||||||||||||||||||||||||||||||||||||||||||||||||||||||||||||||||||||||||||||||||||||||||||||||||||||||||||||||||||||||||||||||||||||||||||||||||||||||||||||||||||||||||||||||||||||||||||||||||||||||||||||||||||||||||||||||||||||||||||||||||||||||||||||||||||||||||||||||||||||||||||||||||||||||||||||||||||||||||||||||||||||||||||||||||||||||||||||||||||||||||||||||||||||||||||||||||||||||||||||||||||||||||||||||||||||||||||||||||||||||||||||||||||||||||||||||||||||||||||||||||||||||||||||||||||||||||||||||||||||||||||||||||||||||||||||||||||||||||||||||||||||||||||||||||||||||||||||||||||||||||||||||||||||||||||||||||||||||||||||||||||||||||||||||||||||||||||||||||||||||||||||||||||||||||||||||||||||||||||||||||||||||||||||||||||||||||||||||||||||||||||||||||||||||||||||||||||||||||||||||||||||||||||||||||||||||||||||||||||||||||||||||||||||||||||||||||||||||||||||||||||||||||||||||||||||||||||||||||||||||||||||||||||||||||||||||||||||||||||||||||||||||||||||||||||||||||||||||||||||||||||||||||||||||||||||||||||||||||||||||||||||||||||||||||||||||||||||||||||||||||||||||||||||||||||||||||||||||||||||||||||||||||||||||||||||||||||||||||||||||||||||||||||||||||||||||||||||||||||||||||||||||||||||||||||||||||||||||||||||||||||||||||||||||||||||||||||||||||||||||||||||||||||||||||||||||||||||||||||||||||||||||||||||||||||||||||||||||||||||||||||||||||||||||||||||||||||||||||||||||||||||||||||||||||||||||||||||||||||||||||||||||||||||||||||||||||||||||||||||||||||||||||||||||||||||||||||||||||||||||||||||||||||||||||||||||||||||||||||||||||||||||||||||||||||||||||||||||||||||||||||||||||||||||||||||||||||||||||||||||||||||||||||||||||||||||||||||||||||||||||||||||||||||||||||||||||||||||||||||||||||||||||||||||||||||||||||||||||||||||||||||||||||||||||||||||||||||||||||||||||||||||||||||||||||||||||||||||||||||||||||||||||||||</Hsp_midline>
    </Hsp>
    <Hsp>
      <Hsp_num>2</Hsp_num>
      <Hsp_bit-score>89.6514</Hsp_bit-score>
      <Hsp_score>98</Hsp_score>
      <Hsp_evalue>1.44242e-12</Hsp_evalue>
      <Hsp_query-from>707</Hsp_query-from>
      <Hsp_query-to>918</Hsp_query-to>
      <Hsp_hit-from>945625</Hsp_hit-from>
      <Hsp_hit-to>945839</Hsp_hit-to>
      <Hsp_query-frame>1</Hsp_query-frame>
      <Hsp_hit-frame>1</Hsp_hit-frame>
      <Hsp_identity>153</Hsp_identity>
      <Hsp_positive>153</Hsp_positive>
      <Hsp_gaps>13</Hsp_gaps>
      <Hsp_align-len>220</Hsp_align-len>
      <Hsp_qseq>GGTGAAAAAGAGTGGTATTTTTTCTCACCAAGGGATAGAAAATATCCGAACGGTTCACGGCCGAACCGAGCAGCAGGAACCGGTTATTGGAAGGCAACCGGAGCTGATAAACCGGT-------GGGAAAACCCAAAACCT-TAGGGATAAAGAAGGCACTTGTGTTCTATGCCGGAAAAGCACCCAGAGGTATAAAAACAAATTGGATTATGCACGAGTA</Hsp_qseq>
      <Hsp_hseq>GGAGAAAAAGAATGGTATTTCTTCACCCCACGTGATAGAAAATATCCAAATGGTGTTAGGCCAAATAGGGCAGCTGTGTCTGGTTATTGGAAAGCCACAGGCACAGATAAA--GGTATATATAGTGGAA---CAAAATATGTTGGTATTAAAAAAGCTCTTGTATTTTATAAAGGAAAACCCCCTAAAGGTATCAAGACTGATTGGATCATGCATGAATA</Hsp_hseq>
      <Hsp_midline>|| |||||||| |||||||| ||| | ||| | |||||||||||||| || |||    |||| ||  | ||||| |   | ||||||||||| || || ||  | ||||||  |||       | | ||   |||||  | | || || || || || ||||| || |||   |||||| | || | |||||| || ||  ||||||| ||||| || ||</Hsp_midline>
    </Hsp>
    <Hsp>
      <Hsp_num>3</Hsp_num>
      <Hsp_bit-score>68.0109</Hsp_bit-score>
      <Hsp_score>74</Hsp_score>
      <Hsp_evalue>4.71528e-06</Hsp_evalue>
      <Hsp_query-from>499</Hsp_query-from>
      <Hsp_query-to>581</Hsp_query-to>
      <Hsp_hit-from>63153819</Hsp_hit-from>
      <Hsp_hit-to>63153729</Hsp_hit-to>
      <Hsp_query-frame>1</Hsp_query-frame>
      <Hsp_hit-frame>-1</Hsp_hit-frame>
      <Hsp_identity>72</Hsp_identity>
      <Hsp_positive>72</Hsp_positive>
      <Hsp_gaps>10</Hsp_gaps>
      <Hsp_align-len>92</Hsp_align-len>
      <Hsp_qseq>AACACAACTTCAAATCTCAAAAA-TCACAATTTCAAAAACTCATAGATTTCAACT------TCTATATTCAAACAGGAGCTAA--ATTTCGA</Hsp_qseq>
      <Hsp_hseq>AAAACAACATCAAAGTTAAAAAAATCGCAACTTCAAAAACTCAAAG-TTTCAACTTCGAAATCTATGATCAAACAGGAGCTAAGTATTTCGA</Hsp_hseq>
      <Hsp_midline>|| ||||| |||||  | ||||| || ||| |||||||||||| || ||||||||      |||||  |||||||||||||||  |||||||</Hsp_midline>
    </Hsp>
    <Hsp>
      <Hsp_num>4</Hsp_num>
      <Hsp_bit-score>59.8958</Hsp_bit-score>
      <Hsp_score>65</Hsp_score>
      <Hsp_evalue>0.00244258</Hsp_evalue>
      <Hsp_query-from>500</Hsp_query-from>
      <Hsp_query-to>540</Hsp_query-to>
      <Hsp_hit-from>4547849</Hsp_hit-from>
      <Hsp_hit-to>4547808</Hsp_hit-to>
      <Hsp_query-frame>1</Hsp_query-frame>
      <Hsp_hit-frame>-1</Hsp_hit-frame>
      <Hsp_identity>39</Hsp_identity>
      <Hsp_positive>39</Hsp_positive>
      <Hsp_gaps>1</Hsp_gaps>
      <Hsp_align-len>42</Hsp_align-len>
      <Hsp_qseq>ACACAACTTCAAAT-CTCAAAAATCACAATTTCAAAAACTCA</Hsp_qseq>
      <Hsp_hseq>ACACAAGTTCAAATTCTCAAAAATCACAACTTCAAAAACTCA</Hsp_hseq>
      <Hsp_midline>|||||| ||||||| |||||||||||||| ||||||||||||</Hsp_midline>
    </Hsp>
    <Hsp>
      <Hsp_num>5</Hsp_num>
      <Hsp_bit-score>53.584</Hsp_bit-score>
      <Hsp_score>58</Hsp_score>
      <Hsp_evalue>0.103861</Hsp_evalue>
      <Hsp_query-from>499</Hsp_query-from>
      <Hsp_query-to>579</Hsp_query-to>
      <Hsp_hit-from>7286845</Hsp_hit-from>
      <Hsp_hit-to>7286937</Hsp_hit-to>
      <Hsp_query-frame>1</Hsp_query-frame>
      <Hsp_hit-frame>1</Hsp_hit-frame>
      <Hsp_identity>67</Hsp_identity>
      <Hsp_positive>67</Hsp_positive>
      <Hsp_gaps>12</Hsp_gaps>
      <Hsp_align-len>93</Hsp_align-len>
      <Hsp_qseq>AACACAACTTCAAATCTCAAAAATCACAATTTCAAAAACTCA------TAGATTTCAACTTC------TATATTCAAACAGGAGCTAAATTTC</Hsp_qseq>
      <Hsp_hseq>AACACAATTTCAAGTACCAAAAATCAAAACTTCAAAAACTCAAATTGTCAAGTTTCAACTTCAAAATTTATGTCCAAACGGGAGCTTTATTTC</Hsp_hseq>
      <Hsp_midline>||||||| ||||| |  ||||||||| || ||||||||||||       |  ||||||||||      ||| | ||||| ||||||  |||||</Hsp_midline>
    </Hsp>
    <Hsp>
      <Hsp_num>6</Hsp_num>
      <Hsp_bit-score>49.9773</Hsp_bit-score>
      <Hsp_score>54</Hsp_score>
      <Hsp_evalue>1.26529</Hsp_evalue>
      <Hsp_query-from>499</Hsp_query-from>
      <Hsp_query-to>553</Hsp_query-to>
      <Hsp_hit-from>60052370</Hsp_hit-from>
      <Hsp_hit-to>60052420</Hsp_hit-to>
      <Hsp_query-frame>1</Hsp_query-frame>
      <Hsp_hit-frame>1</Hsp_hit-frame>
      <Hsp_identity>45</Hsp_identity>
      <Hsp_positive>45</Hsp_positive>
      <Hsp_gaps>4</Hsp_gaps>
      <Hsp_align-len>55</Hsp_align-len>
      <Hsp_qseq>AACACAACTTCAAATCTCAAAAATCACAATTTCAAAAACTCATAGATTTCAACTT</Hsp_qseq>
      <Hsp_hseq>AACACAACTTTAAATTCCAAAAATCACAA---CAAAAACTCA-AATTTTCAAATT</Hsp_hseq>
      <Hsp_midline>|||||||||| ||||  ||||||||||||   |||||||||| |  |||||| ||</Hsp_midline>
    </Hsp>
  </Hit_hsps>
</Hit>
<Hit>
  <Hit_num>4</Hit_num>
  <Hit_id>gi|478735624|gb|KC447283.1|</Hit_id>
  <Hit_def>Solanum lycopersicum cultivar M-82 NAC domain protein (NAC1) gene, complete cds</Hit_def>
  <Hit_accession>KC447283</Hit_accession>
  <Hit_len>4394</Hit_len>
  <Hit_hsps>
    <Hsp>
      <Hsp_num>1</Hsp_num>
      <Hsp_bit-score>3566.55</Hsp_bit-score>
      <Hsp_score>3954</Hsp_score>
      <Hsp_evalue>0</Hsp_evalue>
      <Hsp_query-from>1</Hsp_query-from>
      <Hsp_query-to>1977</Hsp_query-to>
      <Hsp_hit-from>1933</Hsp_hit-from>
      <Hsp_hit-to>3909</Hsp_hit-to>
      <Hsp_query-frame>1</Hsp_query-frame>
      <Hsp_hit-frame>1</Hsp_hit-frame>
      <Hsp_identity>1977</Hsp_identity>
      <Hsp_positive>1977</Hsp_positive>
      <Hsp_gaps>0</Hsp_gaps>
      <Hsp_align-len>1977</Hsp_align-len>
      <Hsp_qseq>GTCAAAGAAACTGAAACTAACACAAAGCAGGAGCAGGAGCAGCAACAAACAGAGAGAAGAAAACAGAGGAAGATAAGAGGAAAATTTATCGAATTCGAATCGAGAGAAAAGGGGAAGTGAAGTTGCGAAGAGTGAGAATTTCAAAGGAAATGAACAAAGGAGCAAACGGAAATCAGCAATTGGAGTTACCGGCGGGATTCAGATTCCATCCGACAGACGACGAATTGGTGCAGCACTATCTCTGCAGGAAATGCGCCGGACAGTCGATTGCTGTATCAATTATAGCTGAAATTGATCTTTACAAGTTTGATCCATGGCAGTTGCCTGGTAATTTTTGACTCTTCCTCCAATTTTTCATAGCTTGCAAAGTCTAGGTCAAAAAAAAAATCGAAACAGATTAAGCTTCGCGTTTGATCACAGTTTTTGGATCTGTTCCGCCATGGAATTTGAAAATCAGATCAAGTTCCTTAAAACAAGTTTTTCGACTTATAGCATAGCAACACAACTTCAAATCTCAAAAATCACAATTTCAAAAACTCATAGATTTCAACTTCTATATTCAAACAGGAGCTAAATTTCGAATTTTAAAAAATTATCTTCAAATATCCGTAAAAGTTAATCTTCGAACATTTTTAAGTTCCTAAAACTGTTTGGTTCTTTTTCTGAACTTTATTTTTTGTTGGTAATTGCAGAGAAGGCTTTGTACGGTGAAAAAGAGTGGTATTTTTTCTCACCAAGGGATAGAAAATATCCGAACGGTTCACGGCCGAACCGAGCAGCAGGAACCGGTTATTGGAAGGCAACCGGAGCTGATAAACCGGTGGGAAAACCCAAAACCTTAGGGATAAAGAAGGCACTTGTGTTCTATGCCGGAAAAGCACCCAGAGGTATAAAAACAAATTGGATTATGCACGAGTACCGCCTCGCCAACGTGGACCGCTCTGCTGGCAAGAACAATAACTTGAGGGTAAGTCCTTCTTCAGCTTTAATTTTTTATTTTCGGAGATGAGATTCAAGATTCGAGTAATATAGTATGGTAAAATTACTGAGTTTACGTGAACTATACTCACATCTCTAATAGTGATATCTCCTAAGATTTACAATGTTTCAAATGAAAAATAGTGGAAGATTTCACTTTAATTATCAACAATTAGGTGTGGCACCCATTTAACATATAGTAATAAGTAAAATAAAATGGTCATTATATTCTGTAACTTATGAGTGCAAAATACAATTTGTAAATTGTTTATTGATTATGTGATTTGACATTATTGCAGCTTGATGATTGGGTATTGTGTCGAATATACAACAAGAAAGGCACACTTGAGAAGCATTACAATGTGGACAACAAGGAAACTACAAGCTTTGGAGAATTTGATGAAGAAATAAAACCAAAAATATTGCCCACACAATTAGCACCGATGCCACCACGGCCTCGATCGACACCAGCAAACGACTACTTTTATTTCGAGTCATCAGAGTCGATGACTAGAATGCACACGACAAACTCGAGCTCTGGCTCAGAGCATGTCTTGTCGCCATGTGACAAGGAGGTTCAGAGCGCGCCCAAATGGGACGAAGACCACAGAAACACCCTTGATTTTCAGCTAAACTATTTGGATGGTTTACTAAATGAACCATTTGAAACCCAAATGCAGCAGCAAATTTGCAACTTTGACCAGTTCAACAATTTCCAAGACATGTTCCTATACATGCAAAAACCTTACTAAAATTGTATAAATTCATTGGATCTAAATTGAGTGTGATCCATGACATTTTCTTTGTTCTTTGGTGGTGTAGGTCAACTTTTTATTAAGTAGTTTAGAGAAGTACAAAATGCTAGTCAAATTTGGTGGGCTACAGCACAAATGAGCCTTGATAAGCATAGCCAAAGAGTCGTATAGAAGGGCTTATTATTATTGTAAGGTATGTAAAAACAAATGAAAATTTGTTAATATCAAGTTATCATTCTTCAAA</Hsp_qseq>
      <Hsp_hseq>GTCAAAGAAACTGAAACTAACACAAAGCAGGAGCAGGAGCAGCAACAAACAGAGAGAAGAAAACAGAGGAAGATAAGAGGAAAATTTATCGAATTCGAATCGAGAGAAAAGGGGAAGTGAAGTTGCGAAGAGTGAGAATTTCAAAGGAAATGAACAAAGGAGCAAACGGAAATCAGCAATTGGAGTTACCGGCGGGATTCAGATTCCATCCGACAGACGACGAATTGGTGCAGCACTATCTCTGCAGGAAATGCGCCGGACAGTCGATTGCTGTATCAATTATAGCTGAAATTGATCTTTACAAGTTTGATCCATGGCAGTTGCCTGGTAATTTTTGACTCTTCCTCCAATTTTTCATAGCTTGCAAAGTCTAGGTCAAAAAAAAAATCGAAACAGATTAAGCTTCGCGTTTGATCACAGTTTTTGGATCTGTTCCGCCATGGAATTTGAAAATCAGATCAAGTTCCTTAAAACAAGTTTTTCGACTTATAGCATAGCAACACAACTTCAAATCTCAAAAATCACAATTTCAAAAACTCATAGATTTCAACTTCTATATTCAAACAGGAGCTAAATTTCGAATTTTAAAAAATTATCTTCAAATATCCGTAAAAGTTAATCTTCGAACATTTTTAAGTTCCTAAAACTGTTTGGTTCTTTTTCTGAACTTTATTTTTTGTTGGTAATTGCAGAGAAGGCTTTGTACGGTGAAAAAGAGTGGTATTTTTTCTCACCAAGGGATAGAAAATATCCGAACGGTTCACGGCCGAACCGAGCAGCAGGAACCGGTTATTGGAAGGCAACCGGAGCTGATAAACCGGTGGGAAAACCCAAAACCTTAGGGATAAAGAAGGCACTTGTGTTCTATGCCGGAAAAGCACCCAGAGGTATAAAAACAAATTGGATTATGCACGAGTACCGCCTCGCCAACGTGGACCGCTCTGCTGGCAAGAACAATAACTTGAGGGTAAGTCCTTCTTCAGCTTTAATTTTTTATTTTCGGAGATGAGATTCAAGATTCGAGTAATATAGTATGGTAAAATTACTGAGTTTACGTGAACTATACTCACATCTCTAATAGTGATATCTCCTAAGATTTACAATGTTTCAAATGAAAAATAGTGGAAGATTTCACTTTAATTATCAACAATTAGGTGTGGCACCCATTTAACATATAGTAATAAGTAAAATAAAATGGTCATTATATTCTGTAACTTATGAGTGCAAAATACAATTTGTAAATTGTTTATTGATTATGTGATTTGACATTATTGCAGCTTGATGATTGGGTATTGTGTCGAATATACAACAAGAAAGGCACACTTGAGAAGCATTACAATGTGGACAACAAGGAAACTACAAGCTTTGGAGAATTTGATGAAGAAATAAAACCAAAAATATTGCCCACACAATTAGCACCGATGCCACCACGGCCTCGATCGACACCAGCAAACGACTACTTTTATTTCGAGTCATCAGAGTCGATGACTAGAATGCACACGACAAACTCGAGCTCTGGCTCAGAGCATGTCTTGTCGCCATGTGACAAGGAGGTTCAGAGCGCGCCCAAATGGGACGAAGACCACAGAAACACCCTTGATTTTCAGCTAAACTATTTGGATGGTTTACTAAATGAACCATTTGAAACCCAAATGCAGCAGCAAATTTGCAACTTTGACCAGTTCAACAATTTCCAAGACATGTTCCTATACATGCAAAAACCTTACTAAAATTGTATAAATTCATTGGATCTAAATTGAGTGTGATCCATGACATTTTCTTTGTTCTTTGGTGGTGTAGGTCAACTTTTTATTAAGTAGTTTAGAGAAGTACAAAATGCTAGTCAAATTTGGTGGGCTACAGCACAAATGAGCCTTGATAAGCATAGCCAAAGAGTCGTATAGAAGGGCTTATTATTATTGTAAGGTATGTAAAAACAAATGAAAATTTGTTAATATCAAGTTATCATTCTTCAAA</Hsp_hseq>
      <Hsp_midline>|||||||||||||||||||||||||||||||||||||||||||||||||||||||||||||||||||||||||||||||||||||||||||||||||||||||||||||||||||||||||||||||||||||||||||||||||||||||||||||||||||||||||||||||||||||||||||||||||||||||||||||||||||||||||||||||||||||||||||||||||||||||||||||||||||||||||||||||||||||||||||||||||||||||||||||||||||||||||||||||||||||||||||||||||||||||||||||||||||||||||||||||||||||||||||||||||||||||||||||||||||||||||||||||||||||||||||||||||||||||||||||||||||||||||||||||||||||||||||||||||||||||||||||||||||||||||||||||||||||||||||||||||||||||||||||||||||||||||||||||||||||||||||||||||||||||||||||||||||||||||||||||||||||||||||||||||||||||||||||||||||||||||||||||||||||||||||||||||||||||||||||||||||||||||||||||||||||||||||||||||||||||||||||||||||||||||||||||||||||||||||||||||||||||||||||||||||||||||||||||||||||||||||||||||||||||||||||||||||||||||||||||||||||||||||||||||||||||||||||||||||||||||||||||||||||||||||||||||||||||||||||||||||||||||||||||||||||||||||||||||||||||||||||||||||||||||||||||||||||||||||||||||||||||||||||||||||||||||||||||||||||||||||||||||||||||||||||||||||||||||||||||||||||||||||||||||||||||||||||||||||||||||||||||||||||||||||||||||||||||||||||||||||||||||||||||||||||||||||||||||||||||||||||||||||||||||||||||||||||||||||||||||||||||||||||||||||||||||||||||||||||||||||||||||||||||||||||||||||||||||||||||||||||||||||||||||||||||||||||||||||||||||||||||||||||||||||||||||||||||||||||||||||||||||||||||||||||||||||||||||||||||||||||||||||||||||||||||||||||||||||||||||||||||||||||||||||||||||||||||||||||||||||||||||||||||||||||||||||||||||||||||||||||||||||||||||||||||||||||||||||||||||||||||||||||||||||||||||||||||||||||||||||||||||||||||||||||||||||||||||||||||||||||||||||||||||||||||||||||||||||||||||||||||||||||||||||||||||||||||||||||||||||||||||||||||||||||||||||||||||||||||||||||||||||||||||||||||||||||||||||||||||||||||||||||||||||||||||||||||||||||||||||||||||||||||||||||||||||||||||||||||||||||||||||||||||||||||||||||||||||||||||||||||||</Hsp_midline>
    </Hsp>
  </Hit_hsps>
</Hit>
<Hit>
  <Hit_num>5</Hit_num>
  <Hit_id>gi|124051573|emb|CU329701.1|</Hit_id>
  <Hit_def>S.lycopersicum DNA sequence from clone LE_HBa-49A17 on chromosome 4, complete sequence</Hit_def>
  <Hit_accession>CU329701</Hit_accession>
  <Hit_len>169445</Hit_len>
  <Hit_hsps>
    <Hsp>
      <Hsp_num>1</Hsp_num>
      <Hsp_bit-score>3566.55</Hsp_bit-score>
      <Hsp_score>3954</Hsp_score>
      <Hsp_evalue>0</Hsp_evalue>
      <Hsp_query-from>1</Hsp_query-from>
      <Hsp_query-to>1977</Hsp_query-to>
      <Hsp_hit-from>88013</Hsp_hit-from>
      <Hsp_hit-to>89989</Hsp_hit-to>
      <Hsp_query-frame>1</Hsp_query-frame>
      <Hsp_hit-frame>1</Hsp_hit-frame>
      <Hsp_identity>1977</Hsp_identity>
      <Hsp_positive>1977</Hsp_positive>
      <Hsp_gaps>0</Hsp_gaps>
      <Hsp_align-len>1977</Hsp_align-len>
      <Hsp_qseq>GTCAAAGAAACTGAAACTAACACAAAGCAGGAGCAGGAGCAGCAACAAACAGAGAGAAGAAAACAGAGGAAGATAAGAGGAAAATTTATCGAATTCGAATCGAGAGAAAAGGGGAAGTGAAGTTGCGAAGAGTGAGAATTTCAAAGGAAATGAACAAAGGAGCAAACGGAAATCAGCAATTGGAGTTACCGGCGGGATTCAGATTCCATCCGACAGACGACGAATTGGTGCAGCACTATCTCTGCAGGAAATGCGCCGGACAGTCGATTGCTGTATCAATTATAGCTGAAATTGATCTTTACAAGTTTGATCCATGGCAGTTGCCTGGTAATTTTTGACTCTTCCTCCAATTTTTCATAGCTTGCAAAGTCTAGGTCAAAAAAAAAATCGAAACAGATTAAGCTTCGCGTTTGATCACAGTTTTTGGATCTGTTCCGCCATGGAATTTGAAAATCAGATCAAGTTCCTTAAAACAAGTTTTTCGACTTATAGCATAGCAACACAACTTCAAATCTCAAAAATCACAATTTCAAAAACTCATAGATTTCAACTTCTATATTCAAACAGGAGCTAAATTTCGAATTTTAAAAAATTATCTTCAAATATCCGTAAAAGTTAATCTTCGAACATTTTTAAGTTCCTAAAACTGTTTGGTTCTTTTTCTGAACTTTATTTTTTGTTGGTAATTGCAGAGAAGGCTTTGTACGGTGAAAAAGAGTGGTATTTTTTCTCACCAAGGGATAGAAAATATCCGAACGGTTCACGGCCGAACCGAGCAGCAGGAACCGGTTATTGGAAGGCAACCGGAGCTGATAAACCGGTGGGAAAACCCAAAACCTTAGGGATAAAGAAGGCACTTGTGTTCTATGCCGGAAAAGCACCCAGAGGTATAAAAACAAATTGGATTATGCACGAGTACCGCCTCGCCAACGTGGACCGCTCTGCTGGCAAGAACAATAACTTGAGGGTAAGTCCTTCTTCAGCTTTAATTTTTTATTTTCGGAGATGAGATTCAAGATTCGAGTAATATAGTATGGTAAAATTACTGAGTTTACGTGAACTATACTCACATCTCTAATAGTGATATCTCCTAAGATTTACAATGTTTCAAATGAAAAATAGTGGAAGATTTCACTTTAATTATCAACAATTAGGTGTGGCACCCATTTAACATATAGTAATAAGTAAAATAAAATGGTCATTATATTCTGTAACTTATGAGTGCAAAATACAATTTGTAAATTGTTTATTGATTATGTGATTTGACATTATTGCAGCTTGATGATTGGGTATTGTGTCGAATATACAACAAGAAAGGCACACTTGAGAAGCATTACAATGTGGACAACAAGGAAACTACAAGCTTTGGAGAATTTGATGAAGAAATAAAACCAAAAATATTGCCCACACAATTAGCACCGATGCCACCACGGCCTCGATCGACACCAGCAAACGACTACTTTTATTTCGAGTCATCAGAGTCGATGACTAGAATGCACACGACAAACTCGAGCTCTGGCTCAGAGCATGTCTTGTCGCCATGTGACAAGGAGGTTCAGAGCGCGCCCAAATGGGACGAAGACCACAGAAACACCCTTGATTTTCAGCTAAACTATTTGGATGGTTTACTAAATGAACCATTTGAAACCCAAATGCAGCAGCAAATTTGCAACTTTGACCAGTTCAACAATTTCCAAGACATGTTCCTATACATGCAAAAACCTTACTAAAATTGTATAAATTCATTGGATCTAAATTGAGTGTGATCCATGACATTTTCTTTGTTCTTTGGTGGTGTAGGTCAACTTTTTATTAAGTAGTTTAGAGAAGTACAAAATGCTAGTCAAATTTGGTGGGCTACAGCACAAATGAGCCTTGATAAGCATAGCCAAAGAGTCGTATAGAAGGGCTTATTATTATTGTAAGGTATGTAAAAACAAATGAAAATTTGTTAATATCAAGTTATCATTCTTCAAA</Hsp_qseq>
      <Hsp_hseq>GTCAAAGAAACTGAAACTAACACAAAGCAGGAGCAGGAGCAGCAACAAACAGAGAGAAGAAAACAGAGGAAGATAAGAGGAAAATTTATCGAATTCGAATCGAGAGAAAAGGGGAAGTGAAGTTGCGAAGAGTGAGAATTTCAAAGGAAATGAACAAAGGAGCAAACGGAAATCAGCAATTGGAGTTACCGGCGGGATTCAGATTCCATCCGACAGACGACGAATTGGTGCAGCACTATCTCTGCAGGAAATGCGCCGGACAGTCGATTGCTGTATCAATTATAGCTGAAATTGATCTTTACAAGTTTGATCCATGGCAGTTGCCTGGTAATTTTTGACTCTTCCTCCAATTTTTCATAGCTTGCAAAGTCTAGGTCAAAAAAAAAATCGAAACAGATTAAGCTTCGCGTTTGATCACAGTTTTTGGATCTGTTCCGCCATGGAATTTGAAAATCAGATCAAGTTCCTTAAAACAAGTTTTTCGACTTATAGCATAGCAACACAACTTCAAATCTCAAAAATCACAATTTCAAAAACTCATAGATTTCAACTTCTATATTCAAACAGGAGCTAAATTTCGAATTTTAAAAAATTATCTTCAAATATCCGTAAAAGTTAATCTTCGAACATTTTTAAGTTCCTAAAACTGTTTGGTTCTTTTTCTGAACTTTATTTTTTGTTGGTAATTGCAGAGAAGGCTTTGTACGGTGAAAAAGAGTGGTATTTTTTCTCACCAAGGGATAGAAAATATCCGAACGGTTCACGGCCGAACCGAGCAGCAGGAACCGGTTATTGGAAGGCAACCGGAGCTGATAAACCGGTGGGAAAACCCAAAACCTTAGGGATAAAGAAGGCACTTGTGTTCTATGCCGGAAAAGCACCCAGAGGTATAAAAACAAATTGGATTATGCACGAGTACCGCCTCGCCAACGTGGACCGCTCTGCTGGCAAGAACAATAACTTGAGGGTAAGTCCTTCTTCAGCTTTAATTTTTTATTTTCGGAGATGAGATTCAAGATTCGAGTAATATAGTATGGTAAAATTACTGAGTTTACGTGAACTATACTCACATCTCTAATAGTGATATCTCCTAAGATTTACAATGTTTCAAATGAAAAATAGTGGAAGATTTCACTTTAATTATCAACAATTAGGTGTGGCACCCATTTAACATATAGTAATAAGTAAAATAAAATGGTCATTATATTCTGTAACTTATGAGTGCAAAATACAATTTGTAAATTGTTTATTGATTATGTGATTTGACATTATTGCAGCTTGATGATTGGGTATTGTGTCGAATATACAACAAGAAAGGCACACTTGAGAAGCATTACAATGTGGACAACAAGGAAACTACAAGCTTTGGAGAATTTGATGAAGAAATAAAACCAAAAATATTGCCCACACAATTAGCACCGATGCCACCACGGCCTCGATCGACACCAGCAAACGACTACTTTTATTTCGAGTCATCAGAGTCGATGACTAGAATGCACACGACAAACTCGAGCTCTGGCTCAGAGCATGTCTTGTCGCCATGTGACAAGGAGGTTCAGAGCGCGCCCAAATGGGACGAAGACCACAGAAACACCCTTGATTTTCAGCTAAACTATTTGGATGGTTTACTAAATGAACCATTTGAAACCCAAATGCAGCAGCAAATTTGCAACTTTGACCAGTTCAACAATTTCCAAGACATGTTCCTATACATGCAAAAACCTTACTAAAATTGTATAAATTCATTGGATCTAAATTGAGTGTGATCCATGACATTTTCTTTGTTCTTTGGTGGTGTAGGTCAACTTTTTATTAAGTAGTTTAGAGAAGTACAAAATGCTAGTCAAATTTGGTGGGCTACAGCACAAATGAGCCTTGATAAGCATAGCCAAAGAGTCGTATAGAAGGGCTTATTATTATTGTAAGGTATGTAAAAACAAATGAAAATTTGTTAATATCAAGTTATCATTCTTCAAA</Hsp_hseq>
      <Hsp_midline>|||||||||||||||||||||||||||||||||||||||||||||||||||||||||||||||||||||||||||||||||||||||||||||||||||||||||||||||||||||||||||||||||||||||||||||||||||||||||||||||||||||||||||||||||||||||||||||||||||||||||||||||||||||||||||||||||||||||||||||||||||||||||||||||||||||||||||||||||||||||||||||||||||||||||||||||||||||||||||||||||||||||||||||||||||||||||||||||||||||||||||||||||||||||||||||||||||||||||||||||||||||||||||||||||||||||||||||||||||||||||||||||||||||||||||||||||||||||||||||||||||||||||||||||||||||||||||||||||||||||||||||||||||||||||||||||||||||||||||||||||||||||||||||||||||||||||||||||||||||||||||||||||||||||||||||||||||||||||||||||||||||||||||||||||||||||||||||||||||||||||||||||||||||||||||||||||||||||||||||||||||||||||||||||||||||||||||||||||||||||||||||||||||||||||||||||||||||||||||||||||||||||||||||||||||||||||||||||||||||||||||||||||||||||||||||||||||||||||||||||||||||||||||||||||||||||||||||||||||||||||||||||||||||||||||||||||||||||||||||||||||||||||||||||||||||||||||||||||||||||||||||||||||||||||||||||||||||||||||||||||||||||||||||||||||||||||||||||||||||||||||||||||||||||||||||||||||||||||||||||||||||||||||||||||||||||||||||||||||||||||||||||||||||||||||||||||||||||||||||||||||||||||||||||||||||||||||||||||||||||||||||||||||||||||||||||||||||||||||||||||||||||||||||||||||||||||||||||||||||||||||||||||||||||||||||||||||||||||||||||||||||||||||||||||||||||||||||||||||||||||||||||||||||||||||||||||||||||||||||||||||||||||||||||||||||||||||||||||||||||||||||||||||||||||||||||||||||||||||||||||||||||||||||||||||||||||||||||||||||||||||||||||||||||||||||||||||||||||||||||||||||||||||||||||||||||||||||||||||||||||||||||||||||||||||||||||||||||||||||||||||||||||||||||||||||||||||||||||||||||||||||||||||||||||||||||||||||||||||||||||||||||||||||||||||||||||||||||||||||||||||||||||||||||||||||||||||||||||||||||||||||||||||||||||||||||||||||||||||||||||||||||||||||||||||||||||||||||||||||||||||||||||||||||||||||||||||||||||||||||||||||||||||||||||</Hsp_midline>
    </Hsp>
  </Hit_hsps>
</Hit>
<Hit>
  <Hit_num>6</Hit_num>
  <Hit_id>gi|478735622|gb|KC447282.1|</Hit_id>
  <Hit_def>Solanum lycopersicum cultivar TY172 NAC domain protein (NAC1) gene, complete cds</Hit_def>
  <Hit_accession>KC447282</Hit_accession>
  <Hit_len>4394</Hit_len>
  <Hit_hsps>
    <Hsp>
      <Hsp_num>1</Hsp_num>
      <Hsp_bit-score>3544</Hsp_bit-score>
      <Hsp_score>3929</Hsp_score>
      <Hsp_evalue>0</Hsp_evalue>
      <Hsp_query-from>1</Hsp_query-from>
      <Hsp_query-to>1977</Hsp_query-to>
      <Hsp_hit-from>1934</Hsp_hit-from>
      <Hsp_hit-to>3910</Hsp_hit-to>
      <Hsp_query-frame>1</Hsp_query-frame>
      <Hsp_hit-frame>1</Hsp_hit-frame>
      <Hsp_identity>1972</Hsp_identity>
      <Hsp_positive>1972</Hsp_positive>
      <Hsp_gaps>0</Hsp_gaps>
      <Hsp_align-len>1977</Hsp_align-len>
      <Hsp_qseq>GTCAAAGAAACTGAAACTAACACAAAGCAGGAGCAGGAGCAGCAACAAACAGAGAGAAGAAAACAGAGGAAGATAAGAGGAAAATTTATCGAATTCGAATCGAGAGAAAAGGGGAAGTGAAGTTGCGAAGAGTGAGAATTTCAAAGGAAATGAACAAAGGAGCAAACGGAAATCAGCAATTGGAGTTACCGGCGGGATTCAGATTCCATCCGACAGACGACGAATTGGTGCAGCACTATCTCTGCAGGAAATGCGCCGGACAGTCGATTGCTGTATCAATTATAGCTGAAATTGATCTTTACAAGTTTGATCCATGGCAGTTGCCTGGTAATTTTTGACTCTTCCTCCAATTTTTCATAGCTTGCAAAGTCTAGGTCAAAAAAAAAATCGAAACAGATTAAGCTTCGCGTTTGATCACAGTTTTTGGATCTGTTCCGCCATGGAATTTGAAAATCAGATCAAGTTCCTTAAAACAAGTTTTTCGACTTATAGCATAGCAACACAACTTCAAATCTCAAAAATCACAATTTCAAAAACTCATAGATTTCAACTTCTATATTCAAACAGGAGCTAAATTTCGAATTTTAAAAAATTATCTTCAAATATCCGTAAAAGTTAATCTTCGAACATTTTTAAGTTCCTAAAACTGTTTGGTTCTTTTTCTGAACTTTATTTTTTGTTGGTAATTGCAGAGAAGGCTTTGTACGGTGAAAAAGAGTGGTATTTTTTCTCACCAAGGGATAGAAAATATCCGAACGGTTCACGGCCGAACCGAGCAGCAGGAACCGGTTATTGGAAGGCAACCGGAGCTGATAAACCGGTGGGAAAACCCAAAACCTTAGGGATAAAGAAGGCACTTGTGTTCTATGCCGGAAAAGCACCCAGAGGTATAAAAACAAATTGGATTATGCACGAGTACCGCCTCGCCAACGTGGACCGCTCTGCTGGCAAGAACAATAACTTGAGGGTAAGTCCTTCTTCAGCTTTAATTTTTTATTTTCGGAGATGAGATTCAAGATTCGAGTAATATAGTATGGTAAAATTACTGAGTTTACGTGAACTATACTCACATCTCTAATAGTGATATCTCCTAAGATTTACAATGTTTCAAATGAAAAATAGTGGAAGATTTCACTTTAATTATCAACAATTAGGTGTGGCACCCATTTAACATATAGTAATAAGTAAAATAAAATGGTCATTATATTCTGTAACTTATGAGTGCAAAATACAATTTGTAAATTGTTTATTGATTATGTGATTTGACATTATTGCAGCTTGATGATTGGGTATTGTGTCGAATATACAACAAGAAAGGCACACTTGAGAAGCATTACAATGTGGACAACAAGGAAACTACAAGCTTTGGAGAATTTGATGAAGAAATAAAACCAAAAATATTGCCCACACAATTAGCACCGATGCCACCACGGCCTCGATCGACACCAGCAAACGACTACTTTTATTTCGAGTCATCAGAGTCGATGACTAGAATGCACACGACAAACTCGAGCTCTGGCTCAGAGCATGTCTTGTCGCCATGTGACAAGGAGGTTCAGAGCGCGCCCAAATGGGACGAAGACCACAGAAACACCCTTGATTTTCAGCTAAACTATTTGGATGGTTTACTAAATGAACCATTTGAAACCCAAATGCAGCAGCAAATTTGCAACTTTGACCAGTTCAACAATTTCCAAGACATGTTCCTATACATGCAAAAACCTTACTAAAATTGTATAAATTCATTGGATCTAAATTGAGTGTGATCCATGACATTTTCTTTGTTCTTTGGTGGTGTAGGTCAACTTTTTATTAAGTAGTTTAGAGAAGTACAAAATGCTAGTCAAATTTGGTGGGCTACAGCACAAATGAGCCTTGATAAGCATAGCCAAAGAGTCGTATAGAAGGGCTTATTATTATTGTAAGGTATGTAAAAACAAATGAAAATTTGTTAATATCAAGTTATCATTCTTCAAA</Hsp_qseq>
      <Hsp_hseq>GTCAAAGAAACTGAAACTAACACAAAGCAGGAGCAGGAGCAGCAACAAACAGAGAGAAGAAAACAGAGGAAGATAAGAGGAAAATTTATCGAATTCGAATCGAGAGAAAAGGGGAAGTGAAGTTGCGAAGAGTGAGAATTTCAAAGGAAATGAACAAAGGAGCAAACGGAAATCAGCAATTGGAGTTACCGGCGGGATTCAGATTCCATCCGACAGACGACGAATTGGTGCAGCACTATCTCTGCAGGAAATGCGCCGGACAGTCGATTGCTGTATCAATTATAGCTGAAATTGATCTTTACAAGTTTGATCCATGGCAGTTGCCTGGTAATTTTTGACTCTTCCTCCAATTTTTCATAGCTTGCAAAGTCTAGGTCAAAAAAAAAATCGAAACAGATTAAGCTTCGCGTTTGATCACAGTTTTTGGATCTGTTCCGCCATGGAATTTGAAAATCAGATCAAGTTCCTTAAAACAAGTTTTTCGACTTATAGCATAGCAACACAACTTCAAATCTCATAAATCACAATTTCAAAAACTCATAGATTTCAACTTCTATATTCAAACAGGAGCTAAATTTCGAATTTTAAAAAATTATCTTCAAATATCCGTAAAAGTTAATCTTCAAACATTTTTAAGTTCCTAAAACTGTTTGGTTCTTTTTCTGAACTTTATTTTTTGTTGGTAATTGCAGAGAAGGCTTTGTACGGTGAAAAAGAGTGGTATTTTTTCTCACCAAGGGATAGAAAATATCCGAACGGTTCACGGCCGAACCGAGCAGCAGGAACCGGTTATTGGAAGGCAACCGGAGCTGATAAACCGGTGGGAAAACCCAAAACCTTAGGGATAAAGAAGGCACTTGTGTTCTATGCCGGAAAAGCACCCAGAGGTATAAAAACCAATTGGATTATGCACGAGTACCGCCTCGCCAACGTGGACCGCTCTGCTGGCAAGAACAATAACTTGAGGGTAAGTCCTTCTTCAGCTTTAATTTTTTATTTTCGGAGATGAGATTCAAGATTCGAGTAATATAGTATGGTAAAATTACTGAGTTTACGTGAACTATACTCACATCTCTAATAGTGATATCTCCTAAGATTTACAATGTTTCAAATGAAAAATAGTGGAAGATTTCACTTTAATTATCAACAATTAGGTGTGGCACCCATTTAACATATAGTAATAAGTAAAATAAAATGGTCATTATATTCTGTAACTTATGAGTGCAAAATACAATTTGTAAATTGTTTATTGATTATGTGATTTGACATTATTGCAGCTTGATGATTGGGTATTGTGTCGAATATACAACAAGAAAGGCACACTTGAGAAGCATTACAATGTGGACAACAAGGAAACTACAAGCTTTGGAGAATTTGATGAAGAAATAAAACCAAAAATATTGCCCACACAATTAGCACCGATGCCACCACGGCCTCGATCGACACCAGCAAACGACTGCTTTTATTTCGAGTCATCAGAGTCGATGACTAGAATGCACACGACAAACTCGAGCTCTGGCTCAGAGCATGTCTTGTCGCCATGTGACAAGGAGGTTCAGAGCGCGCCCAAATGGGACGAAGACCACAGAAACACCCTTGATTTTCAGCTAAACTATTTGGATGGTTTACTAAATGAACCATTTGAAACCCAAATGCAGCAGCAAATTTGCAACTTTGACCAGTTCAACAATTTCCAAGACATGTTCCTATACATGCAAAAACCTTACTAAAATTGTATAAATTCATTGGATCTAAATTGAGTGTGATCCATGACATTTTCTTTGTTCTTTGGTGGTGTAGGTCAACTTTTTATTAAGTAGTTTAGAGAAGTACAAAATGCTAGTCAAATTTGGTGGGCTACAGCACAAATGAGCCTTGATAAGCATAGCCAAAGAGTCATATAGAAGGGCTTATTATTATTGTAAGGTATGTAAAAACAAATGAAAATTTGTTAATATCAAGTTATCATTCTTCAAA</Hsp_hseq>
      <Hsp_midline>||||||||||||||||||||||||||||||||||||||||||||||||||||||||||||||||||||||||||||||||||||||||||||||||||||||||||||||||||||||||||||||||||||||||||||||||||||||||||||||||||||||||||||||||||||||||||||||||||||||||||||||||||||||||||||||||||||||||||||||||||||||||||||||||||||||||||||||||||||||||||||||||||||||||||||||||||||||||||||||||||||||||||||||||||||||||||||||||||||||||||||||||||||||||||||||||||||||||||||||||||||||||||||||||||||||||||||||||||||||||||||||||||||||||||||||||||||||||||||||||||||||||||||||||||||||||||||||||||||| |||||||||||||||||||||||||||||||||||||||||||||||||||||||||||||||||||||||||||||||||||||||||||||||||||||||||| |||||||||||||||||||||||||||||||||||||||||||||||||||||||||||||||||||||||||||||||||||||||||||||||||||||||||||||||||||||||||||||||||||||||||||||||||||||||||||||||||||||||||||||||||||||||||||||||||||||||||||||||||||||||||||||||||||||||||||||||||||||||||||||||||||||||||||||||| |||||||||||||||||||||||||||||||||||||||||||||||||||||||||||||||||||||||||||||||||||||||||||||||||||||||||||||||||||||||||||||||||||||||||||||||||||||||||||||||||||||||||||||||||||||||||||||||||||||||||||||||||||||||||||||||||||||||||||||||||||||||||||||||||||||||||||||||||||||||||||||||||||||||||||||||||||||||||||||||||||||||||||||||||||||||||||||||||||||||||||||||||||||||||||||||||||||||||||||||||||||||||||||||||||||||||||||||||||||||||||||||||||||||||||||||||||||||||||||||||||||||||||||||||||||||||||||||||||||||||||||||||||||||||||||||||||||||||||||||| ||||||||||||||||||||||||||||||||||||||||||||||||||||||||||||||||||||||||||||||||||||||||||||||||||||||||||||||||||||||||||||||||||||||||||||||||||||||||||||||||||||||||||||||||||||||||||||||||||||||||||||||||||||||||||||||||||||||||||||||||||||||||||||||||||||||||||||||||||||||||||||||||||||||||||||||||||||||||||||||||||||||||||||||||||||||||||||||||||||||||||||||||||||||||||||||||||||||||||||||||||||||||||||||||||||||||||||||||||||||| ||||||||||||||||||||||||||||||||||||||||||||||||||||||||||||||||||||||||||||||</Hsp_midline>
    </Hsp>
  </Hit_hsps>
</Hit>
<Hit>
  <Hit_num>7</Hit_num>
  <Hit_id>gi|478735626|gb|KC447284.1|</Hit_id>
  <Hit_def>Solanum pimpinellifolium cultivar LA1589 NAC domain protein (NAC1) gene, complete cds</Hit_def>
  <Hit_accession>KC447284</Hit_accession>
  <Hit_len>4399</Hit_len>
  <Hit_hsps>
    <Hsp>
      <Hsp_num>1</Hsp_num>
      <Hsp_bit-score>3498.92</Hsp_bit-score>
      <Hsp_score>3879</Hsp_score>
      <Hsp_evalue>0</Hsp_evalue>
      <Hsp_query-from>1</Hsp_query-from>
      <Hsp_query-to>1977</Hsp_query-to>
      <Hsp_hit-from>1934</Hsp_hit-from>
      <Hsp_hit-to>3915</Hsp_hit-to>
      <Hsp_query-frame>1</Hsp_query-frame>
      <Hsp_hit-frame>1</Hsp_hit-frame>
      <Hsp_identity>1967</Hsp_identity>
      <Hsp_positive>1967</Hsp_positive>
      <Hsp_gaps>5</Hsp_gaps>
      <Hsp_align-len>1982</Hsp_align-len>
      <Hsp_qseq>GTCAAAGAAACTGAAACTAACACAAAGCAGGAGCAGGAGCAGCAACAAACAGAGAGA--AGAAAACAGAGGAAGATAAGAGGAAAATTTATCGAATTCGAATCGAGAGAAAAGGGGAAGTGAAGTTGCGAAGAGTGAGAATTTCAAAGGAAATGAACAAAGGAGCAAACGGAAATCAGCAATTGGAGTTACCGGCGGGATTCAGATTCCATCCGACAGACGACGAATTGGTGCAGCACTATCTCTGCAGGAAATGCGCCGGACAGTCGATTGCTGTATCAATTATAGCTGAAATTGATCTTTACAAGTTTGATCCATGGCAGTTGCCTGGTAATTTTTGACTCTTCCTCCAATTTTTCATAGCTTGCAAAGTCTAGGTCAAAAAAAAAATCGAAACAGATTAAGCTTCGCGTTTGATCACAGTTTTTGGATCTGTTCCGCCATGGAATTTGAAAATCAGATCAAGTTCCTTAAAACAAGTTTTTCGACTTATAGCATAGCAA-CACAACTTCAAATCTCAAAAATCACAATTTCAAAAACTCATAGATTTCAACTTCTATATTCAAACAGGAGCTAAATTTCGAATTTTAAAAAATTATCTTCAAATATCCGTAAAAGTTAATCTTCGAACATTTTTAAGTTCCTAAAACTGTTTGGTTCTTTTTCTGAACTTTATTTTTTGTTGGTAATTGCAGAGAAGGCTTTGTACGGTGAAAAAGAGTGGTATTTTTTCTCACCAAGGGATAGAAAATATCCGAACGGTTCACGGCCGAACCGAGCAGCAGGAACCGGTTATTGGAAGGCAACCGGAGCTGATAAACCGGTGGGAAAACCCAAAACCTTAGGGATAAAGAAGGCACTTGTGTTCTATGCCGGAAAAGCACCCAGAGGTATAAAAACAAATTGGATTATGCACGAGTACCGCCTCGCCAACGTGGACCGCTCTGCTGGCAAGAACAATAACTTGAGGGTAAGTCCTTCTTCAGCTTTAATTTTTTATTTTCGGAGATGAGATTCAAGATTCGAGTAATATAGTATGGTAAAATTACTGAGTTTACGTGAACTATACTCACATCTCTAATAGTGATATCTCCTAAGATTTACAATGTTTCAAATGAAAAATAGTGGAAGATTTCACTTTAATTATCAACAATTAGGTGTGGCACCCATTTAACATATAGTAATAAGTAAAATAAAATGGTCATTATATTCTGTAACTTATGAGTGCAAAATACAATTTGTAAATTGTTTATTGATTATGTGATTTGACATTATTGCAGCTTGATGATTGGGTATTGTGTCGAATATACAACAAGAAAGGCACACTTGAGAAGCATTACAATGTGGACAACAAGGAAACTACAAGCTTTGGAGAATTTGATGAAGAAATAAAACCAAAAATATTGCCCACACAATTAGCACCGATGCCACCACGGCCTCGATCGACACCAGCAAACGACTACTTTTATTTCGAGTCATCAGAGTCGATGACTAGAATGCACACGACAAACTCGAGCTCTGGCTCAGAGCATGTCTTGTCGCCATGTGACAAGGAGGTTCAGAGCGCGCCCAAATGGGACGAAGACCACAGAAACACCCTTGATTTTCAGCTAAACTATTTGGATGGTTTACTAAATGAACCATTTGAAACCCAAATGCAGCAGCAAATTTGCAACTTTGACCAGTTCAACAATTTCCAAGACATGTTCCTATACATGCAAAAACCTTACTAAAATTGTATAAATTCATTGGATCTAAATTGAGTGTGATCCATGACATTTTCTTTGTTCTTTGGTGGTGTAGGTCAACTTTTTATTAAGTAGTTTAGAGAAGTACAAAATGCTAGTCAAATTTGGTGGGCTACAGCACAAATGAGCCTTGATAAGCATAGCCAAAGAGTCGTATAGAAGGGCTTATTATTATTGTAAGGT--ATGTAAAAACAAATGAAAATTTGTTAATATCAAGTTATCATTCTTCAAA</Hsp_qseq>
      <Hsp_hseq>GTCAAAGAAACTGAAACTAACACAAAGCAGGAGCAGGAGCAGCAACAAACAGAGAGAGAAGAAAACAGAGGAAGATAAGAGGAAAATTTATCGAATTCGAATCGAGAGAAAAGGGGAAGTGAAGTTGCGAAGAGTGAGAATTTCAAAGGAAATGAACAAAGGAGCAAACGGAAATCAGCAATTGGAGTTACCGGCGGGATTCAGATTCCATCCGACAGACGACGAATTGGTGCAGCACTATCTCTGCAGGAAATGCGCCGGACAGTCGATTGCTGTATCAATTATAGCTGAAATTGATCTTTACAAGTTTGATCCATGGCAGTTGCCTGGTAATTTTTGACTCTTCCTCCAATTTTTCATAGCTTGCAAAGTCTAGGTCAAAAAAAAAATCGAAACAGATTAAGCTTCGCGTTTGATCACAGTTTTTGGATCTGTTCCGCCATGGAATTTGAAAATCAGATCAAGTTCCTTAAAACAAGTTTTTCGACTTATAGCATAGCAAACACAACTTCAAATCTCAAAAATCACAATTTCAAAAACTCATAGATTTCAACTTCTATATTCAAACAGGAGCTAAATTTCGAATTTTAAAAAATTATCTTCAAATATCCGTAAAAGTTAATCTTCGAACATTTTTAAGTTCCTAAAACTGTTTGGTTCTTTTTCTGAACTTTATTTTTTGTTGGTAATTGCAGAGAAGGCTTTGTACGGTGAAAAAGAGTGGTATTTTTTCTCACCAAGGGATAGAAAATATCCGAACGGTTCACGGCCGAACCGAGCAGCAGGAACCGGTTATTGGAAGGCAACCGGAGCTGATAAACCGGTGGGAAAACCCAAAACCTTAGGGATAAAGAAGGCACTTGTGTTCTATGCCGGAAAAGCACCCAGAGGTATAAAAACCAATTGGATTATGCACGAGTACCGCCTCGCCAACGTGGACCGCTCTGCTGGCAAGAACAATAACTTGAGGGTAAGTCCTTCTTCAGCTTTAATTTTTTATTTTCGAAGATGAGATTCAAGATTCGAGTAATATAGTATGGTAAAATTATCGAGTTTACGTGAACTATACTGACATCTCTAATAGTGATATCTCCTAAGATTTACAATGTTTCAAATGAAAAATAGTGGAAGATTTCACTTTAATTATCAACAATTAGGTGTGGCACCCATTTAACATATAGTAATAAGTAAAATAAAATGGTTATTATATTCTGTAAATTATGAGTGCAAAATACAATTTGTAAATTGTTTATTCATTATGTGATTTGACATTATTTCAGCTTGATGATTGGGTATTGTGTCGAATATACAACAAGAAAGGCACACTTGAGAAGCATTACAATGTGGACAACAAGGAAACTACAAGCTTTGGAGAATTTGATGAAGAAATAAAACCAAAAATATTGCCCACACAATTAGCACCGATGCCACCACGGCCTCGATCGACACCAGCAAACGACTACTTTTATTTCGAGTCATCAGAGTCGATGACTAGAATGCACACGACAAACTCGAGCTCTGGCTCAGAGCATGTCTTGTCGCCATGTGACAAGGAGGTTCAGAGCGCGCCCAAATGGGACGAAGACCACAGAAACACCCTTGATTTTCAGCTAAACTATTTGGATGGTTTACTAAATGAACCATTTGAAACCCAAATGCAGCAGCAAATTTGCAACTTTGACCAGTTCAACAATTTCCAAGACATGTTCCTATACATGCAAAAACCTTACTAAAATTGTATAAATTCATTGGATCTAAATTGAGTGTGATCCATGACATTTTCTTTGTTCTTTGGTGGTGTAGGTCAACTTTTTATTAAGTAGTTTAGAGAAGTACAAAATGCTAGTCAAATTTGGTGGGCTACAGCACAAATGAGCCTTGATAAGCATAGCCAAAGAGTCATATAGAAGGGCTTATTATTATTGTAAGGTACATGTAAAAACAAATGAAAATTTGTTAATATCAAGTTATCATTCTTCAAA</Hsp_hseq>
      <Hsp_midline>|||||||||||||||||||||||||||||||||||||||||||||||||||||||||  ||||||||||||||||||||||||||||||||||||||||||||||||||||||||||||||||||||||||||||||||||||||||||||||||||||||||||||||||||||||||||||||||||||||||||||||||||||||||||||||||||||||||||||||||||||||||||||||||||||||||||||||||||||||||||||||||||||||||||||||||||||||||||||||||||||||||||||||||||||||||||||||||||||||||||||||||||||||||||||||||||||||||||||||||||||||||||||||||||||||||||||||||||||||||||||||||||||||||||||||||||||||||||||||||||||||||||||||||||||||||||| ||||||||||||||||||||||||||||||||||||||||||||||||||||||||||||||||||||||||||||||||||||||||||||||||||||||||||||||||||||||||||||||||||||||||||||||||||||||||||||||||||||||||||||||||||||||||||||||||||||||||||||||||||||||||||||||||||||||||||||||||||||||||||||||||||||||||||||||||||||||||||||||||||||||||||||||||||||||||||||||||||||||||||||||||||||||||||||||||||||||||||||||||||||||||||||||||||||||||||||| |||||||||||||||||||||||||||||||||||||||||||||||||||||||||||||||||||||||||||||||||||||||||||||||||||||||| ||||||||||||||||||||||||||||||||||||||||||  |||||||||||||||||||| ||||||||||||||||||||||||||||||||||||||||||||||||||||||||||||||||||||||||||||||||||||||||||||||||||||||||||||||||||||||||||||||||||| |||||||||||||| |||||||||||||||||||||||||||||||||||| ||||||||||||||||||||| |||||||||||||||||||||||||||||||||||||||||||||||||||||||||||||||||||||||||||||||||||||||||||||||||||||||||||||||||||||||||||||||||||||||||||||||||||||||||||||||||||||||||||||||||||||||||||||||||||||||||||||||||||||||||||||||||||||||||||||||||||||||||||||||||||||||||||||||||||||||||||||||||||||||||||||||||||||||||||||||||||||||||||||||||||||||||||||||||||||||||||||||||||||||||||||||||||||||||||||||||||||||||||||||||||||||||||||||||||||||||||||||||||||||||||||||||||||||||||||||||||||||||||||||||||||||||||||||||||||||||||||||||||||||||||||||||||||||||||||||||||||||||||||||||||||||||||||||||||||||||||||||||||||||||||||||| |||||||||||||||||||||||||||||  |||||||||||||||||||||||||||||||||||||||||||||||||</Hsp_midline>
    </Hsp>
  </Hit_hsps>
</Hit>
<Hit>
  <Hit_num>8</Hit_num>
  <Hit_id>gi|1111651295|gb|KX065090.1|</Hit_id>
  <Hit_def>Solanum lycopersicum cultivar Carina Ty NAC domain protein (NC1) gene, partial cds</Hit_def>
  <Hit_accession>KX065090</Hit_accession>
  <Hit_len>1002</Hit_len>
  <Hit_hsps>
    <Hsp>
      <Hsp_num>1</Hsp_num>
      <Hsp_bit-score>1789.33</Hsp_bit-score>
      <Hsp_score>1983</Hsp_score>
      <Hsp_evalue>0</Hsp_evalue>
      <Hsp_query-from>51</Hsp_query-from>
      <Hsp_query-to>1045</Hsp_query-to>
      <Hsp_hit-from>4</Hsp_hit-from>
      <Hsp_hit-to>999</Hsp_hit-to>
      <Hsp_query-frame>1</Hsp_query-frame>
      <Hsp_hit-frame>1</Hsp_hit-frame>
      <Hsp_identity>995</Hsp_identity>
      <Hsp_positive>995</Hsp_positive>
      <Hsp_gaps>1</Hsp_gaps>
      <Hsp_align-len>996</Hsp_align-len>
      <Hsp_qseq>AGAGAGAAGAAAACAGAGGAAGATAAGAGGAAAATTTATCGAATTCGAATCGAGAGAAAAGGGGAAGTGAAGTTGCGAAGAGTGAGAATTTCAAAGGAAATGAACAAAGGAGCAAACGGAAATCAGCAATTGGAGTTACCGGCGGGATTCAGATTCCATCCGACAGACGACGAATTGGTGCAGCACTATCTCTGCAGGAAATGCGCCGGACAGTCGATTGCTGTATCAATTATAGCTGAAATTGATCTTTACAAGTTTGATCCATGGCAGTTGCCTGGTAATTTTTGACTCTTCCTCCAATTTTTCATAGCTTGCAAAGTCTAGGTCAAAAAAAAAATCGAAACAGATTAAGCTTCGCGTTTGATCACAGTTTTTGGATCTGTTCCGCCATGGAATTTGAAAATCAGATCAAGTTCCTTAAAACAAGTTTTTCGACTTATAGCATAGCAA-CACAACTTCAAATCTCAAAAATCACAATTTCAAAAACTCATAGATTTCAACTTCTATATTCAAACAGGAGCTAAATTTCGAATTTTAAAAAATTATCTTCAAATATCCGTAAAAGTTAATCTTCGAACATTTTTAAGTTCCTAAAACTGTTTGGTTCTTTTTCTGAACTTTATTTTTTGTTGGTAATTGCAGAGAAGGCTTTGTACGGTGAAAAAGAGTGGTATTTTTTCTCACCAAGGGATAGAAAATATCCGAACGGTTCACGGCCGAACCGAGCAGCAGGAACCGGTTATTGGAAGGCAACCGGAGCTGATAAACCGGTGGGAAAACCCAAAACCTTAGGGATAAAGAAGGCACTTGTGTTCTATGCCGGAAAAGCACCCAGAGGTATAAAAACAAATTGGATTATGCACGAGTACCGCCTCGCCAACGTGGACCGCTCTGCTGGCAAGAACAATAACTTGAGGGTAAGTCCTTCTTCAGCTTTAATTTTTTATTTTCGGAGATGAGATTCAAGATTCGAGTAATATAGTATGGTAAAATTA</Hsp_qseq>
      <Hsp_hseq>AGAGAGAAGAAAACAGAGGAAGATAAGAGGAAAATTTATCGAATTCGAATCGAGAGAAAAGGGGAAGTGAAGTTGCGAAGAGTGAGAATTTCAAAGGAAATGAACAAAGGAGCAAACGGAAATCAGCAATTGGAGTTACCGGCGGGATTCAGATTCCATCCGACAGACGACGAATTGGTGCAGCACTATCTCTGCAGGAAATGCGCCGGACAGTCGATTGCTGTATCAATTATAGCTGAAATTGATCTTTACAAGTTTGATCCATGGCAGTTGCCTGGTAATTTTTGACTCTTCCTCCAATTTTTCATAGCTTGCAAAGTCTAGGTCAAAAAAAAAATCGAAACAGATTAAGCTTCGCGTTTGATCACAGTTTTTGGATCTGTTCCGCCATGGAATTTGAAAATCAGATCAAGTTCCTTAAAACAAGTTTTTCGACTTATAGCATAGCAAACACAACTTCAAATCTCAAAAATCACAATTTCAAAAACTCATAGATTTCAACTTCTATATTCAAACAGGAGCTAAATTTCGAATTTTAAAAAATTATCTTCAAATATCCGTAAAAGTTAATCTTCGAACATTTTTAAGTTCCTAAAACTGTTTGGTTCTTTTTCTGAACTTTATTTTTTGTTGGTAATTGCAGAGAAGGCTTTGTACGGTGAAAAAGAGTGGTATTTTTTCTCACCAAGGGATAGAAAATATCCGAACGGTTCACGGCCGAACCGAGCAGCAGGAACCGGTTATTGGAAGGCAACCGGAGCTGATAAACCGGTGGGAAAACCCAAAACCTTAGGGATAAAGAAGGCACTTGTGTTCTATGCCGGAAAAGCACCCAGAGGTATAAAAACAAATTGGATTATGCACGAGTACCGCCTCGCCAACGTGGACCGCTCTGCTGGCAAGAACAATAACTTGAGGGTAAGTCCTTCTTCAGCTTTAATTTTTTATTTTCGGAGATGAGATTCAAGATTCGAGTAATATAGTATGGTAAAATTA</Hsp_hseq>
      <Hsp_midline>|||||||||||||||||||||||||||||||||||||||||||||||||||||||||||||||||||||||||||||||||||||||||||||||||||||||||||||||||||||||||||||||||||||||||||||||||||||||||||||||||||||||||||||||||||||||||||||||||||||||||||||||||||||||||||||||||||||||||||||||||||||||||||||||||||||||||||||||||||||||||||||||||||||||||||||||||||||||||||||||||||||||||||||||||||||||||||||||||||||||||||||||||||||||||||||||||||||||||||||||||||||||||||||||||||||||||||||||||||||||||||||||||| |||||||||||||||||||||||||||||||||||||||||||||||||||||||||||||||||||||||||||||||||||||||||||||||||||||||||||||||||||||||||||||||||||||||||||||||||||||||||||||||||||||||||||||||||||||||||||||||||||||||||||||||||||||||||||||||||||||||||||||||||||||||||||||||||||||||||||||||||||||||||||||||||||||||||||||||||||||||||||||||||||||||||||||||||||||||||||||||||||||||||||||||||||||||||||||||||||||||||||||||||||||||||||||||||||||||||||||||||||||||||||||||||||||||||||||||||||||||||||||||||||||||||||||||||||||||||||||||||||||||||||||||||||||||||||||||||</Hsp_midline>
    </Hsp>
  </Hit_hsps>
</Hit>
<Hit>
  <Hit_num>9</Hit_num>
  <Hit_id>gi|663673442|emb|HG975443.1|</Hit_id>
  <Hit_def>Solanum pennellii chromosome ch04, complete genome</Hit_def>
  <Hit_accession>HG975443</Hit_accession>
  <Hit_len>77197300</Hit_len>
  <Hit_hsps>
    <Hsp>
      <Hsp_num>1</Hsp_num>
      <Hsp_bit-score>1649.57</Hsp_bit-score>
      <Hsp_score>1828</Hsp_score>
      <Hsp_evalue>0</Hsp_evalue>
      <Hsp_query-from>1</Hsp_query-from>
      <Hsp_query-to>1058</Hsp_query-to>
      <Hsp_hit-from>3027556</Hsp_hit-from>
      <Hsp_hit-to>3028617</Hsp_hit-to>
      <Hsp_query-frame>1</Hsp_query-frame>
      <Hsp_hit-frame>1</Hsp_hit-frame>
      <Hsp_identity>1012</Hsp_identity>
      <Hsp_positive>1012</Hsp_positive>
      <Hsp_gaps>44</Hsp_gaps>
      <Hsp_align-len>1082</Hsp_align-len>
      <Hsp_qseq>GTCAAAGAAACTGAAACTAACACAAAGCAGGAGCAGGAGCAGCAACAAACAGAGAGA--AGAAAACAGAGGAAGATAAGAGGAAAATTTATCGAATTCGAATCGAGAGAAAAGGGGAAGTGAAGTTGCGAAGAGTGAGAATTTCAAAGGAAATGAACAAAGGAGCAAACGGAAATCAGCAATTGGAGTTACCGGCGGGATTCAGATTCCATCCGACAGACGACGAATTGGTGCAGCACTATCTCTGCAGGAAATGCGCCGGACAGTCGATTGCTGTATCAATTATAGCTGAAATTGATCTTTACAAGTTTGATCCATGGCAGTTGCCTGGTAATTTTTGACTCTTCCTCCAATTTTTCATAGCTTGCAAAGTCTAGGTCAAAAAAAAAATCGAAACAGATTAAGCTTCGCGTTTGATCACAGTTTTTGGATCTGTTCCGCCATGGAATTTGAAAATCAGATCAAGTTCCTTAAAACAAGTTTTTCGACTTATAGCATAGCAACACAACTTCAAATCTCAAAAATCACAATTTCAAAAACTCATAGATTTCAACTTCTATATTCAAACAGGAGCTAAATT----------------------TCGAATTTTAAAAAATTATCTTCAAATATCCGTAAAAGTTAATCTTCGAACATTTTTAAGTTCCTAAAACTGTTTGGTTCTTTTTCTGAACTTTATTTTTTGTTGGTAATTGCAGAGAAGGCTTTGTACGGTGAAAAAGAGTGGTATTTTTTCTCACCAAGGGATAGAAAATATCCGAACGGTTCACGGCCGAACCGAGCAGCAGGAACCGGTTATTGGAAGGCAACCGGAGCTGATAAACCGGTGGGAAAACCCAAAACCTTAGGGATAAAGAAGGCACTTGTGTTCTATGCCGGAAAAGCACCCAGAGGTATAAAAACAAATTGGATTATGCACGAGTACCGCCTCGCCAACGTGGACCGCTCTGCTGGCAAGAACAATAACTTGAGGGTAAGTCCTTCTTCAGCTTTAATTTTTTATTTTCGGAGATGAGATTCAAGATTCGAGTAATATAGTATGGTAAAATTACTGAGTTTACGTG</Hsp_qseq>
      <Hsp_hseq>GTCAAAGCAACTGAAACTAACA--AAGCAGGAGCAGAAGCAGCAACAAACAGAGAGAGAAGAAAACAGAGGAAGATAAGAGGAAAATTTATCGAAT-CGAATCGAGAGAAAAGGGGAAGTAAAGTTGCGAAGAGTGAGAATTTCAAAGGAAATGAACAAAGGAGCAAACGGAAATCAGCAATTGGAGTTACCGGCGGGATTCAGATTCCATCCGACAGACGACGAATTGGTGCAGCACTATCTCTGCAGGAAATGCGCCGGACAGTCGATTGCAGTATCAATTATAGCTGAAATTGATCTTTACAAGTTTGATCCATGGCAGTTGCCTGGTAATTTTTGACTCTTCCTCCAAATTTTCATAGCTTGCAAATTCTAGGTCAAAAAAAA--TCGAAACAGATTAAGCTTAGCGTTTTATCACAGTTGTTGGATCTGTTCCGCCATGGAATTTGAAAATCAGATCAAGTTCCTTAAAACAAGTTTTTCGACTTATAGCATAGCAACACAACTTCAAATCTCAA---------------AAACTCATAGATTTCAACTTCTATAGTCAAACAGGTGCTAAATTAGCATCTGACCATAGATTTGGATCAAATTTTAAAAAATTATCTTCAAATATCGGTAAAAGTTAATCTTCAAACATTTTTAAGTTCCCAAAACTGTTTGGTTCTTTCTCTGAACTTTATTTTTTGTTGGTAAGTGCAGAGAAGGCTTTGTACGGTGAAAAAGAGTGGTATTTTTTCTCACCAAGGGATAGAAAATATCCGAACGGTTCACGGCCGAACCGAGCAGCGGGAGCCGGTTATTGGAAGGCAACCGGAGCTGATAAACCGGTCGGAAAACCCAAAACCTTAGGGATAAAGAAGGCACTTGTGTTCTATGCCGGAAAAGCACCTAGAGGTATAAAAACCAATTGGATTATGCACGAGTACCGCCTCGCCAACGTGGACCGCTCTGCTGGCAAGAACAATAACTTGAGGGTAAGTCCTTTTTCAGCTTTAATTTTTTATTTTCGAAGATGAGATTCAAGATTCGAGTAATATAGTATGGTAAAGTAACTGAGTTTACGTG</Hsp_hseq>
      <Hsp_midline>||||||| ||||||||||||||  |||||||||||| ||||||||||||||||||||  ||||||||||||||||||||||||||||||||||||| ||||||||||||||||||||||| |||||||||||||||||||||||||||||||||||||||||||||||||||||||||||||||||||||||||||||||||||||||||||||||||||||||||||||||||||||||||||||||||||||||||||||||||||||||| |||||||||||||||||||||||||||||||||||||||||||||||||||||||||||||||||||||||||||||| ||||||||||||||||| ||||||||||||||||  |||||||||||||||||| |||||| ||||||||| |||||||||||||||||||||||||||||||||||||||||||||||||||||||||||||||||||||||||||||||||||||||||||||||               ||||||||||||||||||||||||| ||||||||| ||||||||                      || ||||||||||||||||||||||||||| |||||||||||||||| |||||||||||||||| |||||||||||||||||| ||||||||||||||||||||||||| ||||||||||||||||||||||||||||||||||||||||||||||||||||||||||||||||||||||||||||||||||||||||||||| ||| ||||||||||||||||||||||||||||||||||||| ||||||||||||||||||||||||||||||||||||||||||||||||||||||||||| |||||||||||||| ||||||||||||||||||||||||||||||||||||||||||||||||||||||||||||||||||||||||||||||| |||||||||||||||||||||||| |||||||||||||||||||||||||||||||||||||| | ||||||||||||||</Hsp_midline>
    </Hsp>
    <Hsp>
      <Hsp_num>2</Hsp_num>
      <Hsp_bit-score>1582.84</Hsp_bit-score>
      <Hsp_score>1754</Hsp_score>
      <Hsp_evalue>0</Hsp_evalue>
      <Hsp_query-from>1011</Hsp_query-from>
      <Hsp_query-to>1977</Hsp_query-to>
      <Hsp_hit-from>3030004</Hsp_hit-from>
      <Hsp_hit-to>3031010</Hsp_hit-to>
      <Hsp_query-frame>1</Hsp_query-frame>
      <Hsp_hit-frame>1</Hsp_hit-frame>
      <Hsp_identity>949</Hsp_identity>
      <Hsp_positive>949</Hsp_positive>
      <Hsp_gaps>40</Hsp_gaps>
      <Hsp_align-len>1007</Hsp_align-len>
      <Hsp_qseq>ATTCAAGATTCGAGTAATATAGTATGGTAAAATTACTGAGTTTACGTGAACTATACTCA--------------------------------------CATCTCTAATAGTGATATCTCCTAAGATTTACAATGTTTCAAATGAAAAATAGTGGAAGATTTCACTTTAATTATCAACAATTAGGTGTGGCACCCATTTAACATATAGTAATAAGTAAAATAAAATGGTCATTATATTCTGTAACTTATGAGTGCAAAATACAATTTGTAAATTGTTTATTGATTATGTGATTTGACATTATTGCAGCTTGATGATTGGGTATTGTGTCGAATATACAACAAGAAAGGCACACTTGAGAAGCATTACAATGTGGACAACAAGGAAACTACAAGCTTTGGAGAATTTGATGAAGAAATAAAACCAAAAATATTGCCCACACAATTAGCACCGATGCCACCACGGCCTCGATCGACACCAGCAAACGACTACTTTTATTTCGAGTCATCAGAGTCGATGACTAGAATGCACACGACAAACTCGAGCTCTGGCTCAGAGCATGTCTTGTCGCCATGTGACAAGGAGGTTCAGAGCGCGCCCAAATGGGACGAAGACCACAGAAACACCCTTGATTTTCAGCTAAACTATTTGGATGGTTTACTAAATGAACCATTTGAAACCCAAATGCAGCAGCAAATTTGCAACTTTGACCAGTTCAACAATTTCCAAGACATGTTCCTATACATGCAAAAACCTTACTAAAATTGTATAAATTCATTGGATCTAAATTGAGTGTGATCCATGACATTTTCTTTGTTCTTTGGTGGTGTAGGTCAACTTTTTATTAAGTAGTTTAGAGAAGTACAAAATGCTAGTCAAATTTGGTGGGCTACAGCACAAATGAGCCTTGATAAGCATAGCCAAAGAGTCGTATAGAAGGGCTTATTATTATTGTAAGGT--ATGTAAAAACAAATGAAAATTTGTTAATATCAAGTTATCATTCTTCAAA</Hsp_qseq>
      <Hsp_hseq>ATTCAAGATTCGAGTAATATAGTATGATAAAGTTATTGAGTTTACGTGAACTACACTCATAACTAGTATTGTAGATCCTAACTTAGTGAAAGGTTTACATCTCTAAGAGTGATATCTCCTAAGATTTACAATGTTTCAAATGAAAAATAGTGGAAGATTTCACTTTAATTATCAACAATAAGGTGTGGCACCCATTTAACATATAGTAATAAGTAAAATAAAATGGTTATTATATTCTGTAAATTATGAGTGCAAAATACAATTTGTAAATTGTTTATTGATTATGTGATTTGACATTATTTCAGCTTGATGATTGGGTATTGTGTCGAATATACAACAAGAAAGGCACACTTGAGAAGCATTACAATGTGGACAACAAGGAAACTACAAGCTTTGGAGAATTTGATGAAGAAATAAAACCAAAAATATTGACCACACAATTAGCACCGATGCCACCACGGCCTCGATCGACACCGGCAAACGACTACTTTCATTTCGAGTCATCAGAGTCGATGACTAGAATGCACACGACAAACTCGAGCTCTGGCTCAGAGCATGTCTTGTCGCCATGTGACAAGGAGGTTCAGAGCGCGCCCAAATGGGACGAAGACCACAGAAACACCCTTGATTTTCAGCTAAACTATTTGGATGGTTTACTAAATGAACCATTTGAAACTCAAATGCAGCAGCAAATTTGCAACTTTGACCAGTTCAACAATTTCCAAGACATGTTCCTATACATGCAAAAACCTTACTAAAATTGTATAAATTCATTGGATCTAAATTGAGTGTGATCCATGACATTTTCTTCGTTCTTTGGTGGTGTAGTTCAACTTTTTATTAAGTAGTTTAGAAAAGTACAAAATGCTAGTCAAATTTGGTGGGCTACAGCACAAATGAGCCTTGATAAGCATAGCCAAAGAGTCATATAGAAGGGCTTATTTTTATTGTAAGGTACATGTAAAAACAAATGAAAATTTGTTAATATCAAGTTATCATTCTTCAAA</Hsp_hseq>
      <Hsp_midline>|||||||||||||||||||||||||| |||| ||| ||||||||||||||||| |||||                                      ||||||||| |||||||||||||||||||||||||||||||||||||||||||||||||||||||||||||||||||||||| ||||||||||||||||||||||||||||||||||||||||||||||| |||||||||||||| |||||||||||||||||||||||||||||||||||||||||||||||||||||||||| ||||||||||||||||||||||||||||||||||||||||||||||||||||||||||||||||||||||||||||||||||||||||||||||||||||||||||||||||||||||||||||||||| ||||||||||||||||||||||||||||||||||||||||||| ||||||||||||||| |||||||||||||||||||||||||||||||||||||||||||||||||||||||||||||||||||||||||||||||||||||||||||||||||||||||||||||||||||||||||||||||||||||||||||||||||||||||||||||||||||||||||||||||||||||||| ||||||||||||||||||||||||||||||||||||||||||||||||||||||||||||||||||||||||||||||||||||||||||||||||||||||||||||||||||||||||||||||||||||| ||||||||||||||||| ||||||||||||||||||||||||| ||||||||||||||||||||||||||||||||||||||||||||||||||||||||||||||||||||||| |||||||||||||||| ||||||||||||  |||||||||||||||||||||||||||||||||||||||||||||||||</Hsp_midline>
    </Hsp>
    <Hsp>
      <Hsp_num>3</Hsp_num>
      <Hsp_bit-score>89.6514</Hsp_bit-score>
      <Hsp_score>98</Hsp_score>
      <Hsp_evalue>1.44242e-12</Hsp_evalue>
      <Hsp_query-from>707</Hsp_query-from>
      <Hsp_query-to>918</Hsp_query-to>
      <Hsp_hit-from>514326</Hsp_hit-from>
      <Hsp_hit-to>514540</Hsp_hit-to>
      <Hsp_query-frame>1</Hsp_query-frame>
      <Hsp_hit-frame>1</Hsp_hit-frame>
      <Hsp_identity>153</Hsp_identity>
      <Hsp_positive>153</Hsp_positive>
      <Hsp_gaps>13</Hsp_gaps>
      <Hsp_align-len>220</Hsp_align-len>
      <Hsp_qseq>GGTGAAAAAGAGTGGTATTTTTTCTCACCAAGGGATAGAAAATATCCGAACGGTTCACGGCCGAACCGAGCAGCAGGAACCGGTTATTGGAAGGCAACCGGAGCTGATAAACCGGT-------GGGAAAACCCAAAACCT-TAGGGATAAAGAAGGCACTTGTGTTCTATGCCGGAAAAGCACCCAGAGGTATAAAAACAAATTGGATTATGCACGAGTA</Hsp_qseq>
      <Hsp_hseq>GGAGAAAAAGAATGGTATTTCTTCACCCCACGTGATAGAAAATATCCAAATGGTGTTAGGCCAAATAGGGCAGCTGTGTCTGGTTATTGGAAAGCCACAGGCACAGATAAA--GGTATATATAGTGGAA---CAAAATATGTTGGTATTAAAAAAGCTCTTGTATTTTATAAAGGAAAACCCCCTAAAGGTATCAAGACTGATTGGATCATGCATGAATA</Hsp_hseq>
      <Hsp_midline>|| |||||||| |||||||| ||| | ||| | |||||||||||||| || |||    |||| ||  | ||||| |   | ||||||||||| || || ||  | ||||||  |||       | | ||   |||||  | | || || || || || ||||| || |||   |||||| | || | |||||| || ||  ||||||| ||||| || ||</Hsp_midline>
    </Hsp>
    <Hsp>
      <Hsp_num>4</Hsp_num>
      <Hsp_bit-score>60.7975</Hsp_bit-score>
      <Hsp_score>66</Hsp_score>
      <Hsp_evalue>0.00069981</Hsp_evalue>
      <Hsp_query-from>499</Hsp_query-from>
      <Hsp_query-to>581</Hsp_query-to>
      <Hsp_hit-from>72426479</Hsp_hit-from>
      <Hsp_hit-to>72426390</Hsp_hit-to>
      <Hsp_query-frame>1</Hsp_query-frame>
      <Hsp_hit-frame>-1</Hsp_hit-frame>
      <Hsp_identity>69</Hsp_identity>
      <Hsp_positive>69</Hsp_positive>
      <Hsp_gaps>9</Hsp_gaps>
      <Hsp_align-len>91</Hsp_align-len>
      <Hsp_qseq>AACACAACTTCAAATCTCAAAAATCACAATTTCAAAAACTCATAGATTTCAACTTCTATAT------TCAAACAGGAGCTAA--ATTTCGA</Hsp_qseq>
      <Hsp_hseq>AAAACAACATCAGGTTCAAAAAATCGCAACTTCAAAAATTCAAAG-TTTCAACTTCGAAATCTATGATCAAACAGGAGCTAAGTATTTCGA</Hsp_hseq>
      <Hsp_midline>|| ||||| |||  |   ||||||| ||| |||||||| ||| || |||||||||| | ||      |||||||||||||||  |||||||</Hsp_midline>
    </Hsp>
    <Hsp>
      <Hsp_num>5</Hsp_num>
      <Hsp_bit-score>59.8958</Hsp_bit-score>
      <Hsp_score>65</Hsp_score>
      <Hsp_evalue>0.00244258</Hsp_evalue>
      <Hsp_query-from>500</Hsp_query-from>
      <Hsp_query-to>540</Hsp_query-to>
      <Hsp_hit-from>4132555</Hsp_hit-from>
      <Hsp_hit-to>4132514</Hsp_hit-to>
      <Hsp_query-frame>1</Hsp_query-frame>
      <Hsp_hit-frame>-1</Hsp_hit-frame>
      <Hsp_identity>39</Hsp_identity>
      <Hsp_positive>39</Hsp_positive>
      <Hsp_gaps>1</Hsp_gaps>
      <Hsp_align-len>42</Hsp_align-len>
      <Hsp_qseq>ACACAACTTCAAAT-CTCAAAAATCACAATTTCAAAAACTCA</Hsp_qseq>
      <Hsp_hseq>ACACAAGTTCAAATTCTCAAAAATCACAACTTCAAAAACTCA</Hsp_hseq>
      <Hsp_midline>|||||| ||||||| |||||||||||||| ||||||||||||</Hsp_midline>
    </Hsp>
    <Hsp>
      <Hsp_num>6</Hsp_num>
      <Hsp_bit-score>53.584</Hsp_bit-score>
      <Hsp_score>58</Hsp_score>
      <Hsp_evalue>0.103861</Hsp_evalue>
      <Hsp_query-from>499</Hsp_query-from>
      <Hsp_query-to>564</Hsp_query-to>
      <Hsp_hit-from>6722513</Hsp_hit-from>
      <Hsp_hit-to>6722577</Hsp_hit-to>
      <Hsp_query-frame>1</Hsp_query-frame>
      <Hsp_hit-frame>1</Hsp_hit-frame>
      <Hsp_identity>52</Hsp_identity>
      <Hsp_positive>52</Hsp_positive>
      <Hsp_gaps>1</Hsp_gaps>
      <Hsp_align-len>66</Hsp_align-len>
      <Hsp_qseq>AACACAACTTCAAATCTCAAAAATCACAATTTCAAAAACTCATAGATTTCAACTTCTATATTCAAA</Hsp_qseq>
      <Hsp_hseq>AACACAATTTCAAGTACCAAAAATCAAAACTTCAAAAACTCA-AATTGTCAACTTTCAACTTCAAA</Hsp_hseq>
      <Hsp_midline>||||||| ||||| |  ||||||||| || |||||||||||| |  | |||||||  |  ||||||</Hsp_midline>
    </Hsp>
    <Hsp>
      <Hsp_num>7</Hsp_num>
      <Hsp_bit-score>49.9773</Hsp_bit-score>
      <Hsp_score>54</Hsp_score>
      <Hsp_evalue>1.26529</Hsp_evalue>
      <Hsp_query-from>499</Hsp_query-from>
      <Hsp_query-to>553</Hsp_query-to>
      <Hsp_hit-from>69484811</Hsp_hit-from>
      <Hsp_hit-to>69484861</Hsp_hit-to>
      <Hsp_query-frame>1</Hsp_query-frame>
      <Hsp_hit-frame>1</Hsp_hit-frame>
      <Hsp_identity>45</Hsp_identity>
      <Hsp_positive>45</Hsp_positive>
      <Hsp_gaps>4</Hsp_gaps>
      <Hsp_align-len>55</Hsp_align-len>
      <Hsp_qseq>AACACAACTTCAAATCTCAAAAATCACAATTTCAAAAACTCATAGATTTCAACTT</Hsp_qseq>
      <Hsp_hseq>AATACAACTTCAAATTCCAAAAATCACAA---CAAAAACTCA-AATTTTCAAATT</Hsp_hseq>
      <Hsp_midline>|| ||||||||||||  ||||||||||||   |||||||||| |  |||||| ||</Hsp_midline>
    </Hsp>
  </Hit_hsps>
</Hit>
<Hit>
  <Hit_num>10</Hit_num>
  <Hit_id>gi|953514534|ref|NM_001247553.3|</Hit_id>
  <Hit_def>Solanum lycopersicum NAC domain protein (NAC1), mRNA &gt;gi|225318233|dbj|AK323390.1| Solanum lycopersicum cDNA, clone: LEFL1055CG01, HTC in leaf</Hit_def>
  <Hit_accession>NM_001247553</Hit_accession>
  <Hit_len>1309</Hit_len>
  <Hit_hsps>
    <Hsp>
      <Hsp_num>1</Hsp_num>
      <Hsp_bit-score>1265.45</Hsp_bit-score>
      <Hsp_score>1402</Hsp_score>
      <Hsp_evalue>0</Hsp_evalue>
      <Hsp_query-from>1277</Hsp_query-from>
      <Hsp_query-to>1977</Hsp_query-to>
      <Hsp_hit-from>602</Hsp_hit-from>
      <Hsp_hit-to>1302</Hsp_hit-to>
      <Hsp_query-frame>1</Hsp_query-frame>
      <Hsp_hit-frame>1</Hsp_hit-frame>
      <Hsp_identity>701</Hsp_identity>
      <Hsp_positive>701</Hsp_positive>
      <Hsp_gaps>0</Hsp_gaps>
      <Hsp_align-len>701</Hsp_align-len>
      <Hsp_qseq>GCTTGATGATTGGGTATTGTGTCGAATATACAACAAGAAAGGCACACTTGAGAAGCATTACAATGTGGACAACAAGGAAACTACAAGCTTTGGAGAATTTGATGAAGAAATAAAACCAAAAATATTGCCCACACAATTAGCACCGATGCCACCACGGCCTCGATCGACACCAGCAAACGACTACTTTTATTTCGAGTCATCAGAGTCGATGACTAGAATGCACACGACAAACTCGAGCTCTGGCTCAGAGCATGTCTTGTCGCCATGTGACAAGGAGGTTCAGAGCGCGCCCAAATGGGACGAAGACCACAGAAACACCCTTGATTTTCAGCTAAACTATTTGGATGGTTTACTAAATGAACCATTTGAAACCCAAATGCAGCAGCAAATTTGCAACTTTGACCAGTTCAACAATTTCCAAGACATGTTCCTATACATGCAAAAACCTTACTAAAATTGTATAAATTCATTGGATCTAAATTGAGTGTGATCCATGACATTTTCTTTGTTCTTTGGTGGTGTAGGTCAACTTTTTATTAAGTAGTTTAGAGAAGTACAAAATGCTAGTCAAATTTGGTGGGCTACAGCACAAATGAGCCTTGATAAGCATAGCCAAAGAGTCGTATAGAAGGGCTTATTATTATTGTAAGGTATGTAAAAACAAATGAAAATTTGTTAATATCAAGTTATCATTCTTCAAA</Hsp_qseq>
      <Hsp_hseq>GCTTGATGATTGGGTATTGTGTCGAATATACAACAAGAAAGGCACACTTGAGAAGCATTACAATGTGGACAACAAGGAAACTACAAGCTTTGGAGAATTTGATGAAGAAATAAAACCAAAAATATTGCCCACACAATTAGCACCGATGCCACCACGGCCTCGATCGACACCAGCAAACGACTACTTTTATTTCGAGTCATCAGAGTCGATGACTAGAATGCACACGACAAACTCGAGCTCTGGCTCAGAGCATGTCTTGTCGCCATGTGACAAGGAGGTTCAGAGCGCGCCCAAATGGGACGAAGACCACAGAAACACCCTTGATTTTCAGCTAAACTATTTGGATGGTTTACTAAATGAACCATTTGAAACCCAAATGCAGCAGCAAATTTGCAACTTTGACCAGTTCAACAATTTCCAAGACATGTTCCTATACATGCAAAAACCTTACTAAAATTGTATAAATTCATTGGATCTAAATTGAGTGTGATCCATGACATTTTCTTTGTTCTTTGGTGGTGTAGGTCAACTTTTTATTAAGTAGTTTAGAGAAGTACAAAATGCTAGTCAAATTTGGTGGGCTACAGCACAAATGAGCCTTGATAAGCATAGCCAAAGAGTCGTATAGAAGGGCTTATTATTATTGTAAGGTATGTAAAAACAAATGAAAATTTGTTAATATCAAGTTATCATTCTTCAAA</Hsp_hseq>
      <Hsp_midline>|||||||||||||||||||||||||||||||||||||||||||||||||||||||||||||||||||||||||||||||||||||||||||||||||||||||||||||||||||||||||||||||||||||||||||||||||||||||||||||||||||||||||||||||||||||||||||||||||||||||||||||||||||||||||||||||||||||||||||||||||||||||||||||||||||||||||||||||||||||||||||||||||||||||||||||||||||||||||||||||||||||||||||||||||||||||||||||||||||||||||||||||||||||||||||||||||||||||||||||||||||||||||||||||||||||||||||||||||||||||||||||||||||||||||||||||||||||||||||||||||||||||||||||||||||||||||||||||||||||||||||||||||||||||||||||||||||||||||||||||||||||||||||||||||||||||||||||||||||||||||||||||||||||||||||||||||||||||||||||||||||||||||||||||||||||||||||||||||||||||||||||||||||||||||||||</Hsp_midline>
    </Hsp>
    <Hsp>
      <Hsp_num>2</Hsp_num>
      <Hsp_bit-score>590.988</Hsp_bit-score>
      <Hsp_score>654</Hsp_score>
      <Hsp_evalue>1.74485e-163</Hsp_evalue>
      <Hsp_query-from>1</Hsp_query-from>
      <Hsp_query-to>327</Hsp_query-to>
      <Hsp_hit-from>1</Hsp_hit-from>
      <Hsp_hit-to>327</Hsp_hit-to>
      <Hsp_query-frame>1</Hsp_query-frame>
      <Hsp_hit-frame>1</Hsp_hit-frame>
      <Hsp_identity>327</Hsp_identity>
      <Hsp_positive>327</Hsp_positive>
      <Hsp_gaps>0</Hsp_gaps>
      <Hsp_align-len>327</Hsp_align-len>
      <Hsp_qseq>GTCAAAGAAACTGAAACTAACACAAAGCAGGAGCAGGAGCAGCAACAAACAGAGAGAAGAAAACAGAGGAAGATAAGAGGAAAATTTATCGAATTCGAATCGAGAGAAAAGGGGAAGTGAAGTTGCGAAGAGTGAGAATTTCAAAGGAAATGAACAAAGGAGCAAACGGAAATCAGCAATTGGAGTTACCGGCGGGATTCAGATTCCATCCGACAGACGACGAATTGGTGCAGCACTATCTCTGCAGGAAATGCGCCGGACAGTCGATTGCTGTATCAATTATAGCTGAAATTGATCTTTACAAGTTTGATCCATGGCAGTTGCCTG</Hsp_qseq>
      <Hsp_hseq>GTCAAAGAAACTGAAACTAACACAAAGCAGGAGCAGGAGCAGCAACAAACAGAGAGAAGAAAACAGAGGAAGATAAGAGGAAAATTTATCGAATTCGAATCGAGAGAAAAGGGGAAGTGAAGTTGCGAAGAGTGAGAATTTCAAAGGAAATGAACAAAGGAGCAAACGGAAATCAGCAATTGGAGTTACCGGCGGGATTCAGATTCCATCCGACAGACGACGAATTGGTGCAGCACTATCTCTGCAGGAAATGCGCCGGACAGTCGATTGCTGTATCAATTATAGCTGAAATTGATCTTTACAAGTTTGATCCATGGCAGTTGCCTG</Hsp_hseq>
      <Hsp_midline>|||||||||||||||||||||||||||||||||||||||||||||||||||||||||||||||||||||||||||||||||||||||||||||||||||||||||||||||||||||||||||||||||||||||||||||||||||||||||||||||||||||||||||||||||||||||||||||||||||||||||||||||||||||||||||||||||||||||||||||||||||||||||||||||||||||||||||||||||||||||||||||||||||||||||||||||||||||||||||||||||||||||</Hsp_midline>
    </Hsp>
    <Hsp>
      <Hsp_num>3</Hsp_num>
      <Hsp_bit-score>499.016</Hsp_bit-score>
      <Hsp_score>552</Hsp_score>
      <Hsp_evalue>8.47288e-136</Hsp_evalue>
      <Hsp_query-from>692</Hsp_query-from>
      <Hsp_query-to>967</Hsp_query-to>
      <Hsp_hit-from>327</Hsp_hit-from>
      <Hsp_hit-to>602</Hsp_hit-to>
      <Hsp_query-frame>1</Hsp_query-frame>
      <Hsp_hit-frame>1</Hsp_hit-frame>
      <Hsp_identity>276</Hsp_identity>
      <Hsp_positive>276</Hsp_positive>
      <Hsp_gaps>0</Hsp_gaps>
      <Hsp_align-len>276</Hsp_align-len>
      <Hsp_qseq>GAGAAGGCTTTGTACGGTGAAAAAGAGTGGTATTTTTTCTCACCAAGGGATAGAAAATATCCGAACGGTTCACGGCCGAACCGAGCAGCAGGAACCGGTTATTGGAAGGCAACCGGAGCTGATAAACCGGTGGGAAAACCCAAAACCTTAGGGATAAAGAAGGCACTTGTGTTCTATGCCGGAAAAGCACCCAGAGGTATAAAAACAAATTGGATTATGCACGAGTACCGCCTCGCCAACGTGGACCGCTCTGCTGGCAAGAACAATAACTTGAGG</Hsp_qseq>
      <Hsp_hseq>GAGAAGGCTTTGTACGGTGAAAAAGAGTGGTATTTTTTCTCACCAAGGGATAGAAAATATCCGAACGGTTCACGGCCGAACCGAGCAGCAGGAACCGGTTATTGGAAGGCAACCGGAGCTGATAAACCGGTGGGAAAACCCAAAACCTTAGGGATAAAGAAGGCACTTGTGTTCTATGCCGGAAAAGCACCCAGAGGTATAAAAACAAATTGGATTATGCACGAGTACCGCCTCGCCAACGTGGACCGCTCTGCTGGCAAGAACAATAACTTGAGG</Hsp_hseq>
      <Hsp_midline>||||||||||||||||||||||||||||||||||||||||||||||||||||||||||||||||||||||||||||||||||||||||||||||||||||||||||||||||||||||||||||||||||||||||||||||||||||||||||||||||||||||||||||||||||||||||||||||||||||||||||||||||||||||||||||||||||||||||||||||||||||||||||||||||||||||||||||||||||||</Hsp_midline>
    </Hsp>
  </Hit_hsps>
</Hit>
<Hit>
  <Hit_num>11</Hit_num>
  <Hit_id>gi|40647396|gb|AY498713.1|</Hit_id>
  <Hit_def>Lycopersicon esculentum NAC domain protein mRNA, complete cds</Hit_def>
  <Hit_accession>AY498713</Hit_accession>
  <Hit_len>1304</Hit_len>
  <Hit_hsps>
    <Hsp>
      <Hsp_num>1</Hsp_num>
      <Hsp_bit-score>1265.45</Hsp_bit-score>
      <Hsp_score>1402</Hsp_score>
      <Hsp_evalue>0</Hsp_evalue>
      <Hsp_query-from>1277</Hsp_query-from>
      <Hsp_query-to>1977</Hsp_query-to>
      <Hsp_hit-from>588</Hsp_hit-from>
      <Hsp_hit-to>1288</Hsp_hit-to>
      <Hsp_query-frame>1</Hsp_query-frame>
      <Hsp_hit-frame>1</Hsp_hit-frame>
      <Hsp_identity>701</Hsp_identity>
      <Hsp_positive>701</Hsp_positive>
      <Hsp_gaps>0</Hsp_gaps>
      <Hsp_align-len>701</Hsp_align-len>
      <Hsp_qseq>GCTTGATGATTGGGTATTGTGTCGAATATACAACAAGAAAGGCACACTTGAGAAGCATTACAATGTGGACAACAAGGAAACTACAAGCTTTGGAGAATTTGATGAAGAAATAAAACCAAAAATATTGCCCACACAATTAGCACCGATGCCACCACGGCCTCGATCGACACCAGCAAACGACTACTTTTATTTCGAGTCATCAGAGTCGATGACTAGAATGCACACGACAAACTCGAGCTCTGGCTCAGAGCATGTCTTGTCGCCATGTGACAAGGAGGTTCAGAGCGCGCCCAAATGGGACGAAGACCACAGAAACACCCTTGATTTTCAGCTAAACTATTTGGATGGTTTACTAAATGAACCATTTGAAACCCAAATGCAGCAGCAAATTTGCAACTTTGACCAGTTCAACAATTTCCAAGACATGTTCCTATACATGCAAAAACCTTACTAAAATTGTATAAATTCATTGGATCTAAATTGAGTGTGATCCATGACATTTTCTTTGTTCTTTGGTGGTGTAGGTCAACTTTTTATTAAGTAGTTTAGAGAAGTACAAAATGCTAGTCAAATTTGGTGGGCTACAGCACAAATGAGCCTTGATAAGCATAGCCAAAGAGTCGTATAGAAGGGCTTATTATTATTGTAAGGTATGTAAAAACAAATGAAAATTTGTTAATATCAAGTTATCATTCTTCAAA</Hsp_qseq>
      <Hsp_hseq>GCTTGATGATTGGGTATTGTGTCGAATATACAACAAGAAAGGCACACTTGAGAAGCATTACAATGTGGACAACAAGGAAACTACAAGCTTTGGAGAATTTGATGAAGAAATAAAACCAAAAATATTGCCCACACAATTAGCACCGATGCCACCACGGCCTCGATCGACACCAGCAAACGACTACTTTTATTTCGAGTCATCAGAGTCGATGACTAGAATGCACACGACAAACTCGAGCTCTGGCTCAGAGCATGTCTTGTCGCCATGTGACAAGGAGGTTCAGAGCGCGCCCAAATGGGACGAAGACCACAGAAACACCCTTGATTTTCAGCTAAACTATTTGGATGGTTTACTAAATGAACCATTTGAAACCCAAATGCAGCAGCAAATTTGCAACTTTGACCAGTTCAACAATTTCCAAGACATGTTCCTATACATGCAAAAACCTTACTAAAATTGTATAAATTCATTGGATCTAAATTGAGTGTGATCCATGACATTTTCTTTGTTCTTTGGTGGTGTAGGTCAACTTTTTATTAAGTAGTTTAGAGAAGTACAAAATGCTAGTCAAATTTGGTGGGCTACAGCACAAATGAGCCTTGATAAGCATAGCCAAAGAGTCGTATAGAAGGGCTTATTATTATTGTAAGGTATGTAAAAACAAATGAAAATTTGTTAATATCAAGTTATCATTCTTCAAA</Hsp_hseq>
      <Hsp_midline>|||||||||||||||||||||||||||||||||||||||||||||||||||||||||||||||||||||||||||||||||||||||||||||||||||||||||||||||||||||||||||||||||||||||||||||||||||||||||||||||||||||||||||||||||||||||||||||||||||||||||||||||||||||||||||||||||||||||||||||||||||||||||||||||||||||||||||||||||||||||||||||||||||||||||||||||||||||||||||||||||||||||||||||||||||||||||||||||||||||||||||||||||||||||||||||||||||||||||||||||||||||||||||||||||||||||||||||||||||||||||||||||||||||||||||||||||||||||||||||||||||||||||||||||||||||||||||||||||||||||||||||||||||||||||||||||||||||||||||||||||||||||||||||||||||||||||||||||||||||||||||||||||||||||||||||||||||||||||||||||||||||||||||||||||||||||||||||||||||||||||||||||||||||||||||||</Hsp_midline>
    </Hsp>
    <Hsp>
      <Hsp_num>2</Hsp_num>
      <Hsp_bit-score>551.314</Hsp_bit-score>
      <Hsp_score>610</Hsp_score>
      <Hsp_evalue>1.53058e-151</Hsp_evalue>
      <Hsp_query-from>23</Hsp_query-from>
      <Hsp_query-to>327</Hsp_query-to>
      <Hsp_hit-from>9</Hsp_hit-from>
      <Hsp_hit-to>313</Hsp_hit-to>
      <Hsp_query-frame>1</Hsp_query-frame>
      <Hsp_hit-frame>1</Hsp_hit-frame>
      <Hsp_identity>305</Hsp_identity>
      <Hsp_positive>305</Hsp_positive>
      <Hsp_gaps>0</Hsp_gaps>
      <Hsp_align-len>305</Hsp_align-len>
      <Hsp_qseq>CAAAGCAGGAGCAGGAGCAGCAACAAACAGAGAGAAGAAAACAGAGGAAGATAAGAGGAAAATTTATCGAATTCGAATCGAGAGAAAAGGGGAAGTGAAGTTGCGAAGAGTGAGAATTTCAAAGGAAATGAACAAAGGAGCAAACGGAAATCAGCAATTGGAGTTACCGGCGGGATTCAGATTCCATCCGACAGACGACGAATTGGTGCAGCACTATCTCTGCAGGAAATGCGCCGGACAGTCGATTGCTGTATCAATTATAGCTGAAATTGATCTTTACAAGTTTGATCCATGGCAGTTGCCTG</Hsp_qseq>
      <Hsp_hseq>CAAAGCAGGAGCAGGAGCAGCAACAAACAGAGAGAAGAAAACAGAGGAAGATAAGAGGAAAATTTATCGAATTCGAATCGAGAGAAAAGGGGAAGTGAAGTTGCGAAGAGTGAGAATTTCAAAGGAAATGAACAAAGGAGCAAACGGAAATCAGCAATTGGAGTTACCGGCGGGATTCAGATTCCATCCGACAGACGACGAATTGGTGCAGCACTATCTCTGCAGGAAATGCGCCGGACAGTCGATTGCTGTATCAATTATAGCTGAAATTGATCTTTACAAGTTTGATCCATGGCAGTTGCCTG</Hsp_hseq>
      <Hsp_midline>|||||||||||||||||||||||||||||||||||||||||||||||||||||||||||||||||||||||||||||||||||||||||||||||||||||||||||||||||||||||||||||||||||||||||||||||||||||||||||||||||||||||||||||||||||||||||||||||||||||||||||||||||||||||||||||||||||||||||||||||||||||||||||||||||||||||||||||||||||||||||||||||||||||||||||||||||</Hsp_midline>
    </Hsp>
    <Hsp>
      <Hsp_num>3</Hsp_num>
      <Hsp_bit-score>499.016</Hsp_bit-score>
      <Hsp_score>552</Hsp_score>
      <Hsp_evalue>8.47288e-136</Hsp_evalue>
      <Hsp_query-from>692</Hsp_query-from>
      <Hsp_query-to>967</Hsp_query-to>
      <Hsp_hit-from>313</Hsp_hit-from>
      <Hsp_hit-to>588</Hsp_hit-to>
      <Hsp_query-frame>1</Hsp_query-frame>
      <Hsp_hit-frame>1</Hsp_hit-frame>
      <Hsp_identity>276</Hsp_identity>
      <Hsp_positive>276</Hsp_positive>
      <Hsp_gaps>0</Hsp_gaps>
      <Hsp_align-len>276</Hsp_align-len>
      <Hsp_qseq>GAGAAGGCTTTGTACGGTGAAAAAGAGTGGTATTTTTTCTCACCAAGGGATAGAAAATATCCGAACGGTTCACGGCCGAACCGAGCAGCAGGAACCGGTTATTGGAAGGCAACCGGAGCTGATAAACCGGTGGGAAAACCCAAAACCTTAGGGATAAAGAAGGCACTTGTGTTCTATGCCGGAAAAGCACCCAGAGGTATAAAAACAAATTGGATTATGCACGAGTACCGCCTCGCCAACGTGGACCGCTCTGCTGGCAAGAACAATAACTTGAGG</Hsp_qseq>
      <Hsp_hseq>GAGAAGGCTTTGTACGGTGAAAAAGAGTGGTATTTTTTCTCACCAAGGGATAGAAAATATCCGAACGGTTCACGGCCGAACCGAGCAGCAGGAACCGGTTATTGGAAGGCAACCGGAGCTGATAAACCGGTGGGAAAACCCAAAACCTTAGGGATAAAGAAGGCACTTGTGTTCTATGCCGGAAAAGCACCCAGAGGTATAAAAACAAATTGGATTATGCACGAGTACCGCCTCGCCAACGTGGACCGCTCTGCTGGCAAGAACAATAACTTGAGG</Hsp_hseq>
      <Hsp_midline>||||||||||||||||||||||||||||||||||||||||||||||||||||||||||||||||||||||||||||||||||||||||||||||||||||||||||||||||||||||||||||||||||||||||||||||||||||||||||||||||||||||||||||||||||||||||||||||||||||||||||||||||||||||||||||||||||||||||||||||||||||||||||||||||||||||||||||||||||||</Hsp_midline>
    </Hsp>
  </Hit_hsps>
</Hit>
<Hit>
  <Hit_num>12</Hit_num>
  <Hit_id>gi|195549548|gb|EU670750.1|</Hit_id>
  <Hit_def>Solanum lycopersicum cultivar LA2711 NAC domain protein 1 (SlNAC1) mRNA, complete cds</Hit_def>
  <Hit_accession>EU670750</Hit_accession>
  <Hit_len>1327</Hit_len>
  <Hit_hsps>
    <Hsp>
      <Hsp_num>1</Hsp_num>
      <Hsp_bit-score>1260.94</Hsp_bit-score>
      <Hsp_score>1397</Hsp_score>
      <Hsp_evalue>0</Hsp_evalue>
      <Hsp_query-from>1277</Hsp_query-from>
      <Hsp_query-to>1977</Hsp_query-to>
      <Hsp_hit-from>603</Hsp_hit-from>
      <Hsp_hit-to>1303</Hsp_hit-to>
      <Hsp_query-frame>1</Hsp_query-frame>
      <Hsp_hit-frame>1</Hsp_hit-frame>
      <Hsp_identity>700</Hsp_identity>
      <Hsp_positive>700</Hsp_positive>
      <Hsp_gaps>0</Hsp_gaps>
      <Hsp_align-len>701</Hsp_align-len>
      <Hsp_qseq>GCTTGATGATTGGGTATTGTGTCGAATATACAACAAGAAAGGCACACTTGAGAAGCATTACAATGTGGACAACAAGGAAACTACAAGCTTTGGAGAATTTGATGAAGAAATAAAACCAAAAATATTGCCCACACAATTAGCACCGATGCCACCACGGCCTCGATCGACACCAGCAAACGACTACTTTTATTTCGAGTCATCAGAGTCGATGACTAGAATGCACACGACAAACTCGAGCTCTGGCTCAGAGCATGTCTTGTCGCCATGTGACAAGGAGGTTCAGAGCGCGCCCAAATGGGACGAAGACCACAGAAACACCCTTGATTTTCAGCTAAACTATTTGGATGGTTTACTAAATGAACCATTTGAAACCCAAATGCAGCAGCAAATTTGCAACTTTGACCAGTTCAACAATTTCCAAGACATGTTCCTATACATGCAAAAACCTTACTAAAATTGTATAAATTCATTGGATCTAAATTGAGTGTGATCCATGACATTTTCTTTGTTCTTTGGTGGTGTAGGTCAACTTTTTATTAAGTAGTTTAGAGAAGTACAAAATGCTAGTCAAATTTGGTGGGCTACAGCACAAATGAGCCTTGATAAGCATAGCCAAAGAGTCGTATAGAAGGGCTTATTATTATTGTAAGGTATGTAAAAACAAATGAAAATTTGTTAATATCAAGTTATCATTCTTCAAA</Hsp_qseq>
      <Hsp_hseq>GCTTGATGATTGGGTATTGTGTCGAATATACAACAAGAAAGGCACACTTGAGAAGCATTACAATGTGGACAACAAGGAAACTACAAGCTTTGGAGAATTTGATGAAGAAATAAAACCAAAAATATTGCCCACACAATTAGCACCGATGCCACCACGGCCTCGATCGACACCAGCAAACGACTACTTTTATTTCGAGTCATCAGAGTCGATGACTAGAATGCACACGACAAACTCGAGCTCTGGCTCAGAGCATGTCTTGTCGCCATGTGACAAGGAGGTTCAGAGCGCGCCCAAATGGGACGAAGACCACAGAAACACCCTTGATTTTCAGCTAAACTATTTGGATGGTTTACTAAATGAACCATTTGAAACCCAAATGCAGCAGCAAATTTGCAACTTTGACCAGTTCAACAATTTCCAAGACATGTTCCTATACATGCAAAAACCTTACTAAAATTGTATAAATTCATTGGATTTAAATTGAGTGTGATCCATGACATTTTCTTTGTTCTTTGGTGGTGTAGGTCAACTTTTTATTAAGTAGTTTAGAGAAGTACAAAATGCTAGTCAAATTTGGTGGGCTACAGCACAAATGAGCCTTGATAAGCATAGCCAAAGAGTCGTATAGAAGGGCTTATTATTATTGTAAGGTATGTAAAAACAAATGAAAATTTGTTAATATCAAGTTATCATTCTTCAAA</Hsp_hseq>
      <Hsp_midline>||||||||||||||||||||||||||||||||||||||||||||||||||||||||||||||||||||||||||||||||||||||||||||||||||||||||||||||||||||||||||||||||||||||||||||||||||||||||||||||||||||||||||||||||||||||||||||||||||||||||||||||||||||||||||||||||||||||||||||||||||||||||||||||||||||||||||||||||||||||||||||||||||||||||||||||||||||||||||||||||||||||||||||||||||||||||||||||||||||||||||||||||||||||||||||||||||||||||||||||||||||||||||||||||||||||||||||||||||||||||||||||||||||||||||||||||||||||||||| |||||||||||||||||||||||||||||||||||||||||||||||||||||||||||||||||||||||||||||||||||||||||||||||||||||||||||||||||||||||||||||||||||||||||||||||||||||||||||||||||||||||||||||||||||||||||||||||||||||||||||||||||||||||||||||||||</Hsp_midline>
    </Hsp>
    <Hsp>
      <Hsp_num>2</Hsp_num>
      <Hsp_bit-score>590.988</Hsp_bit-score>
      <Hsp_score>654</Hsp_score>
      <Hsp_evalue>1.74485e-163</Hsp_evalue>
      <Hsp_query-from>1</Hsp_query-from>
      <Hsp_query-to>327</Hsp_query-to>
      <Hsp_hit-from>2</Hsp_hit-from>
      <Hsp_hit-to>328</Hsp_hit-to>
      <Hsp_query-frame>1</Hsp_query-frame>
      <Hsp_hit-frame>1</Hsp_hit-frame>
      <Hsp_identity>327</Hsp_identity>
      <Hsp_positive>327</Hsp_positive>
      <Hsp_gaps>0</Hsp_gaps>
      <Hsp_align-len>327</Hsp_align-len>
      <Hsp_qseq>GTCAAAGAAACTGAAACTAACACAAAGCAGGAGCAGGAGCAGCAACAAACAGAGAGAAGAAAACAGAGGAAGATAAGAGGAAAATTTATCGAATTCGAATCGAGAGAAAAGGGGAAGTGAAGTTGCGAAGAGTGAGAATTTCAAAGGAAATGAACAAAGGAGCAAACGGAAATCAGCAATTGGAGTTACCGGCGGGATTCAGATTCCATCCGACAGACGACGAATTGGTGCAGCACTATCTCTGCAGGAAATGCGCCGGACAGTCGATTGCTGTATCAATTATAGCTGAAATTGATCTTTACAAGTTTGATCCATGGCAGTTGCCTG</Hsp_qseq>
      <Hsp_hseq>GTCAAAGAAACTGAAACTAACACAAAGCAGGAGCAGGAGCAGCAACAAACAGAGAGAAGAAAACAGAGGAAGATAAGAGGAAAATTTATCGAATTCGAATCGAGAGAAAAGGGGAAGTGAAGTTGCGAAGAGTGAGAATTTCAAAGGAAATGAACAAAGGAGCAAACGGAAATCAGCAATTGGAGTTACCGGCGGGATTCAGATTCCATCCGACAGACGACGAATTGGTGCAGCACTATCTCTGCAGGAAATGCGCCGGACAGTCGATTGCTGTATCAATTATAGCTGAAATTGATCTTTACAAGTTTGATCCATGGCAGTTGCCTG</Hsp_hseq>
      <Hsp_midline>|||||||||||||||||||||||||||||||||||||||||||||||||||||||||||||||||||||||||||||||||||||||||||||||||||||||||||||||||||||||||||||||||||||||||||||||||||||||||||||||||||||||||||||||||||||||||||||||||||||||||||||||||||||||||||||||||||||||||||||||||||||||||||||||||||||||||||||||||||||||||||||||||||||||||||||||||||||||||||||||||||||||</Hsp_midline>
    </Hsp>
    <Hsp>
      <Hsp_num>3</Hsp_num>
      <Hsp_bit-score>499.016</Hsp_bit-score>
      <Hsp_score>552</Hsp_score>
      <Hsp_evalue>8.47288e-136</Hsp_evalue>
      <Hsp_query-from>692</Hsp_query-from>
      <Hsp_query-to>967</Hsp_query-to>
      <Hsp_hit-from>328</Hsp_hit-from>
      <Hsp_hit-to>603</Hsp_hit-to>
      <Hsp_query-frame>1</Hsp_query-frame>
      <Hsp_hit-frame>1</Hsp_hit-frame>
      <Hsp_identity>276</Hsp_identity>
      <Hsp_positive>276</Hsp_positive>
      <Hsp_gaps>0</Hsp_gaps>
      <Hsp_align-len>276</Hsp_align-len>
      <Hsp_qseq>GAGAAGGCTTTGTACGGTGAAAAAGAGTGGTATTTTTTCTCACCAAGGGATAGAAAATATCCGAACGGTTCACGGCCGAACCGAGCAGCAGGAACCGGTTATTGGAAGGCAACCGGAGCTGATAAACCGGTGGGAAAACCCAAAACCTTAGGGATAAAGAAGGCACTTGTGTTCTATGCCGGAAAAGCACCCAGAGGTATAAAAACAAATTGGATTATGCACGAGTACCGCCTCGCCAACGTGGACCGCTCTGCTGGCAAGAACAATAACTTGAGG</Hsp_qseq>
      <Hsp_hseq>GAGAAGGCTTTGTACGGTGAAAAAGAGTGGTATTTTTTCTCACCAAGGGATAGAAAATATCCGAACGGTTCACGGCCGAACCGAGCAGCAGGAACCGGTTATTGGAAGGCAACCGGAGCTGATAAACCGGTGGGAAAACCCAAAACCTTAGGGATAAAGAAGGCACTTGTGTTCTATGCCGGAAAAGCACCCAGAGGTATAAAAACAAATTGGATTATGCACGAGTACCGCCTCGCCAACGTGGACCGCTCTGCTGGCAAGAACAATAACTTGAGG</Hsp_hseq>
      <Hsp_midline>||||||||||||||||||||||||||||||||||||||||||||||||||||||||||||||||||||||||||||||||||||||||||||||||||||||||||||||||||||||||||||||||||||||||||||||||||||||||||||||||||||||||||||||||||||||||||||||||||||||||||||||||||||||||||||||||||||||||||||||||||||||||||||||||||||||||||||||||||||</Hsp_midline>
    </Hsp>
  </Hit_hsps>
</Hit>
<Hit>
  <Hit_num>13</Hit_num>
  <Hit_id>gi|1562561549|ref|XM_015216233.2|</Hit_id>
  <Hit_def>PREDICTED: Solanum pennellii NAC domain-containing protein 2 (LOC107015817), mRNA</Hit_def>
  <Hit_accession>XM_015216233</Hit_accession>
  <Hit_len>1334</Hit_len>
  <Hit_hsps>
    <Hsp>
      <Hsp_num>1</Hsp_num>
      <Hsp_bit-score>1216.76</Hsp_bit-score>
      <Hsp_score>1348</Hsp_score>
      <Hsp_evalue>0</Hsp_evalue>
      <Hsp_query-from>1277</Hsp_query-from>
      <Hsp_query-to>1977</Hsp_query-to>
      <Hsp_hit-from>632</Hsp_hit-from>
      <Hsp_hit-to>1334</Hsp_hit-to>
      <Hsp_query-frame>1</Hsp_query-frame>
      <Hsp_hit-frame>1</Hsp_hit-frame>
      <Hsp_identity>692</Hsp_identity>
      <Hsp_positive>692</Hsp_positive>
      <Hsp_gaps>2</Hsp_gaps>
      <Hsp_align-len>703</Hsp_align-len>
      <Hsp_qseq>GCTTGATGATTGGGTATTGTGTCGAATATACAACAAGAAAGGCACACTTGAGAAGCATTACAATGTGGACAACAAGGAAACTACAAGCTTTGGAGAATTTGATGAAGAAATAAAACCAAAAATATTGCCCACACAATTAGCACCGATGCCACCACGGCCTCGATCGACACCAGCAAACGACTACTTTTATTTCGAGTCATCAGAGTCGATGACTAGAATGCACACGACAAACTCGAGCTCTGGCTCAGAGCATGTCTTGTCGCCATGTGACAAGGAGGTTCAGAGCGCGCCCAAATGGGACGAAGACCACAGAAACACCCTTGATTTTCAGCTAAACTATTTGGATGGTTTACTAAATGAACCATTTGAAACCCAAATGCAGCAGCAAATTTGCAACTTTGACCAGTTCAACAATTTCCAAGACATGTTCCTATACATGCAAAAACCTTACTAAAATTGTATAAATTCATTGGATCTAAATTGAGTGTGATCCATGACATTTTCTTTGTTCTTTGGTGGTGTAGGTCAACTTTTTATTAAGTAGTTTAGAGAAGTACAAAATGCTAGTCAAATTTGGTGGGCTACAGCACAAATGAGCCTTGATAAGCATAGCCAAAGAGTCGTATAGAAGGGCTTATTATTATTGTAAGGT--ATGTAAAAACAAATGAAAATTTGTTAATATCAAGTTATCATTCTTCAAA</Hsp_qseq>
      <Hsp_hseq>GCTTGATGATTGGGTATTGTGTCGAATATACAACAAGAAAGGCACACTTGAGAAGCATTACAATGTGGACAACAAGGAAACTACAAGCTTTGGAGAATTTGATGAAGAAATAAAACCAAAAATATTGACCACACAATTAGCACCGATGCCACCACGGCCTCGATCGACACCGGCAAACGACTACTTTCATTTCGAGTCATCAGAGTCGATGACTAGAATGCACACGACAAACTCGAGCTCTGGCTCAGAGCATGTCTTGTCGCCATGTGACAAGGAGGTTCAGAGCGCGCCCAAATGGGACGAAGACCACAGAAACACCCTTGATTTTCAGCTAAACTATTTGGATGGTTTACTAAATGAACCATTTGAAACTCAAATGCAGCAGCAAATTTGCAACTTTGACCAGTTCAACAATTTCCAAGACATGTTCCTATACATGCAAAAACCTTACTAAAATTGTATAAATTCATTGGATCTAAATTGAGTGTGATCCATGACATTTTCTTCGTTCTTTGGTGGTGTAGTTCAACTTTTTATTAAGTAGTTTAGAAAAGTACAAAATGCTAGTCAAATTTGGTGGGCTACAGCACAAATGAGCCTTGATAAGCATAGCCAAAGAGTCATATAGAAGGGCTTATTTTTATTGTAAGGTACATGTAAAAACAAATGAAAATTTGTTAATATCAAGTTATCATTCTTCAAA</Hsp_hseq>
      <Hsp_midline>||||||||||||||||||||||||||||||||||||||||||||||||||||||||||||||||||||||||||||||||||||||||||||||||||||||||||||||||||||||||||||||| ||||||||||||||||||||||||||||||||||||||||||| ||||||||||||||| |||||||||||||||||||||||||||||||||||||||||||||||||||||||||||||||||||||||||||||||||||||||||||||||||||||||||||||||||||||||||||||||||||||||||||||||||||||||||||||||||||||||||||||||||||||||| ||||||||||||||||||||||||||||||||||||||||||||||||||||||||||||||||||||||||||||||||||||||||||||||||||||||||||||||||||||||||||||||||||||| ||||||||||||||||| ||||||||||||||||||||||||| ||||||||||||||||||||||||||||||||||||||||||||||||||||||||||||||||||||||| |||||||||||||||| ||||||||||||  |||||||||||||||||||||||||||||||||||||||||||||||||</Hsp_midline>
    </Hsp>
    <Hsp>
      <Hsp_num>2</Hsp_num>
      <Hsp_bit-score>545.002</Hsp_bit-score>
      <Hsp_score>603</Hsp_score>
      <Hsp_evalue>2.27158e-149</Hsp_evalue>
      <Hsp_query-from>1</Hsp_query-from>
      <Hsp_query-to>327</Hsp_query-to>
      <Hsp_hit-from>32</Hsp_hit-from>
      <Hsp_hit-to>357</Hsp_hit-to>
      <Hsp_query-frame>1</Hsp_query-frame>
      <Hsp_hit-frame>1</Hsp_hit-frame>
      <Hsp_identity>320</Hsp_identity>
      <Hsp_positive>320</Hsp_positive>
      <Hsp_gaps>5</Hsp_gaps>
      <Hsp_align-len>329</Hsp_align-len>
      <Hsp_qseq>GTCAAAGAAACTGAAACTAACACAAAGCAGGAGCAGGAGCAGCAACAAACAGAGAGA--AGAAAACAGAGGAAGATAAGAGGAAAATTTATCGAATTCGAATCGAGAGAAAAGGGGAAGTGAAGTTGCGAAGAGTGAGAATTTCAAAGGAAATGAACAAAGGAGCAAACGGAAATCAGCAATTGGAGTTACCGGCGGGATTCAGATTCCATCCGACAGACGACGAATTGGTGCAGCACTATCTCTGCAGGAAATGCGCCGGACAGTCGATTGCTGTATCAATTATAGCTGAAATTGATCTTTACAAGTTTGATCCATGGCAGTTGCCTG</Hsp_qseq>
      <Hsp_hseq>GTCAAAGCAACTGAAACTAACA--AAGCAGGAGCAGAAGCAGCAACAAACAGAGAGAGAAGAAAACAGAGGAAGATAAGAGGAAAATTTATCGAAT-CGAATCGAGAGAAAAGGGGAAGTAAAGTTGCGAAGAGTGAGAATTTCAAAGGAAATGAACAAAGGAGCAAACGGAAATCAGCAATTGGAGTTACCGGCGGGATTCAGATTCCATCCGACAGACGACGAATTGGTGCAGCACTATCTCTGCAGGAAATGCGCCGGACAGTCGATTGCAGTATCAATTATAGCTGAAATTGATCTTTACAAGTTTGATCCATGGCAGTTGCCTG</Hsp_hseq>
      <Hsp_midline>||||||| ||||||||||||||  |||||||||||| ||||||||||||||||||||  ||||||||||||||||||||||||||||||||||||| ||||||||||||||||||||||| |||||||||||||||||||||||||||||||||||||||||||||||||||||||||||||||||||||||||||||||||||||||||||||||||||||||||||||||||||||||||||||||||||||||||||||||||||||||| |||||||||||||||||||||||||||||||||||||||||||||||||||||||</Hsp_midline>
    </Hsp>
    <Hsp>
      <Hsp_num>3</Hsp_num>
      <Hsp_bit-score>476.474</Hsp_bit-score>
      <Hsp_score>527</Hsp_score>
      <Hsp_evalue>9.66755e-129</Hsp_evalue>
      <Hsp_query-from>692</Hsp_query-from>
      <Hsp_query-to>967</Hsp_query-to>
      <Hsp_hit-from>357</Hsp_hit-from>
      <Hsp_hit-to>632</Hsp_hit-to>
      <Hsp_query-frame>1</Hsp_query-frame>
      <Hsp_hit-frame>1</Hsp_hit-frame>
      <Hsp_identity>271</Hsp_identity>
      <Hsp_positive>271</Hsp_positive>
      <Hsp_gaps>0</Hsp_gaps>
      <Hsp_align-len>276</Hsp_align-len>
      <Hsp_qseq>GAGAAGGCTTTGTACGGTGAAAAAGAGTGGTATTTTTTCTCACCAAGGGATAGAAAATATCCGAACGGTTCACGGCCGAACCGAGCAGCAGGAACCGGTTATTGGAAGGCAACCGGAGCTGATAAACCGGTGGGAAAACCCAAAACCTTAGGGATAAAGAAGGCACTTGTGTTCTATGCCGGAAAAGCACCCAGAGGTATAAAAACAAATTGGATTATGCACGAGTACCGCCTCGCCAACGTGGACCGCTCTGCTGGCAAGAACAATAACTTGAGG</Hsp_qseq>
      <Hsp_hseq>GAGAAGGCTTTGTACGGTGAAAAAGAGTGGTATTTTTTCTCACCAAGGGATAGAAAATATCCGAACGGTTCACGGCCGAACCGAGCAGCGGGAGCCGGTTATTGGAAGGCAACCGGAGCTGATAAACCGGTCGGAAAACCCAAAACCTTAGGGATAAAGAAGGCACTTGTGTTCTATGCCGGAAAAGCACCTAGAGGTATAAAAACCAATTGGATTATGCACGAGTACCGCCTCGCCAACGTGGACCGCTCTGCTGGCAAGAACAATAACTTGAGG</Hsp_hseq>
      <Hsp_midline>||||||||||||||||||||||||||||||||||||||||||||||||||||||||||||||||||||||||||||||||||||||||| ||| ||||||||||||||||||||||||||||||||||||| ||||||||||||||||||||||||||||||||||||||||||||||||||||||||||| |||||||||||||| |||||||||||||||||||||||||||||||||||||||||||||||||||||||||||||||||||||</Hsp_midline>
    </Hsp>
  </Hit_hsps>
</Hit>
<Hit>
  <Hit_num>14</Hit_num>
  <Hit_id>gi|1921306172|gb|CP055237.1|</Hit_id>
  <Hit_def>Solanum tuberosum cultivar Solyntus chromosome 4</Hit_def>
  <Hit_accession>CP055237</Hit_accession>
  <Hit_len>72008707</Hit_len>
  <Hit_hsps>
    <Hsp>
      <Hsp_num>1</Hsp_num>
      <Hsp_bit-score>1210.45</Hsp_bit-score>
      <Hsp_score>1341</Hsp_score>
      <Hsp_evalue>0</Hsp_evalue>
      <Hsp_query-from>1208</Hsp_query-from>
      <Hsp_query-to>1977</Hsp_query-to>
      <Hsp_hit-from>7186724</Hsp_hit-from>
      <Hsp_hit-to>7187498</Hsp_hit-to>
      <Hsp_query-frame>1</Hsp_query-frame>
      <Hsp_hit-frame>1</Hsp_hit-frame>
      <Hsp_identity>738</Hsp_identity>
      <Hsp_positive>738</Hsp_positive>
      <Hsp_gaps>13</Hsp_gaps>
      <Hsp_align-len>779</Hsp_align-len>
      <Hsp_qseq>TCTGTAACTTATGAGTGCAAAATACAATTTGTAAATTGTTTATTGATTATGTGATTTGACAT-TATTGCAGCTTGATGATTGGGTATTGTGTCGAATATACAACAAGAAAGGCACACTTGAGAAGCATTACAATGTGGACAACAAGGAAACTACAAGCTTTGGAGAATTTGATGAAGAAATAAAACCAAAAATATTGCCCACACAATTAGCACCGATGCCACCACGGCCTCGATCGACACCAGCA------AACGACTACTTTTATTTCGAGTCATCAGAGTCGATGACTAGAATGCACACGACAAACTCGAGCTCTGGCTCAGAGCATGTCTTGTCGCCATGTGACAAGGAGGTTCAGAGCGCGCCCAAATGGGACGAAGACCACAGAAACACCCTTGATTTTCAGCTAAACTATTTGGATGGTTTACTAAATGAACCATTTGAAACCCAAATGCAGCAGCAAATTTGCAACTTTGACCAGTTCAACAATTTCCAAGACATGTTCCTATACATGCAAAAACCTTACTAAAATTGTATAAATTCATTGGATCTAAATTGAGTGTGATCCATGACATTTTCTTTGTTCTTTGGTGGTGTAGGTCAACTTTTTATTAAGTAGTTTAGAGAAGTACAAAATGCTAGTCAAATTTGGTGGGCTACAGCACAAATGAGCCTTGATAAGCATAGCCAAAGAGTCGTATAGAAGGGCTTATTATTATTGTAAGGT--ATGTAAAAACAAATGAAAATTTGTTAATATCAAGTTATCATTCTTCAAA</Hsp_qseq>
      <Hsp_hseq>TCTGTAAATTATGAGTGCAAAATACAATTTGTAAATTGTTTATTGATTATGTGATTTGACATATATTGCAGCTTGATGATTGGGTATTGTGTCGAATTTACAACAAGAAAGGCACACTTGAGAAGCATTACAATGTGGACAACAAGGAAACTGCAAGCTTTGGAGAATTTGATGAAGAAATAAAACCAAAAATATTGCCCACACAATTAGCACAGATGCCACCACGGCCCCGATCGACACCGACACCGACAAACGACTACTTCCATTTCGAATCATCGGAGTCAATGACTAGAATGCACACCACAAACTCGAGCTCTGGCTCAGAGCATGTCTTGTCGCCATGTGACAAGGAGGTTCAGAGCGCGCCCAAATGGGATGAAGACCACAGAAACACCCTTGATTTTCAGCTAAATTATTTGGATGGTTTACTAAATGAACCATTTGAAACCCAAATGCAGCAGCAAATTTGCAACTTTGACCAGTTCAACAATTTCCAAGACATGTTCTTTTACATGCAAAAGCCTTACTAAAATTGTATAAATTCATTGGATCTAAATTGATTGTGATCCATGACATTTTCTTTGTTCTTTGGTGGTGTAGGTCAACTTTTTATTAATTAGCTTAGAAAAGTACAAAATGCAAGTCAAATTTGGTGGGCTACAGCTCAAATGAGCCTTGATATGCATAGTTAAAGAGTCATATAGAAGGGC---TTATTATTGTAAGGTACATGT-AAAACAAATGAAAATTTGTTAATATCAAGTTATCATTCTTCAAA</Hsp_hseq>
      <Hsp_midline>||||||| |||||||||||||||||||||||||||||||||||||||||||||||||||||| |||||||||||||||||||||||||||||||||| |||||||||||||||||||||||||||||||||||||||||||||||||||||| |||||||||||||||||||||||||||||||||||||||||||||||||||||||||||| ||||||||||||||| |||||||||||  ||      |||||||||||  ||||||| ||||| ||||| ||||||||||||||||| |||||||||||||||||||||||||||||||||||||||||||||||||||||||||||||||||||||||||| ||||||||||||||||||||||||||||||||||| ||||||||||||||||||||||||||||||||||||||||||||||||||||||||||||||||||||||||||||||||||||||||||||| | ||||||||||| ||||||||||||||||||||||||||||||||||||||| ||||||||||||||||||||||||||||||||||||||||||||||||||||||| ||| ||||| ||||||||||||| ||||||||||||||||||||||| |||||||||||||||| ||||||  |||||||| |||||||||||   |||||||||||||||  |||| ||||||||||||||||||||||||||||||||||||||||||||</Hsp_midline>
    </Hsp>
    <Hsp>
      <Hsp_num>2</Hsp_num>
      <Hsp_bit-score>865.1</Hsp_bit-score>
      <Hsp_score>958</Hsp_score>
      <Hsp_evalue>0</Hsp_evalue>
      <Hsp_query-from>1</Hsp_query-from>
      <Hsp_query-to>1035</Hsp_query-to>
      <Hsp_hit-from>7185553</Hsp_hit-from>
      <Hsp_hit-to>7186623</Hsp_hit-to>
      <Hsp_query-frame>1</Hsp_query-frame>
      <Hsp_hit-frame>1</Hsp_hit-frame>
      <Hsp_identity>871</Hsp_identity>
      <Hsp_positive>871</Hsp_positive>
      <Hsp_gaps>96</Hsp_gaps>
      <Hsp_align-len>1101</Hsp_align-len>
      <Hsp_qseq>GTCAAAGAAACTGAAACTAACACAAAGCAGGAGCAGGAGCAGCAACAAACAGAGAGAAGAAAACAGAGGAAGATAA---GAGGAAAATTT-ATCGA-ATT---CGAATCGAGAGAAAAGGGGAAGTGAAGTTGCGAAGAGTGAGAATTTCAAAGGAAATGAACAAAGGAGCAAACGGAAATCAGCAATTGGAGTTACCGGCGGGATTCAGATTCCATCCGACAGACGACGAATTGGTGCAGCACTATCTCTGCAGGAAATGCGCCGGACAGTCGATTGCTGTATCAATTATAGCTGAAATTGATCTTTACAAGTTTGATCCATGGCAGTTGCCTGGTAATTTTTGACTCTTCCTCCAATTTTTCATAGCTTGCAAAGTCTAGGTCAAAAAAAAAATCGAAA-------------CAGATT---AAGCTTCGCGTTTGAT--CACAGTTTTTGGAT----------CTGTTCCGCCATGGAA-----TTTGAAAATCAGAT-CAAGTTCCTTAAAACAAGTTTTTCGACTTA-TAGCATAGC-AACACAACTTCAAATCTCAAAAATCACAATTTCAAAAACTCATAGATTTCAACTTCTATATTCAAACAGGAGCTA-AATTTCGAATTTT------AAAAAATTATCTTCA---AATATCCGTAA-AAGTT---AATCTTCGAAC----ATTTTTAAGT--TCCTAAAACTGTTTGGTTCTTTTT-CTGAACTTTATTTTTTGTTGGTAATTGCAGAGAAGGCTTTGTACGGTGAAAAAGAGTGGTATTTTTTCTCACCAAGGGATAGAAAATATCCGAACGGTTCACGGCCGAACCGAGCAGCAGGAACCGGTTATTGGAAGGCAACCGGAGCTGATAAACCGGTGGGAAAACCCAAAACCTTAGGGATAAAGAAGGCACTTGTGTTCTATGCCGGAAAAGCACCCAGAGGTATAAAAACAAATTGGATTATGCACGAGTACCGCCTCGCCAACGTGGACCGCTCTGCTGGCAAGAACAATAACTTGAGGGTAAGTCCTTCTTCAGCTTTAATTTTTTATTTTCGGAGATGAGATTCAAGATTCGAG-TAATATAGTAT</Hsp_qseq>
      <Hsp_hseq>GTCAAACAA-CTGAAACTAACA--AAGCAG---CAGAAGCAGCAACAAACAGAGA--AGAAAGCAGAGGAAGATAAACAGAGGAAATTAAGAGGGAGATTTATCGAATCGAAAGGAAAGGGAAAGGAAAATTACGAAGAGTGAGAATT-CGAAGGAAATGAACAAAGGAGCAACCGGAAATCAGCAATTGGAGTTACCGGCGGGATTCAGATTCCATCCGACAGACGACGAATTGGTGCAGCATTATCTCTGCAGGAAATGTGCTGGACAGCCGATTGCAGCATCAATTATAACTGAAATTGATCTTTACAAGTTTGATCCATGGCAGTTGCCTGGTAATTTT-GACTCTTCC---AAACTTTCATA-CTTACAAT-TCTAGGTTAAAAAAATCAATGAACATAAATTTTAGATCAGATTTTAAAATTGAAAATTTGATTTCACATATTTTCAAGTTTCCAAAAACTGCTCAGATTCAGATCAGTTTTTGAAACTCACTTACAAAAT--TTCATAAAAATTTTACAACTAAGTCGCATGTATAACACAACTTCATATCTCAAAAATCACAACTTCAAAAACT--TAAATTT-ACGAGCTAAGTT--AACAAGTTTTGGAATTTTGAGATTTCCACTCAAAAAATAATTTTTATTCAAAATAAATTATAACTTCAAAATCTATGAAAGCTAATTTTTGCCTATTTCTA---CTGTTT--TTCTTTTTTCTAAACTTTCTTTATTATTGGCAAGTGCAGAAAAGGCTTTGTACGGTGAAAAGGAGTGGTATTTTTTCTCACCAAGGGATAGAAAATATCCGAACGGTTCACGACCGAACCGAGCAGCAGGAACCGGTTATTGGAAGGCAACCGGAGCAGATAAACCGGTGGGAAAACCCAAAACGTTAGGGATAAAGAAGGCACTTGTGTTCTATGCTGGAAAAGCACCTAGAGGAATAAAAACCAATTGGATTATGCACGAGTACAGGCTCGCCAATGTGGACCGGTCTGCTGGCAAGAACAACAACTTGAGGGTAAGTCCTTTTTCATCTTTAA--TTATCTTTCTGGAGACG-GATTCAGAATTTAAGTTAATATAGTAT</Hsp_hseq>
      <Hsp_midline>|||||| || ||||||||||||  ||||||   ||| ||||||||||||||||||  ||||| |||||||||||||   ||||||| |   |  || |||   |||||||| || |||||| |||  || || ||||||||||||||| | |||||||||||||||||||||| ||||||||||||||||||||||||||||||||||||||||||||||||||||||||||||||||||||| ||||||||||||||||| || |||||| ||||||| | |||||||||| |||||||||||||||||||||||||||||||||||||||||||||||||| |||||||||   ||  ||||||| ||| |||  ||||||| |||||||  |  |||              ||||||   ||  |     ||||||  ||||  ||||  |           ||| || |     ||      ||||||| |||  | |||  |  || | | || |||| | ||| | | ||||    |||||||||||| |||||||||||||||| ||||||||||  || |||| |    |||  ||  |||| |   |  ||||| ||  |||      ||||||| || || |   || ||   | | || ||   |||||  |||     ||||||   |  | |||   ||||||  |||||||| || |||||| ||| || |||| || |||||| |||||||||||||||||||| |||||||||||||||||||||||||||||||||||||||||||||||||| |||||||||||||||||||||||||||||||||||||||||||| |||||||||||||||||||||||||| |||||||||||||||||||||||||||||||| ||||||||||| ||||| |||||||| ||||||||||||||||||||| | |||||||| |||||||| ||||||||||||||||| ||||||||||||||||||| |||| ||||||  || | |||  ||||| | ||||||  |||  || |||||||||||</Hsp_midline>
    </Hsp>
    <Hsp>
      <Hsp_num>3</Hsp_num>
      <Hsp_bit-score>95.9632</Hsp_bit-score>
      <Hsp_score>105</Hsp_score>
      <Hsp_evalue>3.39224e-14</Hsp_evalue>
      <Hsp_query-from>707</Hsp_query-from>
      <Hsp_query-to>918</Hsp_query-to>
      <Hsp_hit-from>1013716</Hsp_hit-from>
      <Hsp_hit-to>1013930</Hsp_hit-to>
      <Hsp_query-frame>1</Hsp_query-frame>
      <Hsp_hit-frame>1</Hsp_hit-frame>
      <Hsp_identity>153</Hsp_identity>
      <Hsp_positive>153</Hsp_positive>
      <Hsp_gaps>9</Hsp_gaps>
      <Hsp_align-len>218</Hsp_align-len>
      <Hsp_qseq>GGTGAAAAAGAGTGGTATTTTTTCTCACCAAGGGATAGAAAATATCCGAACGGTTCACGGCCGAACCGAGCAGCAGGAACCGGTTATTGGAAGGCAACCGGAGCTGATAAACCGGT-----GGGAAAACCCAAAACCT-TAGGGATAAAGAAGGCACTTGTGTTCTATGCCGGAAAAGCACCCAGAGGTATAAAAACAAATTGGATTATGCACGAGTA</Hsp_qseq>
      <Hsp_hseq>GGAGAAAAAGAATGGTATTTCTTCACTCCTCGTGATAGAAAATATCCAAATGGTGTTAGGCCAAATAGGGCAGCTGTGTCTGGTTATTGGAAAGCCACAGGCACAGATAAAGCTATATATAGTGGAA---CAAAATATGTTGGTATTAAAAAAGCTCTTGTGTTTTATAAAGGAAAACCACCTAAAGGTATGAAGACTGATTGGATCATGCATGAATA</Hsp_hseq>
      <Hsp_midline>|| |||||||| |||||||| ||| | ||  | |||||||||||||| || |||    |||| ||  | ||||| |   | ||||||||||| || || ||  | |||||| |  |     | | ||   |||||  | | || || || || || |||||||| |||   |||||| |||| | |||||| || ||  ||||||| ||||| || ||</Hsp_midline>
    </Hsp>
    <Hsp>
      <Hsp_num>4</Hsp_num>
      <Hsp_bit-score>76.1261</Hsp_bit-score>
      <Hsp_score>83</Hsp_score>
      <Hsp_evalue>3.17713e-08</Hsp_evalue>
      <Hsp_query-from>707</Hsp_query-from>
      <Hsp_query-to>924</Hsp_query-to>
      <Hsp_hit-from>71702415</Hsp_hit-from>
      <Hsp_hit-to>71702641</Hsp_hit-to>
      <Hsp_query-frame>1</Hsp_query-frame>
      <Hsp_hit-frame>1</Hsp_hit-frame>
      <Hsp_identity>156</Hsp_identity>
      <Hsp_positive>156</Hsp_positive>
      <Hsp_gaps>9</Hsp_gaps>
      <Hsp_align-len>227</Hsp_align-len>
      <Hsp_qseq>GGTGAAAAAGAGTGGTATTTTTTCTCACCAAGGGATAGAAAATATCCGAACGGTTCACGGCCGAACCGAGCAGCAGGAACCGGTTATTGGAAGGCAACCGG---AG-CTGATAA---ACCGGTGGGA-AAACCCAAAAC-CTTAGGGATAAAGAAGGCACTTGTGTTCTATGCCGGAAAAGCACCCAGAGGTATAAAAACAAATTGGATTATGCACGAGTACCGCCT</Hsp_qseq>
      <Hsp_hseq>GGTGAAAGAGAGTGGTATTTTTTTAGCTTGAGGGACCGGAAATACCCAACCGGGTTAAGGACGAACCGGGCAACCGGAGCGGGTTATTGGAAAGCAACCGGTAAAGACCGTGAAGTTTACAGTGCAACTAACGGAGCACTCCTTGGAATGAAGAAAACACTTGTTTTTTACAAAGGAAGAGCTCCAAGGGGTGAGAAAACTAAGTGGGTTATGCATGAATACCGTCT</Hsp_hseq>
      <Hsp_midline>||||||| |||||||||||||||       |||||  | ||||| || | ||| | | || ||||||| ||| | ||| | ||||||||||| ||||||||   || | |  ||     | |||  |  |||  |  || | | || || |||||  ||||||| || ||    |||| ||| || || |||   ||||| || ||| ||||||| || ||||| ||</Hsp_midline>
    </Hsp>
    <Hsp>
      <Hsp_num>5</Hsp_num>
      <Hsp_bit-score>69.8143</Hsp_bit-score>
      <Hsp_score>76</Hsp_score>
      <Hsp_evalue>1.35095e-06</Hsp_evalue>
      <Hsp_query-from>499</Hsp_query-from>
      <Hsp_query-to>553</Hsp_query-to>
      <Hsp_hit-from>68907435</Hsp_hit-from>
      <Hsp_hit-to>68907488</Hsp_hit-to>
      <Hsp_query-frame>1</Hsp_query-frame>
      <Hsp_hit-frame>1</Hsp_hit-frame>
      <Hsp_identity>49</Hsp_identity>
      <Hsp_positive>49</Hsp_positive>
      <Hsp_gaps>1</Hsp_gaps>
      <Hsp_align-len>55</Hsp_align-len>
      <Hsp_qseq>AACACAACTTCAAATCTCAAAAATCACAATTTCAAAAACTCATAGATTTCAACTT</Hsp_qseq>
      <Hsp_hseq>AACACAACTTCAAATTTTAAAAATCACAATTTCAAAAACTCA-AATTTTCAAGTT</Hsp_hseq>
      <Hsp_midline>||||||||||||||| | |||||||||||||||||||||||| |  |||||| ||</Hsp_midline>
    </Hsp>
    <Hsp>
      <Hsp_num>6</Hsp_num>
      <Hsp_bit-score>57.1907</Hsp_bit-score>
      <Hsp_score>62</Hsp_score>
      <Hsp_evalue>0.00852543</Hsp_evalue>
      <Hsp_query-from>499</Hsp_query-from>
      <Hsp_query-to>554</Hsp_query-to>
      <Hsp_hit-from>70480695</Hsp_hit-from>
      <Hsp_hit-to>70480750</Hsp_hit-to>
      <Hsp_query-frame>1</Hsp_query-frame>
      <Hsp_hit-frame>1</Hsp_hit-frame>
      <Hsp_identity>46</Hsp_identity>
      <Hsp_positive>46</Hsp_positive>
      <Hsp_gaps>0</Hsp_gaps>
      <Hsp_align-len>56</Hsp_align-len>
      <Hsp_qseq>AACACAACTTCAAATCTCAAAAATCACAATTTCAAAAACTCATAGATTTCAACTTC</Hsp_qseq>
      <Hsp_hseq>AACACAACTTCAAATTCCAAAAATCAGAAGTTCAAAAAGATACAAGTTTCAACTTC</Hsp_hseq>
      <Hsp_midline>|||||||||||||||  ||||||||| || ||||||||   | |  ||||||||||</Hsp_midline>
    </Hsp>
    <Hsp>
      <Hsp_num>7</Hsp_num>
      <Hsp_bit-score>54.4857</Hsp_bit-score>
      <Hsp_score>59</Hsp_score>
      <Hsp_evalue>0.103861</Hsp_evalue>
      <Hsp_query-from>499</Hsp_query-from>
      <Hsp_query-to>575</Hsp_query-to>
      <Hsp_hit-from>8771227</Hsp_hit-from>
      <Hsp_hit-to>8771145</Hsp_hit-to>
      <Hsp_query-frame>1</Hsp_query-frame>
      <Hsp_hit-frame>-1</Hsp_hit-frame>
      <Hsp_identity>65</Hsp_identity>
      <Hsp_positive>65</Hsp_positive>
      <Hsp_gaps>12</Hsp_gaps>
      <Hsp_align-len>86</Hsp_align-len>
      <Hsp_qseq>AACACAACTTCAAAT-CTCAAAAATCACAA--TTTCAA------AAACTCATAGATTTCAACTTCTATATTCAAACAGGAGCTAAA</Hsp_qseq>
      <Hsp_hseq>AACACAAGTTCAAATTCTCAAAAAACTCAAATTTTCAAGTTTCGAGTTTCA---ATTTCAAAATCTATAATCAAACAGGAGCTAAA</Hsp_hseq>
      <Hsp_midline>||||||| ||||||| |||||||| | |||  ||||||      |   |||   |||||||  |||||| ||||||||||||||||</Hsp_midline>
    </Hsp>
    <Hsp>
      <Hsp_num>8</Hsp_num>
      <Hsp_bit-score>54.4857</Hsp_bit-score>
      <Hsp_score>59</Hsp_score>
      <Hsp_evalue>0.103861</Hsp_evalue>
      <Hsp_query-from>499</Hsp_query-from>
      <Hsp_query-to>540</Hsp_query-to>
      <Hsp_hit-from>11957805</Hsp_hit-from>
      <Hsp_hit-to>11957846</Hsp_hit-to>
      <Hsp_query-frame>1</Hsp_query-frame>
      <Hsp_hit-frame>1</Hsp_hit-frame>
      <Hsp_identity>37</Hsp_identity>
      <Hsp_positive>37</Hsp_positive>
      <Hsp_gaps>0</Hsp_gaps>
      <Hsp_align-len>42</Hsp_align-len>
      <Hsp_qseq>AACACAACTTCAAATCTCAAAAATCACAATTTCAAAAACTCA</Hsp_qseq>
      <Hsp_hseq>AACACAATTTCAAGTTCCAAAAATCACAAGTTCAAAAACTCA</Hsp_hseq>
      <Hsp_midline>||||||| ||||| |  |||||||||||| ||||||||||||</Hsp_midline>
    </Hsp>
    <Hsp>
      <Hsp_num>9</Hsp_num>
      <Hsp_bit-score>49.9773</Hsp_bit-score>
      <Hsp_score>54</Hsp_score>
      <Hsp_evalue>1.26529</Hsp_evalue>
      <Hsp_query-from>499</Hsp_query-from>
      <Hsp_query-to>535</Hsp_query-to>
      <Hsp_hit-from>10737115</Hsp_hit-from>
      <Hsp_hit-to>10737151</Hsp_hit-to>
      <Hsp_query-frame>1</Hsp_query-frame>
      <Hsp_hit-frame>1</Hsp_hit-frame>
      <Hsp_identity>33</Hsp_identity>
      <Hsp_positive>33</Hsp_positive>
      <Hsp_gaps>0</Hsp_gaps>
      <Hsp_align-len>37</Hsp_align-len>
      <Hsp_qseq>AACACAACTTCAAATCTCAAAAATCACAATTTCAAAA</Hsp_qseq>
      <Hsp_hseq>AACACAACTTCAAGTTCCAAAAATCACAACTTCAAAA</Hsp_hseq>
      <Hsp_midline>||||||||||||| |  |||||||||||| |||||||</Hsp_midline>
    </Hsp>
  </Hit_hsps>
</Hit>
<Hit>
  <Hit_num>15</Hit_num>
  <Hit_id>gi|47104805|gb|BT013390.1|</Hit_id>
  <Hit_def>Lycopersicon esculentum clone 135597R, mRNA sequence</Hit_def>
  <Hit_accession>BT013390</Hit_accession>
  <Hit_len>1294</Hit_len>
  <Hit_hsps>
    <Hsp>
      <Hsp_num>1</Hsp_num>
      <Hsp_bit-score>1191.51</Hsp_bit-score>
      <Hsp_score>1320</Hsp_score>
      <Hsp_evalue>0</Hsp_evalue>
      <Hsp_query-from>1277</Hsp_query-from>
      <Hsp_query-to>1969</Hsp_query-to>
      <Hsp_hit-from>588</Hsp_hit-from>
      <Hsp_hit-to>1279</Hsp_hit-to>
      <Hsp_query-frame>1</Hsp_query-frame>
      <Hsp_hit-frame>1</Hsp_hit-frame>
      <Hsp_identity>682</Hsp_identity>
      <Hsp_positive>682</Hsp_positive>
      <Hsp_gaps>5</Hsp_gaps>
      <Hsp_align-len>695</Hsp_align-len>
      <Hsp_qseq>GCTTGATGATTGGGTATTGTGTCGAATATACAACAAGAAAGGCACACTTGAGAAGCATTACAATGTGGACAACAAGGAAACTACAAGCTTTGGAGAATTTGATGAAGAAATAAAACCAAAAATATTGCCCACACAATTAGCACCGATGCCACCACGGCCTCGATCGACACCAGCAAACGACTACTTTTATTTCGAGTCATCAGAGTCGATGACTAGAATGCACACGACAAACTCGAGCTCTGGCTCAGAGCATGTCTTGTCGCCATGTGACAAGGAGGTTCAGAGCGCGCCCAAATGGGACGAAGACCACAGAAACACCCTTGATTTTCAGCTAAACTATTTGGATGGTTTACTAAATGAACCATTTGAAACCCAAATGCAGCAGCAAATTTGCAACTTTGACCAGTTCAACAATTTCCAAGACATGTTCCTATACATGCAAAAACCTTACTAAAATTGTATAAATTCATTGGATCTAAATTGAGTGTGATCCATGACATTTTCTTTGTTCTTTGGTGGTGTAGGTCAACTTTTTATTAAGTAGTTTAGAGAAGTACAAAATGCTAGTCAAATTTGGTGGGCTACAGCACAAATGAGCCTTGATAAGCATAGCCAAAGAGTCGTATAGAAGGGCTTATTATTATTGTAAGGT--ATGTAAAAACAAATGAAAATTTGTTAATATCAAGTTATCAT</Hsp_qseq>
      <Hsp_hseq>GCTTGATGATTGGGTATTGTGTCGAATATACAACAAGAAAGGCACACTTGAGAAGCATTACAATGTGGACAACAAGGAAACTACAAGCTTTGGAGAATTTGATGAAGAAATAAAACCGAAAATATTGACCACACAATTAGCACCGATGCCACCACGGCCTCGATCGACACCGGCAAACGACTACTTTCATTTCGAGTCATCAGAGTCGATGACTAGAATGCACACGACAAACTCGAGCTCTGGCTCAGAGCATGTCTTGTCGCCATGTGACAAGGAGGTTCAGAGCGCGCCCAAATGGGACGAAGACCACAGAAACACCCTTGATTTTCAGCTAAACTATTTGGATGGTTTACTAAATGAACCATTTGAAACCCAAATGCAGCAGCAAATGTGCAACTTTGACCAGTTCAACAATTTC---GACATGTTCCTATACATGCAAAAACCTTACTAAAATTGTATAAATTCATTGGATCTAAATTGAGTGTGATCCATGACATTTTCTTTGTTCTTTGGTGGTGTAGTTCAACTTTTTATTAAGTAGTTTAGAAAAGTACAAAATGCTAGTCAAATTTGGTGGGCTACAGCACAAATGAGCCTTGATAAGCATAGCCAAAGAGTCATATAGAAGGGCTTATTATTATTGTAAGGTACATGTAAAAACAAATGAAAATTTGTTAATATCAAGTTATCAT</Hsp_hseq>
      <Hsp_midline>||||||||||||||||||||||||||||||||||||||||||||||||||||||||||||||||||||||||||||||||||||||||||||||||||||||||||||||||||||| ||||||||| ||||||||||||||||||||||||||||||||||||||||||| ||||||||||||||| |||||||||||||||||||||||||||||||||||||||||||||||||||||||||||||||||||||||||||||||||||||||||||||||||||||||||||||||||||||||||||||||||||||||||||||||||||||||||||||||||||||||||||||||||||||||||||||||||||||||||| |||||||||||||||||||||||||||   ||||||||||||||||||||||||||||||||||||||||||||||||||||||||||||||||||||||||||||||||||||||||||||||||||||||| ||||||||||||||||||||||||| ||||||||||||||||||||||||||||||||||||||||||||||||||||||||||||||||||||||| |||||||||||||||||||||||||||||  |||||||||||||||||||||||||||||||||||||||||</Hsp_midline>
    </Hsp>
    <Hsp>
      <Hsp_num>2</Hsp_num>
      <Hsp_bit-score>525.165</Hsp_bit-score>
      <Hsp_score>581</Hsp_score>
      <Hsp_evalue>2.12754e-143</Hsp_evalue>
      <Hsp_query-from>11</Hsp_query-from>
      <Hsp_query-to>327</Hsp_query-to>
      <Hsp_hit-from>1</Hsp_hit-from>
      <Hsp_hit-to>313</Hsp_hit-to>
      <Hsp_query-frame>1</Hsp_query-frame>
      <Hsp_hit-frame>1</Hsp_hit-frame>
      <Hsp_identity>308</Hsp_identity>
      <Hsp_positive>308</Hsp_positive>
      <Hsp_gaps>8</Hsp_gaps>
      <Hsp_align-len>319</Hsp_align-len>
      <Hsp_qseq>CTGAAACTAACACAAAGCAGGAGCAGGAGCAGCAACAAACAGAGAGA--AGAAAACAGAGGAAGATAAGAGGAAAATTTATCGAATTCGAATCGAGAGAAAAGGGGAAGTGAAGTTGCGAAGAGTGAGAATTTCAAAGGAAATGAACAAAGGAGCAAACGGAAATCAGCAATTGGAGTTACCGGCGGGATTCAGATTCCATCCGACAGACGACGAATTGGTGCAGCACTATCTCTGCAGGAAATGCGCCGGACAGTCGATTGCTGTATCAATTATAGCTGAAATTGATCTTTACAAGTTTGATCCATGGCAGTTGCCTG</Hsp_qseq>
      <Hsp_hseq>CTGAAACTAACACAAAGCAGGAGCAGAAGCAGCAACAAACAGAGAGAGAAGAAAACAGAGGAAGATAAGAGGAAAATTTATCGA------ATCGAGAGAAAAGGGGAAGTAAAGTTGCGAAGAGTGAGAATTTCAAAGGAAATGAACAAAGGAGCAAACGGAAATCAGCAATTGGAGTTACCGGCGGGATTCAGATTCCATCCGACAGACGACGAATTGGTGCAGCACTATCTCTGCAGGAAATGCGCCGGACAGTCGATTGCAGTATCAATTATAGCTGAAATTGATCTTTACAAGTTTGATCCATGGCAGTTGCCTG</Hsp_hseq>
      <Hsp_midline>|||||||||||||||||||||||||| ||||||||||||||||||||  |||||||||||||||||||||||||||||||||||      |||||||||||||||||||| |||||||||||||||||||||||||||||||||||||||||||||||||||||||||||||||||||||||||||||||||||||||||||||||||||||||||||||||||||||||||||||||||||||||||||||||||||||||| |||||||||||||||||||||||||||||||||||||||||||||||||||||||</Hsp_midline>
    </Hsp>
    <Hsp>
      <Hsp_num>3</Hsp_num>
      <Hsp_bit-score>485.491</Hsp_bit-score>
      <Hsp_score>537</Hsp_score>
      <Hsp_evalue>1.86628e-131</Hsp_evalue>
      <Hsp_query-from>692</Hsp_query-from>
      <Hsp_query-to>967</Hsp_query-to>
      <Hsp_hit-from>313</Hsp_hit-from>
      <Hsp_hit-to>588</Hsp_hit-to>
      <Hsp_query-frame>1</Hsp_query-frame>
      <Hsp_hit-frame>1</Hsp_hit-frame>
      <Hsp_identity>273</Hsp_identity>
      <Hsp_positive>273</Hsp_positive>
      <Hsp_gaps>0</Hsp_gaps>
      <Hsp_align-len>276</Hsp_align-len>
      <Hsp_qseq>GAGAAGGCTTTGTACGGTGAAAAAGAGTGGTATTTTTTCTCACCAAGGGATAGAAAATATCCGAACGGTTCACGGCCGAACCGAGCAGCAGGAACCGGTTATTGGAAGGCAACCGGAGCTGATAAACCGGTGGGAAAACCCAAAACCTTAGGGATAAAGAAGGCACTTGTGTTCTATGCCGGAAAAGCACCCAGAGGTATAAAAACAAATTGGATTATGCACGAGTACCGCCTCGCCAACGTGGACCGCTCTGCTGGCAAGAACAATAACTTGAGG</Hsp_qseq>
      <Hsp_hseq>GAGAAGGCTTTGTACGGTGAAAAAGAGTGGTATTTTTTCTCACCAAGGGATAGAAAATATCCGAACGGTTCACGGCCGAACCGAGCAGCAGGAACCGGTTATTGGAAGGCAACCGGAGCTGATAAACCGGTGGGAAAACCCAAAACGTTAGGGATAAAGAAGGCACTTGTGTTCTATGCCGGAAAAGCACCTAGAGGTATAAAAACCAATTGGATTATGCACGAGTACCGCCTCGCCAACGTGGACCGCTCTGCTGGCAAGAACAATAACTTGAGG</Hsp_hseq>
      <Hsp_midline>|||||||||||||||||||||||||||||||||||||||||||||||||||||||||||||||||||||||||||||||||||||||||||||||||||||||||||||||||||||||||||||||||||||||||||||||||| |||||||||||||||||||||||||||||||||||||||||||| |||||||||||||| |||||||||||||||||||||||||||||||||||||||||||||||||||||||||||||||||||||</Hsp_midline>
    </Hsp>
  </Hit_hsps>
</Hit>
<Hit>
  <Hit_num>16</Hit_num>
  <Hit_id>gi|1797955124|gb|CP047561.1|</Hit_id>
  <Hit_def>Solanum pinnatisectum cultivar CGN17745 chromosome 4</Hit_def>
  <Hit_accession>CP047561</Hit_accession>
  <Hit_len>72136406</Hit_len>
  <Hit_hsps>
    <Hsp>
      <Hsp_num>1</Hsp_num>
      <Hsp_bit-score>1183.39</Hsp_bit-score>
      <Hsp_score>1311</Hsp_score>
      <Hsp_evalue>0</Hsp_evalue>
      <Hsp_query-from>1208</Hsp_query-from>
      <Hsp_query-to>1977</Hsp_query-to>
      <Hsp_hit-from>5045534</Hsp_hit-from>
      <Hsp_hit-to>5046311</Hsp_hit-to>
      <Hsp_query-frame>1</Hsp_query-frame>
      <Hsp_hit-frame>1</Hsp_hit-frame>
      <Hsp_identity>733</Hsp_identity>
      <Hsp_positive>733</Hsp_positive>
      <Hsp_gaps>22</Hsp_gaps>
      <Hsp_align-len>785</Hsp_align-len>
      <Hsp_qseq>TCTGTAACTTATGAGTGCAAAATACAATTTGTAAATTGTTTATTGATTATGTGATTTGACAT-TATTGCAGCTTGATGATTGGGTATTGTGTCGAATATACAACAAGAAAGGCACACTTGAGAAGCATTACAATGTGGACAACAAGGAAACTACAAGCTTTGGAGAATTTGATGAAGAAATAAAACCAAAAATATTGCCCACACAATTAGCACCGATGCCACCACGGCCTCGATCGACACCAGCA------AACGACTACTTTTATTTCGAGTCATCAGAGTCGATGACTAGAATGCACACGACAAACTCGAGCTCTGGCTCAGAGCATGTCTTGTCGCCATGTGACAAGGAGGTTCAGAGCGCGCCCAAATGGGACGAAGACCACAGAAACACCCTTGATTTTCAGCTAAACTATTTGGATGGTTTACTAAATGAACCATTTGAAACCCAAATGCAGCAGCAAATTTGCAACTTTGACCAGTTCAACAATTTCCAAGACATGTTCCTATACATGCAAAAACCTTACTAAAATTGTATAAATTCATTGGATCTAAATTGAGTGTGATCCATGACATTTTCTTTGTTCTTTGGTGGTGTAGGTCAACTTTTTATTAAGTAGTTTAGAGAAGTACAAAATGCTAGTCAAATTTGGTGGGCTACAGCACAAATGAGCCTTGATAAGCATAGCCAAAGAGTCGTATAGAAGGGCTTA------TTATTATTGTAAGGT--ATGTAAAAACAAATGAAAATTTGTTAATATCAAGTTATCATTCTTCAAA</Hsp_qseq>
      <Hsp_hseq>TCTNTAAATTATGAGTACAAAATACAATTTGTAAATTGTTTATTGATTATGTGATTTGACATATATTGCAGCTTGATGATTGGGTATTGTGTCGAATATACAACAAGAAAGGCACACTTGAGAAGCATTACAATGTGGACAACAAGGAAACTGCAAGCTTTGGAGAATTTGATGAAGAAATAAAACCAAAAATACTGTCCACACAATTAGCACCGATGCCACCACGGCCCMGATCGACACCGACACCGACAAACGACTACTTCCATTTCGAATCATCAGAGTCGATGACTAGAATGCACACGACAAACTCGAGCTCTGGCTCAGAGCATGTCTTCTCGCCATGTGACAAGGAGGTTCAGAGCGCGCCCAAATGGGWCGAAGACCACAGAAACACCCTTGATTTTCAGCTAAATTATTTGGATGGTTTACTAAATGAACCATTTGAAACCCAAATGCAGCAGCAAATTTGCAACTTTGACCAGTTCAACAATTTCCAAGACGTGTTCTTTTACATGCAAAAGCCTTRCTAAAATTGTATAAATTCATTGGATCTAAATTGATTGTGATCCATGACATTTTCTTTGTTCTTTGGTGGTGTAGGTCAACTTTTTATTAATTAGCTTAGAAAAGTACAAAATGCAAGTCAAATTTGGTGGGCT------GAAATGAGCCTTGATAAGCATAGCTAAAGAGTCATATAGAAGGGCTTATTAATGTTATTATTGTAAGGTACATGT-AAAACAAATGAAAATTTGTTAATATCAAGTTRTCATTCTTCAAA</Hsp_hseq>
      <Hsp_midline>||| ||| |||||||| ||||||||||||||||||||||||||||||||||||||||||||| ||||||||||||||||||||||||||||||||||||||||||||||||||||||||||||||||||||||||||||||||||||||||| ||||||||||||||||||||||||||||||||||||||||| || |||||||||||||||||||||||||||||||  ||||||||||  ||      |||||||||||  ||||||| |||||||||||||||||||||||||||||||||||||||||||||||||||||||||||||| |||||||||||||||||||||||||||||||||||||||| |||||||||||||||||||||||||||||||||||| ||||||||||||||||||||||||||||||||||||||||||||||||||||||||||||||||||||||||||||||||||||||| ||||| | ||||||||||| |||| |||||||||||||||||||||||||||||||||| ||||||||||||||||||||||||||||||||||||||||||||||||||||||| ||| ||||| ||||||||||||| ||||||||||||||||||       ||||||||||||||||||||||| |||||||| ||||||||||||||      |||||||||||||||  |||| ||||||||||||||||||||||||||||||| ||||||||||||</Hsp_midline>
    </Hsp>
    <Hsp>
      <Hsp_num>2</Hsp_num>
      <Hsp_bit-score>844.361</Hsp_bit-score>
      <Hsp_score>935</Hsp_score>
      <Hsp_evalue>0</Hsp_evalue>
      <Hsp_query-from>1</Hsp_query-from>
      <Hsp_query-to>991</Hsp_query-to>
      <Hsp_hit-from>5044353</Hsp_hit-from>
      <Hsp_hit-to>5045381</Hsp_hit-to>
      <Hsp_query-frame>1</Hsp_query-frame>
      <Hsp_hit-frame>1</Hsp_hit-frame>
      <Hsp_identity>834</Hsp_identity>
      <Hsp_positive>834</Hsp_positive>
      <Hsp_gaps>104</Hsp_gaps>
      <Hsp_align-len>1062</Hsp_align-len>
      <Hsp_qseq>GTCAAAGAAACTGAAACTAACACAA-------AGCAGGAGCAGGAGCAGCAACAAACAGAGAGAAGA-AAACAGAGGAAGATAAGAGGAAAATTTATCGAATTCGAATCGAGAGAAAAGGGGAAGTGAAGTTGCGAAGAGTGAGAATTTCAAAGGAAATGAACAAAGGAGCAAACGGAAATCAGCAATTGGAGTTACCGGCGGGATTCAGATTCCATCCGACAGACGACGAATTGGTGCAGCACTATCTCTGCAGGAAATGCGCCGGACAGTCGATTGCTGTATCAATTATAGCTGAAATTGATCTTTACAAGTTTGATCCATGGCAGTTGCCTGGTAATTTTTGACTCTTCCTCCAATTTTTCATAGCTTGCAAAGTCTAGGTC--AAAAAAAAA--ATCGAAAC----AGATTAAGCTTCGCGTTTGATCA-CAGTTTTTGGATCTGTTCCG----CCATGGAATT-TGAAAATCAGATCAAGTTC---------CTTAAAACAAGT---------TTTTCGACTTA-TAGCATAGC-AACACAACTTCAAATCTCAAAAATCACAATTTCAAAAACTCATAGATTT--------------CAACTTCT-----------ATATTCAAACAGGAGCTAAATTTCGAATTTTAAA-AAATTAT--CTTCAAATATCCGTAAAAGTTAATCTTCGAACATTTTTAAGTTCCTAAAACTGTTTGGTTCTTTTT-CTGAACTTTATTTTTTGTTGGTAATTGCAGAGAAGGCTTTGTACGGTGAAAAAGAGTGGTATTTTTTCTCACCAAGGGATAGAAAATATCCGAACGGTTCACGGCCGAACCGAGCAGCAGGAACCGGTTATTGGAAGGCAACCGGAGCTGATAAACCGGTGGGAAAACCCAAAACCTTAGGGATAAAGAAGGCACTTGTGTTCTATGCCGGAAAAGCACCCAGAGGTATAAAAACAAATTGGATTATGCACGAGTACCGCCTCGCCAACGTGGACCGCTCTGCTGGCAAGAACAATAACTTGAGGGTAAGTCCTTCTTCAGCTTTAATT</Hsp_qseq>
      <Hsp_hseq>GTCAAACAA-CTGAAACTAACAAAGCAGCAGCAGCAGCAGCAGAAGCAGCAACAAACAGAG-GAAGATAAACAGAGGAAATAAAGAAGGAGATTTATCAAAT-CGAATC-----AAAAGGGAAAGGGAAGTTACTAAGAGTGATAATTTGAA-GGAAATGAACAAAGGAGTAACCGGAAATCAGCAATTGGAGTTACCGGCGGGATTCAGATTCCATCCGACAGACGACGAATTGGTGCAGCATTATCTCTGCAGGAAATGTGCCGGACAGCCGATTGCAGTATCAATTATAGCTGAAATTGATCTTTACAAGTTTGATCCATGGCAGTTGCCTGGTAATTTT-GACTCTTCC---AAACTTTCATA-CTTACAAT-TCTAGGTTTAAAAAATCAATGATCATAAATTTTAGATTAGATTTTAAAATTGAAAATCTGATTTCACGTATTTTCAAGTTTCCAAAAACTGCTCAGATTCAGATCAGTTTTTGAAACTCACTTACAAAACGTCATAAAAAATTTACAACTAAGTYGCATGTATAACACAACTTCATATCTCAAAAATCACAACTTCAAAAACT--TAAATTTACNNNNNNNNNNAACAAGTTTTGGAATTTTGAGATTTCCACTCAAAAAATAATTTTT--ATTCAAAATAAATTATAACTTCAAA-ATCTATGAAAGCTAATTTTTGCCTATTTCTA-----------CTGTTT--TTCTTTTTTCTAAACTTTCTATATTATTGGCAAGTGCAGAAAAGGCTTTGTACGGTGAAAAGGAGTGGTATTTTTTCTCACCAAGGGATAGAAAATATCCAAACGGTTCACGGCCRAACCGAGCAGCAGGAACCGGTTATTGGAAGGCAACCGGAGCAGATAAACCGGTGGGAAAACCCAAAACATTAGGGATAAAGAAGGCACTTGTGTTCTATGCCGGAAAAGCACCTAGAGGAATAAAAACCAATTGGATTATGCACGAGTACAGGCTCGCCAATGTGGACCGGTCTGCTGGCAAGAACAATAACTTGAGGGTAAGTCCTTTTTCATCTTTAATT</Hsp_hseq>
      <Hsp_midline>|||||| || |||||||||||| |        ||||| ||||| ||||||||||||||||| ||||| |||||||||||   |||| | | ||||||| ||| ||||||     ||||||| ||| |||||| | |||||||| ||||| || ||||||||||||||||| || ||||||||||||||||||||||||||||||||||||||||||||||||||||||||||||||||||||| ||||||||||||||||| ||||||||| ||||||| ||||||||||||||||||||||||||||||||||||||||||||||||||||||||||||||| |||||||||   ||  ||||||| ||| |||  |||||||   |||||  ||  |||  ||     ||||||   ||     ||||  | | | |||    | | |||      |||   | |  | | | ||||||||  ||          |||| || | ||         ||| | ||| | | ||||    |||||||||||| |||||||||||||||| ||||||||||  || ||||              ||| || |           || | ||  ||  |  ||| |||   |||  ||| |||||||  ||||||| |||  | |||| |||| || |   |||| ||           ||||||  |||||||| || |||||| | | || |||| || |||||| |||||||||||||||||||| |||||||||||||||||||||||||||||||||||||| |||||||||||||| ||||||||||||||||||||||||||||||||||||||||| |||||||||||||||||||||||||| |||||||||||||||||||||||||||||||||||||||||||| ||||| |||||||| ||||||||||||||||||||| | |||||||| |||||||| ||||||||||||||||||||||||||||||||||||| |||| ||||||||</Hsp_midline>
    </Hsp>
    <Hsp>
      <Hsp_num>3</Hsp_num>
      <Hsp_bit-score>104.98</Hsp_bit-score>
      <Hsp_score>115</Hsp_score>
      <Hsp_evalue>6.54856e-17</Hsp_evalue>
      <Hsp_query-from>707</Hsp_query-from>
      <Hsp_query-to>918</Hsp_query-to>
      <Hsp_hit-from>245396</Hsp_hit-from>
      <Hsp_hit-to>245610</Hsp_hit-to>
      <Hsp_query-frame>1</Hsp_query-frame>
      <Hsp_hit-frame>1</Hsp_hit-frame>
      <Hsp_identity>155</Hsp_identity>
      <Hsp_positive>155</Hsp_positive>
      <Hsp_gaps>9</Hsp_gaps>
      <Hsp_align-len>218</Hsp_align-len>
      <Hsp_qseq>GGTGAAAAAGAGTGGTATTTTTTCTCACCAAGGGATAGAAAATATCCGAACGGTTCACGGCCGAACCGAGCAGCAGGAACCGGTTATTGGAAGGCAACCGGAGCTGATAAACCGGT-----GGGAAAACCCAAAACCT-TAGGGATAAAGAAGGCACTTGTGTTCTATGCCGGAAAAGCACCCAGAGGTATAAAAACAAATTGGATTATGCACGAGTA</Hsp_qseq>
      <Hsp_hseq>GGAGAAAAAGAATGGTATTTCTTCACCCCTCGTGATAGAAAATATCCAAATGGTGTTAGGCCAAATAGGGCAGCTGTGTCTGGTTATTGGAAAGCCACAGGCACAGATAAAGCTATATATAGTGGAA---CAAAATATGTTGGTATTAAAAAGGCACTTGTGTTTTATAAAGGAAAACCACCTAAAGGTATCAAGACTGATTGGATCATGCATGAATA</Hsp_hseq>
      <Hsp_midline>|| |||||||| |||||||| ||| | ||  | |||||||||||||| || |||    |||| ||  | ||||| |   | ||||||||||| || || ||  | |||||| |  |     | | ||   |||||  | | || || || |||||||||||||| |||   |||||| |||| | |||||| || ||  ||||||| ||||| || ||</Hsp_midline>
    </Hsp>
    <Hsp>
      <Hsp_num>4</Hsp_num>
      <Hsp_bit-score>75.2244</Hsp_bit-score>
      <Hsp_score>82</Hsp_score>
      <Hsp_evalue>3.17713e-08</Hsp_evalue>
      <Hsp_query-from>707</Hsp_query-from>
      <Hsp_query-to>807</Hsp_query-to>
      <Hsp_hit-from>71820906</Hsp_hit-from>
      <Hsp_hit-to>71821006</Hsp_hit-to>
      <Hsp_query-frame>1</Hsp_query-frame>
      <Hsp_hit-frame>1</Hsp_hit-frame>
      <Hsp_identity>77</Hsp_identity>
      <Hsp_positive>77</Hsp_positive>
      <Hsp_gaps>0</Hsp_gaps>
      <Hsp_align-len>101</Hsp_align-len>
      <Hsp_qseq>GGTGAAAAAGAGTGGTATTTTTTCTCACCAAGGGATAGAAAATATCCGAACGGTTCACGGCCGAACCGAGCAGCAGGAACCGGTTATTGGAAGGCAACCGG</Hsp_qseq>
      <Hsp_hseq>GGTGAAAGAGAGTGGTATTTTTTTAGCTTGAGGGACCGGAAATACCCAACCGGGTTAAGGACGAACCGGGCAACCGGAGCGGGTTATTGGAAAGCAACCGG</Hsp_hseq>
      <Hsp_midline>||||||| |||||||||||||||       |||||  | ||||| || | ||| | | || ||||||| ||| | ||| | ||||||||||| ||||||||</Hsp_midline>
    </Hsp>
    <Hsp>
      <Hsp_num>5</Hsp_num>
      <Hsp_bit-score>65.3059</Hsp_bit-score>
      <Hsp_score>71</Hsp_score>
      <Hsp_evalue>5.74439e-05</Hsp_evalue>
      <Hsp_query-from>499</Hsp_query-from>
      <Hsp_query-to>553</Hsp_query-to>
      <Hsp_hit-from>68800158</Hsp_hit-from>
      <Hsp_hit-to>68800211</Hsp_hit-to>
      <Hsp_query-frame>1</Hsp_query-frame>
      <Hsp_hit-frame>1</Hsp_hit-frame>
      <Hsp_identity>48</Hsp_identity>
      <Hsp_positive>48</Hsp_positive>
      <Hsp_gaps>1</Hsp_gaps>
      <Hsp_align-len>55</Hsp_align-len>
      <Hsp_qseq>AACACAACTTCAAATCTCAAAAATCACAATTTCAAAAACTCATAGATTTCAACTT</Hsp_qseq>
      <Hsp_hseq>AACACAACTTCAAATTTTAAAAATCACAATTCCAAAAACTCA-AATTTTCAAGTT</Hsp_hseq>
      <Hsp_midline>||||||||||||||| | ||||||||||||| |||||||||| |  |||||| ||</Hsp_midline>
    </Hsp>
    <Hsp>
      <Hsp_num>6</Hsp_num>
      <Hsp_bit-score>57.1907</Hsp_bit-score>
      <Hsp_score>62</Hsp_score>
      <Hsp_evalue>0.00852543</Hsp_evalue>
      <Hsp_query-from>498</Hsp_query-from>
      <Hsp_query-to>553</Hsp_query-to>
      <Hsp_hit-from>3087698</Hsp_hit-from>
      <Hsp_hit-to>3087644</Hsp_hit-to>
      <Hsp_query-frame>1</Hsp_query-frame>
      <Hsp_hit-frame>-1</Hsp_hit-frame>
      <Hsp_identity>46</Hsp_identity>
      <Hsp_positive>46</Hsp_positive>
      <Hsp_gaps>1</Hsp_gaps>
      <Hsp_align-len>56</Hsp_align-len>
      <Hsp_qseq>CAACACAACTTCAAATCTCAAAAATCACAATTTCAAAAACTCATAGATTTCAACTT</Hsp_qseq>
      <Hsp_hseq>CAATACAACTACAAGTTTCAAMAATCACAACTTYAAAAACTCA-AGTTTTCAAGTT</Hsp_hseq>
      <Hsp_midline>||| |||||| ||| | |||| |||||||| || ||||||||| || |||||| ||</Hsp_midline>
    </Hsp>
    <Hsp>
      <Hsp_num>7</Hsp_num>
      <Hsp_bit-score>51.7806</Hsp_bit-score>
      <Hsp_score>56</Hsp_score>
      <Hsp_evalue>0.362511</Hsp_evalue>
      <Hsp_query-from>500</Hsp_query-from>
      <Hsp_query-to>564</Hsp_query-to>
      <Hsp_hit-from>66003855</Hsp_hit-from>
      <Hsp_hit-to>66003918</Hsp_hit-to>
      <Hsp_query-frame>1</Hsp_query-frame>
      <Hsp_hit-frame>1</Hsp_hit-frame>
      <Hsp_identity>51</Hsp_identity>
      <Hsp_positive>51</Hsp_positive>
      <Hsp_gaps>1</Hsp_gaps>
      <Hsp_align-len>65</Hsp_align-len>
      <Hsp_qseq>ACACAACTTCAAATCTCAAAAATCACAATTTCAAAAACTCATAGATTTCAACTTCTATATTCAAA</Hsp_qseq>
      <Hsp_hseq>ACACAACTTCAAATTCCAAGAATCACATCTTTAAAAACTCA-AATTTTCAAGTTTCAAGTTCAAA</Hsp_hseq>
      <Hsp_midline>||||||||||||||  ||| |||||||  || ||||||||| |  |||||| ||  |  ||||||</Hsp_midline>
    </Hsp>
    <Hsp>
      <Hsp_num>8</Hsp_num>
      <Hsp_bit-score>49.9773</Hsp_bit-score>
      <Hsp_score>54</Hsp_score>
      <Hsp_evalue>1.26529</Hsp_evalue>
      <Hsp_query-from>499</Hsp_query-from>
      <Hsp_query-to>540</Hsp_query-to>
      <Hsp_hit-from>10428391</Hsp_hit-from>
      <Hsp_hit-to>10428432</Hsp_hit-to>
      <Hsp_query-frame>1</Hsp_query-frame>
      <Hsp_hit-frame>1</Hsp_hit-frame>
      <Hsp_identity>36</Hsp_identity>
      <Hsp_positive>36</Hsp_positive>
      <Hsp_gaps>0</Hsp_gaps>
      <Hsp_align-len>42</Hsp_align-len>
      <Hsp_qseq>AACACAACTTCAAATCTCAAAAATCACAATTTCAAAAACTCA</Hsp_qseq>
      <Hsp_hseq>AACACAATTTCAAGTTCCAAAAATTACAACTTCAAAAACTCA</Hsp_hseq>
      <Hsp_midline>||||||| ||||| |  ||||||| |||| ||||||||||||</Hsp_midline>
    </Hsp>
    <Hsp>
      <Hsp_num>9</Hsp_num>
      <Hsp_bit-score>49.9773</Hsp_bit-score>
      <Hsp_score>54</Hsp_score>
      <Hsp_evalue>1.26529</Hsp_evalue>
      <Hsp_query-from>499</Hsp_query-from>
      <Hsp_query-to>553</Hsp_query-to>
      <Hsp_hit-from>61158438</Hsp_hit-from>
      <Hsp_hit-to>61158488</Hsp_hit-to>
      <Hsp_query-frame>1</Hsp_query-frame>
      <Hsp_hit-frame>1</Hsp_hit-frame>
      <Hsp_identity>45</Hsp_identity>
      <Hsp_positive>45</Hsp_positive>
      <Hsp_gaps>4</Hsp_gaps>
      <Hsp_align-len>55</Hsp_align-len>
      <Hsp_qseq>AACACAACTTCAAATCTCAAAAATCACAATTTCAAAAACTCATAGATTTCAACTT</Hsp_qseq>
      <Hsp_hseq>AACACAACTTCAAATTCCGAAAATCACAA---CAAAAACTCA-AATTTTCAAATT</Hsp_hseq>
      <Hsp_midline>|||||||||||||||  | ||||||||||   |||||||||| |  |||||| ||</Hsp_midline>
    </Hsp>
  </Hit_hsps>
</Hit>
<Hit>
  <Hit_num>17</Hit_num>
  <Hit_id>gi|1789115599|gb|CP046685.1|</Hit_id>
  <Hit_def>Solanum tuberosum cultivar P8 chromosome 4</Hit_def>
  <Hit_accession>CP046685</Hit_accession>
  <Hit_len>72175651</Hit_len>
  <Hit_hsps>
    <Hsp>
      <Hsp_num>1</Hsp_num>
      <Hsp_bit-score>1177.08</Hsp_bit-score>
      <Hsp_score>1304</Hsp_score>
      <Hsp_evalue>0</Hsp_evalue>
      <Hsp_query-from>1208</Hsp_query-from>
      <Hsp_query-to>1977</Hsp_query-to>
      <Hsp_hit-from>5046153</Hsp_hit-from>
      <Hsp_hit-to>5046930</Hsp_hit-to>
      <Hsp_query-frame>1</Hsp_query-frame>
      <Hsp_hit-frame>1</Hsp_hit-frame>
      <Hsp_identity>727</Hsp_identity>
      <Hsp_positive>727</Hsp_positive>
      <Hsp_gaps>22</Hsp_gaps>
      <Hsp_align-len>785</Hsp_align-len>
      <Hsp_qseq>TCTGTAACTTATGAGTGCAAAATACAATTTGTAAATTGTTTATTGATTATGTGATTTGACAT-TATTGCAGCTTGATGATTGGGTATTGTGTCGAATATACAACAAGAAAGGCACACTTGAGAAGCATTACAATGTGGACAACAAGGAAACTACAAGCTTTGGAGAATTTGATGAAGAAATAAAACCAAAAATATTGCCCACACAATTAGCACCGATGCCACCACGGCCTCGATCGACACCAGCA------AACGACTACTTTTATTTCGAGTCATCAGAGTCGATGACTAGAATGCACACGACAAACTCGAGCTCTGGCTCAGAGCATGTCTTGTCGCCATGTGACAAGGAGGTTCAGAGCGCGCCCAAATGGGACGAAGACCACAGAAACACCCTTGATTTTCAGCTAAACTATTTGGATGGTTTACTAAATGAACCATTTGAAACCCAAATGCAGCAGCAAATTTGCAACTTTGACCAGTTCAACAATTTCCAAGACATGTTCCTATACATGCAAAAACCTTACTAAAATTGTATAAATTCATTGGATCTAAATTGAGTGTGATCCATGACATTTTCTTTGTTCTTTGGTGGTGTAGGTCAACTTTTTATTAAGTAGTTTAGAGAAGTACAAAATGCTAGTCAAATTTGGTGGGCTACAGCACAAATGAGCCTTGATAAGCATAGCCAAAGAGTCGTATAGAAGGGCTTA------TTATTATTGTAAGGT--ATGTAAAAACAAATGAAAATTTGTTAATATCAAGTTATCATTCTTCAAA</Hsp_qseq>
      <Hsp_hseq>TCTGTAAATTATGAGTRCAAAATACAATTTGTAAATTGTTTATTGATTATGTGATTTGACATATATTGCAGCTTGATGATTGGGTATTGTGTCGAATWTACAACAAGAAAGGCACACTTGAGAAGCATTACAATGTGGACAACAAGGAAACTGCAAGCTTTGGAGAATTTGATGAAGAAATAAAACCAAAAATAYTGYCCACACAATTAGCACMGATGCCACCACGGCCCCGATCGACACCGACACCGACAAACGACTACTTCCATTTCGAATCATCRGAGTCRATGACTAGAATGCACACSACAAACTCGAGCTCTGGCTCRGAGCATGTCTTSTCGCCATGTGACAAGGAGGTTCAGAGCGCGCCCAAATGGGWYGAAGACCACAGAAACACCCTTGATTTTCAGCTAAATTATTTGGATGGTTTACTAAATGAACCATTTGAAACCCAAATGCAGCAGCAAATTTGCAACTTTGACCAGTTCAACAATTTCCAAGACRTGTTCTTTTACATGCAAAAGCCTTRCTAAAATTGTATAAATTCATTGGATCTAAATTGATTGTGATCCATGWCATTTTCTTTGTTCTTTGGTGGTGTAGGTCAACTTTTTATTAATTAGCTTAGAAAAGTACAAAATGCAAGTCAAATTTGGTGGGCT------GAAATGAGCCTTGATAAGCATAGCTAAAGAGTCATATAGAAGGGCTTATTAATGTTATTATTGTAAGGTACATGT-AAAACAAATGAAAATTTGTTAATATCAAGTTRTCATTCTTCAAA</Hsp_hseq>
      <Hsp_midline>||||||| |||||||| ||||||||||||||||||||||||||||||||||||||||||||| |||||||||||||||||||||||||||||||||| |||||||||||||||||||||||||||||||||||||||||||||||||||||| ||||||||||||||||||||||||||||||||||||||||| || ||||||||||||||| ||||||||||||||| |||||||||||  ||      |||||||||||  ||||||| ||||| ||||| ||||||||||||||||| |||||||||||||||||||| ||||||||||| ||||||||||||||||||||||||||||||||||||||||  ||||||||||||||||||||||||||||||||||| ||||||||||||||||||||||||||||||||||||||||||||||||||||||||||||||||||||||||||||||||||||||| ||||| | ||||||||||| |||| |||||||||||||||||||||||||||||||||| ||||||||||| ||||||||||||||||||||||||||||||||||||||||||| ||| ||||| ||||||||||||| ||||||||||||||||||       ||||||||||||||||||||||| |||||||| ||||||||||||||      |||||||||||||||  |||| ||||||||||||||||||||||||||||||| ||||||||||||</Hsp_midline>
    </Hsp>
    <Hsp>
      <Hsp_num>2</Hsp_num>
      <Hsp_bit-score>844.361</Hsp_bit-score>
      <Hsp_score>935</Hsp_score>
      <Hsp_evalue>0</Hsp_evalue>
      <Hsp_query-from>1</Hsp_query-from>
      <Hsp_query-to>1035</Hsp_query-to>
      <Hsp_hit-from>5044972</Hsp_hit-from>
      <Hsp_hit-to>5046042</Hsp_hit-to>
      <Hsp_query-frame>1</Hsp_query-frame>
      <Hsp_hit-frame>1</Hsp_hit-frame>
      <Hsp_identity>857</Hsp_identity>
      <Hsp_positive>857</Hsp_positive>
      <Hsp_gaps>92</Hsp_gaps>
      <Hsp_align-len>1099</Hsp_align-len>
      <Hsp_qseq>GTCAAAGAAACTGAAACTAACACAA-------AGCAGGAGCAGGAGCAGCAACAAACAGAGAGAAGA-AAACAGAGGAAGATAAGAGGAAAATTTATCGAATTCGAATCGAGAGAAAAGGGGAAGTGAAGTTGCGAAGAGTGAGAATTTCAAAGGAAATGAACAAAGGAGCAAACGGAAATCAGCAATTGGAGTTACCGGCGGGATTCAGATTCCATCCGACAGACGACGAATTGGTGCAGCACTATCTCTGCAGGAAATGCGCCGGACAGTCGATTGCTGTATCAATTATAGCTGAAATTGATCTTTACAAGTTTGATCCATGGCAGTTGCCTGGTAATTTTTGACTCTTCCTCCAATTTTTCATAGCTTGCAAAGTCTAGGTC-AAAAAAAAAATCGAAACAGATTA-AGCTTCGCGTTTGA---TCACAGTTT--TTGGA--TCTGTTCCG----CCATGGAATT-TGAAAATCAGATCAAGTTC---------CTTA--AAAC-------AAGTTTTTCGACTTA-TAGCATAGC-AACACAACTTCAAATCTCAAAAATCACAATTTCAAAAACTCATAGATTTCAACTTCTATATTCAAACAGGAGCTA-AATTTCGAATTTT------AAAAAATTATCTTCA---AATATCCGTAA-AAGTT---AATCTTCGAAC----ATTTTTAAGT--TCCTAAAACTGTTTGGTTCTTTTT-CTGAACTTTATTTTTTGTTGGTAATTGCAGAGAAGGCTTTGTACGGTGAAAAAGAGTGGTATTTTTTCTCACCAAGGGATAGAAAATATCCGAACGGTTCACGGCCGAACCGAGCAGCAGGAACCGGTTATTGGAAGGCAACCGGAGCTGATAAACCGGTGGGAAAACCCAAAACCTTAGGGATAAAGAAGGCACTTGTGTTCTATGCCGGAAAAGCACCCAGAGGTATAAAAACAAATTGGATTATGCACGAGTACCGCCTCGCCAACGTGGACCGCTCTGCTGGCAAGAACAATAACTTGAGGGTAAGTCCTTCTTCAGCTTTAATTTTTTATTTTCGGAGATGAGATTCAAGATTCGAG-TAATATAGTAT</Hsp_qseq>
      <Hsp_hseq>GTCAAACAA-CTGAAACTAACAAAGCAGCAGCAGCAGCAGCAGAARCAGCAACAAACAGAG-GAAGATAAACAGAGGAAATWAAGARGGAGATTTATCRAAT-CGAATC-----AAAAGGGAAAGGGAAGTTACKAAGAGTGAKAATTYGAA-GGAAATGAACAAAGGAGYAACCGGAAATCAGCAATTGGAGTTACCGGCGGGATTCAGATTCCATCCGACAGACGACGAATTGGTGCAGCATTATCTCTGCAGGAAATGTGCYGGACAGCCRATTGCAGYATCAATYATARCTGAAATTGATCTTTACAAGTTTGATCCATGGCAGTTGCCTGGTAATTTT-GACTCTTCC---AAACTTTCATA-CTTACAAT-TCTAGGTTTAAAAAATCAATGAWCATAAATTTTAGATYAGATTTTAAAATTGAAAATYTGATTTCACRTATTTTCAAGTTTCCAAAAACTGCTCAGATTCAGATCAGTTTTTGAAACTCACTTACAAAACKTCATAAAAAATTTACAACTAAGTYGCATGTATAACACAACTTCATATCTCAAAAATCACAACTTCAAAAACT--TAAATTT-ACGAGCTAAGTT--AACAAGTTTTGGAATTTTGAGATTTCCACTCAAAAAATAATTTTTATTCAAAATAAATTATAACTTCAAAATCTATGAAAGCTAATTTTTGCCTATTTCTA---CTGTTT--TTCTTTTTTCTAAACTTTCTWTATTATTGGCAAGTGCAGAAAAGGCTTTGTACGGTGAAAAGGAGTGGTATTTTTTCTCACCAAGGGATAGAAAATATCCKAACGGTTCACGRCCGAACCGAGCAGCAGGAACCGGTTATTGGAAGGCAACCGGAGCAGATAAACCGGTGGGAAAACCCAAAACATTAGGGATAAAGAAGGCACTTGTGTTCTATGCYGGAAAAGCACCTAGAGGAATAAAAACCAATTGGATTATGCAYGAGTACMGGCTCGCCAATGTGGACCGSTCTGCYGGCAAGAACAATAACTTGAGGGTAAGTCCTTTTTCATCTTTAATTATCTCTCT--AGAGACG-GATTCAGAATTTAAGKTAATATAGTRT</Hsp_hseq>
      <Hsp_midline>|||||| || |||||||||||| |        ||||| ||||| | ||||||||||||||| ||||| |||||||||||   |||| | | ||||||| ||| ||||||     ||||||| ||| |||||| | |||||||| ||||  || ||||||||||||||||| || ||||||||||||||||||||||||||||||||||||||||||||||||||||||||||||||||||||| ||||||||||||||||| || |||||| | ||||| | |||||| ||| |||||||||||||||||||||||||||||||||||||||||||||||||| |||||||||   ||  ||||||| ||| |||  |||||||  ||||||  |||    | | |||  || |  |  ||| |   | | | | |  ||  |  | | |||      |||   | |  | | | ||||||||  ||          ||||  ||||       ||  ||| | ||| | | ||||    |||||||||||| |||||||||||||||| ||||||||||  || |||| |    |||  ||  |||| |   |  ||||| ||  |||      ||||||| || || |   || ||   | | || ||   |||||  |||     ||||||   |  | |||   ||||||  |||||||| || |||||| | | || |||| || |||||| |||||||||||||||||||| |||||||||||||||||||||||||||||||||||||| ||||||||||| |||||||||||||||||||||||||||||||||||||||||||| |||||||||||||||||||||||||| |||||||||||||||||||||||||||||||| ||||||||||| ||||| |||||||| |||||||||||||| |||||| | |||||||| |||||||| ||||| ||||||||||||||||||||||||||||||| |||| |||||||| | | | |   |||| | ||||||  |||  || ||||||||| |</Hsp_midline>
    </Hsp>
    <Hsp>
      <Hsp_num>3</Hsp_num>
      <Hsp_bit-score>95.0615</Hsp_bit-score>
      <Hsp_score>104</Hsp_score>
      <Hsp_evalue>3.39224e-14</Hsp_evalue>
      <Hsp_query-from>707</Hsp_query-from>
      <Hsp_query-to>918</Hsp_query-to>
      <Hsp_hit-from>245396</Hsp_hit-from>
      <Hsp_hit-to>245610</Hsp_hit-to>
      <Hsp_query-frame>1</Hsp_query-frame>
      <Hsp_hit-frame>1</Hsp_hit-frame>
      <Hsp_identity>152</Hsp_identity>
      <Hsp_positive>152</Hsp_positive>
      <Hsp_gaps>9</Hsp_gaps>
      <Hsp_align-len>218</Hsp_align-len>
      <Hsp_qseq>GGTGAAAAAGAGTGGTATTTTTTCTCACCAAGGGATAGAAAATATCCGAACGGTTCACGGCCGAACCGAGCAGCAGGAACCGGTTATTGGAAGGCAACCGGAGCTGATAAACCGGT-----GGGAAAACCCAAAACCT-TAGGGATAAAGAAGGCACTTGTGTTCTATGCCGGAAAAGCACCCAGAGGTATAAAAACAAATTGGATTATGCACGAGTA</Hsp_qseq>
      <Hsp_hseq>GGAGAAAAAGAATGGTATTTCTTCACYCCTCGTGATAGAAAATATCCAAATGGTGTTAGGCCAAATAGGGCAGCTGTGTCTGGTTATTGGAAAGCCACAGGCACAGATAAAGCTATATATAGTGGAA---CAAAATATGTTGGTATTAAAAAAGCWCTYGTGTTTTATAAAGGAAAACCACCTAAAGGTATCAAGACTGATTGGATCATGCATGAATA</Hsp_hseq>
      <Hsp_midline>|| |||||||| |||||||| ||| | ||  | |||||||||||||| || |||    |||| ||  | ||||| |   | ||||||||||| || || ||  | |||||| |  |     | | ||   |||||  | | || || || || || || ||||| |||   |||||| |||| | |||||| || ||  ||||||| ||||| || ||</Hsp_midline>
    </Hsp>
    <Hsp>
      <Hsp_num>4</Hsp_num>
      <Hsp_bit-score>75.2244</Hsp_bit-score>
      <Hsp_score>82</Hsp_score>
      <Hsp_evalue>3.17713e-08</Hsp_evalue>
      <Hsp_query-from>707</Hsp_query-from>
      <Hsp_query-to>807</Hsp_query-to>
      <Hsp_hit-from>71848603</Hsp_hit-from>
      <Hsp_hit-to>71848703</Hsp_hit-to>
      <Hsp_query-frame>1</Hsp_query-frame>
      <Hsp_hit-frame>1</Hsp_hit-frame>
      <Hsp_identity>77</Hsp_identity>
      <Hsp_positive>77</Hsp_positive>
      <Hsp_gaps>0</Hsp_gaps>
      <Hsp_align-len>101</Hsp_align-len>
      <Hsp_qseq>GGTGAAAAAGAGTGGTATTTTTTCTCACCAAGGGATAGAAAATATCCGAACGGTTCACGGCCGAACCGAGCAGCAGGAACCGGTTATTGGAAGGCAACCGG</Hsp_qseq>
      <Hsp_hseq>GGTGAAAGAGAGTGGTATTTTTTTAGCTTGAGGGACCGGAAATACCCAACCGGGTTAAGGACGAACCGGGCAACCGGAGCGGGTTATTGGAAAGCAACCGG</Hsp_hseq>
      <Hsp_midline>||||||| |||||||||||||||       |||||  | ||||| || | ||| | | || ||||||| ||| | ||| | ||||||||||| ||||||||</Hsp_midline>
    </Hsp>
    <Hsp>
      <Hsp_num>5</Hsp_num>
      <Hsp_bit-score>67.1093</Hsp_bit-score>
      <Hsp_score>73</Hsp_score>
      <Hsp_evalue>1.6458e-05</Hsp_evalue>
      <Hsp_query-from>499</Hsp_query-from>
      <Hsp_query-to>553</Hsp_query-to>
      <Hsp_hit-from>68827112</Hsp_hit-from>
      <Hsp_hit-to>68827165</Hsp_hit-to>
      <Hsp_query-frame>1</Hsp_query-frame>
      <Hsp_hit-frame>1</Hsp_hit-frame>
      <Hsp_identity>48</Hsp_identity>
      <Hsp_positive>48</Hsp_positive>
      <Hsp_gaps>1</Hsp_gaps>
      <Hsp_align-len>55</Hsp_align-len>
      <Hsp_qseq>AACACAACTTCAAATCTCAAAAATCACAATTTCAAAAACTCATAGATTTCAACTT</Hsp_qseq>
      <Hsp_hseq>AACACAACTTCAAATTTTAAAAATCACAATTYCAAAAACTCA-AATTTTCAAGTT</Hsp_hseq>
      <Hsp_midline>||||||||||||||| | ||||||||||||| |||||||||| |  |||||| ||</Hsp_midline>
    </Hsp>
    <Hsp>
      <Hsp_num>6</Hsp_num>
      <Hsp_bit-score>55.3874</Hsp_bit-score>
      <Hsp_score>60</Hsp_score>
      <Hsp_evalue>0.0297567</Hsp_evalue>
      <Hsp_query-from>500</Hsp_query-from>
      <Hsp_query-to>564</Hsp_query-to>
      <Hsp_hit-from>66030064</Hsp_hit-from>
      <Hsp_hit-to>66030127</Hsp_hit-to>
      <Hsp_query-frame>1</Hsp_query-frame>
      <Hsp_hit-frame>1</Hsp_hit-frame>
      <Hsp_identity>51</Hsp_identity>
      <Hsp_positive>51</Hsp_positive>
      <Hsp_gaps>1</Hsp_gaps>
      <Hsp_align-len>65</Hsp_align-len>
      <Hsp_qseq>ACACAACTTCAAATCTCAAAAATCACAATTTCAAAAACTCATAGATTTCAACTTCTATATTCAAA</Hsp_qseq>
      <Hsp_hseq>ACACAACTTCAAATYCCAARAATCACATCTTTAAAAACTCA-AATTTTCAAGTTTCAAGTTCAAA</Hsp_hseq>
      <Hsp_midline>||||||||||||||  ||| |||||||  || ||||||||| |  |||||| ||  |  ||||||</Hsp_midline>
    </Hsp>
    <Hsp>
      <Hsp_num>7</Hsp_num>
      <Hsp_bit-score>54.4857</Hsp_bit-score>
      <Hsp_score>59</Hsp_score>
      <Hsp_evalue>0.103861</Hsp_evalue>
      <Hsp_query-from>498</Hsp_query-from>
      <Hsp_query-to>553</Hsp_query-to>
      <Hsp_hit-from>3087506</Hsp_hit-from>
      <Hsp_hit-to>3087452</Hsp_hit-to>
      <Hsp_query-frame>1</Hsp_query-frame>
      <Hsp_hit-frame>-1</Hsp_hit-frame>
      <Hsp_identity>45</Hsp_identity>
      <Hsp_positive>45</Hsp_positive>
      <Hsp_gaps>1</Hsp_gaps>
      <Hsp_align-len>56</Hsp_align-len>
      <Hsp_qseq>CAACACAACTTCAAATCTCAAAAATCACAATTTCAAAAACTCATAGATTTCAACTT</Hsp_qseq>
      <Hsp_hseq>CAATACAACTWCAAGTTCCAAMAATCACAACTTYAAAAACTCA-AGTTTTCAAGTT</Hsp_hseq>
      <Hsp_midline>||| |||||| ||| |  ||| |||||||| || ||||||||| || |||||| ||</Hsp_midline>
    </Hsp>
    <Hsp>
      <Hsp_num>8</Hsp_num>
      <Hsp_bit-score>51.7806</Hsp_bit-score>
      <Hsp_score>56</Hsp_score>
      <Hsp_evalue>0.362511</Hsp_evalue>
      <Hsp_query-from>499</Hsp_query-from>
      <Hsp_query-to>540</Hsp_query-to>
      <Hsp_hit-from>10430553</Hsp_hit-from>
      <Hsp_hit-to>10430594</Hsp_hit-to>
      <Hsp_query-frame>1</Hsp_query-frame>
      <Hsp_hit-frame>1</Hsp_hit-frame>
      <Hsp_identity>36</Hsp_identity>
      <Hsp_positive>36</Hsp_positive>
      <Hsp_gaps>0</Hsp_gaps>
      <Hsp_align-len>42</Hsp_align-len>
      <Hsp_qseq>AACACAACTTCAAATCTCAAAAATCACAATTTCAAAAACTCA</Hsp_qseq>
      <Hsp_hseq>AACACAATTTCAAGTTCCAAAAATYACAASTTCAAAAACTCA</Hsp_hseq>
      <Hsp_midline>||||||| ||||| |  ||||||| |||| ||||||||||||</Hsp_midline>
    </Hsp>
    <Hsp>
      <Hsp_num>9</Hsp_num>
      <Hsp_bit-score>49.9773</Hsp_bit-score>
      <Hsp_score>54</Hsp_score>
      <Hsp_evalue>1.26529</Hsp_evalue>
      <Hsp_query-from>499</Hsp_query-from>
      <Hsp_query-to>553</Hsp_query-to>
      <Hsp_hit-from>61178361</Hsp_hit-from>
      <Hsp_hit-to>61178411</Hsp_hit-to>
      <Hsp_query-frame>1</Hsp_query-frame>
      <Hsp_hit-frame>1</Hsp_hit-frame>
      <Hsp_identity>45</Hsp_identity>
      <Hsp_positive>45</Hsp_positive>
      <Hsp_gaps>4</Hsp_gaps>
      <Hsp_align-len>55</Hsp_align-len>
      <Hsp_qseq>AACACAACTTCAAATCTCAAAAATCACAATTTCAAAAACTCATAGATTTCAACTT</Hsp_qseq>
      <Hsp_hseq>AACACAACTTCAAATTCCGAAAATCACAA---CAAAAACTCA-AATTTTCAAATT</Hsp_hseq>
      <Hsp_midline>|||||||||||||||  | ||||||||||   |||||||||| |  |||||| ||</Hsp_midline>
    </Hsp>
  </Hit_hsps>
</Hit>
<Hit>
  <Hit_num>18</Hit_num>
  <Hit_id>gi|1789113696|gb|CP046699.1|</Hit_id>
  <Hit_def>Solanum tuberosum cultivar MSH/14-112 chromosome 4</Hit_def>
  <Hit_accession>CP046699</Hit_accession>
  <Hit_len>72170609</Hit_len>
  <Hit_hsps>
    <Hsp>
      <Hsp_num>1</Hsp_num>
      <Hsp_bit-score>1172.57</Hsp_bit-score>
      <Hsp_score>1299</Hsp_score>
      <Hsp_evalue>0</Hsp_evalue>
      <Hsp_query-from>1208</Hsp_query-from>
      <Hsp_query-to>1977</Hsp_query-to>
      <Hsp_hit-from>5046345</Hsp_hit-from>
      <Hsp_hit-to>5047122</Hsp_hit-to>
      <Hsp_query-frame>1</Hsp_query-frame>
      <Hsp_hit-frame>1</Hsp_hit-frame>
      <Hsp_identity>724</Hsp_identity>
      <Hsp_positive>724</Hsp_positive>
      <Hsp_gaps>22</Hsp_gaps>
      <Hsp_align-len>785</Hsp_align-len>
      <Hsp_qseq>TCTGTAACTTATGAGTGCAAAATACAATTTGTAAATTGTTTATTGATTATGTGATTTGACAT-TATTGCAGCTTGATGATTGGGTATTGTGTCGAATATACAACAAGAAAGGCACACTTGAGAAGCATTACAATGTGGACAACAAGGAAACTACAAGCTTTGGAGAATTTGATGAAGAAATAAAACCAAAAATATTGCCCACACAATTAGCACCGATGCCACCACGGCCTCGATCGACACCAGCA------AACGACTACTTTTATTTCGAGTCATCAGAGTCGATGACTAGAATGCACACGACAAACTCGAGCTCTGGCTCAGAGCATGTCTTGTCGCCATGTGACAAGGAGGTTCAGAGCGCGCCCAAATGGGACGAAGACCACAGAAACACCCTTGATTTTCAGCTAAACTATTTGGATGGTTTACTAAATGAACCATTTGAAACCCAAATGCAGCAGCAAATTTGCAACTTTGACCAGTTCAACAATTTCCAAGACATGTTCCTATACATGCAAAAACCTTACTAAAATTGTATAAATTCATTGGATCTAAATTGAGTGTGATCCATGACATTTTCTTTGTTCTTTGGTGGTGTAGGTCAACTTTTTATTAAGTAGTTTAGAGAAGTACAAAATGCTAGTCAAATTTGGTGGGCTACAGCACAAATGAGCCTTGATAAGCATAGCCAAAGAGTCGTATAGAAGGGCTTA------TTATTATTGTAAGGT--ATGTAAAAACAAATGAAAATTTGTTAATATCAAGTTATCATTCTTCAAA</Hsp_qseq>
      <Hsp_hseq>TCTGTAAATTATGAGTRCAAAATACAATTTGTAAATTGTTTATTGATTATGTGATTTGACATATATTGCAGCTTGATGATTGGGTATTGTGTCGAATWTACAACAAGAAAGGCACACTTGAGAAGCATTACAATGTGGACAACAAGGAAACTGCAAGCTTTGGAGAATTTGATGAAGAAATAAAACCAAAAATAYTGYCCACACAATTAGCACMGATGCCACCACGGCCCMGATCGACACCGACACCGACAAACGACTACTTCCATTTCGAATCATCRGAGTCRATGACTAGAATGCACACSACAAACTCGAGCTCTGGCTCRGAGCATGTCTTSTCGCCATGTGACAAGGAGGTTCAGAGCGCGCCCAAATGGGWYGAAGACCACAGAAACACCCTTGATTTTCAGCTAAATTATTTGGATGGTTTACTAAATGAACCATTTGAAACCCAAATGCAGCAGCAAATTTGCAACTTTGACCAGTTCAACAATTTCCAAGACRTGTTCTTTTACATGCAAAARCCTTACTAAAATTGTATAAATTCATTGGATCTAAATTGATTGTGATCCATGWCATTTTCTTTGTTCTTTGGTGGTGTAGGTCMACTTTTTATTAATTAGYTTAGAAARGTACAAAATGCAAGTCAAATTTGGTGGCCT------GAAATGAGCCTTGATAAGCAWAGCYAAAGAGTCATATAGAAGGGCTTATTAATGTTATTATTGTAAGGTACATGT-AAAACAAATGAAAATTTGTTAATATCAAGTTATCATTCTTCAAA</Hsp_hseq>
      <Hsp_midline>||||||| |||||||| ||||||||||||||||||||||||||||||||||||||||||||| |||||||||||||||||||||||||||||||||| |||||||||||||||||||||||||||||||||||||||||||||||||||||| ||||||||||||||||||||||||||||||||||||||||| || ||||||||||||||| |||||||||||||||  ||||||||||  ||      |||||||||||  ||||||| ||||| ||||| ||||||||||||||||| |||||||||||||||||||| ||||||||||| ||||||||||||||||||||||||||||||||||||||||  ||||||||||||||||||||||||||||||||||| ||||||||||||||||||||||||||||||||||||||||||||||||||||||||||||||||||||||||||||||||||||||| ||||| | ||||||||||| ||||||||||||||||||||||||||||||||||||||| ||||||||||| |||||||||||||||||||||||||||||| |||||||||||| ||| ||||| | ||||||||||| ||||||||||||||| ||       ||||||||||||||||||| ||| |||||||| ||||||||||||||      |||||||||||||||  |||| ||||||||||||||||||||||||||||||||||||||||||||</Hsp_midline>
    </Hsp>
    <Hsp>
      <Hsp_num>2</Hsp_num>
      <Hsp_bit-score>525.165</Hsp_bit-score>
      <Hsp_score>581</Hsp_score>
      <Hsp_evalue>2.12754e-143</Hsp_evalue>
      <Hsp_query-from>499</Hsp_query-from>
      <Hsp_query-to>1035</Hsp_query-to>
      <Hsp_hit-from>5045689</Hsp_hit-from>
      <Hsp_hit-to>5046234</Hsp_hit-to>
      <Hsp_query-frame>1</Hsp_query-frame>
      <Hsp_hit-frame>1</Hsp_hit-frame>
      <Hsp_identity>458</Hsp_identity>
      <Hsp_positive>458</Hsp_positive>
      <Hsp_gaps>35</Hsp_gaps>
      <Hsp_align-len>559</Hsp_align-len>
      <Hsp_qseq>AACACAACTTCAAATCTCAAAAATCACAATTTCAAAAACTCATAGATTTCAACTTCTATATTCAAACAGGAGCTA-AATTTCGAATTTT------AAAAAATTATCTTCA---AATATCCGTAA-AAGTT---AATCTTCGAAC----ATTTTTAAGT--TCCTAAAACTGTTTGGTTCTTTTT-CTGAACTTTATTTTTTGTTGGTAATTGCAGAGAAGGCTTTGTACGGTGAAAAAGAGTGGTATTTTTTCTCACCAAGGGATAGAAAATATCCGAACGGTTCACGGCCGAACCGAGCAGCAGGAACCGGTTATTGGAAGGCAACCGGAGCTGATAAACCGGTGGGAAAACCCAAAACCTTAGGGATAAAGAAGGCACTTGTGTTCTATGCCGGAAAAGCACCCAGAGGTATAAAAACAAATTGGATTATGCACGAGTACCGCCTCGCCAACGTGGACCGCTCTGCTGGCAAGAACAATAACTTGAGGGTAAGTCCTTCTTCAGCTTTAATTTTTTATTTTCGGAGATGAGATTCAAGATTCGAG-TAATATAGTAT</Hsp_qseq>
      <Hsp_hseq>AACACAACTTCATATCTCAAAAATCACAACTTCAAAAACT--TAAATTT-ACGAGCTAAGTT--AACAAGTTTTGGAATTTTGAGATTTCCACTCAAAAAATAATTTTTATTCAAAATAAATTATAACTTCAAAATCTATGAAAGCTAATTTTTGCCTATTTCTA---CTGTTT--TTCTTTTTTCTAAACTTTCTTTATTATTGGCAAGTGCAGAAAAGGCTTTGTACGGTGAAAAGGAGTGGTATTTTTTCTCACCAAGGGATAGAAAATATCCKAACGGTTCACGRCCGAACCGAGCAGCAGGAACCGGTTATTGGAAGGCAACCGGAGCAGATAAACCGGTGGGAAAACCCAAAACATTAGGGATAAAGAAGGCACTTGTGTTYTATGCTGGAAAAGCACCTAGAGGAATAAAAACCAATTGGATTATGCAYGAGTACMGGCTCGCCAATGTGGACCGSTCTGCNGGCAAGAACAATAACTTGAGGGTAAGTCCTTTTTCATCTTTAA--TTATCTTTCCGGAGACG-GATTCAGAATTTAAGTTAATATAGTAT</Hsp_hseq>
      <Hsp_midline>|||||||||||| |||||||||||||||| ||||||||||  || |||| |    |||  ||  |||| |   |  ||||| ||  |||      ||||||| || || |   || ||   | | || ||   |||||  |||     ||||||   |  | |||   ||||||  |||||||| || |||||| ||| || |||| || |||||| |||||||||||||||||||| |||||||||||||||||||||||||||||||||||||| ||||||||||| |||||||||||||||||||||||||||||||||||||||||||| |||||||||||||||||||||||||| |||||||||||||||||||||||||| ||||| ||||||||||| ||||| |||||||| |||||||||||||| |||||| | |||||||| |||||||| ||||| ||||||||||||||||||||||||||||||| |||| ||||||  || | ||| |||||| | ||||||  |||  || |||||||||||</Hsp_midline>
    </Hsp>
    <Hsp>
      <Hsp_num>3</Hsp_num>
      <Hsp_bit-score>438.603</Hsp_bit-score>
      <Hsp_score>485</Hsp_score>
      <Hsp_evalue>2.42967e-117</Hsp_evalue>
      <Hsp_query-from>1</Hsp_query-from>
      <Hsp_query-to>384</Hsp_query-to>
      <Hsp_hit-from>5045164</Hsp_hit-from>
      <Hsp_hit-to>5045540</Hsp_hit-to>
      <Hsp_query-frame>1</Hsp_query-frame>
      <Hsp_hit-frame>1</Hsp_hit-frame>
      <Hsp_identity>335</Hsp_identity>
      <Hsp_positive>335</Hsp_positive>
      <Hsp_gaps>23</Hsp_gaps>
      <Hsp_align-len>392</Hsp_align-len>
      <Hsp_qseq>GTCAAAGAAACTGAAACTAACACAA-------AGCAGGAGCAGGAGCAGCAACAAACAGAGAGAAGA-AAACAGAGGAAGATAAGAGGAAAATTTATCGAATTCGAATCGAGAGAAAAGGGGAAGTGAAGTTGCGAAGAGTGAGAATTTCAAAGGAAATGAACAAAGGAGCAAACGGAAATCAGCAATTGGAGTTACCGGCGGGATTCAGATTCCATCCGACAGACGACGAATTGGTGCAGCACTATCTCTGCAGGAAATGCGCCGGACAGTCGATTGCTGTATCAATTATAGCTGAAATTGATCTTTACAAGTTTGATCCATGGCAGTTGCCTGGTAATTTTTGACTCTTCCTCCAATTTTTCATAGCTTGCAAAGTCTAGGTCAAAAAAA</Hsp_qseq>
      <Hsp_hseq>GTCAAACAA-CTGAAACTAACAAAGCAGCAGCAGCAGCAGCAGAAACAGCAACAAACAGAG-GAAGATAARCAGAGGAAATTAAGAGGGAGATTTATCRAAT-CGAATCGA-----AAGGGAAAGGGAAGTTACKAAGAGTGARAATTYGAA-GGAAATGAACAAAGGAGYAACCGGAAATCAGCAATTGGAGTTACCGGCGGGATTCAGATTCCATCCGACAGACGACGAATTGGTGCAGCATTATCTCTGCAGGAAATGTGCYGGACAGCCGATTGCAGYATCAATTATARCTGAAATTGATCTTTACAAGTTTGATCCATGGCAGTTGCCTGGTAA-TTTTGACTCT---TCCAAACTTTCATA-CTTAC-AATTCTAGGTTTAAAAAA</Hsp_hseq>
      <Hsp_midline>|||||| || |||||||||||| |        ||||| ||||| | ||||||||||||||| ||||| || ||||||||  ||||||| | ||||||| ||| ||||||||     ||||| ||| |||||| | |||||||| ||||  || ||||||||||||||||| || ||||||||||||||||||||||||||||||||||||||||||||||||||||||||||||||||||||| ||||||||||||||||| || |||||| ||||||| | |||||||||| |||||||||||||||||||||||||||||||||||||||||||||| ||||||||||   |||||  ||||||| ||| | || |||||||  ||||||</Hsp_midline>
    </Hsp>
    <Hsp>
      <Hsp_num>4</Hsp_num>
      <Hsp_bit-score>93.2581</Hsp_bit-score>
      <Hsp_score>102</Hsp_score>
      <Hsp_evalue>1.18401e-13</Hsp_evalue>
      <Hsp_query-from>707</Hsp_query-from>
      <Hsp_query-to>918</Hsp_query-to>
      <Hsp_hit-from>245396</Hsp_hit-from>
      <Hsp_hit-to>245610</Hsp_hit-to>
      <Hsp_query-frame>1</Hsp_query-frame>
      <Hsp_hit-frame>1</Hsp_hit-frame>
      <Hsp_identity>152</Hsp_identity>
      <Hsp_positive>152</Hsp_positive>
      <Hsp_gaps>9</Hsp_gaps>
      <Hsp_align-len>218</Hsp_align-len>
      <Hsp_qseq>GGTGAAAAAGAGTGGTATTTTTTCTCACCAAGGGATAGAAAATATCCGAACGGTTCACGGCCGAACCGAGCAGCAGGAACCGGTTATTGGAAGGCAACCGGAGCTGATAAACCGGT-----GGGAAAACCCAAAACCT-TAGGGATAAAGAAGGCACTTGTGTTCTATGCCGGAAAAGCACCCAGAGGTATAAAAACAAATTGGATTATGCACGAGTA</Hsp_qseq>
      <Hsp_hseq>GGAGAAAAAGAATGGTATTTCTTCACYCCTCGTGATAGAAAATATCCAAATGGTGTTAGGCCAAATAGGGCAGCTGTGTCTGGTTATTGGAAAGCCACAGGCACAGATAAAGCTATATATAGTGGAA---CAAAATATGTTGGTATTAAAAAAGCTCTYGTGTTTTATAAAGGAAAACCACCTAAAGGTATCAAGACTGATTGGATCATGCATGAATA</Hsp_hseq>
      <Hsp_midline>|| |||||||| |||||||| ||| | ||  | |||||||||||||| || |||    |||| ||  | ||||| |   | ||||||||||| || || ||  | |||||| |  |     | | ||   |||||  | | || || || || || || ||||| |||   |||||| |||| | |||||| || ||  ||||||| ||||| || ||</Hsp_midline>
    </Hsp>
    <Hsp>
      <Hsp_num>5</Hsp_num>
      <Hsp_bit-score>75.2244</Hsp_bit-score>
      <Hsp_score>82</Hsp_score>
      <Hsp_evalue>3.17713e-08</Hsp_evalue>
      <Hsp_query-from>707</Hsp_query-from>
      <Hsp_query-to>807</Hsp_query-to>
      <Hsp_hit-from>71842596</Hsp_hit-from>
      <Hsp_hit-to>71842696</Hsp_hit-to>
      <Hsp_query-frame>1</Hsp_query-frame>
      <Hsp_hit-frame>1</Hsp_hit-frame>
      <Hsp_identity>77</Hsp_identity>
      <Hsp_positive>77</Hsp_positive>
      <Hsp_gaps>0</Hsp_gaps>
      <Hsp_align-len>101</Hsp_align-len>
      <Hsp_qseq>GGTGAAAAAGAGTGGTATTTTTTCTCACCAAGGGATAGAAAATATCCGAACGGTTCACGGCCGAACCGAGCAGCAGGAACCGGTTATTGGAAGGCAACCGG</Hsp_qseq>
      <Hsp_hseq>GGTGAAAGAGAGTGGTATTTTTTTAGCTTGAGGGACCGGAAATACCCAACCGGGTTAAGGACGAACCGGGCAACCGGAGCGGGTTATTGGAAAGCAACCGG</Hsp_hseq>
      <Hsp_midline>||||||| |||||||||||||||       |||||  | ||||| || | ||| | | || ||||||| ||| | ||| | ||||||||||| ||||||||</Hsp_midline>
    </Hsp>
    <Hsp>
      <Hsp_num>6</Hsp_num>
      <Hsp_bit-score>67.1093</Hsp_bit-score>
      <Hsp_score>73</Hsp_score>
      <Hsp_evalue>1.6458e-05</Hsp_evalue>
      <Hsp_query-from>499</Hsp_query-from>
      <Hsp_query-to>553</Hsp_query-to>
      <Hsp_hit-from>68821105</Hsp_hit-from>
      <Hsp_hit-to>68821158</Hsp_hit-to>
      <Hsp_query-frame>1</Hsp_query-frame>
      <Hsp_hit-frame>1</Hsp_hit-frame>
      <Hsp_identity>48</Hsp_identity>
      <Hsp_positive>48</Hsp_positive>
      <Hsp_gaps>1</Hsp_gaps>
      <Hsp_align-len>55</Hsp_align-len>
      <Hsp_qseq>AACACAACTTCAAATCTCAAAAATCACAATTTCAAAAACTCATAGATTTCAACTT</Hsp_qseq>
      <Hsp_hseq>AACACAACTTCAAATTTTAAAAATCACAATTYCAAAAACTCA-AATTTTCAAGTT</Hsp_hseq>
      <Hsp_midline>||||||||||||||| | ||||||||||||| |||||||||| |  |||||| ||</Hsp_midline>
    </Hsp>
    <Hsp>
      <Hsp_num>7</Hsp_num>
      <Hsp_bit-score>61.6992</Hsp_bit-score>
      <Hsp_score>67</Hsp_score>
      <Hsp_evalue>0.00069981</Hsp_evalue>
      <Hsp_query-from>498</Hsp_query-from>
      <Hsp_query-to>553</Hsp_query-to>
      <Hsp_hit-from>3087698</Hsp_hit-from>
      <Hsp_hit-to>3087644</Hsp_hit-to>
      <Hsp_query-frame>1</Hsp_query-frame>
      <Hsp_hit-frame>-1</Hsp_hit-frame>
      <Hsp_identity>47</Hsp_identity>
      <Hsp_positive>47</Hsp_positive>
      <Hsp_gaps>1</Hsp_gaps>
      <Hsp_align-len>56</Hsp_align-len>
      <Hsp_qseq>CAACACAACTTCAAATCTCAAAAATCACAATTTCAAAAACTCATAGATTTCAACTT</Hsp_qseq>
      <Hsp_hseq>CAATACARCTTCAAGTTTCAAAAATCACAACTTYAAAAACTCA-AGTTTTCAAGTT</Hsp_hseq>
      <Hsp_midline>||| ||| |||||| | ||||||||||||| || ||||||||| || |||||| ||</Hsp_midline>
    </Hsp>
    <Hsp>
      <Hsp_num>8</Hsp_num>
      <Hsp_bit-score>55.3874</Hsp_bit-score>
      <Hsp_score>60</Hsp_score>
      <Hsp_evalue>0.0297567</Hsp_evalue>
      <Hsp_query-from>500</Hsp_query-from>
      <Hsp_query-to>564</Hsp_query-to>
      <Hsp_hit-from>66023926</Hsp_hit-from>
      <Hsp_hit-to>66023989</Hsp_hit-to>
      <Hsp_query-frame>1</Hsp_query-frame>
      <Hsp_hit-frame>1</Hsp_hit-frame>
      <Hsp_identity>51</Hsp_identity>
      <Hsp_positive>51</Hsp_positive>
      <Hsp_gaps>1</Hsp_gaps>
      <Hsp_align-len>65</Hsp_align-len>
      <Hsp_qseq>ACACAACTTCAAATCTCAAAAATCACAATTTCAAAAACTCATAGATTTCAACTTCTATATTCAAA</Hsp_qseq>
      <Hsp_hseq>ACACAACTTCAAATYCCAARAATCACATCTTTAAAAACTCA-AATTTTCAAGTTTCAAGTTCAAA</Hsp_hseq>
      <Hsp_midline>||||||||||||||  ||| |||||||  || ||||||||| |  |||||| ||  |  ||||||</Hsp_midline>
    </Hsp>
    <Hsp>
      <Hsp_num>9</Hsp_num>
      <Hsp_bit-score>51.7806</Hsp_bit-score>
      <Hsp_score>56</Hsp_score>
      <Hsp_evalue>0.362511</Hsp_evalue>
      <Hsp_query-from>499</Hsp_query-from>
      <Hsp_query-to>540</Hsp_query-to>
      <Hsp_hit-from>10430745</Hsp_hit-from>
      <Hsp_hit-to>10430786</Hsp_hit-to>
      <Hsp_query-frame>1</Hsp_query-frame>
      <Hsp_hit-frame>1</Hsp_hit-frame>
      <Hsp_identity>36</Hsp_identity>
      <Hsp_positive>36</Hsp_positive>
      <Hsp_gaps>0</Hsp_gaps>
      <Hsp_align-len>42</Hsp_align-len>
      <Hsp_qseq>AACACAACTTCAAATCTCAAAAATCACAATTTCAAAAACTCA</Hsp_qseq>
      <Hsp_hseq>AACACAATTTCAAGTTCCAAAAATYACAASTTCAAAAACTCA</Hsp_hseq>
      <Hsp_midline>||||||| ||||| |  ||||||| |||| ||||||||||||</Hsp_midline>
    </Hsp>
    <Hsp>
      <Hsp_num>10</Hsp_num>
      <Hsp_bit-score>49.9773</Hsp_bit-score>
      <Hsp_score>54</Hsp_score>
      <Hsp_evalue>1.26529</Hsp_evalue>
      <Hsp_query-from>499</Hsp_query-from>
      <Hsp_query-to>553</Hsp_query-to>
      <Hsp_hit-from>61172222</Hsp_hit-from>
      <Hsp_hit-to>61172272</Hsp_hit-to>
      <Hsp_query-frame>1</Hsp_query-frame>
      <Hsp_hit-frame>1</Hsp_hit-frame>
      <Hsp_identity>45</Hsp_identity>
      <Hsp_positive>45</Hsp_positive>
      <Hsp_gaps>4</Hsp_gaps>
      <Hsp_align-len>55</Hsp_align-len>
      <Hsp_qseq>AACACAACTTCAAATCTCAAAAATCACAATTTCAAAAACTCATAGATTTCAACTT</Hsp_qseq>
      <Hsp_hseq>AACACAACTTCAAATTCCGAAAATCACAA---CAAAAACTCA-AATTTTCAAATT</Hsp_hseq>
      <Hsp_midline>|||||||||||||||  | ||||||||||   |||||||||| |  |||||| ||</Hsp_midline>
    </Hsp>
  </Hit_hsps>
</Hit>
<Hit>
  <Hit_num>19</Hit_num>
  <Hit_id>gi|972780732|ref|NM_001318666.1|</Hit_id>
  <Hit_def>Solanum tuberosum NAC domain-containing protein 2 (LOC102600532), mRNA &gt;gi|14485512|emb|AJ401151.1| Solanum tuberosum mRNA for putative NAC domain protein (nac gene)</Hit_def>
  <Hit_accession>NM_001318666</Hit_accession>
  <Hit_len>1295</Hit_len>
  <Hit_hsps>
    <Hsp>
      <Hsp_num>1</Hsp_num>
      <Hsp_bit-score>1079.7</Hsp_bit-score>
      <Hsp_score>1196</Hsp_score>
      <Hsp_evalue>0</Hsp_evalue>
      <Hsp_query-from>1277</Hsp_query-from>
      <Hsp_query-to>1974</Hsp_query-to>
      <Hsp_hit-from>597</Hsp_hit-from>
      <Hsp_hit-to>1295</Hsp_hit-to>
      <Hsp_query-frame>1</Hsp_query-frame>
      <Hsp_hit-frame>1</Hsp_hit-frame>
      <Hsp_identity>666</Hsp_identity>
      <Hsp_positive>666</Hsp_positive>
      <Hsp_gaps>17</Hsp_gaps>
      <Hsp_align-len>707</Hsp_align-len>
      <Hsp_qseq>GCTTGATGATTGGGTATTGTGTCGAATATACAACAAGAAAGGCACACTTGAGAAGCATTACAATGTGGACAACAAGGAAACTACAAGCTTTGGAGAATTTGATGAAGAAATAAAACCAAAAATATTGCCCACACAATTAGCACCGATGCCACCACGGCCTCGATCGACACCAGCAAACGACTACTTTTATTTCGAGTCATCAGAGTCGATGACTAGAATGCACACGACAAACTCGAGCTCTGGCTCAGAGCATGTCTTGTCGCCATGTGACAAGGAGGTTCAGAGCGCGCCCAAATGGGACGAAGACCACAGAAACACCCTTGATTTTCAGCTAAACTATTTGGATGGTTTACTAAATGAACCATTTGAAACCCAAATGCAGCAGCAAATTTGCAACTTTGACCAGTTCAACAATTTCCAAGACATGTTCCTATACATGCAAAAACCTTACTAAAATTGTATAAATTCATTGGATCTAAATTGAGTGTGATCCATGACATTTTCTTTGTTCTTTGGTGGTGTAGGTCAACTTTTTATTAAGTAGTTTAGAGAAGTACAAAATGCTAGTCAAATTTGGTGGGCTACAGCACAAATGAGCC-TTGATAAGCATAGCCAAAGAGTCGTATAGAAGGGCTTA------TTATTATTGTAAGGT--ATGTAAAAACAAATGAAAATTTGTTAATATCAAGTTATCATTCTTC</Hsp_qseq>
      <Hsp_hseq>GCTTGATGATTGGGTATTGTGTCGAATTTACAACAAGAAAGGCACACTTGAGAAGCATTACAATGTGGACAACAAGGAAACTGCAAGCTTTGGAGAATTTGATGAAGAAATAAAACCAAAAATATTGCCCACACAATTAGCACAGATGCCACCACGGCCCCGATCGACACCGACAAACGACTACTTCCATTTCGAATCATCGGAGTCGATGACTAGAATGCACACCACAAACTCGAGCTCTGGCTCAGAGCATGTCTTGTCGCCATGTGACAAGGAGGTTCAGAGCGCGCCCAAATGGGACGAAGACCACAGAAACACCCTTGATTTTCAGCTAAATTATCTGGATGGTTTACTAAATGAACCATTTGAAACCCAAATGCAGCAGCAAAGTTGCAACTTTGACCAGTTCAACAATTTCCAAGACATGTTCTTTTACATGCAAAAGCCTTACTAAAATTGTATAAATTCATTGGATCTAAATTGATTGTGATCCATGACATTTTCTTTGTTCTTTGGTGGTGTAGGTCAAC-TTTTATTAATTAGTTTAGAAAAGTACAAAATGCAAGTCAAATTTGGTGGGCT------GTAATGAGCCTTTGATAAGCATAGCCAAAGAGTCATATAGAAGGGCTTATTAATGTTATTATTGTAAGGTACATGT-AAAACAAATGAAAATTTGTTAATATCAAGTTATCATTCTTC</Hsp_hseq>
      <Hsp_midline>||||||||||||||||||||||||||| |||||||||||||||||||||||||||||||||||||||||||||||||||||| |||||||||||||||||||||||||||||||||||||||||||||||||||||||||||| ||||||||||||||| |||||||||||  |||||||||||||  ||||||| ||||| ||||||||||||||||||||||| |||||||||||||||||||||||||||||||||||||||||||||||||||||||||||||||||||||||||||||||||||||||||||||||||||||||||||||| ||| |||||||||||||||||||||||||||||||||||||||||||||||| |||||||||||||||||||||||||||||||||||||||| | ||||||||||| ||||||||||||||||||||||||||||||||||||||| ||||||||||||||||||||||||||||||||||||||||||||| ||||||||| ||||||||| ||||||||||||| ||||||||||||||||||        |||||||| ||||||||||||||||||||||| ||||||||||||||      |||||||||||||||  |||| |||||||||||||||||||||||||||||||||||||||||</Hsp_midline>
    </Hsp>
    <Hsp>
      <Hsp_num>2</Hsp_num>
      <Hsp_bit-score>435.898</Hsp_bit-score>
      <Hsp_score>482</Hsp_score>
      <Hsp_evalue>8.48037e-117</Hsp_evalue>
      <Hsp_query-from>692</Hsp_query-from>
      <Hsp_query-to>967</Hsp_query-to>
      <Hsp_hit-from>322</Hsp_hit-from>
      <Hsp_hit-to>597</Hsp_hit-to>
      <Hsp_query-frame>1</Hsp_query-frame>
      <Hsp_hit-frame>1</Hsp_hit-frame>
      <Hsp_identity>262</Hsp_identity>
      <Hsp_positive>262</Hsp_positive>
      <Hsp_gaps>0</Hsp_gaps>
      <Hsp_align-len>276</Hsp_align-len>
      <Hsp_qseq>GAGAAGGCTTTGTACGGTGAAAAAGAGTGGTATTTTTTCTCACCAAGGGATAGAAAATATCCGAACGGTTCACGGCCGAACCGAGCAGCAGGAACCGGTTATTGGAAGGCAACCGGAGCTGATAAACCGGTGGGAAAACCCAAAACCTTAGGGATAAAGAAGGCACTTGTGTTCTATGCCGGAAAAGCACCCAGAGGTATAAAAACAAATTGGATTATGCACGAGTACCGCCTCGCCAACGTGGACCGCTCTGCTGGCAAGAACAATAACTTGAGG</Hsp_qseq>
      <Hsp_hseq>GAAAAGGCTTTGTACGGTGAAAAGGAGTGGTATTTTTTCTCACCAAGGGATAGAAAATATCCTAACGGTTCACGGCCGAACCGAGCAGCAGGAACCGGTTATTGGAAGGCAACCGGAGCAGATAAACCGGTGGGAAAACCCAAAACATTAGGGATAAAGAAGGCACTTGTGTTTTATGCTGGAAAAGCACCTAGAGGAATAAAAACCAATTGGATTATGCATGAGTACCGGCTCGCCAATGTGGACCGGTCTGCTGGCAAGAACAATAACTTGAGG</Hsp_hseq>
      <Hsp_midline>|| |||||||||||||||||||| |||||||||||||||||||||||||||||||||||||| |||||||||||||||||||||||||||||||||||||||||||||||||||||||| |||||||||||||||||||||||||| |||||||||||||||||||||||||| ||||| ||||||||||| ||||| |||||||| |||||||||||||| |||||||| |||||||| |||||||| |||||||||||||||||||||||||||</Hsp_midline>
    </Hsp>
    <Hsp>
      <Hsp_num>3</Hsp_num>
      <Hsp_bit-score>390.814</Hsp_bit-score>
      <Hsp_score>432</Hsp_score>
      <Hsp_evalue>3.16313e-103</Hsp_evalue>
      <Hsp_query-from>1</Hsp_query-from>
      <Hsp_query-to>327</Hsp_query-to>
      <Hsp_hit-from>2</Hsp_hit-from>
      <Hsp_hit-to>322</Hsp_hit-to>
      <Hsp_query-frame>1</Hsp_query-frame>
      <Hsp_hit-frame>1</Hsp_hit-frame>
      <Hsp_identity>293</Hsp_identity>
      <Hsp_positive>293</Hsp_positive>
      <Hsp_gaps>22</Hsp_gaps>
      <Hsp_align-len>335</Hsp_align-len>
      <Hsp_qseq>GTCAAAGAAACTGAAACTAACACAAAGCAGGAGCAGGAGCAGCAACAAACAGAGAGAAGAAAACAGAGGAAGATAAG---AGGAAAATTT-ATCGA-ATT---CGAATCGAGAGAAAAGGGGAAGTGAAGTTGCGAAGAGTGAGAATTTCAAAGGAAATGAACAAAGGAGCAAACGGAAATCAGCAATTGGAGTTACCGGCGGGATTCAGATTCCATCCGACAGACGACGAATTGGTGCAGCACTATCTCTGCAGGAAATGCGCCGGACAGTCGATTGCTGTATCAATTATAGCTGAAATTGATCTTTACAAGTTTGATCCATGGCAGTTGCCTG</Hsp_qseq>
      <Hsp_hseq>GTCAAACAA-CTGAAACTAACA--AAGCAGCAGCAG---CAGCAACAAACAGAGA--AGACAACAGAGGAAGATAAACAAAGGAAATTAAGAGGGAGATTTATCGAATCGA-----AAGGGAAAGGGAAGTTACGAAGAGTGAGAATTTGAA-GGAAATGAACAAAGGAGCAACCGGAAATCAGCAATTGGAGTTACCGGCGGGATTCAGATTCCATCCGACAGACGACGAATTGGTGCAGCATTATCTCTGCAGGAAATGTGCCGGACAGCCAATTGCAGTATCAATTATAACTGAAATTGATCTTTACAAGTTTGATCCATGGCAGTTGCCTG</Hsp_hseq>
      <Hsp_midline>|||||| || ||||||||||||  |||||| |||||   ||||||||||||||||  ||| |||||||||||||||    |||||| |   |  || |||   ||||||||     ||||| ||| |||||| |||||||||||||||| || |||||||||||||||||||| ||||||||||||||||||||||||||||||||||||||||||||||||||||||||||||||||||||| ||||||||||||||||| ||||||||| | ||||| |||||||||||| ||||||||||||||||||||||||||||||||||||||||||</Hsp_midline>
    </Hsp>
  </Hit_hsps>
</Hit>
<Hit>
  <Hit_num>20</Hit_num>
  <Hit_id>gi|302634031|gb|GU591574.1|</Hit_id>
  <Hit_def>Solanum lycopersicum cultivar Zhongshu-4 NAC domain-containing protein 2 mRNA, complete cds</Hit_def>
  <Hit_accession>GU591574</Hit_accession>
  <Hit_len>954</Hit_len>
  <Hit_hsps>
    <Hsp>
      <Hsp_num>1</Hsp_num>
      <Hsp_bit-score>890.347</Hsp_bit-score>
      <Hsp_score>986</Hsp_score>
      <Hsp_evalue>0</Hsp_evalue>
      <Hsp_query-from>1277</Hsp_query-from>
      <Hsp_query-to>1774</Hsp_query-to>
      <Hsp_hit-from>457</Hsp_hit-from>
      <Hsp_hit-to>954</Hsp_hit-to>
      <Hsp_query-frame>1</Hsp_query-frame>
      <Hsp_hit-frame>1</Hsp_hit-frame>
      <Hsp_identity>496</Hsp_identity>
      <Hsp_positive>496</Hsp_positive>
      <Hsp_gaps>0</Hsp_gaps>
      <Hsp_align-len>498</Hsp_align-len>
      <Hsp_qseq>GCTTGATGATTGGGTATTGTGTCGAATATACAACAAGAAAGGCACACTTGAGAAGCATTACAATGTGGACAACAAGGAAACTACAAGCTTTGGAGAATTTGATGAAGAAATAAAACCAAAAATATTGCCCACACAATTAGCACCGATGCCACCACGGCCTCGATCGACACCAGCAAACGACTACTTTTATTTCGAGTCATCAGAGTCGATGACTAGAATGCACACGACAAACTCGAGCTCTGGCTCAGAGCATGTCTTGTCGCCATGTGACAAGGAGGTTCAGAGCGCGCCCAAATGGGACGAAGACCACAGAAACACCCTTGATTTTCAGCTAAACTATTTGGATGGTTTACTAAATGAACCATTTGAAACCCAAATGCAGCAGCAAATTTGCAACTTTGACCAGTTCAACAATTTCCAAGACATGTTCCTATACATGCAAAAACCTTACTAAAATTGTATAAATTCATTGGATCTAAATTGAGTGTGATCCATGAC</Hsp_qseq>
      <Hsp_hseq>GCTTGATGATTGGGTATTGTGTCGAATATACAACAAGAAAGGCACACTTGAGAAGCATTACAATGTGGACAACAAGGAAACTACAAGCTTTGGAGAATTTGATGAAGAAATAAAACCAAAAATATTGCCCACACAATTAGCACCGATGCCACCACGGCCTCGATCGACACCAGCAAACGACTACTTTTATTTCGAGTCATCAGAGTCGATGACTAAAATGCACACGACAAACTCGAGCTCTGGCTCAGAGCATGTCTTGTCGCCATGTGACAAGGAGGTTCAGAGCGCGCCCAAATGGGACGAAGACCACAGAAACACCCTTGATTTTCAGCTAAACTATTTGGATGGTTTACTAAATGAACCATTTGAGACCCAAATGCAGCAGCAAATTTGCAACTTTGACCAGTTCAACAATTTCCAAGACATGTTCCTATACATGCAAAAACCTTACTAAAATTGTATAAATTCATTGGATCTAAATTGAGTGTGATCCATGAC</Hsp_hseq>
      <Hsp_midline>||||||||||||||||||||||||||||||||||||||||||||||||||||||||||||||||||||||||||||||||||||||||||||||||||||||||||||||||||||||||||||||||||||||||||||||||||||||||||||||||||||||||||||||||||||||||||||||||||||||||||||||||||||||| ||||||||||||||||||||||||||||||||||||||||||||||||||||||||||||||||||||||||||||||||||||||||||||||||||||||||||||||||||||||||||||||||||||||||||||||||||||||||| ||||||||||||||||||||||||||||||||||||||||||||||||||||||||||||||||||||||||||||||||||||||||||||||||||||||||||||||||||||||||||||||||</Hsp_midline>
    </Hsp>
    <Hsp>
      <Hsp_num>2</Hsp_num>
      <Hsp_bit-score>489.999</Hsp_bit-score>
      <Hsp_score>542</Hsp_score>
      <Hsp_evalue>4.38906e-133</Hsp_evalue>
      <Hsp_query-from>692</Hsp_query-from>
      <Hsp_query-to>967</Hsp_query-to>
      <Hsp_hit-from>182</Hsp_hit-from>
      <Hsp_hit-to>457</Hsp_hit-to>
      <Hsp_query-frame>1</Hsp_query-frame>
      <Hsp_hit-frame>1</Hsp_hit-frame>
      <Hsp_identity>274</Hsp_identity>
      <Hsp_positive>274</Hsp_positive>
      <Hsp_gaps>0</Hsp_gaps>
      <Hsp_align-len>276</Hsp_align-len>
      <Hsp_qseq>GAGAAGGCTTTGTACGGTGAAAAAGAGTGGTATTTTTTCTCACCAAGGGATAGAAAATATCCGAACGGTTCACGGCCGAACCGAGCAGCAGGAACCGGTTATTGGAAGGCAACCGGAGCTGATAAACCGGTGGGAAAACCCAAAACCTTAGGGATAAAGAAGGCACTTGTGTTCTATGCCGGAAAAGCACCCAGAGGTATAAAAACAAATTGGATTATGCACGAGTACCGCCTCGCCAACGTGGACCGCTCTGCTGGCAAGAACAATAACTTGAGG</Hsp_qseq>
      <Hsp_hseq>GAGAAGGCTTTGTACGGTGAAAAAGAGTGGTATTTTTTCTCACCAAGGGATAGAAAATATCCGAACGGTTCGCGGCCGAACCGAGCAGCAGGAACCGGTTATTGGAAGGCAACCGGAGCTGATAAACCGGTGGGAAAACCCAAAACCTTTGGGATAAAGAAGGCACTTGTGTTCTATGCCGGAAAAGCACCCAGAGGTATAAAAACAAATTGGATTATGCACGAGTACCGCCTCGCCAACGTGGACCGCTCTGCTGGCAAGAACAATAACTTGAGG</Hsp_hseq>
      <Hsp_midline>||||||||||||||||||||||||||||||||||||||||||||||||||||||||||||||||||||||| ||||||||||||||||||||||||||||||||||||||||||||||||||||||||||||||||||||||||||||| ||||||||||||||||||||||||||||||||||||||||||||||||||||||||||||||||||||||||||||||||||||||||||||||||||||||||||||||||||||||||||||||</Hsp_midline>
    </Hsp>
    <Hsp>
      <Hsp_num>3</Hsp_num>
      <Hsp_bit-score>329.499</Hsp_bit-score>
      <Hsp_score>364</Hsp_score>
      <Hsp_evalue>9.07054e-85</Hsp_evalue>
      <Hsp_query-from>146</Hsp_query-from>
      <Hsp_query-to>327</Hsp_query-to>
      <Hsp_hit-from>1</Hsp_hit-from>
      <Hsp_hit-to>182</Hsp_hit-to>
      <Hsp_query-frame>1</Hsp_query-frame>
      <Hsp_hit-frame>1</Hsp_hit-frame>
      <Hsp_identity>182</Hsp_identity>
      <Hsp_positive>182</Hsp_positive>
      <Hsp_gaps>0</Hsp_gaps>
      <Hsp_align-len>182</Hsp_align-len>
      <Hsp_qseq>GGAAATGAACAAAGGAGCAAACGGAAATCAGCAATTGGAGTTACCGGCGGGATTCAGATTCCATCCGACAGACGACGAATTGGTGCAGCACTATCTCTGCAGGAAATGCGCCGGACAGTCGATTGCTGTATCAATTATAGCTGAAATTGATCTTTACAAGTTTGATCCATGGCAGTTGCCTG</Hsp_qseq>
      <Hsp_hseq>GGAAATGAACAAAGGAGCAAACGGAAATCAGCAATTGGAGTTACCGGCGGGATTCAGATTCCATCCGACAGACGACGAATTGGTGCAGCACTATCTCTGCAGGAAATGCGCCGGACAGTCGATTGCTGTATCAATTATAGCTGAAATTGATCTTTACAAGTTTGATCCATGGCAGTTGCCTG</Hsp_hseq>
      <Hsp_midline>||||||||||||||||||||||||||||||||||||||||||||||||||||||||||||||||||||||||||||||||||||||||||||||||||||||||||||||||||||||||||||||||||||||||||||||||||||||||||||||||||||||||||||||||||||||</Hsp_midline>
    </Hsp>
  </Hit_hsps>
</Hit>
<Hit>
  <Hit_num>21</Hit_num>
  <Hit_id>gi|564010382|gb|KF668813.1|</Hit_id>
  <Hit_def>Solanum melongena NAC1 transcription factor (NAC1) mRNA, complete cds</Hit_def>
  <Hit_accession>KF668813</Hit_accession>
  <Hit_len>1279</Hit_len>
  <Hit_hsps>
    <Hsp>
      <Hsp_num>1</Hsp_num>
      <Hsp_bit-score>831.738</Hsp_bit-score>
      <Hsp_score>921</Hsp_score>
      <Hsp_evalue>0</Hsp_evalue>
      <Hsp_query-from>1277</Hsp_query-from>
      <Hsp_query-to>1977</Hsp_query-to>
      <Hsp_hit-from>576</Hsp_hit-from>
      <Hsp_hit-to>1271</Hsp_hit-to>
      <Hsp_query-frame>1</Hsp_query-frame>
      <Hsp_hit-frame>1</Hsp_hit-frame>
      <Hsp_identity>619</Hsp_identity>
      <Hsp_positive>619</Hsp_positive>
      <Hsp_gaps>47</Hsp_gaps>
      <Hsp_align-len>722</Hsp_align-len>
      <Hsp_qseq>GCTTGATGATTGGGTATTGTGTCGAATATACAACAAGAAAGGCACACTTGAGAAGCATTACAATGTGGACAACAAGGAAACTACAAGCTTTGGAGAATTTGATGAAGAAATAAAACCAAAAATATTGCCCACACAATTAGCACCG------ATGCCACCACGGCCTCGATCGACACCAGCAAACGACTACTTTTATTTCGAGTCATCAGAGTCGATGACTAGAATGCACACGACAAACTCGAGCTCTGGCTCAGAGCATGTCTTGTCGCCATGTGACAAGGAGGTTCAGAGCGCGCCCAAATGGGACGAAGACCACAGAAACACCCTTGATTTTCAGCTAAACTATTTGGATGGTTTACTAAATGAACCATTTGAAACCCAAATGCAGCAGCAAATTTGCAACTTTGACCAGTTCAACAATTTCCAAGACATGTTCCTATACATGCAAAAACCTTACTA------AAATTGTATAAATTCATTGGATCTAAATTGAGTGTGATCCATGACATTTTCTTTGTTCTTTGGTGGTGTAGGTCAACTTTTT-ATTAAGTAGTTTAGAGAAGTACAAAATGCTAGTCAAATTTGGTGGGC----TACAGCACAAATGAGCCTTGATAAGCATAGCCAAAG--AGTCGTATAGAAGGGCTTATTATTATTGTAAGGT--ATGTAAAAACAAATGAAAATTTGTTAATATCAAGTTATCATTCTTCAAA</Hsp_qseq>
      <Hsp_hseq>GCTTGATGAATGGGTACTGTGTCGAATATACAACAAGAAGGGCACACTTGAGAAGTATTACAATGTGGACAACAAGGATAATGCAAGTTTTGAAGATTTTGATGAAGAAATAAAACCAAAAAATTTACCCACACAATTACCACCGGGGCCGATGCCGCCACGGCCCCGATCGACACCAACAAACGACTACTTCCATTTCGAAACATCAGAGTCGATGACTAGAATGCACACGACAAACTCGAGCTCTGGCTCAGAGCATGTGTTGTCGCCATGTGACAAGGAGGTTCAGAGCGCACCCAAGTGGGATGA---CTATGGAAACATCCTTGATTTTCAGATAAAATACTTGGATGGTTTACTAAATGATCCTTTTGAAACCCAAATGCAGCAGCAAAATTGCAACTTTGACCAGTTCAATAATTTTCAAGACATGTTCCTATACATGCAAAAACCTTACTAGAGCTAAAATTGTATAAATTCATTGGATCCAAGT----------------CATTTTCTTGGTTTTTTGGTG---TAGGTCAACTTTTTTATTAATTAGGTTAGATAAGTACAAAATGCAAGTCAAATTTGGTGGGCTATATATAGCTCAAATGAGACTTGACAAGCTTAGCCAAAGTATATCATATAGAAGGGC---GTATAATTGTAAGGTACATGT-AAAACAAATGAAAATTTGTTCATATCAAGTTATCATTCTTCAAA</Hsp_hseq>
      <Hsp_midline>||||||||| |||||| |||||||||||||||||||||| ||||||||||||||| |||||||||||||||||||||| | | |||| |||| ||| |||||||||||||||||||||||||  || |||||||||||| |||||      ||||| |||||||| |||||||||||| |||||||||||||  |||||||  |||||||||||||||||||||||||||||||||||||||||||||||||||||||||| |||||||||||||||||||||||||||||||| ||||| ||||| ||   | |  |||||| ||||||||||||| |||| || |||||||||||||||||||| || ||||||||||||||||||||||||| ||||||||||||||||||||| ||||| |||||||||||||||||||||||||||||||||||      ||||||||||||||||||||||| || |                ||||||||| ||| |||||||   |||||||||||||| ||||| ||| ||||| ||||||||||||| |||||||||||||||||    || ||| |||||||| ||||| |||| |||||||||    || |||||||||||    ||| ||||||||||  |||| |||||||||||||||||||| |||||||||||||||||||||||</Hsp_midline>
    </Hsp>
    <Hsp>
      <Hsp_num>2</Hsp_num>
      <Hsp_bit-score>422.373</Hsp_bit-score>
      <Hsp_score>467</Hsp_score>
      <Hsp_evalue>1.86793e-112</Hsp_evalue>
      <Hsp_query-from>692</Hsp_query-from>
      <Hsp_query-to>967</Hsp_query-to>
      <Hsp_hit-from>301</Hsp_hit-from>
      <Hsp_hit-to>576</Hsp_hit-to>
      <Hsp_query-frame>1</Hsp_query-frame>
      <Hsp_hit-frame>1</Hsp_hit-frame>
      <Hsp_identity>259</Hsp_identity>
      <Hsp_positive>259</Hsp_positive>
      <Hsp_gaps>0</Hsp_gaps>
      <Hsp_align-len>276</Hsp_align-len>
      <Hsp_qseq>GAGAAGGCTTTGTACGGTGAAAAAGAGTGGTATTTTTTCTCACCAAGGGATAGAAAATATCCGAACGGTTCACGGCCGAACCGAGCAGCAGGAACCGGTTATTGGAAGGCAACCGGAGCTGATAAACCGGTGGGAAAACCCAAAACCTTAGGGATAAAGAAGGCACTTGTGTTCTATGCCGGAAAAGCACCCAGAGGTATAAAAACAAATTGGATTATGCACGAGTACCGCCTCGCCAACGTGGACCGCTCTGCTGGCAAGAACAATAACTTGAGG</Hsp_qseq>
      <Hsp_hseq>GAGAAGGCTTTGTACGGCGAAAAGGAGTGGTATTTTTTCTCACCAAGGGATAGAAAATATCCGAACGGTTCACGGCCGAACCGAGCAGCAGGAACCGGTTATTGGAAGGCGACCGGAGCTGATAAACCGGTAGGAAAACCCAGAACATTAGGGATAAAGAAAGCACTTGTATTCTATGCTGGAAAAGCACCAAGAGGAATAAAAACCAATTGGATAATGCACGAGTACCGGCTCGCCAATGTGGACAGGTCTGCTGGCAAGAACAATAACTTGAGG</Hsp_hseq>
      <Hsp_midline>||||||||||||||||| ||||| |||||||||||||||||||||||||||||||||||||||||||||||||||||||||||||||||||||||||||||||||||||| |||||||||||||||||||| |||||||||| ||| |||||||||||||| |||||||| |||||||| ||||||||||| ||||| |||||||| |||||||| |||||||||||||| |||||||| |||||| | |||||||||||||||||||||||||||</Hsp_midline>
    </Hsp>
    <Hsp>
      <Hsp_num>3</Hsp_num>
      <Hsp_bit-score>299.744</Hsp_bit-score>
      <Hsp_score>331</Hsp_score>
      <Hsp_evalue>1.536e-75</Hsp_evalue>
      <Hsp_query-from>13</Hsp_query-from>
      <Hsp_query-to>327</Hsp_query-to>
      <Hsp_hit-from>8</Hsp_hit-from>
      <Hsp_hit-to>301</Hsp_hit-to>
      <Hsp_query-frame>1</Hsp_query-frame>
      <Hsp_hit-frame>1</Hsp_hit-frame>
      <Hsp_identity>259</Hsp_identity>
      <Hsp_positive>259</Hsp_positive>
      <Hsp_gaps>21</Hsp_gaps>
      <Hsp_align-len>315</Hsp_align-len>
      <Hsp_qseq>GAAACTAACACAAAGCAGGAGCAGGAGCAGCAACAAACAGAGAGAAGAAAACAGAGGAAGATAAGAGGAAAATTTATCGAATTCGAATCGAGAGAAAAGGGGAAGTGAAGTTGCGAAGAGTGAGAATTTCAAAGGAAATGAACAAAGGAGCAAACGGAAATCAGCAATTGGAGTTACCGGCGGGATTCAGATTCCATCCGACAGACGACGAATTGGTGCAGCACTATCTCTGCAGGAAATGCGCCGGACAGTCGATTGCTGTATCAATTATAGCTGAAATTGATCTTTACAAGTTTGATCCATGGCAGTTGCCTG</Hsp_qseq>
      <Hsp_hseq>GAAACTAAGC--AAGCAGCAGCAGGAGAAGCAGCAAACAGAGA--AGAAAATAAAC--AGCGAAGAG--AGATTTATCGAAT-CGAATCGAAGGAAA-------GTTAC----CAAAGAGTGAGAAGTTGAA-GGAAATGATCAGAGGAGTAGCCGGAAATCAGCAATTGGAGTTACCGGCGGGATTCAGATTCCACCCAACGGACGAAGAATTGGTGCAGCATTATCTCCGCCGGAAATGTGCCGGACAGTCGATTTCCGTCTCAATTATAGCTGAAATTGATCTTTACAAGTTTGATCCATGGCAGTTACCTG</Hsp_hseq>
      <Hsp_midline>||||||||    |||||| |||||||| |||| ||||||||||  |||||| | |   ||  |||||  | ||||||||||| ||||||||  ||||       || |     | ||||||||||| || || |||||||| || ||||| |  |||||||||||||||||||||||||||||||||||||||||| || || ||||| |||||||||||||| |||||| || ||||||| ||||||||||||||| | || ||||||||||||||||||||||||||||||||||||||||||||||| ||||</Hsp_midline>
    </Hsp>
  </Hit_hsps>
</Hit>
<Hit>
  <Hit_num>22</Hit_num>
  <Hit_id>gi|478735620|gb|KC447281.1|</Hit_id>
  <Hit_def>Solanum pimpinellifolium cultivar LA1589 NAC domain protein (NAC1) mRNA, complete cds</Hit_def>
  <Hit_accession>KC447281</Hit_accession>
  <Hit_len>906</Hit_len>
  <Hit_hsps>
    <Hsp>
      <Hsp_num>1</Hsp_num>
      <Hsp_bit-score>820.016</Hsp_bit-score>
      <Hsp_score>908</Hsp_score>
      <Hsp_evalue>0</Hsp_evalue>
      <Hsp_query-from>1277</Hsp_query-from>
      <Hsp_query-to>1730</Hsp_query-to>
      <Hsp_hit-from>453</Hsp_hit-from>
      <Hsp_hit-to>906</Hsp_hit-to>
      <Hsp_query-frame>1</Hsp_query-frame>
      <Hsp_hit-frame>1</Hsp_hit-frame>
      <Hsp_identity>454</Hsp_identity>
      <Hsp_positive>454</Hsp_positive>
      <Hsp_gaps>0</Hsp_gaps>
      <Hsp_align-len>454</Hsp_align-len>
      <Hsp_qseq>GCTTGATGATTGGGTATTGTGTCGAATATACAACAAGAAAGGCACACTTGAGAAGCATTACAATGTGGACAACAAGGAAACTACAAGCTTTGGAGAATTTGATGAAGAAATAAAACCAAAAATATTGCCCACACAATTAGCACCGATGCCACCACGGCCTCGATCGACACCAGCAAACGACTACTTTTATTTCGAGTCATCAGAGTCGATGACTAGAATGCACACGACAAACTCGAGCTCTGGCTCAGAGCATGTCTTGTCGCCATGTGACAAGGAGGTTCAGAGCGCGCCCAAATGGGACGAAGACCACAGAAACACCCTTGATTTTCAGCTAAACTATTTGGATGGTTTACTAAATGAACCATTTGAAACCCAAATGCAGCAGCAAATTTGCAACTTTGACCAGTTCAACAATTTCCAAGACATGTTCCTATACATGCAAAAACCTTACTAA</Hsp_qseq>
      <Hsp_hseq>GCTTGATGATTGGGTATTGTGTCGAATATACAACAAGAAAGGCACACTTGAGAAGCATTACAATGTGGACAACAAGGAAACTACAAGCTTTGGAGAATTTGATGAAGAAATAAAACCAAAAATATTGCCCACACAATTAGCACCGATGCCACCACGGCCTCGATCGACACCAGCAAACGACTACTTTTATTTCGAGTCATCAGAGTCGATGACTAGAATGCACACGACAAACTCGAGCTCTGGCTCAGAGCATGTCTTGTCGCCATGTGACAAGGAGGTTCAGAGCGCGCCCAAATGGGACGAAGACCACAGAAACACCCTTGATTTTCAGCTAAACTATTTGGATGGTTTACTAAATGAACCATTTGAAACCCAAATGCAGCAGCAAATTTGCAACTTTGACCAGTTCAACAATTTCCAAGACATGTTCCTATACATGCAAAAACCTTACTAA</Hsp_hseq>
      <Hsp_midline>||||||||||||||||||||||||||||||||||||||||||||||||||||||||||||||||||||||||||||||||||||||||||||||||||||||||||||||||||||||||||||||||||||||||||||||||||||||||||||||||||||||||||||||||||||||||||||||||||||||||||||||||||||||||||||||||||||||||||||||||||||||||||||||||||||||||||||||||||||||||||||||||||||||||||||||||||||||||||||||||||||||||||||||||||||||||||||||||||||||||||||||||||||||||||||||||||||||||||||||||||||||||||||||||||||||||||||||||||||||||||||||||||||||</Hsp_midline>
    </Hsp>
    <Hsp>
      <Hsp_num>2</Hsp_num>
      <Hsp_bit-score>494.508</Hsp_bit-score>
      <Hsp_score>547</Hsp_score>
      <Hsp_evalue>3.60276e-134</Hsp_evalue>
      <Hsp_query-from>692</Hsp_query-from>
      <Hsp_query-to>967</Hsp_query-to>
      <Hsp_hit-from>178</Hsp_hit-from>
      <Hsp_hit-to>453</Hsp_hit-to>
      <Hsp_query-frame>1</Hsp_query-frame>
      <Hsp_hit-frame>1</Hsp_hit-frame>
      <Hsp_identity>275</Hsp_identity>
      <Hsp_positive>275</Hsp_positive>
      <Hsp_gaps>0</Hsp_gaps>
      <Hsp_align-len>276</Hsp_align-len>
      <Hsp_qseq>GAGAAGGCTTTGTACGGTGAAAAAGAGTGGTATTTTTTCTCACCAAGGGATAGAAAATATCCGAACGGTTCACGGCCGAACCGAGCAGCAGGAACCGGTTATTGGAAGGCAACCGGAGCTGATAAACCGGTGGGAAAACCCAAAACCTTAGGGATAAAGAAGGCACTTGTGTTCTATGCCGGAAAAGCACCCAGAGGTATAAAAACAAATTGGATTATGCACGAGTACCGCCTCGCCAACGTGGACCGCTCTGCTGGCAAGAACAATAACTTGAGG</Hsp_qseq>
      <Hsp_hseq>GAGAAGGCTTTGTACGGTGAAAAAGAGTGGTATTTTTTCTCACCAAGGGATAGAAAATATCCGAACGGTTCACGGCCGAACCGAGCAGCAGGAACCGGTTATTGGAAGGCAACCGGAGCTGATAAACCGGTGGGAAAACCCAAAACCTTAGGGATAAAGAAGGCACTTGTGTTCTATGCCGGAAAAGCACCCAGAGGTATAAAAACCAATTGGATTATGCACGAGTACCGCCTCGCCAACGTGGACCGCTCTGCTGGCAAGAACAATAACTTGAGG</Hsp_hseq>
      <Hsp_midline>|||||||||||||||||||||||||||||||||||||||||||||||||||||||||||||||||||||||||||||||||||||||||||||||||||||||||||||||||||||||||||||||||||||||||||||||||||||||||||||||||||||||||||||||||||||||||||||||||||||||||||||| |||||||||||||||||||||||||||||||||||||||||||||||||||||||||||||||||||||</Hsp_midline>
    </Hsp>
    <Hsp>
      <Hsp_num>3</Hsp_num>
      <Hsp_bit-score>322.286</Hsp_bit-score>
      <Hsp_score>356</Hsp_score>
      <Hsp_evalue>1.34619e-82</Hsp_evalue>
      <Hsp_query-from>150</Hsp_query-from>
      <Hsp_query-to>327</Hsp_query-to>
      <Hsp_hit-from>1</Hsp_hit-from>
      <Hsp_hit-to>178</Hsp_hit-to>
      <Hsp_query-frame>1</Hsp_query-frame>
      <Hsp_hit-frame>1</Hsp_hit-frame>
      <Hsp_identity>178</Hsp_identity>
      <Hsp_positive>178</Hsp_positive>
      <Hsp_gaps>0</Hsp_gaps>
      <Hsp_align-len>178</Hsp_align-len>
      <Hsp_qseq>ATGAACAAAGGAGCAAACGGAAATCAGCAATTGGAGTTACCGGCGGGATTCAGATTCCATCCGACAGACGACGAATTGGTGCAGCACTATCTCTGCAGGAAATGCGCCGGACAGTCGATTGCTGTATCAATTATAGCTGAAATTGATCTTTACAAGTTTGATCCATGGCAGTTGCCTG</Hsp_qseq>
      <Hsp_hseq>ATGAACAAAGGAGCAAACGGAAATCAGCAATTGGAGTTACCGGCGGGATTCAGATTCCATCCGACAGACGACGAATTGGTGCAGCACTATCTCTGCAGGAAATGCGCCGGACAGTCGATTGCTGTATCAATTATAGCTGAAATTGATCTTTACAAGTTTGATCCATGGCAGTTGCCTG</Hsp_hseq>
      <Hsp_midline>||||||||||||||||||||||||||||||||||||||||||||||||||||||||||||||||||||||||||||||||||||||||||||||||||||||||||||||||||||||||||||||||||||||||||||||||||||||||||||||||||||||||||||||||||</Hsp_midline>
    </Hsp>
  </Hit_hsps>
</Hit>
<Hit>
  <Hit_num>23</Hit_num>
  <Hit_id>gi|478735618|gb|KC447280.1|</Hit_id>
  <Hit_def>Solanum lycopersicum cultivar M-82 NAC domain protein (NAC1) mRNA, complete cds</Hit_def>
  <Hit_accession>KC447280</Hit_accession>
  <Hit_len>906</Hit_len>
  <Hit_hsps>
    <Hsp>
      <Hsp_num>1</Hsp_num>
      <Hsp_bit-score>820.016</Hsp_bit-score>
      <Hsp_score>908</Hsp_score>
      <Hsp_evalue>0</Hsp_evalue>
      <Hsp_query-from>1277</Hsp_query-from>
      <Hsp_query-to>1730</Hsp_query-to>
      <Hsp_hit-from>453</Hsp_hit-from>
      <Hsp_hit-to>906</Hsp_hit-to>
      <Hsp_query-frame>1</Hsp_query-frame>
      <Hsp_hit-frame>1</Hsp_hit-frame>
      <Hsp_identity>454</Hsp_identity>
      <Hsp_positive>454</Hsp_positive>
      <Hsp_gaps>0</Hsp_gaps>
      <Hsp_align-len>454</Hsp_align-len>
      <Hsp_qseq>GCTTGATGATTGGGTATTGTGTCGAATATACAACAAGAAAGGCACACTTGAGAAGCATTACAATGTGGACAACAAGGAAACTACAAGCTTTGGAGAATTTGATGAAGAAATAAAACCAAAAATATTGCCCACACAATTAGCACCGATGCCACCACGGCCTCGATCGACACCAGCAAACGACTACTTTTATTTCGAGTCATCAGAGTCGATGACTAGAATGCACACGACAAACTCGAGCTCTGGCTCAGAGCATGTCTTGTCGCCATGTGACAAGGAGGTTCAGAGCGCGCCCAAATGGGACGAAGACCACAGAAACACCCTTGATTTTCAGCTAAACTATTTGGATGGTTTACTAAATGAACCATTTGAAACCCAAATGCAGCAGCAAATTTGCAACTTTGACCAGTTCAACAATTTCCAAGACATGTTCCTATACATGCAAAAACCTTACTAA</Hsp_qseq>
      <Hsp_hseq>GCTTGATGATTGGGTATTGTGTCGAATATACAACAAGAAAGGCACACTTGAGAAGCATTACAATGTGGACAACAAGGAAACTACAAGCTTTGGAGAATTTGATGAAGAAATAAAACCAAAAATATTGCCCACACAATTAGCACCGATGCCACCACGGCCTCGATCGACACCAGCAAACGACTACTTTTATTTCGAGTCATCAGAGTCGATGACTAGAATGCACACGACAAACTCGAGCTCTGGCTCAGAGCATGTCTTGTCGCCATGTGACAAGGAGGTTCAGAGCGCGCCCAAATGGGACGAAGACCACAGAAACACCCTTGATTTTCAGCTAAACTATTTGGATGGTTTACTAAATGAACCATTTGAAACCCAAATGCAGCAGCAAATTTGCAACTTTGACCAGTTCAACAATTTCCAAGACATGTTCCTATACATGCAAAAACCTTACTAA</Hsp_hseq>
      <Hsp_midline>||||||||||||||||||||||||||||||||||||||||||||||||||||||||||||||||||||||||||||||||||||||||||||||||||||||||||||||||||||||||||||||||||||||||||||||||||||||||||||||||||||||||||||||||||||||||||||||||||||||||||||||||||||||||||||||||||||||||||||||||||||||||||||||||||||||||||||||||||||||||||||||||||||||||||||||||||||||||||||||||||||||||||||||||||||||||||||||||||||||||||||||||||||||||||||||||||||||||||||||||||||||||||||||||||||||||||||||||||||||||||||||||||||||</Hsp_midline>
    </Hsp>
    <Hsp>
      <Hsp_num>2</Hsp_num>
      <Hsp_bit-score>499.016</Hsp_bit-score>
      <Hsp_score>552</Hsp_score>
      <Hsp_evalue>8.47288e-136</Hsp_evalue>
      <Hsp_query-from>692</Hsp_query-from>
      <Hsp_query-to>967</Hsp_query-to>
      <Hsp_hit-from>178</Hsp_hit-from>
      <Hsp_hit-to>453</Hsp_hit-to>
      <Hsp_query-frame>1</Hsp_query-frame>
      <Hsp_hit-frame>1</Hsp_hit-frame>
      <Hsp_identity>276</Hsp_identity>
      <Hsp_positive>276</Hsp_positive>
      <Hsp_gaps>0</Hsp_gaps>
      <Hsp_align-len>276</Hsp_align-len>
      <Hsp_qseq>GAGAAGGCTTTGTACGGTGAAAAAGAGTGGTATTTTTTCTCACCAAGGGATAGAAAATATCCGAACGGTTCACGGCCGAACCGAGCAGCAGGAACCGGTTATTGGAAGGCAACCGGAGCTGATAAACCGGTGGGAAAACCCAAAACCTTAGGGATAAAGAAGGCACTTGTGTTCTATGCCGGAAAAGCACCCAGAGGTATAAAAACAAATTGGATTATGCACGAGTACCGCCTCGCCAACGTGGACCGCTCTGCTGGCAAGAACAATAACTTGAGG</Hsp_qseq>
      <Hsp_hseq>GAGAAGGCTTTGTACGGTGAAAAAGAGTGGTATTTTTTCTCACCAAGGGATAGAAAATATCCGAACGGTTCACGGCCGAACCGAGCAGCAGGAACCGGTTATTGGAAGGCAACCGGAGCTGATAAACCGGTGGGAAAACCCAAAACCTTAGGGATAAAGAAGGCACTTGTGTTCTATGCCGGAAAAGCACCCAGAGGTATAAAAACAAATTGGATTATGCACGAGTACCGCCTCGCCAACGTGGACCGCTCTGCTGGCAAGAACAATAACTTGAGG</Hsp_hseq>
      <Hsp_midline>||||||||||||||||||||||||||||||||||||||||||||||||||||||||||||||||||||||||||||||||||||||||||||||||||||||||||||||||||||||||||||||||||||||||||||||||||||||||||||||||||||||||||||||||||||||||||||||||||||||||||||||||||||||||||||||||||||||||||||||||||||||||||||||||||||||||||||||||||||</Hsp_midline>
    </Hsp>
    <Hsp>
      <Hsp_num>3</Hsp_num>
      <Hsp_bit-score>322.286</Hsp_bit-score>
      <Hsp_score>356</Hsp_score>
      <Hsp_evalue>1.34619e-82</Hsp_evalue>
      <Hsp_query-from>150</Hsp_query-from>
      <Hsp_query-to>327</Hsp_query-to>
      <Hsp_hit-from>1</Hsp_hit-from>
      <Hsp_hit-to>178</Hsp_hit-to>
      <Hsp_query-frame>1</Hsp_query-frame>
      <Hsp_hit-frame>1</Hsp_hit-frame>
      <Hsp_identity>178</Hsp_identity>
      <Hsp_positive>178</Hsp_positive>
      <Hsp_gaps>0</Hsp_gaps>
      <Hsp_align-len>178</Hsp_align-len>
      <Hsp_qseq>ATGAACAAAGGAGCAAACGGAAATCAGCAATTGGAGTTACCGGCGGGATTCAGATTCCATCCGACAGACGACGAATTGGTGCAGCACTATCTCTGCAGGAAATGCGCCGGACAGTCGATTGCTGTATCAATTATAGCTGAAATTGATCTTTACAAGTTTGATCCATGGCAGTTGCCTG</Hsp_qseq>
      <Hsp_hseq>ATGAACAAAGGAGCAAACGGAAATCAGCAATTGGAGTTACCGGCGGGATTCAGATTCCATCCGACAGACGACGAATTGGTGCAGCACTATCTCTGCAGGAAATGCGCCGGACAGTCGATTGCTGTATCAATTATAGCTGAAATTGATCTTTACAAGTTTGATCCATGGCAGTTGCCTG</Hsp_hseq>
      <Hsp_midline>||||||||||||||||||||||||||||||||||||||||||||||||||||||||||||||||||||||||||||||||||||||||||||||||||||||||||||||||||||||||||||||||||||||||||||||||||||||||||||||||||||||||||||||||||</Hsp_midline>
    </Hsp>
  </Hit_hsps>
</Hit>
<Hit>
  <Hit_num>24</Hit_num>
  <Hit_id>gi|478735616|gb|KC447279.1|</Hit_id>
  <Hit_def>Solanum lycopersicum cultivar TY172 NAC domain protein (NAC1) mRNA, complete cds</Hit_def>
  <Hit_accession>KC447279</Hit_accession>
  <Hit_len>906</Hit_len>
  <Hit_hsps>
    <Hsp>
      <Hsp_num>1</Hsp_num>
      <Hsp_bit-score>815.507</Hsp_bit-score>
      <Hsp_score>903</Hsp_score>
      <Hsp_evalue>0</Hsp_evalue>
      <Hsp_query-from>1277</Hsp_query-from>
      <Hsp_query-to>1730</Hsp_query-to>
      <Hsp_hit-from>453</Hsp_hit-from>
      <Hsp_hit-to>906</Hsp_hit-to>
      <Hsp_query-frame>1</Hsp_query-frame>
      <Hsp_hit-frame>1</Hsp_hit-frame>
      <Hsp_identity>453</Hsp_identity>
      <Hsp_positive>453</Hsp_positive>
      <Hsp_gaps>0</Hsp_gaps>
      <Hsp_align-len>454</Hsp_align-len>
      <Hsp_qseq>GCTTGATGATTGGGTATTGTGTCGAATATACAACAAGAAAGGCACACTTGAGAAGCATTACAATGTGGACAACAAGGAAACTACAAGCTTTGGAGAATTTGATGAAGAAATAAAACCAAAAATATTGCCCACACAATTAGCACCGATGCCACCACGGCCTCGATCGACACCAGCAAACGACTACTTTTATTTCGAGTCATCAGAGTCGATGACTAGAATGCACACGACAAACTCGAGCTCTGGCTCAGAGCATGTCTTGTCGCCATGTGACAAGGAGGTTCAGAGCGCGCCCAAATGGGACGAAGACCACAGAAACACCCTTGATTTTCAGCTAAACTATTTGGATGGTTTACTAAATGAACCATTTGAAACCCAAATGCAGCAGCAAATTTGCAACTTTGACCAGTTCAACAATTTCCAAGACATGTTCCTATACATGCAAAAACCTTACTAA</Hsp_qseq>
      <Hsp_hseq>GCTTGATGATTGGGTATTGTGTCGAATATACAACAAGAAAGGCACACTTGAGAAGCATTACAATGTGGACAACAAGGAAACTACAAGCTTTGGAGAATTTGATGAAGAAATAAAACCAAAAATATTGCCCACACAATTAGCACCGATGCCACCACGGCCTCGATCGACACCAGCAAACGACTGCTTTTATTTCGAGTCATCAGAGTCGATGACTAGAATGCACACGACAAACTCGAGCTCTGGCTCAGAGCATGTCTTGTCGCCATGTGACAAGGAGGTTCAGAGCGCGCCCAAATGGGACGAAGACCACAGAAACACCCTTGATTTTCAGCTAAACTATTTGGATGGTTTACTAAATGAACCATTTGAAACCCAAATGCAGCAGCAAATTTGCAACTTTGACCAGTTCAACAATTTCCAAGACATGTTCCTATACATGCAAAAACCTTACTAA</Hsp_hseq>
      <Hsp_midline>|||||||||||||||||||||||||||||||||||||||||||||||||||||||||||||||||||||||||||||||||||||||||||||||||||||||||||||||||||||||||||||||||||||||||||||||||||||||||||||||||||||||||||||||||||||| |||||||||||||||||||||||||||||||||||||||||||||||||||||||||||||||||||||||||||||||||||||||||||||||||||||||||||||||||||||||||||||||||||||||||||||||||||||||||||||||||||||||||||||||||||||||||||||||||||||||||||||||||||||||||||||||||||||||||||||||||||||||||||||||||||||||||||||||</Hsp_midline>
    </Hsp>
    <Hsp>
      <Hsp_num>2</Hsp_num>
      <Hsp_bit-score>494.508</Hsp_bit-score>
      <Hsp_score>547</Hsp_score>
      <Hsp_evalue>3.60276e-134</Hsp_evalue>
      <Hsp_query-from>692</Hsp_query-from>
      <Hsp_query-to>967</Hsp_query-to>
      <Hsp_hit-from>178</Hsp_hit-from>
      <Hsp_hit-to>453</Hsp_hit-to>
      <Hsp_query-frame>1</Hsp_query-frame>
      <Hsp_hit-frame>1</Hsp_hit-frame>
      <Hsp_identity>275</Hsp_identity>
      <Hsp_positive>275</Hsp_positive>
      <Hsp_gaps>0</Hsp_gaps>
      <Hsp_align-len>276</Hsp_align-len>
      <Hsp_qseq>GAGAAGGCTTTGTACGGTGAAAAAGAGTGGTATTTTTTCTCACCAAGGGATAGAAAATATCCGAACGGTTCACGGCCGAACCGAGCAGCAGGAACCGGTTATTGGAAGGCAACCGGAGCTGATAAACCGGTGGGAAAACCCAAAACCTTAGGGATAAAGAAGGCACTTGTGTTCTATGCCGGAAAAGCACCCAGAGGTATAAAAACAAATTGGATTATGCACGAGTACCGCCTCGCCAACGTGGACCGCTCTGCTGGCAAGAACAATAACTTGAGG</Hsp_qseq>
      <Hsp_hseq>GAGAAGGCTTTGTACGGTGAAAAAGAGTGGTATTTTTTCTCACCAAGGGATAGAAAATATCCGAACGGTTCACGGCCGAACCGAGCAGCAGGAACCGGTTATTGGAAGGCAACCGGAGCTGATAAACCGGTGGGAAAACCCAAAACCTTAGGGATAAAGAAGGCACTTGTGTTCTATGCCGGAAAAGCACCCAGAGGTATAAAAACCAATTGGATTATGCACGAGTACCGCCTCGCCAACGTGGACCGCTCTGCTGGCAAGAACAATAACTTGAGG</Hsp_hseq>
      <Hsp_midline>|||||||||||||||||||||||||||||||||||||||||||||||||||||||||||||||||||||||||||||||||||||||||||||||||||||||||||||||||||||||||||||||||||||||||||||||||||||||||||||||||||||||||||||||||||||||||||||||||||||||||||||| |||||||||||||||||||||||||||||||||||||||||||||||||||||||||||||||||||||</Hsp_midline>
    </Hsp>
    <Hsp>
      <Hsp_num>3</Hsp_num>
      <Hsp_bit-score>322.286</Hsp_bit-score>
      <Hsp_score>356</Hsp_score>
      <Hsp_evalue>1.34619e-82</Hsp_evalue>
      <Hsp_query-from>150</Hsp_query-from>
      <Hsp_query-to>327</Hsp_query-to>
      <Hsp_hit-from>1</Hsp_hit-from>
      <Hsp_hit-to>178</Hsp_hit-to>
      <Hsp_query-frame>1</Hsp_query-frame>
      <Hsp_hit-frame>1</Hsp_hit-frame>
      <Hsp_identity>178</Hsp_identity>
      <Hsp_positive>178</Hsp_positive>
      <Hsp_gaps>0</Hsp_gaps>
      <Hsp_align-len>178</Hsp_align-len>
      <Hsp_qseq>ATGAACAAAGGAGCAAACGGAAATCAGCAATTGGAGTTACCGGCGGGATTCAGATTCCATCCGACAGACGACGAATTGGTGCAGCACTATCTCTGCAGGAAATGCGCCGGACAGTCGATTGCTGTATCAATTATAGCTGAAATTGATCTTTACAAGTTTGATCCATGGCAGTTGCCTG</Hsp_qseq>
      <Hsp_hseq>ATGAACAAAGGAGCAAACGGAAATCAGCAATTGGAGTTACCGGCGGGATTCAGATTCCATCCGACAGACGACGAATTGGTGCAGCACTATCTCTGCAGGAAATGCGCCGGACAGTCGATTGCTGTATCAATTATAGCTGAAATTGATCTTTACAAGTTTGATCCATGGCAGTTGCCTG</Hsp_hseq>
      <Hsp_midline>||||||||||||||||||||||||||||||||||||||||||||||||||||||||||||||||||||||||||||||||||||||||||||||||||||||||||||||||||||||||||||||||||||||||||||||||||||||||||||||||||||||||||||||||||</Hsp_midline>
    </Hsp>
  </Hit_hsps>
</Hit>
<Hit>
  <Hit_num>25</Hit_num>
  <Hit_id>gi|1027857475|ref|NM_001324982.1|</Hit_id>
  <Hit_def>Capsicum annuum protein ATAF2-like (LOC107870355), mRNA &gt;gi|57233055|gb|AY714222.1| Capsicum annuum NAC domain protein 1 mRNA, complete cds</Hit_def>
  <Hit_accession>NM_001324982</Hit_accession>
  <Hit_len>1340</Hit_len>
  <Hit_hsps>
    <Hsp>
      <Hsp_num>1</Hsp_num>
      <Hsp_bit-score>713.617</Hsp_bit-score>
      <Hsp_score>790</Hsp_score>
      <Hsp_evalue>0</Hsp_evalue>
      <Hsp_query-from>1277</Hsp_query-from>
      <Hsp_query-to>1977</Hsp_query-to>
      <Hsp_hit-from>618</Hsp_hit-from>
      <Hsp_hit-to>1330</Hsp_hit-to>
      <Hsp_query-frame>1</Hsp_query-frame>
      <Hsp_hit-frame>1</Hsp_hit-frame>
      <Hsp_identity>598</Hsp_identity>
      <Hsp_positive>598</Hsp_positive>
      <Hsp_gaps>38</Hsp_gaps>
      <Hsp_align-len>726</Hsp_align-len>
      <Hsp_qseq>GCTTGATGATTGGGTATTGTGTCGAATATACAACAAGAAAGG-CACACTT-GAGAAGCATTACAATGTGGACAA-CAAGGAAACTACAAGCTTTGGAGAATTTGATGAAGAAATAAAACCAAAAATATTGCCCACACAATTAGCACCGAT------------GCCACCACGGCCTCGATCGACACCAGCAAACGACTACTTTTATTTCGAGTCATCAGAGTCGATGACTA------GAATGCACACGACAAACTCGAGCTCTGGCTCAGAGCATGTCTTGTCGCCATGTGACAAGGAGGTTCAGAGCGCGCCCAAATGGGACGAAGACCACAGAAACACC---CTTGATTTTCAGCTAAACTATTTGGATGGTTTACTAAATGAACCATTTGAAACCCAAATGCAGCAGCAAATTTGCAACTTTGACCAGTTCAACAATTTCCAAGACATGTTCCTATACATGCAAAAACCTTACTAAAATTGTATAAATTCATTGGATCTAAATTGAGTGTGATCCATGACATTTTCTTTGTTCTTTGGTGGTGTAGGTCAACTTTTTATTAAGTAGTTTAGAGAAGTACAAAATGCTAGTCAAATTTGGTGGGCTACAGCACAAATGAGCCTTGATAAGCATAGCCAAAGAGTCGTATAGAAGGGCTTATTATTATTGTAAGGTA-TGTAAAAACAAATGAAAATTTGTTAATATCAAGTTATCATTCTTCAAA</Hsp_qseq>
      <Hsp_hseq>GCTTGATGATTGGGTATTGTGTCGAATATACAACAAGAAGGGGCACACTTTGAGAAGTATTACAATGTGGGCCAGCAAGAGAGGTGAGAGTTTTGGGGAATTTGAGGATGAAATAAAACCAAAAATATTTCCAACACAACTAGCACCGGCTCCGGGGCAGTGGCCCCCACGACCCCAATCAACCCCCGCAAGCGACTACTTCAACTTTGAAACATCCGAGTCGATGACTACTACTAGGATGCACACGACAAACTCGAGCTCTGGCTCAGAGCATGTCTTGTCGTCATGTGACAAGGAGGTTCAGAGTGCACCTAAATGGGACGA---CCTTGGAACCGCCGCCCTTGATTTCCAGATAAATTATTTGGATGGTTTGCTGAACGACCCTTTTGAAATCCAAATGCAGCAGCAAAATTGCAACATTGACCAGTTCAACACTTTCCAGGACATGTTCCTATACATGCAAAAACCTTAGTAGAATTGTATAAA-TCATGTGATTCAAATTGATTTTGATCCATGACATTTTGTTGGTTCTTTGGTGGTGTAGGTCAACTTTTTATTGATTAGATTAGAAAAGTA-GAAATGCTATTCAAATTTGGTGGGCTATAGCTCAAATGAGCCTTCGCTAG-ATAGCCAAAGGATTATGTAGAAGG-------CTTATTGTAAGGTACAGGTAAAACAAATGAAAATTTGTTAATATCAATTTATCATTCTTCAAA</Hsp_hseq>
      <Hsp_midline>||||||||||||||||||||||||||||||||||||||| || ||||||| |||||| |||||||||||| | | ||||  |  |   || ||||| |||||||| || |||||||||||||||||||| || |||||| ||||||||              ||| ||||| || | ||| || || |||| |||||||||  | || ||  |||| |||||||||||||      | ||||||||||||||||||||||||||||||||||||||||||||| |||||||||||||||||||||| || || |||||||||||   ||   ||| | ||   |||||||| ||| |||| |||||||||||||| || || || || ||||||| ||||||||||||||||| ||||||| ||||||||||||||| |||||| ||||||||||||||||||||||||||||| || ||||||||||| ||||  |||  ||||||| | |||||||||||||||| || ||||||||||||||||||||||||||||||| | ||| ||||| |||||  |||||||| ||||||||||||||||| ||| ||||||||||||    || ||||||||||  |  | |||||||        |||||||||||||  |  |||||||||||||||||||||||||||| |||||||||||||||</Hsp_midline>
    </Hsp>
    <Hsp>
      <Hsp_num>2</Hsp_num>
      <Hsp_bit-score>355.648</Hsp_bit-score>
      <Hsp_score>393</Hsp_score>
      <Hsp_evalue>2.27761e-92</Hsp_evalue>
      <Hsp_query-from>680</Hsp_query-from>
      <Hsp_query-to>967</Hsp_query-to>
      <Hsp_hit-from>330</Hsp_hit-from>
      <Hsp_hit-to>618</Hsp_hit-to>
      <Hsp_query-frame>1</Hsp_query-frame>
      <Hsp_hit-frame>1</Hsp_hit-frame>
      <Hsp_identity>255</Hsp_identity>
      <Hsp_positive>255</Hsp_positive>
      <Hsp_gaps>3</Hsp_gaps>
      <Hsp_align-len>290</Hsp_align-len>
      <Hsp_qseq>TTGGTAATTGCA-GAGAAGGCTTTGTACGGTGAAAAAGAGTGGTATTTTTTCTCACCAAG-GGATAGAAAATATCCGAACGGTTCACGGCCGAACCGAGCAGCAGGAACCGGTTATTGGAAGGCAACCGGAGCTGATAAACCGGTGGGAAAACCCAAAACCTTAGGGATAAAGAAGGCACTTGTGTTCTATGCCGGAAAAGCACCCAGAGGTATAAAAACAAATTGGATTATGCACGAGTACCGCCTCGCCAACGTGGACCGCTCTGCTGGCAAGAACAATAACTTGAGG</Hsp_qseq>
      <Hsp_hseq>TTGGCAGTTGCCTGAAAAGGCATTATACGGTGAAAAAGAGTGGTATTTTTTCTC-CCAAGAGGATAGAAAATACCCGAACGGTTCAAGGCCGAACCGGGCAGCAGGAACCGGTTATTGGAAAGCGACCGGAGCAGATAAACCGGTGGGAAAACCGAAAACATTAGGGATAAAAAAGGCACTTGTATTTTATGCTGGAAAAGCACCAAGAGGTATAAAGACTAATTGGATTATGCATGAGTATCGACTTGCTAATGTGGACAGATCTGCTGGAAAGAGTAATAACTTGAGG</Hsp_hseq>
      <Hsp_midline>|||| | ||||  || ||||| || ||||||||||||||||||||||||||||| ||||| |||||||||||| |||||||||||| |||||||||| ||||||||||||||||||||||| || |||||||| |||||||||||||||||||| ||||| ||||||||||| ||||||||||| || ||||| ||||||||||| ||||||||||| || |||||||||||||| ||||| || || || || |||||| | |||||||| ||||  ||||||||||||</Hsp_midline>
    </Hsp>
    <Hsp>
      <Hsp_num>3</Hsp_num>
      <Hsp_bit-score>188.837</Hsp_bit-score>
      <Hsp_score>208</Hsp_score>
      <Hsp_evalue>2.00145e-42</Hsp_evalue>
      <Hsp_query-from>139</Hsp_query-from>
      <Hsp_query-to>327</Hsp_query-to>
      <Hsp_hit-from>155</Hsp_hit-from>
      <Hsp_hit-to>343</Hsp_hit-to>
      <Hsp_query-frame>1</Hsp_query-frame>
      <Hsp_hit-frame>1</Hsp_hit-frame>
      <Hsp_identity>155</Hsp_identity>
      <Hsp_positive>155</Hsp_positive>
      <Hsp_gaps>0</Hsp_gaps>
      <Hsp_align-len>189</Hsp_align-len>
      <Hsp_qseq>TTTCAAAGGAAATGAACAAAGGAGCAAACGGAAATCAGCAATTGGAGTTACCGGCGGGATTCAGATTCCATCCGACAGACGACGAATTGGTGCAGCACTATCTCTGCAGGAAATGCGCCGGACAGTCGATTGCTGTATCAATTATAGCTGAAATTGATCTTTACAAGTTTGATCCATGGCAGTTGCCTG</Hsp_qseq>
      <Hsp_hseq>TTACAAAGAGAATGATCAAAGGAATCGTTGGAAATCAGCAATTGGGGTTACCTGCAGGATTTCGATTTCACCCTACTGATGAAGAGTTGGTGCAGCATTATTTGTGCAGGAAATGTGCAGGACAGAGTATTTCTGTTTCGATTATAGCTGAAATTGATCTTTACAAGTTTGATCCTTGGCAGTTGCCTG</Hsp_hseq>
      <Hsp_midline>|| |||||  ||||| |||||||      |||||||||||||||| |||||| || |||||  |||| || || || || || || ||||||||||| ||| | ||||||||||| || ||||||   ||| |||| || ||||||||||||||||||||||||||||||||||| |||||||||||||</Hsp_midline>
    </Hsp>
  </Hit_hsps>
</Hit>
<Hit>
  <Hit_num>26</Hit_num>
  <Hit_id>gi|21105733|gb|AF509866.1|</Hit_id>
  <Hit_def>Petunia x hybrida nam-like protein 3 (NH3) mRNA, complete cds</Hit_def>
  <Hit_accession>AF509866</Hit_accession>
  <Hit_len>1236</Hit_len>
  <Hit_hsps>
    <Hsp>
      <Hsp_num>1</Hsp_num>
      <Hsp_bit-score>517.951</Hsp_bit-score>
      <Hsp_score>573</Hsp_score>
      <Hsp_evalue>3.15755e-141</Hsp_evalue>
      <Hsp_query-from>1277</Hsp_query-from>
      <Hsp_query-to>1977</Hsp_query-to>
      <Hsp_hit-from>460</Hsp_hit-from>
      <Hsp_hit-to>1222</Hsp_hit-to>
      <Hsp_query-frame>1</Hsp_query-frame>
      <Hsp_hit-frame>1</Hsp_hit-frame>
      <Hsp_identity>583</Hsp_identity>
      <Hsp_positive>583</Hsp_positive>
      <Hsp_gaps>92</Hsp_gaps>
      <Hsp_align-len>778</Hsp_align-len>
      <Hsp_qseq>GCTTGATGATTGGGTATTGTGTCGAATATACAACAAGAAAGGCACACTTGAGAAGCATTACAATGTGGACAACAAGGAAACTACAAGCTTTGGAGAATTTGATGAAGAAATAAAACCAAAAATA-------TTGCCCA-----------------CACAATTAGCACCG------ATGCCACCACGGCCTCGATCGACACCAGCAAACGACTACTTTTATTTCGAGTCATCAGAGTCGATGACTAGAATGCACACGACAAACTCGAGCTC---TGGCTCAGAGCATGTCTTGTCGCCATGTGACAAGGAGGTTCAGAGCGCGCCCAAATGGGACGAAGACCACAGAAACACCCTTGATTTTCAGCTAAACTATTTGGATGGTTTACTAAATGAACCATTTGAAACCCAAATGCAGCAGCAAATTTGCAAC---TTTGACCAGTTCAACAATTTCCAAGACATGTTCCTATACATGCAAAAACCTTACTAAAATTGTATAAATTCATTGGATCTAAATTGAGTGTGATCCATGACATTTTCTTTGTTCTTTGGTGGTGTAGGTCAACTTTTTAT---TAA-----------------------GTAGTTTAGA-GAAGT------------ACAAAATGCTAGTCAAATTTGGTGGGCTACAGCACAAATGAGCCTTGATAAGCATAGCCAAAGAGTC-GTATAGAAGGGCTTATTATTATTGTAAG-GTATGTAAAAACAAATGAAAATTTGTTAATATCAAGTTATCATTCTTCAAA</Hsp_qseq>
      <Hsp_hseq>GCTTGATGATTGGGTATTGTGTCGGATATACAACAAGAAAGGTACACTTGAGAAGCATTACAATGTGGACAATAAGGAGGATGTAAGATTTGAGGAAGTTGAGGAAGATCAAAAACCAAATATTCTAACATTTTCACAAAGGAATGAGATGTTAACACAATTAGCACCAGCACCAATGCCACCAAGGCCACAATCGATGCCGGCAAGTGACTATTTTCATTTTGAAACGTCTGATTCAGTGACTAGAATGCATACAACAAACTCGAGCTCGAATTGCTCGGAGCATGTTTTGTCGTCGTGTGACAAGGAGGTTCAGAGTGCACCTACATGGGA---AGACCTCGAAAGTGCCCTTAATTACCAGCTAAATTATTTGGACGGTTTTCAAGATGAACCTTTTGGACCCCAAATGCAGCAGCAAAATTGCAACATTATTGACCAATTCAATCCTTTCCATGACATGTTCATGTACATGCAGAAACCATACTAAAATTGTATAAA-CCATTGGATCT-AATTGA-TGTGATCCATGACCCTTTCTTAGTTCTT---TGGTGTAGGTCAATTTTTTTTAGGTAACCGGAGGATTGGAGAGGGGTGGGGGAGTAAAGAGGAAGTGATTGAAAATTCAGAAAATGCAAGTCAAATTTGGTGGGCTATAGCTCCAATGAGCCTTGACAAGCATAGCCAGAG-GTCTATATAGAA-TGCTTAT--ATATGGTAGGTGCATGTAAAA--CAATGAAAATTTGTCAATAACAAGTTATCATTCTTCAAA</Hsp_hseq>
      <Hsp_midline>|||||||||||||||||||||||| ||||||||||||||||| ||||||||||||||||||||||||||||| |||||   |  ||| ||||  ||| |||| |||||   ||||||||| ||        || | ||                 |||||||||||||       ||||||||| |||| | |||||  || ||||  ||||| ||| |||| ||  | || || ||  ||||||||||||| || ||||||||||||||   | |||| |||||||| |||||| | |||||||||||||||||||| || || | ||||||   ||||| |  ||   ||||| |||  |||||||| |||||||| ||||| | | ||||||| |||| | |||||||||||||||||| |||||||    ||||||| |||||   |||||| ||||||||| | |||||||| ||||| |||||||||||||||||  |||||||||| |||||| |||||||||||||  |||||| ||||||   ||||||||||||| ||||| |   |||                       | |||  ||| |||||            | ||||||| ||||||||||||||||||| ||| | |||||||||||| ||||||||||| || |||  |||||||  ||||||   ||| ||| | | ||||||||   ||||||||||||| |||| |||||||||||||||||||</Hsp_midline>
    </Hsp>
    <Hsp>
      <Hsp_num>2</Hsp_num>
      <Hsp_bit-score>327.696</Hsp_bit-score>
      <Hsp_score>362</Hsp_score>
      <Hsp_evalue>3.16593e-84</Hsp_evalue>
      <Hsp_query-from>692</Hsp_query-from>
      <Hsp_query-to>967</Hsp_query-to>
      <Hsp_hit-from>185</Hsp_hit-from>
      <Hsp_hit-to>460</Hsp_hit-to>
      <Hsp_query-frame>1</Hsp_query-frame>
      <Hsp_hit-frame>1</Hsp_hit-frame>
      <Hsp_identity>238</Hsp_identity>
      <Hsp_positive>238</Hsp_positive>
      <Hsp_gaps>0</Hsp_gaps>
      <Hsp_align-len>276</Hsp_align-len>
      <Hsp_qseq>GAGAAGGCTTTGTACGGTGAAAAAGAGTGGTATTTTTTCTCACCAAGGGATAGAAAATATCCGAACGGTTCACGGCCGAACCGAGCAGCAGGAACCGGTTATTGGAAGGCAACCGGAGCTGATAAACCGGTGGGAAAACCCAAAACCTTAGGGATAAAGAAGGCACTTGTGTTCTATGCCGGAAAAGCACCCAGAGGTATAAAAACAAATTGGATTATGCACGAGTACCGCCTCGCCAACGTGGACCGCTCTGCTGGCAAGAACAATAACTTGAGG</Hsp_qseq>
      <Hsp_hseq>GAGAAGGCATTGTACGGTGAAAAGGAATGGTACTTTTTCTCTCCAAGAGATAGAAAATACCCAAATGGTTCACGGCCGAATAGAGCAGCGGGAACTGGTTATTGGAAGGCTACTGGAGCTGACAAGCCAGTGGGAAAGCCCAGGACCTTAGGGATCAAGAAGGCACTAGTGTTCTATGCTGGAAAAGCCCCTAGAGGAATCAAGACTAACTGGATAATGCACGAGTATCGTCTCGCTAATGTCGACCGCTCTGCTGGCAAGAGCAATAACTTGAGG</Hsp_hseq>
      <Hsp_midline>|||||||| |||||||||||||| || ||||| |||||||| ||||| ||||||||||| || || ||||||||||||||  ||||||| ||||| |||||||||||||| || |||||||| || || |||||||| ||||  ||||||||||| ||||||||||| ||||||||||| |||||||| || ||||| || || || || ||||| ||||||||||| || ||||| || || ||||||||||||||||||| |||||||||||||</Hsp_midline>
    </Hsp>
    <Hsp>
      <Hsp_num>3</Hsp_num>
      <Hsp_bit-score>197.854</Hsp_bit-score>
      <Hsp_score>218</Hsp_score>
      <Hsp_evalue>3.86371e-45</Hsp_evalue>
      <Hsp_query-from>144</Hsp_query-from>
      <Hsp_query-to>327</Hsp_query-to>
      <Hsp_hit-from>2</Hsp_hit-from>
      <Hsp_hit-to>185</Hsp_hit-to>
      <Hsp_query-frame>1</Hsp_query-frame>
      <Hsp_hit-frame>1</Hsp_hit-frame>
      <Hsp_identity>154</Hsp_identity>
      <Hsp_positive>154</Hsp_positive>
      <Hsp_gaps>0</Hsp_gaps>
      <Hsp_align-len>184</Hsp_align-len>
      <Hsp_qseq>AAGGAAATGAACAAAGGAGCAAACGGAAATCAGCAATTGGAGTTACCGGCGGGATTCAGATTCCATCCGACAGACGACGAATTGGTGCAGCACTATCTCTGCAGGAAATGCGCCGGACAGTCGATTGCTGTATCAATTATAGCTGAAATTGATCTTTACAAGTTTGATCCATGGCAGTTGCCTG</Hsp_qseq>
      <Hsp_hseq>AAGGAAATGATCAAAGGGGTAAGTGGAAATCAGCAATTGGAATTACCAGCTGGATTCAGATTCCATCCAACTGATGAGGAGTTAGTGCAACATTATCTCTGTCAAAAATGTGCAGGGCAGCCTATTTGTGTTTCAATTATAGCTGAAATTGATCTTTACAAGTTTGATCCATGGCAATTACCTG</Hsp_hseq>
      <Hsp_midline>|||||||||| |||||| | ||  ||||||||||||||||| ||||| || ||||||||||||||||| || || || || || ||||| || ||||||||    ||||| || || ||| | |||  ||| |||||||||||||||||||||||||||||||||||||||||||| || ||||</Hsp_midline>
    </Hsp>
  </Hit_hsps>
</Hit>
<Hit>
  <Hit_num>27</Hit_num>
  <Hit_id>gi|1778477464|gb|MK908410.1|</Hit_id>
  <Hit_def>Capsicum annuum var. annuum cultivar Fu ding lv xing NAC domain protein 1 (NAC1) mRNA, complete cds</Hit_def>
  <Hit_accession>MK908410</Hit_accession>
  <Hit_len>921</Hit_len>
  <Hit_hsps>
    <Hsp>
      <Hsp_num>1</Hsp_num>
      <Hsp_bit-score>502.623</Hsp_bit-score>
      <Hsp_score>556</Hsp_score>
      <Hsp_evalue>6.95497e-137</Hsp_evalue>
      <Hsp_query-from>1277</Hsp_query-from>
      <Hsp_query-to>1726</Hsp_query-to>
      <Hsp_hit-from>453</Hsp_hit-from>
      <Hsp_hit-to>920</Hsp_hit-to>
      <Hsp_query-frame>1</Hsp_query-frame>
      <Hsp_hit-frame>1</Hsp_hit-frame>
      <Hsp_identity>393</Hsp_identity>
      <Hsp_positive>393</Hsp_positive>
      <Hsp_gaps>24</Hsp_gaps>
      <Hsp_align-len>471</Hsp_align-len>
      <Hsp_qseq>GCTTGATGATTGGGTATTGTGTCGAATATACAACAAGAAAGGCACACTTGAGAAGCATTACAATGTGGACAACAAGGAAACTACAAGCTTTGGAGAATTTGATGAAGAAATAAAACCAAAAATATTGCCCACACAATTAGCACC------------GATGCCACCACGGCCTCGATCGACACCAGCAAACGACTACTTTTATTTCGAGTCATCAGAGTCGATG------ACTAGAATGCACACGACAAACTCGAGCTCTGGCTCAGAGCATGTCTTGTCGCCATGTGACAAGGAGGTTCAGAGCGCGCCCAAATGGGACGAAGACCACAGAA---ACACCCTTGATTTTCAGCTAAACTATTTGGATGGTTTACTAAATGAACCATTTGAAACCCAAATGCAGCAGCAAATTTGCAACTTTGACCAGTTCAACAATTTCCAAGACATGTTCCTATACATGCAAAAACCTTA</Hsp_qseq>
      <Hsp_hseq>GCTTGATGATTGGGTATTGTGTCGAATATACAACAAGAAGGGCACACTTGAGAAGTATTACAATGTGGACAACAAGGAGAGTGAGAGTTTTGGGGAATTTGAGGATGAAATAAAACCAAAAATATTTCCAACACAACTAGCACCGGCTCCGGGGCAGTGGCCCCCACGACCCCAATCAACCCCCGCAAGCGACTACTTCAACTTTGAAACATCCGAGTCGATGACTACTACTAGGATGCACACGACAAACTCGAGCTCTGGCTCAGAGCATGTCTTGTCGTCATGTGACAAGGAGGTTCAGAGTGCACCTAAATGGGAC---GACCTTGGAACCGCCGCCCTTGATTTCCAGATAAATTATTTGGATGGTTTGCTGAACGACCCTTTTGAAATCCAAATGCAGCAGCAAAATTGCAACATTGACCAGTTCAACACTTTCCAGGACATGTTCCTATACATGCAAAAACCTTA</Hsp_hseq>
      <Hsp_midline>||||||||||||||||||||||||||||||||||||||| ||||||||||||||| |||||||||||||||||||||| | |   || ||||| |||||||| || |||||||||||||||||||| || |||||| |||||||            |  ||| ||||| || | ||| || || |||| |||||||||  | || ||  |||| |||||||||      ||||| ||||||||||||||||||||||||||||||||||||||||||||| |||||||||||||||||||||| || || |||||||||   ||||   |||    | |||||||||| ||| |||| |||||||||||||| || || || || ||||||| ||||||||||||||||| ||||||| ||||||||||||||| |||||| |||||||||||||||||||||||||||||</Hsp_midline>
    </Hsp>
    <Hsp>
      <Hsp_num>2</Hsp_num>
      <Hsp_bit-score>365.567</Hsp_bit-score>
      <Hsp_score>404</Hsp_score>
      <Hsp_evalue>1.25971e-95</Hsp_evalue>
      <Hsp_query-from>680</Hsp_query-from>
      <Hsp_query-to>967</Hsp_query-to>
      <Hsp_hit-from>165</Hsp_hit-from>
      <Hsp_hit-to>453</Hsp_hit-to>
      <Hsp_query-frame>1</Hsp_query-frame>
      <Hsp_hit-frame>1</Hsp_hit-frame>
      <Hsp_identity>255</Hsp_identity>
      <Hsp_positive>255</Hsp_positive>
      <Hsp_gaps>1</Hsp_gaps>
      <Hsp_align-len>289</Hsp_align-len>
      <Hsp_qseq>TTGGTAATTGCA-GAGAAGGCTTTGTACGGTGAAAAAGAGTGGTATTTTTTCTCACCAAGGGATAGAAAATATCCGAACGGTTCACGGCCGAACCGAGCAGCAGGAACCGGTTATTGGAAGGCAACCGGAGCTGATAAACCGGTGGGAAAACCCAAAACCTTAGGGATAAAGAAGGCACTTGTGTTCTATGCCGGAAAAGCACCCAGAGGTATAAAAACAAATTGGATTATGCACGAGTACCGCCTCGCCAACGTGGACCGCTCTGCTGGCAAGAACAATAACTTGAGG</Hsp_qseq>
      <Hsp_hseq>TTGGCAGTTGCCTGAAAAGGCATTATACGGTGAAAAAGAGTGGTATTTTTTCTCACCAAGAGATAGAAAATACCCGAACGGTTCAAGGCCGAACCGGGCAGCAGGAACCGGTTATTGGAAAGCGACCGGAGCAGATAAACCGGTGGGAAAACCGAAAACATTAGGGATAAAAAAGGCACTTGTATTTTATGCTGGAAAAGCACCAAGAGGTATAAAGACTAATTGGATTATGCATGAGTATCGACTTGCTAATGTGGACAGATCTGCTGGAAAGAGTAATAACTTGAGG</Hsp_hseq>
      <Hsp_midline>|||| | ||||  || ||||| || ||||||||||||||||||||||||||||||||||| ||||||||||| |||||||||||| |||||||||| ||||||||||||||||||||||| || |||||||| |||||||||||||||||||| ||||| ||||||||||| ||||||||||| || ||||| ||||||||||| ||||||||||| || |||||||||||||| ||||| || || || || |||||| | |||||||| ||||  ||||||||||||</Hsp_midline>
    </Hsp>
    <Hsp>
      <Hsp_num>3</Hsp_num>
      <Hsp_bit-score>182.525</Hsp_bit-score>
      <Hsp_score>201</Hsp_score>
      <Hsp_evalue>2.97042e-40</Hsp_evalue>
      <Hsp_query-from>150</Hsp_query-from>
      <Hsp_query-to>327</Hsp_query-to>
      <Hsp_hit-from>1</Hsp_hit-from>
      <Hsp_hit-to>178</Hsp_hit-to>
      <Hsp_query-frame>1</Hsp_query-frame>
      <Hsp_hit-frame>1</Hsp_hit-frame>
      <Hsp_identity>147</Hsp_identity>
      <Hsp_positive>147</Hsp_positive>
      <Hsp_gaps>0</Hsp_gaps>
      <Hsp_align-len>178</Hsp_align-len>
      <Hsp_qseq>ATGAACAAAGGAGCAAACGGAAATCAGCAATTGGAGTTACCGGCGGGATTCAGATTCCATCCGACAGACGACGAATTGGTGCAGCACTATCTCTGCAGGAAATGCGCCGGACAGTCGATTGCTGTATCAATTATAGCTGAAATTGATCTTTACAAGTTTGATCCATGGCAGTTGCCTG</Hsp_qseq>
      <Hsp_hseq>ATGATCAAAGGAATCGTTGGAAATCAGCAATTGGGGTTACCTGCAGGATTTCGATTTCACCCTACTGATGAAGAGTTGGTGCAGCATTATTTGTGCAGGAAATGTGCAGGACAGAGTATTTCTGTTTCGATTATAGCTGAAATTGATCTTTACAAGTTTGATCCTTGGCAGTTGCCTG</Hsp_hseq>
      <Hsp_midline>|||| |||||||      |||||||||||||||| |||||| || |||||  |||| || || || || || || ||||||||||| ||| | ||||||||||| || ||||||   ||| |||| || ||||||||||||||||||||||||||||||||||| |||||||||||||</Hsp_midline>
    </Hsp>
  </Hit_hsps>
</Hit>
<Hit>
  <Hit_num>28</Hit_num>
  <Hit_id>gi|1833234696|ref|XM_018775153.2|</Hit_id>
  <Hit_def>PREDICTED: Nicotiana tomentosiformis protein ATAF2-like (LOC104109142), transcript variant X1, mRNA</Hit_def>
  <Hit_accession>XM_018775153</Hit_accession>
  <Hit_len>1387</Hit_len>
  <Hit_hsps>
    <Hsp>
      <Hsp_num>1</Hsp_num>
      <Hsp_bit-score>450.325</Hsp_bit-score>
      <Hsp_score>498</Hsp_score>
      <Hsp_evalue>3.85008e-121</Hsp_evalue>
      <Hsp_query-from>1277</Hsp_query-from>
      <Hsp_query-to>1977</Hsp_query-to>
      <Hsp_hit-from>601</Hsp_hit-from>
      <Hsp_hit-to>1387</Hsp_hit-to>
      <Hsp_query-frame>1</Hsp_query-frame>
      <Hsp_hit-frame>1</Hsp_hit-frame>
      <Hsp_identity>574</Hsp_identity>
      <Hsp_positive>574</Hsp_positive>
      <Hsp_gaps>100</Hsp_gaps>
      <Hsp_align-len>794</Hsp_align-len>
      <Hsp_qseq>GCTTGATGATTGGGTATTGTGTCGAATATACAACAAGAAAGGCACACTTGAGAAGCATTACAATGTGGACAACAAGGAAACTACAAGCTTTGGAGAATTTGATGAAGAAAT---AAAACCAAAAATATTGCC-------CA-----------------CACAATTAGCACC------GATGCCACCACGGCCTCGATCGACACCAGCAAACGACTACTTTTATTTCGAGTCATCAGAGTCGATGACTAGAATGCACACGACAAACTCGAGCTCTGGCTCAGAGCATGTCTTGTCGCCATGTGACAAGGAGGTTCAGAGCGCGCCCAAATGGGACGAAGACCACAGAAACACCCTTGATTTTCAGCTAAACTATTTGGATGGTTTACTAAATGAACCATTTGAAACCCAAATGCAGCAGCAAATTTGCAACTTTGACCAGTTCAACAATTTCCAAGACATGTTCCTATACATGCAAAAACCTTACTA----------AAATTGT------ATAA----ATTCATTGGATCTAAATTGAGTGTGATCC-ATGACATTTTCTTTGTTCTTT-----------GGTGGTGTAGGTCAACTTTTTATTAAGTAGTTT-----------AGAGAAG--------------TACAAAATGCTAGTCAAATTTGGTGGGCTACAGCACAAATGAGCCTTGATAAGCATAGCCAAAGAGTCGTATAGAAGGGCTTATTA-TTATTGTAAGGT--ATGTAAAAACAAATGAAAATTTGTTAATATCAAGTTATCATTCTTCAAA</Hsp_qseq>
      <Hsp_hseq>GCTTGATGATTGGGTATTGTGTCGAATATACAACAAGAAGGGCACACTAGAGAAGTATTACAATGTGGATAACAAGGAGCATTTGGGCTTCGAAGAAGTTGAGGAAGAAGAGGAAAAACCAAAAATTTTACCATTTTCACAAAGTAATGAGTTGATAGCACGACTAGCACCAACGCCGATGCCATCGCGGCCACAATCGATGCCGGGGAGTGACTACTTTCACTTCGAAACGTCTGAGTCGATGACTCGAATGCATACAACAAACTCGAGCTCTGGGTCAGAATATGTTTTGTCGTCGTGTGACAAGGAGGTCCAAAGTGCTCCCAAATGGGACGATCTCGAC---AAGGCCCTTGATTTCCAGCTAAATTATTTGGACAACTTCCAATATGACCCTTTCGAGGCCCAAATGCAGCTGCAAAATTGCAACACTGATCAGTTCAATTCTTTCCAAGACATGTTCGTATACATGCAGAAACCTTATTATTCCGGTGCGAATTTCTCCCTTACTAATTGTAATCATTGGAT-TTAACTGAATGTGATCCAAGGCCCTCCTCTTAGTTCTTTCAACTTTATTCTTTGGGGTAGGTCAACTTTTTATTTTGGGGGTTGGGGGTGGGGGAGGGATGGGGGTGGTGAAATATAGAAAATGCAAGTCAAATTTGGTGGGCTATAGCTCAAGTGAGCCTTGACAAGCATAGCCAGAGGACTATATAG-AGGGCTTATCACTTATGGT-AGGTACATGT-AAAATAAATGAAAATTTGTTAATATCAAGTTATCATTCTTCAAA</Hsp_hseq>
      <Hsp_midline>||||||||||||||||||||||||||||||||||||||| |||||||| |||||| ||||||||||||| ||||||||   |    |||| | |||| |||| ||||||     |||||||||||| || ||       ||                 ||| | |||||||      ||||||| | ||||| | |||||  || |  |  ||||||||| | |||||  | || |||||||||||| ||||||| || ||||||||||||||||| |||||  |||| |||||| | |||||||||||||| || || || ||||||||||||||   | ||   ||  |||||||||| |||||||| ||||||||    || | | |||| || || ||  |||||||||||| ||||| |||||||  ||| ||||||||   |||||||||||||||| |||||||||| |||||||| ||          || || |       |||    | ||||||||| | || ||| |||||||| | | | |  |||| |||||||             ||| ||||||||||||||||||  |  | ||           || || |              || ||||||| ||||||||||||||||||| ||| ||| |||||||||| ||||||||||| ||     ||||| ||||||||| | |||| || ||||  |||| |||| |||||||||||||||||||||||||||||||||||||||</Hsp_midline>
    </Hsp>
    <Hsp>
      <Hsp_num>2</Hsp_num>
      <Hsp_bit-score>356.55</Hsp_bit-score>
      <Hsp_score>394</Hsp_score>
      <Hsp_evalue>6.52546e-93</Hsp_evalue>
      <Hsp_query-from>680</Hsp_query-from>
      <Hsp_query-to>967</Hsp_query-to>
      <Hsp_hit-from>313</Hsp_hit-from>
      <Hsp_hit-to>601</Hsp_hit-to>
      <Hsp_query-frame>1</Hsp_query-frame>
      <Hsp_hit-frame>1</Hsp_hit-frame>
      <Hsp_identity>253</Hsp_identity>
      <Hsp_positive>253</Hsp_positive>
      <Hsp_gaps>1</Hsp_gaps>
      <Hsp_align-len>289</Hsp_align-len>
      <Hsp_qseq>TTGGTAATTGCA-GAGAAGGCTTTGTACGGTGAAAAAGAGTGGTATTTTTTCTCACCAAGGGATAGAAAATATCCGAACGGTTCACGGCCGAACCGAGCAGCAGGAACCGGTTATTGGAAGGCAACCGGAGCTGATAAACCGGTGGGAAAACCCAAAACCTTAGGGATAAAGAAGGCACTTGTGTTCTATGCCGGAAAAGCACCCAGAGGTATAAAAACAAATTGGATTATGCACGAGTACCGCCTCGCCAACGTGGACCGCTCTGCTGGCAAGAACAATAACTTGAGG</Hsp_qseq>
      <Hsp_hseq>TTGGCAATTACCTGAGAAGGCTTTGCACGGCGAAAAGGAATGGTACTTTTTCTCACCAAGAGATAGAAAATATCCGAACGGTTCACGGCCGAACAGAGCGGCCGGAACCGGTTACTGGAAGGCAACCGGAGCTGATAAGCCAGTGGGAAAGCCCAAGACTTTAGGGATAAAAAAGGCGTTAGTGTTCTATGCAGGAAAAGCACCTAGAGGAATCAAAACCAATTGGATAATGCACGAATATCGACTCGCTAATGTGGACCGGTCTGCTGGCAAGAGCAATAACTTGAGG</Hsp_hseq>
      <Hsp_midline>|||| |||| |  |||||||||||| |||| ||||| || ||||| |||||||||||||| ||||||||||||||||||||||||||||||||| |||| || ||||||||||| ||||||||||||||||||||||| || |||||||| ||||| || ||||||||||| |||||  | ||||||||||| ||||||||||| ||||| || ||||| |||||||| |||||||| || || ||||| || |||||||| ||||||||||||| |||||||||||||</Hsp_midline>
    </Hsp>
    <Hsp>
      <Hsp_num>3</Hsp_num>
      <Hsp_bit-score>215.887</Hsp_bit-score>
      <Hsp_score>238</Hsp_score>
      <Hsp_evalue>1.43987e-50</Hsp_evalue>
      <Hsp_query-from>127</Hsp_query-from>
      <Hsp_query-to>327</Hsp_query-to>
      <Hsp_hit-from>125</Hsp_hit-from>
      <Hsp_hit-to>326</Hsp_hit-to>
      <Hsp_query-frame>1</Hsp_query-frame>
      <Hsp_hit-frame>1</Hsp_hit-frame>
      <Hsp_identity>171</Hsp_identity>
      <Hsp_positive>171</Hsp_positive>
      <Hsp_gaps>5</Hsp_gaps>
      <Hsp_align-len>204</Hsp_align-len>
      <Hsp_qseq>GAAGAGTGAGAATTTCAAAGGAAATGAACAAAGGAGCAAACGGAAATCAGC---AATTGGAGTTACCGGCGGGATTCAGATTCCATCCGACAGACGACGAATTGGTGCAGCACTATCTCTGCAGGAAATGCGCCGGACAGTCGATTGCTGTATCAATTATAGCTGAAATTGATCTTTACAAGTTTGATCCATGGCAGTTGCCTG</Hsp_qseq>
      <Hsp_hseq>GAAGAGTGAGATTTG--AAGGAAATGATCAAAGGCGTACTCAGAAATCAGCAGCAATTGGAATTACCAGCGGGATTTAGATTCCATCCAACGGATGACGAATTAGTTCAACACTATCTCTGCCGTAAATGCGCAGGACAGCCTATCTCTGTTTCAATTATAGCTGAAATTGATCTTTACAAGTTTGATCCTTGGCAATTACCTG</Hsp_hseq>
      <Hsp_midline>||||||||||| ||   |||||||||| |||||| | |  | |||||||||   ||||||| ||||| |||||||| ||||||||||| || || |||||||| || || |||||||||||| | |||||||| |||||| | ||  |||| |||||||||||||||||||||||||||||||||||||| ||||| || ||||</Hsp_midline>
    </Hsp>
  </Hit_hsps>
</Hit>
<Hit>
  <Hit_num>29</Hit_num>
  <Hit_id>gi|1027853719|ref|NM_001325379.1|</Hit_id>
  <Hit_def>Nicotiana tabacum NAC domain-containing protein 2-like (LOC107784516), mRNA</Hit_def>
  <Hit_accession>NM_001325379</Hit_accession>
  <Hit_len>1347</Hit_len>
  <Hit_hsps>
    <Hsp>
      <Hsp_num>1</Hsp_num>
      <Hsp_bit-score>410.651</Hsp_bit-score>
      <Hsp_score>454</Hsp_score>
      <Hsp_evalue>3.37729e-109</Hsp_evalue>
      <Hsp_query-from>1277</Hsp_query-from>
      <Hsp_query-to>1961</Hsp_query-to>
      <Hsp_hit-from>587</Hsp_hit-from>
      <Hsp_hit-to>1347</Hsp_hit-to>
      <Hsp_query-frame>1</Hsp_query-frame>
      <Hsp_hit-frame>1</Hsp_hit-frame>
      <Hsp_identity>554</Hsp_identity>
      <Hsp_positive>554</Hsp_positive>
      <Hsp_gaps>114</Hsp_gaps>
      <Hsp_align-len>780</Hsp_align-len>
      <Hsp_qseq>GCTTGATGATTGGGTATTGTGTCGAATATACAACAAGAAAGGCACACTTGAGAAGCATTACAATGTGGACAACAAGGAAACTACAAGCTTTGGAGAATTTGATGAAGAAAT---AAAACCAAAAATATTGCC-------CA-----------------CACAATTAGCACC------GATGCCACCACGGCCTCGATCGACACCAGCAAACGACTACTTTTATTTCGAGTCATCAGAGTCGATGACTAGAATGCACACGACAAACTCGAGCTCTGGCTCAGAGCATGTCTTGTCGCCATGTGACAAGGAGGTTCAGAGCGCGCCCAAATGGGACGAAGACCACAGAAACACCCTTGATTTTCAGCTAAACTATTTGGATGGTTTACTAAATGAACCATTTGAAACCCAAATGCAGCAGCAAATTTGCAACTTTGACCAGTTCAACAATTTCCAAGACATGTTCCTATACATGCAAAAACCTTACTAA------------------------AATTGTATAA--AT--TCATTGGATCTAAATTGAGTGTGATCCATGACATTTTCTTTGTTCTTT-----------GGTGGTGTAGGTCAACT--TTTTATTAAGTAGT------TTAGAGAAG-------------TACAAAATGCTAGTCAAATTTGGTGGGCTACAGCACAAATGAGCCTTGATAAGCATAGCCAAAGAGTCGTATAGAAGGGCTTATTATTATTGTAAGGT--ATGTAAAAACAAATGAAAATTTGTTAATATCAA</Hsp_qseq>
      <Hsp_hseq>GCTTGACGATTGGGTATTGTGTCGAATATACAACAAGAAGGGCACACTTGAGAAGTATTACAATGTGGATAACAAGGAACATTTGGGCTTCGATGAAGTTGAGGAAGAAGAGGAAAAACCAAAAGTTTTACCATTTTCACAAAGTAATGAGTTGATAGCACAATTAGCACCAGCGCCGATGCCACCGCGGCCACAATCGATGCCGGG------CTACTTTCACTTTGAAACGTCCGAGTCGATGACTAGGATGCATACAACAAACTCGAGCTCTGGGTCAGAGCATGTTTTGTCGTCGTGTAATAAGGAGGTCCAAAGTGCTCCCAAATGGGACGACCTCGACA---ATGCCCTTGATTTCCAGCTAAATTATTTGGACAGCTTCCAATATGACCCTTTTGAGCCCCAAATGCAGCAGCAAAATTGCAACATTGATCAGTTCAATTCTTTCCAAGACATGTTCGTATACATGCAGAAACCTTACTAATCCGGCGCGAATATCTCCCCTACTAATTGTATAATCATGGCAATTGGAT-TTAACTGATTGTGATCCAAGGCCTCCTCTTAGTTCTTTCAACTTTATTCTTTGGTGTAGGTCAATTTGTTTTTTTGGGGGGTGGGGGCTGAGGGGAGGTGGGGTGAATTATAGAAAATGCAAGTCAAATTTGATGGGCTATAGCTCAAGTGAGCCTTGACAAGCATAGCCAGAGGACTATGTTGAA-GGCTTA-------TGGTAGGTACATGT-AAAACAAATGAAAATTTGTTAATATCAA</Hsp_hseq>
      <Hsp_midline>|||||| |||||||||||||||||||||||||||||||| ||||||||||||||| ||||||||||||| |||||||||  |    |||| |  ||| |||| ||||||     |||||||||| | || ||       ||                 |||||||||||||      ||||||||| ||||| | |||||  || |       ||||||| | || ||  | || |||||||||||||| ||||| || ||||||||||||||||| ||||||||||| |||||| | ||| | |||||||| || || || ||||||||||||||   | |||   |  |||||||||| |||||||| ||||||||  | || | | |||| || |||||  |||||||||||||||||| ||||||| |||| ||||||||   |||||||||||||||| |||||||||| ||||||||||||                        ||||||||||  ||    ||||||| | || ||| ||||||||| | | |  |||| |||||||             ||||||||||||| |  |||| ||  |  ||      | || | ||             || ||||||| ||||||||||| ||||||| ||| ||| |||||||||| ||||||||||| ||     | | ||| ||||||       ||  ||||  |||| ||||||||||||||||||||||||||||</Hsp_midline>
    </Hsp>
    <Hsp>
      <Hsp_num>2</Hsp_num>
      <Hsp_bit-score>333.106</Hsp_bit-score>
      <Hsp_score>368</Hsp_score>
      <Hsp_evalue>7.44555e-86</Hsp_evalue>
      <Hsp_query-from>680</Hsp_query-from>
      <Hsp_query-to>967</Hsp_query-to>
      <Hsp_hit-from>296</Hsp_hit-from>
      <Hsp_hit-to>587</Hsp_hit-to>
      <Hsp_query-frame>1</Hsp_query-frame>
      <Hsp_hit-frame>1</Hsp_hit-frame>
      <Hsp_identity>250</Hsp_identity>
      <Hsp_positive>250</Hsp_positive>
      <Hsp_gaps>4</Hsp_gaps>
      <Hsp_align-len>292</Hsp_align-len>
      <Hsp_qseq>TTGGTAATTGCA-GAGAAGGCTTTGTACGGTGAAAAAGAGTGGTATTTTTTCTCACCAAGGGATAGAAAATATCCGAACGGTTCACGGCCGAACCGAGCAGCAGGAACCGGTTATTGGAAGGCAACCGGAGCTGATAAACCGGTGGGAAAACCCAAAACCTTAGGGATAAAGAAGGCACTTGTGTTCTATGCCGGAAAAGCACCCAGAGGTATAAAAACAAATTGGATTATGCACGAGTACCGCCTCGCCAACGTGGACCGCTCTGCTGGCAAG---AACAATAACTTGAGG</Hsp_qseq>
      <Hsp_hseq>TTGGCAATTACCTGAGAAGGCTTCGCACGGTGAAAAGGAATGGTATTTTTTCTCACCAAGAGATAGAAAATATCCGAACGGCTCACGGCCAAACAGAGCGGCCGGAGCCGGTTACTGGAAGGCCACCGGAGCTGATAAGCCAGTGGGAAAGCCCAAGACTTTAGGGATAAAGAAGGCGTTAGTGTTTTACGCTGGAAAAGCACCCAGAGGAATCAAAACCAATTGGATAATGCACGAATATCGACTCGCTAATGTGGACCGGTCTGCTGGCAAGAGCAATAATAACTTGAGG</Hsp_hseq>
      <Hsp_midline>|||| |||| |  |||||||||| | |||||||||| || |||||||||||||||||||| |||||||||||||||||||| |||||||| ||| |||| || ||| ||||||| |||||||| |||||||||||||| || |||||||| ||||| || |||||||||||||||||  | ||||| || || ||||||||||||||||| || ||||| |||||||| |||||||| || || ||||| || |||||||| ||||||||||||   || ||||||||||||</Hsp_midline>
    </Hsp>
    <Hsp>
      <Hsp_num>3</Hsp_num>
      <Hsp_bit-score>205.969</Hsp_bit-score>
      <Hsp_score>227</Hsp_score>
      <Hsp_evalue>2.60335e-47</Hsp_evalue>
      <Hsp_query-from>127</Hsp_query-from>
      <Hsp_query-to>327</Hsp_query-to>
      <Hsp_hit-from>107</Hsp_hit-from>
      <Hsp_hit-to>309</Hsp_hit-to>
      <Hsp_query-frame>1</Hsp_query-frame>
      <Hsp_hit-frame>1</Hsp_hit-frame>
      <Hsp_identity>169</Hsp_identity>
      <Hsp_positive>169</Hsp_positive>
      <Hsp_gaps>4</Hsp_gaps>
      <Hsp_align-len>204</Hsp_align-len>
      <Hsp_qseq>GAAGAGTGAGAATTTCAAAGGAAATGAACAAAGGAGCAAACGGAAATCAGC---AATTGGAGTTACCGGCGGGATTCAGATTCCATCCGACAGACGACGAATTGGTGCAGCACTATCTCTGCAGGAAATGCGCCGGACAGTCGATTGCTGTATCAATTATAGCTGAAATTGATCTTTACAAGTTTGATCCATGGCAGTTGCCTG</Hsp_qseq>
      <Hsp_hseq>GAAGAGTGA-AATTTTGAAGGAAATGATCAAAGGCGTACACAGAAATCAGCAGCAATTGGAATTACCAGCGGGATTTAGATTCCATCCAACGGATGAGGAATTAGTTCAACATTATCTCTGCCGTAAATGCGCTGGGCAGCCTATATCTGTTTCAATTATAGCTGAAATTGATCTTTGCAAGTTTGATCCTTGGCAATTACCTG</Hsp_hseq>
      <Hsp_midline>||||||||| |||||  |||||||||| |||||| | | || |||||||||   ||||||| ||||| |||||||| ||||||||||| || || || ||||| || || || ||||||||| | |||||||| || ||| | ||  |||| ||||||||||||||||||||||||| |||||||||||| ||||| || ||||</Hsp_midline>
    </Hsp>
  </Hit_hsps>
</Hit>
<Hit>
  <Hit_num>30</Hit_num>
  <Hit_id>gi|311780298|gb|HQ413134.1|</Hit_id>
  <Hit_def>Nicotiana tabacum NAC transcription factor (NAC) mRNA, complete cds</Hit_def>
  <Hit_accession>HQ413134</Hit_accession>
  <Hit_len>1348</Hit_len>
  <Hit_hsps>
    <Hsp>
      <Hsp_num>1</Hsp_num>
      <Hsp_bit-score>410.651</Hsp_bit-score>
      <Hsp_score>454</Hsp_score>
      <Hsp_evalue>3.37729e-109</Hsp_evalue>
      <Hsp_query-from>1277</Hsp_query-from>
      <Hsp_query-to>1961</Hsp_query-to>
      <Hsp_hit-from>588</Hsp_hit-from>
      <Hsp_hit-to>1348</Hsp_hit-to>
      <Hsp_query-frame>1</Hsp_query-frame>
      <Hsp_hit-frame>1</Hsp_hit-frame>
      <Hsp_identity>554</Hsp_identity>
      <Hsp_positive>554</Hsp_positive>
      <Hsp_gaps>114</Hsp_gaps>
      <Hsp_align-len>780</Hsp_align-len>
      <Hsp_qseq>GCTTGATGATTGGGTATTGTGTCGAATATACAACAAGAAAGGCACACTTGAGAAGCATTACAATGTGGACAACAAGGAAACTACAAGCTTTGGAGAATTTGATGAAGAAAT---AAAACCAAAAATATTGCC-------CA-----------------CACAATTAGCACC------GATGCCACCACGGCCTCGATCGACACCAGCAAACGACTACTTTTATTTCGAGTCATCAGAGTCGATGACTAGAATGCACACGACAAACTCGAGCTCTGGCTCAGAGCATGTCTTGTCGCCATGTGACAAGGAGGTTCAGAGCGCGCCCAAATGGGACGAAGACCACAGAAACACCCTTGATTTTCAGCTAAACTATTTGGATGGTTTACTAAATGAACCATTTGAAACCCAAATGCAGCAGCAAATTTGCAACTTTGACCAGTTCAACAATTTCCAAGACATGTTCCTATACATGCAAAAACCTTACTAA------------------------AATTGTATAA--AT--TCATTGGATCTAAATTGAGTGTGATCCATGACATTTTCTTTGTTCTTT-----------GGTGGTGTAGGTCAACT--TTTTATTAAGTAGT------TTAGAGAAG-------------TACAAAATGCTAGTCAAATTTGGTGGGCTACAGCACAAATGAGCCTTGATAAGCATAGCCAAAGAGTCGTATAGAAGGGCTTATTATTATTGTAAGGT--ATGTAAAAACAAATGAAAATTTGTTAATATCAA</Hsp_qseq>
      <Hsp_hseq>GCTTGACGATTGGGTATTGTGTCGAATATACAACAAGAAGGGCACACTTGAGAAGTATTACAATGTGGATAACAAGGAACATTTGGGCTTCGATGAAGTTGAGGAAGAAGAGGAAAAACCAAAAGTTTTACCATTTTCACAAAGTAATGAGTTGATAGCACAATTAGCACCAGCGCCGATGCCACCGCGGCCACAATCGATGCCGGG------CTACTTTCACTTTGAAACGTCCGAGTCGATGACTAGGATGCATACAACAAACTCGAGCTCTGGGTCAGAGCATGTTTTGTCGTCGTGTAATAAGGAGGTCCAAAGTGCTCCCAAATGGGACGACCTCGACA---ATGCCCTTGATTTCCAGCTAAATTATTTGGACAGCTTCCAATATGACCCTTTTGAGCCCCAAATGCAGCAGCAAAATTGCAACATTGATCAGTTCAATTCTTTCCAAGACATGTTCGTATACATGCAGAAACCTTACTAATCCGGCGCGAATATCTCCCCTACTAATTGTATAATCATGGCAATTGGAT-TTAACTGATTGTGATCCAAGGCCTCCTCTTAGTTCTTTCAACTTTATTCTTTGGTGTAGGTCAATTTGTTTTTTTGGGGGGTGGGGGCTGAGGGGAGGTGGGGTGAATTATAGAAAATGCAAGTCAAATTTGATGGGCTATAGCTCAAGTGAGCCTTGACAAGCATAGCCAGAGGACTATGTTGAA-GGCTTA-------TGGTAGGTACATGT-AAAACAAATGAAAATTTGTTAATATCAA</Hsp_hseq>
      <Hsp_midline>|||||| |||||||||||||||||||||||||||||||| ||||||||||||||| ||||||||||||| |||||||||  |    |||| |  ||| |||| ||||||     |||||||||| | || ||       ||                 |||||||||||||      ||||||||| ||||| | |||||  || |       ||||||| | || ||  | || |||||||||||||| ||||| || ||||||||||||||||| ||||||||||| |||||| | ||| | |||||||| || || || ||||||||||||||   | |||   |  |||||||||| |||||||| ||||||||  | || | | |||| || |||||  |||||||||||||||||| ||||||| |||| ||||||||   |||||||||||||||| |||||||||| ||||||||||||                        ||||||||||  ||    ||||||| | || ||| ||||||||| | | |  |||| |||||||             ||||||||||||| |  |||| ||  |  ||      | || | ||             || ||||||| ||||||||||| ||||||| ||| ||| |||||||||| ||||||||||| ||     | | ||| ||||||       ||  ||||  |||| ||||||||||||||||||||||||||||</Hsp_midline>
    </Hsp>
    <Hsp>
      <Hsp_num>2</Hsp_num>
      <Hsp_bit-score>333.106</Hsp_bit-score>
      <Hsp_score>368</Hsp_score>
      <Hsp_evalue>7.44555e-86</Hsp_evalue>
      <Hsp_query-from>680</Hsp_query-from>
      <Hsp_query-to>967</Hsp_query-to>
      <Hsp_hit-from>297</Hsp_hit-from>
      <Hsp_hit-to>588</Hsp_hit-to>
      <Hsp_query-frame>1</Hsp_query-frame>
      <Hsp_hit-frame>1</Hsp_hit-frame>
      <Hsp_identity>250</Hsp_identity>
      <Hsp_positive>250</Hsp_positive>
      <Hsp_gaps>4</Hsp_gaps>
      <Hsp_align-len>292</Hsp_align-len>
      <Hsp_qseq>TTGGTAATTGCA-GAGAAGGCTTTGTACGGTGAAAAAGAGTGGTATTTTTTCTCACCAAGGGATAGAAAATATCCGAACGGTTCACGGCCGAACCGAGCAGCAGGAACCGGTTATTGGAAGGCAACCGGAGCTGATAAACCGGTGGGAAAACCCAAAACCTTAGGGATAAAGAAGGCACTTGTGTTCTATGCCGGAAAAGCACCCAGAGGTATAAAAACAAATTGGATTATGCACGAGTACCGCCTCGCCAACGTGGACCGCTCTGCTGGCAAG---AACAATAACTTGAGG</Hsp_qseq>
      <Hsp_hseq>TTGGCAATTACCTGAGAAGGCTTCGCACGGTGAAAAGGAATGGTATTTTTTCTCACCAAGAGATAGAAAATATCCGAACGGCTCACGGCCAAACAGAGCGGCCGGAGCCGGTTACTGGAAGGCCACCGGAGCTGATAAGCCAGTGGGAAAGCCCAAGACTTTAGGGATAAAGAAGGCGTTAGTGTTTTACGCTGGAAAAGCACCCAGAGGAATCAAAACCAATTGGATAATGCACGAATATCGACTCGCTAATGTGGACCGGTCTGCTGGCAAGAGCAATAATAACTTGAGG</Hsp_hseq>
      <Hsp_midline>|||| |||| |  |||||||||| | |||||||||| || |||||||||||||||||||| |||||||||||||||||||| |||||||| ||| |||| || ||| ||||||| |||||||| |||||||||||||| || |||||||| ||||| || |||||||||||||||||  | ||||| || || ||||||||||||||||| || ||||| |||||||| |||||||| || || ||||| || |||||||| ||||||||||||   || ||||||||||||</Hsp_midline>
    </Hsp>
    <Hsp>
      <Hsp_num>3</Hsp_num>
      <Hsp_bit-score>205.969</Hsp_bit-score>
      <Hsp_score>227</Hsp_score>
      <Hsp_evalue>2.60335e-47</Hsp_evalue>
      <Hsp_query-from>127</Hsp_query-from>
      <Hsp_query-to>327</Hsp_query-to>
      <Hsp_hit-from>108</Hsp_hit-from>
      <Hsp_hit-to>310</Hsp_hit-to>
      <Hsp_query-frame>1</Hsp_query-frame>
      <Hsp_hit-frame>1</Hsp_hit-frame>
      <Hsp_identity>169</Hsp_identity>
      <Hsp_positive>169</Hsp_positive>
      <Hsp_gaps>4</Hsp_gaps>
      <Hsp_align-len>204</Hsp_align-len>
      <Hsp_qseq>GAAGAGTGAGAATTTCAAAGGAAATGAACAAAGGAGCAAACGGAAATCAGC---AATTGGAGTTACCGGCGGGATTCAGATTCCATCCGACAGACGACGAATTGGTGCAGCACTATCTCTGCAGGAAATGCGCCGGACAGTCGATTGCTGTATCAATTATAGCTGAAATTGATCTTTACAAGTTTGATCCATGGCAGTTGCCTG</Hsp_qseq>
      <Hsp_hseq>GAAGAGTGA-AATTTTGAAGGAAATGATCAAAGGCGTACACAGAAATCAGCAGCAATTGGAATTACCAGCGGGATTTAGATTCCATCCAACGGATGAGGAATTAGTTCAACATTATCTCTGCCGTAAATGCGCTGGGCAGCCTATATCTGTTTCAATTATAGCTGAAATTGATCTTTGCAAGTTTGATCCTTGGCAATTACCTG</Hsp_hseq>
      <Hsp_midline>||||||||| |||||  |||||||||| |||||| | | || |||||||||   ||||||| ||||| |||||||| ||||||||||| || || || ||||| || || || ||||||||| | |||||||| || ||| | ||  |||| ||||||||||||||||||||||||| |||||||||||| ||||| || ||||</Hsp_midline>
    </Hsp>
  </Hit_hsps>
</Hit>
<Hit>
  <Hit_num>31</Hit_num>
  <Hit_id>gi|698478278|ref|XM_009788007.1|</Hit_id>
  <Hit_def>PREDICTED: Nicotiana sylvestris NAC domain-containing protein 2-like (LOC104234443), mRNA</Hit_def>
  <Hit_accession>XM_009788007</Hit_accession>
  <Hit_len>1119</Hit_len>
  <Hit_hsps>
    <Hsp>
      <Hsp_num>1</Hsp_num>
      <Hsp_bit-score>380.895</Hsp_bit-score>
      <Hsp_score>421</Hsp_score>
      <Hsp_evalue>5.71908e-100</Hsp_evalue>
      <Hsp_query-from>1277</Hsp_query-from>
      <Hsp_query-to>1730</Hsp_query-to>
      <Hsp_hit-from>558</Hsp_hit-from>
      <Hsp_hit-to>1035</Hsp_hit-to>
      <Hsp_query-frame>1</Hsp_query-frame>
      <Hsp_hit-frame>1</Hsp_hit-frame>
      <Hsp_identity>374</Hsp_identity>
      <Hsp_positive>374</Hsp_positive>
      <Hsp_gaps>42</Hsp_gaps>
      <Hsp_align-len>487</Hsp_align-len>
      <Hsp_qseq>GCTTGATGATTGGGTATTGTGTCGAATATACAACAAGAAAGGCACACTTGAGAAGCATTACAATGTGGACAACAAGGAAACTACAAGCTTTGGAGAATTTGATGAAGAAAT---AAAACCAAAAATATTGCC-------CA-----------------CACAATTAGCACC------GATGCCACCACGGCCTCGATCGACACCAGCAAACGACTACTTTTATTTCGAGTCATCAGAGTCGATGACTAGAATGCACACGACAAACTCGAGCTCTGGCTCAGAGCATGTCTTGTCGCCATGTGACAAGGAGGTTCAGAGCGCGCCCAAATGGGACGAAGACCACAGAAACACCCTTGATTTTCAGCTAAACTATTTGGATGGTTTACTAAATGAACCATTTGAAACCCAAATGCAGCAGCAAATTTGCAACTTTGACCAGTTCAACAATTTCCAAGACATGTTCCTATACATGCAAAAACCTTACTAA</Hsp_qseq>
      <Hsp_hseq>GCTTGACGATTGGGTATTGTGTCGAATATACAACAAGAAGGGCACACTTGAGAAGTATTACAATGTGGATAACAAGGAACATTTGGGCTTCGATGAAGTTGAGGAAGAAGAGGAAAAACCAAAAATTTTACCATTTTCACAAAGTAATGAGTTGATAGCACAATTAGCACCAGCGCCGATGCCACCGCGGCCACAATCGATGCCGGG------CTACTTTCACTTTGAAACGTCCGAGTCGATGACTAGGATGCATACAACAAACTCGAGCTCTGGGTCAGAGCATGTTTTGTCGTCGTGTGATAAGGAGGTCCAAAGTGCTCCCAAATGGGACGACCTCGACA---ATGCCCTTGATTTCCAGCTAAATTATTTGGACAGCTTCCAATATGACCCTTTTGAGCCCCAAATGCAGCAGCAAAATTGCAACATTGATCAGTTCAATTCTTTCCAAGACATGTTCGTATACATGCAGAAACCTTACTAA</Hsp_hseq>
      <Hsp_midline>|||||| |||||||||||||||||||||||||||||||| ||||||||||||||| ||||||||||||| |||||||||  |    |||| |  ||| |||| ||||||     |||||||||||| || ||       ||                 |||||||||||||      ||||||||| ||||| | |||||  || |       ||||||| | || ||  | || |||||||||||||| ||||| || ||||||||||||||||| ||||||||||| |||||| | ||||| |||||||| || || || ||||||||||||||   | |||   |  |||||||||| |||||||| ||||||||  | || | | |||| || |||||  |||||||||||||||||| ||||||| |||| ||||||||   |||||||||||||||| |||||||||| ||||||||||||</Hsp_midline>
    </Hsp>
    <Hsp>
      <Hsp_num>2</Hsp_num>
      <Hsp_bit-score>337.615</Hsp_bit-score>
      <Hsp_score>373</Hsp_score>
      <Hsp_evalue>6.11168e-87</Hsp_evalue>
      <Hsp_query-from>680</Hsp_query-from>
      <Hsp_query-to>967</Hsp_query-to>
      <Hsp_hit-from>267</Hsp_hit-from>
      <Hsp_hit-to>558</Hsp_hit-to>
      <Hsp_query-frame>1</Hsp_query-frame>
      <Hsp_hit-frame>1</Hsp_hit-frame>
      <Hsp_identity>251</Hsp_identity>
      <Hsp_positive>251</Hsp_positive>
      <Hsp_gaps>4</Hsp_gaps>
      <Hsp_align-len>292</Hsp_align-len>
      <Hsp_qseq>TTGGTAATTGCA-GAGAAGGCTTTGTACGGTGAAAAAGAGTGGTATTTTTTCTCACCAAGGGATAGAAAATATCCGAACGGTTCACGGCCGAACCGAGCAGCAGGAACCGGTTATTGGAAGGCAACCGGAGCTGATAAACCGGTGGGAAAACCCAAAACCTTAGGGATAAAGAAGGCACTTGTGTTCTATGCCGGAAAAGCACCCAGAGGTATAAAAACAAATTGGATTATGCACGAGTACCGCCTCGCCAACGTGGACCGCTCTGCTGGCAAG---AACAATAACTTGAGG</Hsp_qseq>
      <Hsp_hseq>TTGGCAATTACCTGAGAAGGCTTTGCACGGTGAAAAGGAATGGTATTTTTTCTCACCAAGAGATAGAAAATATCCGAACGGCTCACGGCCAAACAGAGCGGCCGGAGCCGGTTACTGGAAGGCCACCGGAGCTGATAAGCCAGTGGGAAAGCCCAAGACTTTAGGGATAAAGAAGGCGTTAGTGTTTTACGCTGGAAAAGCACCCAGAGGAATCAAAACCAATTGGATAATGCACGAATATCGACTCGCTAATGTGGACCGGTCTGCTGGCAAGAGCAATAATAACTTGAGG</Hsp_hseq>
      <Hsp_midline>|||| |||| |  |||||||||||| |||||||||| || |||||||||||||||||||| |||||||||||||||||||| |||||||| ||| |||| || ||| ||||||| |||||||| |||||||||||||| || |||||||| ||||| || |||||||||||||||||  | ||||| || || ||||||||||||||||| || ||||| |||||||| |||||||| || || ||||| || |||||||| ||||||||||||   || ||||||||||||</Hsp_midline>
    </Hsp>
    <Hsp>
      <Hsp_num>3</Hsp_num>
      <Hsp_bit-score>210.477</Hsp_bit-score>
      <Hsp_score>232</Hsp_score>
      <Hsp_evalue>6.12248e-49</Hsp_evalue>
      <Hsp_query-from>127</Hsp_query-from>
      <Hsp_query-to>327</Hsp_query-to>
      <Hsp_hit-from>78</Hsp_hit-from>
      <Hsp_hit-to>280</Hsp_hit-to>
      <Hsp_query-frame>1</Hsp_query-frame>
      <Hsp_hit-frame>1</Hsp_hit-frame>
      <Hsp_identity>170</Hsp_identity>
      <Hsp_positive>170</Hsp_positive>
      <Hsp_gaps>4</Hsp_gaps>
      <Hsp_align-len>204</Hsp_align-len>
      <Hsp_qseq>GAAGAGTGAGAATTTCAAAGGAAATGAACAAAGGAGCAAACGGAAATCAGC---AATTGGAGTTACCGGCGGGATTCAGATTCCATCCGACAGACGACGAATTGGTGCAGCACTATCTCTGCAGGAAATGCGCCGGACAGTCGATTGCTGTATCAATTATAGCTGAAATTGATCTTTACAAGTTTGATCCATGGCAGTTGCCTG</Hsp_qseq>
      <Hsp_hseq>GAAGAGTGA-AATTTTGAAGGAAATGATCAAAGGCGTACACAGAAATCAGCAGCAATTGGAATTACCAGCGGGATTTAGATTCCATCCAACGGATGAGGAATTAGTTCAACATTATCTCTGCCGTAAATGCGCTGGGCAGCCTATATCTGTTTCAATTATAGCTGAAATTGATCTTTACAAGTTTGATCCTTGGCAATTACCTG</Hsp_hseq>
      <Hsp_midline>||||||||| |||||  |||||||||| |||||| | | || |||||||||   ||||||| ||||| |||||||| ||||||||||| || || || ||||| || || || ||||||||| | |||||||| || ||| | ||  |||| |||||||||||||||||||||||||||||||||||||| ||||| || ||||</Hsp_midline>
    </Hsp>
  </Hit_hsps>
</Hit>
<Hit>
  <Hit_num>32</Hit_num>
  <Hit_id>gi|1229033928|gb|MF033266.1|</Hit_id>
  <Hit_def>Nicotiana benthamiana isolate ZF-01 NAC1 transcription factor mRNA, complete cds</Hit_def>
  <Hit_accession>MF033266</Hit_accession>
  <Hit_len>939</Hit_len>
  <Hit_hsps>
    <Hsp>
      <Hsp_num>1</Hsp_num>
      <Hsp_bit-score>370.977</Hsp_bit-score>
      <Hsp_score>410</Hsp_score>
      <Hsp_evalue>2.96256e-97</Hsp_evalue>
      <Hsp_query-from>1277</Hsp_query-from>
      <Hsp_query-to>1730</Hsp_query-to>
      <Hsp_hit-from>456</Hsp_hit-from>
      <Hsp_hit-to>939</Hsp_hit-to>
      <Hsp_query-frame>1</Hsp_query-frame>
      <Hsp_hit-frame>1</Hsp_hit-frame>
      <Hsp_identity>372</Hsp_identity>
      <Hsp_positive>372</Hsp_positive>
      <Hsp_gaps>36</Hsp_gaps>
      <Hsp_align-len>487</Hsp_align-len>
      <Hsp_qseq>GCTTGATGATTGGGTATTGTGTCGAATATACAACAAGAAAGGCACACTTGAGAAGCATTACAATGTGGACAACAAGGAAACTACAAGCTTTGGAGAATTTGATGAAGAAAT---AAAACCAAAAATATTGCC-------CA-----------------CACAATTAGCACC------GATGCCACCACGGCCTCGATCGACACCAGCAAACGACTACTTTTATTTCGAGTCATCAGAGTCGATGACTAGAATGCACACGACAAACTCGAGCTCTGGCTCAGAGCATGTCTTGTCGCCATGTGACAAGGAGGTTCAGAGCGCGCCCAAATGGGACGAAGACCACAGAAACACCCTTGATTTTCAGCTAAACTATTTGGATGGTTTACTAAATGAACCATTTGAAACCCAAATGCAGCAGCAAATTTGCAACTTTGACCAGTTCAACAATTTCCAAGACATGTTCCTATACATGCAAAAACCTTACTAA</Hsp_qseq>
      <Hsp_hseq>GCTTGATGATTGGGTATTATGTCGAATATACAACAAGAAGGGCACGCTTGAGAAGTATTACAATGTGGATAACAAGGAGCATTTGGGCTTTGAGGAAGTTGAGGAAGAAGAGGAAAAACCAAAAATTTTACCATTTCCACAAAGTAAAGAGTTGATAGCACAACTAGCACCAGTGCCGATGCCACCGCGGCCACAATCGATGCGGGGGAGTGACCACTTTTACTTTGAAACGTCTGAGTCGATGACTAGATTGCATACAACAAATTCGAGCTCTGGCTCAGAGTATATATTATCCTCGTGTGACAAGGAGGTCCAAAGTGCTCCCAAATGGGACGACCTCGACA---ATGCCCTTGATTTCCAGCTAAATTATTTGGATAGCTTCCAATATGACCCTTTTGAGCCCCAAATGCAGCAGCAAAATTGCAACATTGATCAGTTCACTTCTTTCCAAGACATGTTCCTATACATGCAGAAACCTTACTAA</Hsp_hseq>
      <Hsp_midline>|||||||||||||||||| |||||||||||||||||||| ||||| ||||||||| ||||||||||||| ||||||||   |    ||||||  ||| |||| ||||||     |||||||||||| || ||       ||                 ||||| |||||||      ||||||||| ||||| | |||||  |  |  |  ||| ||||||| || ||  | || ||||||||||||||| |||| || ||||| |||||||||||||||||| || | || ||  | |||||||||||||| || || || ||||||||||||||   | |||   |  |||||||||| |||||||| ||||||||| | || | | |||| || |||||  |||||||||||||||||| ||||||| |||| |||||||    ||||||||||||||||||||||||||| ||||||||||||</Hsp_midline>
    </Hsp>
    <Hsp>
      <Hsp_num>2</Hsp_num>
      <Hsp_bit-score>343.025</Hsp_bit-score>
      <Hsp_score>379</Hsp_score>
      <Hsp_evalue>1.43733e-88</Hsp_evalue>
      <Hsp_query-from>680</Hsp_query-from>
      <Hsp_query-to>967</Hsp_query-to>
      <Hsp_hit-from>168</Hsp_hit-from>
      <Hsp_hit-to>456</Hsp_hit-to>
      <Hsp_query-frame>1</Hsp_query-frame>
      <Hsp_hit-frame>1</Hsp_hit-frame>
      <Hsp_identity>250</Hsp_identity>
      <Hsp_positive>250</Hsp_positive>
      <Hsp_gaps>1</Hsp_gaps>
      <Hsp_align-len>289</Hsp_align-len>
      <Hsp_qseq>TTGGTAATTGCA-GAGAAGGCTTTGTACGGTGAAAAAGAGTGGTATTTTTTCTCACCAAGGGATAGAAAATATCCGAACGGTTCACGGCCGAACCGAGCAGCAGGAACCGGTTATTGGAAGGCAACCGGAGCTGATAAACCGGTGGGAAAACCCAAAACCTTAGGGATAAAGAAGGCACTTGTGTTCTATGCCGGAAAAGCACCCAGAGGTATAAAAACAAATTGGATTATGCACGAGTACCGCCTCGCCAACGTGGACCGCTCTGCTGGCAAGAACAATAACTTGAGG</Hsp_qseq>
      <Hsp_hseq>TTGGCAATTACCTGAGAAGGCTTTGCACGGCGAAAAGGAATGGTATTTTTTTTCACCAAGAGATAGAAAATATCCGAACGGCTCACGGCCAAACAGAGCGGCCGGAACCGGTTACTGGAAGGCAACCGGAGCTGATAAGCCGGTGGGAAAGCCCAAGACTTTAGGGATAAAGAAGGCGTTAGTGTTCTACGCTGGGAAAGCACCTAGAGGAATCAAAACCAATTGGATAATGCGCGAATATCGACTCGCTAACGTGGACAGGTCTGCTGGCAAGAGCAATAACTTGAGG</Hsp_hseq>
      <Hsp_midline>|||| |||| |  |||||||||||| |||| ||||| || ||||||||||| |||||||| |||||||||||||||||||| |||||||| ||| |||| || ||||||||||| ||||||||||||||||||||||| ||||||||||| ||||| || |||||||||||||||||  | |||||||| || || |||||||| ||||| || ||||| |||||||| |||| ||| || || ||||| ||||||||| | ||||||||||||| |||||||||||||</Hsp_midline>
    </Hsp>
    <Hsp>
      <Hsp_num>3</Hsp_num>
      <Hsp_bit-score>172.606</Hsp_bit-score>
      <Hsp_score>190</Hsp_score>
      <Hsp_evalue>1.53871e-37</Hsp_evalue>
      <Hsp_query-from>150</Hsp_query-from>
      <Hsp_query-to>327</Hsp_query-to>
      <Hsp_hit-from>1</Hsp_hit-from>
      <Hsp_hit-to>181</Hsp_hit-to>
      <Hsp_query-frame>1</Hsp_query-frame>
      <Hsp_hit-frame>1</Hsp_hit-frame>
      <Hsp_identity>147</Hsp_identity>
      <Hsp_positive>147</Hsp_positive>
      <Hsp_gaps>3</Hsp_gaps>
      <Hsp_align-len>181</Hsp_align-len>
      <Hsp_qseq>ATGAACAAAGGAGCAAACGGAAATCAGCA---ATTGGAGTTACCGGCGGGATTCAGATTCCATCCGACAGACGACGAATTGGTGCAGCACTATCTCTGCAGGAAATGCGCCGGACAGTCGATTGCTGTATCAATTATAGCTGAAATTGATCTTTACAAGTTTGATCCATGGCAGTTGCCTG</Hsp_qseq>
      <Hsp_hseq>ATGATCAAAGGCGTACACAGAAATCAGCAGCAATTGGTATTACCAGCGGGATTTAGATTCCATCCAACGGATGAGGAATTAGTTCAACATTATTTGTGCCGTAAATGCGCAGGGCAGCCAATCTCTGTTTCAATTATAGCTGAAATTGATCTTTACAAGTTTGATCCTTGGCAATTACCTG</Hsp_hseq>
      <Hsp_midline>|||| |||||| | | || ||||||||||   |||||  ||||| |||||||| ||||||||||| || || || ||||| || || || ||| | ||| | |||||||| || ||| | ||  |||| |||||||||||||||||||||||||||||||||||||| ||||| || ||||</Hsp_midline>
    </Hsp>
  </Hit_hsps>
</Hit>
<Hit>
  <Hit_num>33</Hit_num>
  <Hit_id>gi|1833234699|ref|XM_009618363.3|</Hit_id>
  <Hit_def>PREDICTED: Nicotiana tomentosiformis protein ATAF2-like (LOC104109142), transcript variant X2, mRNA</Hit_def>
  <Hit_accession>XM_009618363</Hit_accession>
  <Hit_len>1196</Hit_len>
  <Hit_hsps>
    <Hsp>
      <Hsp_num>1</Hsp_num>
      <Hsp_bit-score>356.55</Hsp_bit-score>
      <Hsp_score>394</Hsp_score>
      <Hsp_evalue>6.52546e-93</Hsp_evalue>
      <Hsp_query-from>680</Hsp_query-from>
      <Hsp_query-to>967</Hsp_query-to>
      <Hsp_hit-from>312</Hsp_hit-from>
      <Hsp_hit-to>600</Hsp_hit-to>
      <Hsp_query-frame>1</Hsp_query-frame>
      <Hsp_hit-frame>1</Hsp_hit-frame>
      <Hsp_identity>253</Hsp_identity>
      <Hsp_positive>253</Hsp_positive>
      <Hsp_gaps>1</Hsp_gaps>
      <Hsp_align-len>289</Hsp_align-len>
      <Hsp_qseq>TTGGTAATTGCA-GAGAAGGCTTTGTACGGTGAAAAAGAGTGGTATTTTTTCTCACCAAGGGATAGAAAATATCCGAACGGTTCACGGCCGAACCGAGCAGCAGGAACCGGTTATTGGAAGGCAACCGGAGCTGATAAACCGGTGGGAAAACCCAAAACCTTAGGGATAAAGAAGGCACTTGTGTTCTATGCCGGAAAAGCACCCAGAGGTATAAAAACAAATTGGATTATGCACGAGTACCGCCTCGCCAACGTGGACCGCTCTGCTGGCAAGAACAATAACTTGAGG</Hsp_qseq>
      <Hsp_hseq>TTGGCAATTACCTGAGAAGGCTTTGCACGGCGAAAAGGAATGGTACTTTTTCTCACCAAGAGATAGAAAATATCCGAACGGTTCACGGCCGAACAGAGCGGCCGGAACCGGTTACTGGAAGGCAACCGGAGCTGATAAGCCAGTGGGAAAGCCCAAGACTTTAGGGATAAAAAAGGCGTTAGTGTTCTATGCAGGAAAAGCACCTAGAGGAATCAAAACCAATTGGATAATGCACGAATATCGACTCGCTAATGTGGACCGGTCTGCTGGCAAGAGCAATAACTTGAGG</Hsp_hseq>
      <Hsp_midline>|||| |||| |  |||||||||||| |||| ||||| || ||||| |||||||||||||| ||||||||||||||||||||||||||||||||| |||| || ||||||||||| ||||||||||||||||||||||| || |||||||| ||||| || ||||||||||| |||||  | ||||||||||| ||||||||||| ||||| || ||||| |||||||| |||||||| || || ||||| || |||||||| ||||||||||||| |||||||||||||</Hsp_midline>
    </Hsp>
    <Hsp>
      <Hsp_num>2</Hsp_num>
      <Hsp_bit-score>355.648</Hsp_bit-score>
      <Hsp_score>393</Hsp_score>
      <Hsp_evalue>2.27761e-92</Hsp_evalue>
      <Hsp_query-from>1277</Hsp_query-from>
      <Hsp_query-to>1729</Hsp_query-to>
      <Hsp_hit-from>600</Hsp_hit-from>
      <Hsp_hit-to>1082</Hsp_hit-to>
      <Hsp_query-frame>1</Hsp_query-frame>
      <Hsp_hit-frame>1</Hsp_hit-frame>
      <Hsp_identity>368</Hsp_identity>
      <Hsp_positive>368</Hsp_positive>
      <Hsp_gaps>36</Hsp_gaps>
      <Hsp_align-len>486</Hsp_align-len>
      <Hsp_qseq>GCTTGATGATTGGGTATTGTGTCGAATATACAACAAGAAAGGCACACTTGAGAAGCATTACAATGTGGACAACAAGGAAACTACAAGCTTTGGAGAATTTGATGAAGAAAT---AAAACCAAAAATATTGCC-------CA-----------------CACAATTAGCACC------GATGCCACCACGGCCTCGATCGACACCAGCAAACGACTACTTTTATTTCGAGTCATCAGAGTCGATGACTAGAATGCACACGACAAACTCGAGCTCTGGCTCAGAGCATGTCTTGTCGCCATGTGACAAGGAGGTTCAGAGCGCGCCCAAATGGGACGAAGACCACAGAAACACCCTTGATTTTCAGCTAAACTATTTGGATGGTTTACTAAATGAACCATTTGAAACCCAAATGCAGCAGCAAATTTGCAACTTTGACCAGTTCAACAATTTCCAAGACATGTTCCTATACATGCAAAAACCTTACTA</Hsp_qseq>
      <Hsp_hseq>GCTTGATGATTGGGTATTGTGTCGAATATACAACAAGAAGGGCACACTAGAGAAGTATTACAATGTGGATAACAAGGAGCATTTGGGCTTCGAAGAAGTTGAGGAAGAAGAGGAAAAACCAAAAATTTTACCATTTTCACAAAGTAATGAGTTGATAGCACGACTAGCACCAACGCCGATGCCATCGCGGCCACAATCGATGCCGGGGAGTGACTACTTTCACTTCGAAACGTCTGAGTCGATGACTCGAATGCATACAACAAACTCGAGCTCTGGGTCAGAATATGTTTTGTCGTCGTGTGACAAGGAGGTCCAAAGTGCTCCCAAATGGGACGATCTCGAC---AAGGCCCTTGATTTCCAGCTAAATTATTTGGACAACTTCCAATATGACCCTTTCGAGGCCCAAATGCAGCTGCAAAATTGCAACACTGATCAGTTCAATTCTTTCCAAGACATGTTCGTATACATGCAGAAACCTTATTA</Hsp_hseq>
      <Hsp_midline>||||||||||||||||||||||||||||||||||||||| |||||||| |||||| ||||||||||||| ||||||||   |    |||| | |||| |||| ||||||     |||||||||||| || ||       ||                 ||| | |||||||      ||||||| | ||||| | |||||  || |  |  ||||||||| | |||||  | || |||||||||||| ||||||| || ||||||||||||||||| |||||  |||| |||||| | |||||||||||||| || || || ||||||||||||||   | ||   ||  |||||||||| |||||||| ||||||||    || | | |||| || || ||  |||||||||||| ||||| |||||||  ||| ||||||||   |||||||||||||||| |||||||||| |||||||| ||</Hsp_midline>
    </Hsp>
    <Hsp>
      <Hsp_num>3</Hsp_num>
      <Hsp_bit-score>215.887</Hsp_bit-score>
      <Hsp_score>238</Hsp_score>
      <Hsp_evalue>1.43987e-50</Hsp_evalue>
      <Hsp_query-from>127</Hsp_query-from>
      <Hsp_query-to>327</Hsp_query-to>
      <Hsp_hit-from>124</Hsp_hit-from>
      <Hsp_hit-to>325</Hsp_hit-to>
      <Hsp_query-frame>1</Hsp_query-frame>
      <Hsp_hit-frame>1</Hsp_hit-frame>
      <Hsp_identity>171</Hsp_identity>
      <Hsp_positive>171</Hsp_positive>
      <Hsp_gaps>5</Hsp_gaps>
      <Hsp_align-len>204</Hsp_align-len>
      <Hsp_qseq>GAAGAGTGAGAATTTCAAAGGAAATGAACAAAGGAGCAAACGGAAATCAGC---AATTGGAGTTACCGGCGGGATTCAGATTCCATCCGACAGACGACGAATTGGTGCAGCACTATCTCTGCAGGAAATGCGCCGGACAGTCGATTGCTGTATCAATTATAGCTGAAATTGATCTTTACAAGTTTGATCCATGGCAGTTGCCTG</Hsp_qseq>
      <Hsp_hseq>GAAGAGTGAGATTTG--AAGGAAATGATCAAAGGCGTACTCAGAAATCAGCAGCAATTGGAATTACCAGCGGGATTTAGATTCCATCCAACGGATGACGAATTAGTTCAACACTATCTCTGCCGTAAATGCGCAGGACAGCCTATCTCTGTTTCAATTATAGCTGAAATTGATCTTTACAAGTTTGATCCTTGGCAATTACCTG</Hsp_hseq>
      <Hsp_midline>||||||||||| ||   |||||||||| |||||| | |  | |||||||||   ||||||| ||||| |||||||| ||||||||||| || || |||||||| || || |||||||||||| | |||||||| |||||| | ||  |||| |||||||||||||||||||||||||||||||||||||| ||||| || ||||</Hsp_midline>
    </Hsp>
  </Hit_hsps>
</Hit>
<Hit>
  <Hit_num>34</Hit_num>
  <Hit_id>gi|1111083784|ref|XM_019410041.1|</Hit_id>
  <Hit_def>PREDICTED: Nicotiana attenuata NAC domain-containing protein 2-like (LOC109243138), mRNA</Hit_def>
  <Hit_accession>XM_019410041</Hit_accession>
  <Hit_len>1173</Hit_len>
  <Hit_hsps>
    <Hsp>
      <Hsp_num>1</Hsp_num>
      <Hsp_bit-score>345.73</Hsp_bit-score>
      <Hsp_score>382</Hsp_score>
      <Hsp_evalue>1.17983e-89</Hsp_evalue>
      <Hsp_query-from>680</Hsp_query-from>
      <Hsp_query-to>966</Hsp_query-to>
      <Hsp_hit-from>316</Hsp_hit-from>
      <Hsp_hit-to>603</Hsp_hit-to>
      <Hsp_query-frame>1</Hsp_query-frame>
      <Hsp_hit-frame>1</Hsp_hit-frame>
      <Hsp_identity>250</Hsp_identity>
      <Hsp_positive>250</Hsp_positive>
      <Hsp_gaps>1</Hsp_gaps>
      <Hsp_align-len>288</Hsp_align-len>
      <Hsp_qseq>TTGGTAATTGCA-GAGAAGGCTTTGTACGGTGAAAAAGAGTGGTATTTTTTCTCACCAAGGGATAGAAAATATCCGAACGGTTCACGGCCGAACCGAGCAGCAGGAACCGGTTATTGGAAGGCAACCGGAGCTGATAAACCGGTGGGAAAACCCAAAACCTTAGGGATAAAGAAGGCACTTGTGTTCTATGCCGGAAAAGCACCCAGAGGTATAAAAACAAATTGGATTATGCACGAGTACCGCCTCGCCAACGTGGACCGCTCTGCTGGCAAGAACAATAACTTGAG</Hsp_qseq>
      <Hsp_hseq>TTGGCAATTACCTGAGAAGGCTTTGCACGGCGAAAAGGAATGGTATTTTTTCTCACCAAGAGATAGAAAATATCCGAACGGCTCACGGCCGAACAGAGCGGCCGGAACCGGTTACTGGAAGGCAACCGGAGCTGATAAGCCAGTGGGAAAGCCCAAGACTTTAGGGATAAAGAAGGCGTTAGTGTTTTATGCTGGAAAAGCACCTAGAGGAATCAAAACCAATTGGATAATGCACGAATATCGACTCGCTAATGTGGACCGGTCTGCGGGCAAGAGCAATAGCTTGAG</Hsp_hseq>
      <Hsp_midline>|||| |||| |  |||||||||||| |||| ||||| || |||||||||||||||||||| |||||||||||||||||||| |||||||||||| |||| || ||||||||||| ||||||||||||||||||||||| || |||||||| ||||| || |||||||||||||||||  | ||||| ||||| ||||||||||| ||||| || ||||| |||||||| |||||||| || || ||||| || |||||||| ||||| ||||||| ||||| ||||||</Hsp_midline>
    </Hsp>
    <Hsp>
      <Hsp_num>2</Hsp_num>
      <Hsp_bit-score>312.367</Hsp_bit-score>
      <Hsp_score>345</Hsp_score>
      <Hsp_evalue>2.43396e-79</Hsp_evalue>
      <Hsp_query-from>1278</Hsp_query-from>
      <Hsp_query-to>1729</Hsp_query-to>
      <Hsp_hit-from>605</Hsp_hit-from>
      <Hsp_hit-to>1062</Hsp_hit-to>
      <Hsp_query-frame>1</Hsp_query-frame>
      <Hsp_hit-frame>1</Hsp_hit-frame>
      <Hsp_identity>355</Hsp_identity>
      <Hsp_positive>355</Hsp_positive>
      <Hsp_gaps>60</Hsp_gaps>
      <Hsp_align-len>485</Hsp_align-len>
      <Hsp_qseq>CTTGATGATTGGGTATTGTGTCGAATATACAACAAGAAAGGCACACTTGAGAAGCATTACAATGTGGACAACAAGGAAACTACAAGCTTTGGAGAATTTGATGAAGAAAT---AAAACCAAAAATATTGCC-------CA-----------------CACAATTAGCACC------GATGCCACCACGGCCTCGATCGACACCAGCAAACGACTACTTTTATTTCGAGTCATCAGAGTCGATGACTAGAATGCACACGACAAACTCGAGCTCTGGCTCAGAGCATGTCTTGTCGCCATGTGACAAGGAGGTTCAGAGCGCGCCCAAATGGGACGAAGACCACAGAAACACCCTTGATTTTCAGCTAAACTATTTGGATGGTTTACTAAATGAACCATTTGAAACCCAAATGCAGCAGCAAATTTGCAACTTTGACCAGTTCAACAATTTCCAAGACATGTTCCTATACATGCAAAAACCTTACTA</Hsp_qseq>
      <Hsp_hseq>CTTGATGATTGGGTATTGTGTCGAATATACAACAAGAAGGGCACACTTGAGATGCATTACAATGTGGATAACAAGGAGCATTTGGGCTTCGAGGAAGTTGAGGAAGAAGAGGAAAAACCAAAAATTTTACCATTTTCACAAAGTAATGAGTTGATAGCACCATTAGCACCAGCGCCGATGCCACCGCGGCCACAATCGATGCCTACAAGAGACTACTTTCACTTCGAAACGTCTGAGTCAATGACTAGAATGCATACAACAAACTCGAGCTCTGGCTCAGAGC---------CGTCATGTGATAAGGAGGTCCAAAGTGCTCCCAAATGGGAC---GACCTCGACAATGCCCTTGATTTCCAGCTAAATTATTTGGATAGCTTCCAATATGACCCTTTCG---------------AGCAAAATTGCAACATTGATCAGTTCAATTCTTTTCAAGACATGTTCGTATACATGCAGAAACCTTATTA</Hsp_hseq>
      <Hsp_midline>|||||||||||||||||||||||||||||||||||||| ||||||||||||| ||||||||||||||| ||||||||   |    |||| |  ||| |||| ||||||     |||||||||||| || ||       ||                 ||| |||||||||      ||||||||| ||||| | |||||  ||  |||  ||||||||| | |||||  | || ||||| |||||||||||||| || |||||||||||||||||||||||||         || ||||||| |||||||| || || || ||||||||||||   |||| |   ||  |||||||||| |||||||| ||||||||| | || | | |||| || || |               |||||| ||||||| |||| ||||||||   ||| |||||||||||| |||||||||| |||||||| ||</Hsp_midline>
    </Hsp>
    <Hsp>
      <Hsp_num>3</Hsp_num>
      <Hsp_bit-score>214.986</Hsp_bit-score>
      <Hsp_score>237</Hsp_score>
      <Hsp_evalue>5.02564e-50</Hsp_evalue>
      <Hsp_query-from>127</Hsp_query-from>
      <Hsp_query-to>327</Hsp_query-to>
      <Hsp_hit-from>127</Hsp_hit-from>
      <Hsp_hit-to>329</Hsp_hit-to>
      <Hsp_query-frame>1</Hsp_query-frame>
      <Hsp_hit-frame>1</Hsp_hit-frame>
      <Hsp_identity>171</Hsp_identity>
      <Hsp_positive>171</Hsp_positive>
      <Hsp_gaps>4</Hsp_gaps>
      <Hsp_align-len>204</Hsp_align-len>
      <Hsp_qseq>GAAGAGTGAGAATTTCAAAGGAAATGAACAAAGGAGCAAACGGAAATCAGC---AATTGGAGTTACCGGCGGGATTCAGATTCCATCCGACAGACGACGAATTGGTGCAGCACTATCTCTGCAGGAAATGCGCCGGACAGTCGATTGCTGTATCAATTATAGCTGAAATTGATCTTTACAAGTTTGATCCATGGCAGTTGCCTG</Hsp_qseq>
      <Hsp_hseq>GAAGAGTGA-AATTTTGAAGGAAATGATCAAAGGCGTACACAGAAATCAGCAGCAATTGGAATTACCAGCGGGATTTAGATTCCATCCAACGGATGAGGAATTAGTTCAACATTATCTCTGCCGTAAATGCGCTGGGCAGCCTATTTCTGTTTCAATTATAGCTGAAATTGATCTTTACAAGTTTGATCCTTGGCAATTACCTG</Hsp_hseq>
      <Hsp_midline>||||||||| |||||  |||||||||| |||||| | | || |||||||||   ||||||| ||||| |||||||| ||||||||||| || || || ||||| || || || ||||||||| | |||||||| || ||| | ||| |||| |||||||||||||||||||||||||||||||||||||| ||||| || ||||</Hsp_midline>
    </Hsp>
  </Hit_hsps>
</Hit>
<Hit>
  <Hit_num>35</Hit_num>
  <Hit_id>gi|1477772544|gb|CP025662.1|</Hit_id>
  <Hit_def>Ipomoea triloba cultivar NCNSP0323 chromosome 3</Hit_def>
  <Hit_accession>CP025662</Hit_accession>
  <Hit_len>33448119</Hit_len>
  <Hit_hsps>
    <Hsp>
      <Hsp_num>1</Hsp_num>
      <Hsp_bit-score>319.581</Hsp_bit-score>
      <Hsp_score>353</Hsp_score>
      <Hsp_evalue>1.63999e-81</Hsp_evalue>
      <Hsp_query-from>688</Hsp_query-from>
      <Hsp_query-to>977</Hsp_query-to>
      <Hsp_hit-from>27824385</Hsp_hit-from>
      <Hsp_hit-to>27824675</Hsp_hit-to>
      <Hsp_query-frame>1</Hsp_query-frame>
      <Hsp_hit-frame>1</Hsp_hit-frame>
      <Hsp_identity>246</Hsp_identity>
      <Hsp_positive>246</Hsp_positive>
      <Hsp_gaps>1</Hsp_gaps>
      <Hsp_align-len>291</Hsp_align-len>
      <Hsp_qseq>TGCAGAGAAGGCTTTGTACGGTGAAAAAGAGTGGTATTTTTTCTCACCAAGGGATAGAAAATATCCGAACGGTTCACGGCCGAACCGAGCAGCAGGAACCGGTTATTGGAAGGCAACCGGAGCTGATAAACCGGTGGGAAAACCCAAAACCTTAGGGATAAAGAAGGCACTTGTGTTCTATGCCGGAAAAGCACCCAGAGGTATAAAAACAAATTGGATTATGCACGAGTACCGCCTCGCCAACGTGGACCGCTCTGCTGGCAAGAACAATAACTTGAGGGTA-AGTCCTT</Hsp_qseq>
      <Hsp_hseq>TGCAGAGATGGCCTTGTACGGTGAAAAAGAGTGGTATTTCTTCTCTCCTAGGGACAGGAAGTACCCCAACGGTTCACGGCCCAACCGGGCTGCTGGGACCGGGTACTGGAAGGCAACCGGAGCTGATAAACCCGTCGGAAAGCCCAAAACGTTAGGGATAAAGAAGGCGCTGGTTTTCTACGCCGGGAAAGCCCCTAGAGGAATCAAGACCAACTGGATTATGCACGAGTACCGGCTCGCCAACGTCGATCGTTCCGCCGGCAAGAGAAACAATTTGAGGGTATATTCCTT</Hsp_hseq>
      <Hsp_midline>|||||||| ||| |||||||||||||||||||||||||| ||||| || ||||| || || || || |||||||||||||| ||||| || || || ||||| || |||||||||||||||||||||||||| || ||||| |||||||| ||||||||||||||||| || || ||||| ||||| ||||| || ||||| || || || || |||||||||||||||||||| ||||||||||| || || || || |||||||  || || ||||||||| | |||||</Hsp_midline>
    </Hsp>
    <Hsp>
      <Hsp_num>2</Hsp_num>
      <Hsp_bit-score>123.014</Hsp_bit-score>
      <Hsp_score>135</Hsp_score>
      <Hsp_evalue>2.44042e-22</Hsp_evalue>
      <Hsp_query-from>181</Hsp_query-from>
      <Hsp_query-to>330</Hsp_query-to>
      <Hsp_hit-from>27824151</Hsp_hit-from>
      <Hsp_hit-to>27824300</Hsp_hit-to>
      <Hsp_query-frame>1</Hsp_query-frame>
      <Hsp_hit-frame>1</Hsp_hit-frame>
      <Hsp_identity>117</Hsp_identity>
      <Hsp_positive>117</Hsp_positive>
      <Hsp_gaps>0</Hsp_gaps>
      <Hsp_align-len>150</Hsp_align-len>
      <Hsp_qseq>TGGAGTTACCGGCGGGATTCAGATTCCATCCGACAGACGACGAATTGGTGCAGCACTATCTCTGCAGGAAATGCGCCGGACAGTCGATTGCTGTATCAATTATAGCTGAAATTGATCTTTACAAGTTTGATCCATGGCAGTTGCCTGGTA</Hsp_qseq>
      <Hsp_hseq>TGGAGTTACCTCCCGGTTTCCGGTTCCATCCCACCGACGATGAGCTGGTGGTGCACTATCTCTGCCGGAAATGCGCCGCCCAGTCTATCTCCGTTCCCATTATCGCCGATATTGATCTCTACAAGTTCGACCCCTGGCAGCTTCCCGGTA</Hsp_hseq>
      <Hsp_midline>||||||||||  | || ||| | |||||||| || ||||| ||  |||||  ||||||||||||| ||||||||||||  ||||| ||  | ||  | ||||| || || |||||||| |||||||| || || |||||| | || ||||</Hsp_midline>
    </Hsp>
    <Hsp>
      <Hsp_num>3</Hsp_num>
      <Hsp_bit-score>81.5362</Hsp_bit-score>
      <Hsp_score>89</Hsp_score>
      <Hsp_evalue>7.4719e-10</Hsp_evalue>
      <Hsp_query-from>1271</Hsp_query-from>
      <Hsp_query-to>1337</Hsp_query-to>
      <Hsp_hit-from>27825200</Hsp_hit-from>
      <Hsp_hit-to>27825266</Hsp_hit-to>
      <Hsp_query-frame>1</Hsp_query-frame>
      <Hsp_hit-frame>1</Hsp_hit-frame>
      <Hsp_identity>58</Hsp_identity>
      <Hsp_positive>58</Hsp_positive>
      <Hsp_gaps>0</Hsp_gaps>
      <Hsp_align-len>67</Hsp_align-len>
      <Hsp_qseq>ATTGCAGCTTGATGATTGGGTATTGTGTCGAATATACAACAAGAAAGGCACACTTGAGAAGCATTAC</Hsp_qseq>
      <Hsp_hseq>ATTACAGCTTGATGAGTGGGTACTTTGTCGGATATACAACAAGAAAGGCAGTGTTGAGAAGTATTAC</Hsp_hseq>
      <Hsp_midline>||| ||||||||||| |||||| | ||||| |||||||||||||||||||   |||||||| |||||</Hsp_midline>
    </Hsp>
    <Hsp>
      <Hsp_num>4</Hsp_num>
      <Hsp_bit-score>56.2891</Hsp_bit-score>
      <Hsp_score>61</Hsp_score>
      <Hsp_evalue>0.0297567</Hsp_evalue>
      <Hsp_query-from>1507</Hsp_query-from>
      <Hsp_query-to>1579</Hsp_query-to>
      <Hsp_hit-from>27825394</Hsp_hit-from>
      <Hsp_hit-to>27825466</Hsp_hit-to>
      <Hsp_query-frame>1</Hsp_query-frame>
      <Hsp_hit-frame>1</Hsp_hit-frame>
      <Hsp_identity>56</Hsp_identity>
      <Hsp_positive>56</Hsp_positive>
      <Hsp_gaps>0</Hsp_gaps>
      <Hsp_align-len>73</Hsp_align-len>
      <Hsp_qseq>ACTCGAGCTCTGGCTCAGAGCATGTCTTGTCGCCATGTGACAAGGAGGTTCAGAGCGCGCCCAAATGGGACGA</Hsp_qseq>
      <Hsp_hseq>ACTCAAGCTGCTGCTCGGAGCAAGTGCAGTCGTCTAGCGACAAGGAGGTACAAAGCGCCCCCAAATGGGATGA</Hsp_hseq>
      <Hsp_midline>|||| ||||   |||| ||||| ||   |||| |  | ||||||||||| || ||||| ||||||||||| ||</Hsp_midline>
    </Hsp>
    <Hsp>
      <Hsp_num>5</Hsp_num>
      <Hsp_bit-score>54.4857</Hsp_bit-score>
      <Hsp_score>59</Hsp_score>
      <Hsp_evalue>0.103861</Hsp_evalue>
      <Hsp_query-from>716</Hsp_query-from>
      <Hsp_query-to>807</Hsp_query-to>
      <Hsp_hit-from>3299535</Hsp_hit-from>
      <Hsp_hit-to>3299444</Hsp_hit-to>
      <Hsp_query-frame>1</Hsp_query-frame>
      <Hsp_hit-frame>-1</Hsp_hit-frame>
      <Hsp_identity>67</Hsp_identity>
      <Hsp_positive>67</Hsp_positive>
      <Hsp_gaps>0</Hsp_gaps>
      <Hsp_align-len>92</Hsp_align-len>
      <Hsp_qseq>GAGTGGTATTTTTTCTCACCAAGGGATAGAAAATATCCGAACGGTTCACGGCCGAACCGAGCAGCAGGAACCGGTTATTGGAAGGCAACCGG</Hsp_qseq>
      <Hsp_hseq>GAGTGGTATTTCTTTAGTCCTCGAGACCGAAAGTATCCAAACGGGTCGAGGACGAATCGGGCAACAAAAGCTGGATATTGGAAGGCAACAGG</Hsp_hseq>
      <Hsp_midline>||||||||||| ||    ||  | ||  |||| ||||| ||||| ||  || |||| || ||| ||  | | || |||||||||||||| ||</Hsp_midline>
    </Hsp>
    <Hsp>
      <Hsp_num>6</Hsp_num>
      <Hsp_bit-score>52.6823</Hsp_bit-score>
      <Hsp_score>57</Hsp_score>
      <Hsp_evalue>0.362511</Hsp_evalue>
      <Hsp_query-from>286</Hsp_query-from>
      <Hsp_query-to>336</Hsp_query-to>
      <Hsp_hit-from>3300522</Hsp_hit-from>
      <Hsp_hit-to>3300472</Hsp_hit-to>
      <Hsp_query-frame>1</Hsp_query-frame>
      <Hsp_hit-frame>-1</Hsp_hit-frame>
      <Hsp_identity>42</Hsp_identity>
      <Hsp_positive>42</Hsp_positive>
      <Hsp_gaps>0</Hsp_gaps>
      <Hsp_align-len>51</Hsp_align-len>
      <Hsp_qseq>CTGAAATTGATCTTTACAAGTTTGATCCATGGCAGTTGCCTGGTAATTTTT</Hsp_qseq>
      <Hsp_hseq>CTGAAGTTGATCTTTACAAATGTGAGCCATGGGATTTACCAGGTATTTTTT</Hsp_hseq>
      <Hsp_midline>||||| ||||||||||||| | ||| |||||| | || || |||| |||||</Hsp_midline>
    </Hsp>
  </Hit_hsps>
</Hit>
<Hit>
  <Hit_num>36</Hit_num>
  <Hit_id>gi|1477771519|gb|CP025646.1|</Hit_id>
  <Hit_def>Ipomoea trifida cultivar NCNSP0306 chromosome 3</Hit_def>
  <Hit_accession>CP025646</Hit_accession>
  <Hit_len>28619729</Hit_len>
  <Hit_hsps>
    <Hsp>
      <Hsp_num>1</Hsp_num>
      <Hsp_bit-score>319.581</Hsp_bit-score>
      <Hsp_score>353</Hsp_score>
      <Hsp_evalue>1.63999e-81</Hsp_evalue>
      <Hsp_query-from>688</Hsp_query-from>
      <Hsp_query-to>977</Hsp_query-to>
      <Hsp_hit-from>25555189</Hsp_hit-from>
      <Hsp_hit-to>25555479</Hsp_hit-to>
      <Hsp_query-frame>1</Hsp_query-frame>
      <Hsp_hit-frame>1</Hsp_hit-frame>
      <Hsp_identity>246</Hsp_identity>
      <Hsp_positive>246</Hsp_positive>
      <Hsp_gaps>1</Hsp_gaps>
      <Hsp_align-len>291</Hsp_align-len>
      <Hsp_qseq>TGCAGAGAAGGCTTTGTACGGTGAAAAAGAGTGGTATTTTTTCTCACCAAGGGATAGAAAATATCCGAACGGTTCACGGCCGAACCGAGCAGCAGGAACCGGTTATTGGAAGGCAACCGGAGCTGATAAACCGGTGGGAAAACCCAAAACCTTAGGGATAAAGAAGGCACTTGTGTTCTATGCCGGAAAAGCACCCAGAGGTATAAAAACAAATTGGATTATGCACGAGTACCGCCTCGCCAACGTGGACCGCTCTGCTGGCAAGAACAATAACTTGAGGGTA-AGTCCTT</Hsp_qseq>
      <Hsp_hseq>TGCAGAGATGGCCTTGTACGGTGAAAAAGAGTGGTATTTCTTCTCTCCTAGGGACAGGAAGTACCCCAACGGTTCACGGCCGAACCGGGCTGCTGGGACAGGGTACTGGAAGGCAACCGGAGCTGATAAACCCGTCGGAAAGCCCAAAACGTTAGGGATAAAGAAGGCGCTGGTTTTCTACGCCGGGAAAGCCCCTAGAGGAATCAAGACCAACTGGATTATGCACGAGTACCGGCTCGCCAACGTCGATCGTTCCGCCGGCAAGAGAAACAATTTGAGGGTATATTCCTT</Hsp_hseq>
      <Hsp_midline>|||||||| ||| |||||||||||||||||||||||||| ||||| || ||||| || || || || |||||||||||||||||||| || || || || || || |||||||||||||||||||||||||| || ||||| |||||||| ||||||||||||||||| || || ||||| ||||| ||||| || ||||| || || || || |||||||||||||||||||| ||||||||||| || || || || |||||||  || || ||||||||| | |||||</Hsp_midline>
    </Hsp>
    <Hsp>
      <Hsp_num>2</Hsp_num>
      <Hsp_bit-score>127.522</Hsp_bit-score>
      <Hsp_score>140</Hsp_score>
      <Hsp_evalue>5.73932e-24</Hsp_evalue>
      <Hsp_query-from>181</Hsp_query-from>
      <Hsp_query-to>330</Hsp_query-to>
      <Hsp_hit-from>25554960</Hsp_hit-from>
      <Hsp_hit-to>25555109</Hsp_hit-to>
      <Hsp_query-frame>1</Hsp_query-frame>
      <Hsp_hit-frame>1</Hsp_hit-frame>
      <Hsp_identity>118</Hsp_identity>
      <Hsp_positive>118</Hsp_positive>
      <Hsp_gaps>0</Hsp_gaps>
      <Hsp_align-len>150</Hsp_align-len>
      <Hsp_qseq>TGGAGTTACCGGCGGGATTCAGATTCCATCCGACAGACGACGAATTGGTGCAGCACTATCTCTGCAGGAAATGCGCCGGACAGTCGATTGCTGTATCAATTATAGCTGAAATTGATCTTTACAAGTTTGATCCATGGCAGTTGCCTGGTA</Hsp_qseq>
      <Hsp_hseq>TGGAGTTACCTCCCGGTTTCCGGTTCCATCCCACCGACGATGAGCTGGTGGTGCACTATCTCTGCCGGAAATGCGCCGCCCAGTCTATCTCCGTTCCCATTATCGCCGATATTGATCTCTACAAGTTCGACCCCTGGCAGCTTCCTGGTA</Hsp_hseq>
      <Hsp_midline>||||||||||  | || ||| | |||||||| || ||||| ||  |||||  ||||||||||||| ||||||||||||  ||||| ||  | ||  | ||||| || || |||||||| |||||||| || || |||||| | |||||||</Hsp_midline>
    </Hsp>
    <Hsp>
      <Hsp_num>3</Hsp_num>
      <Hsp_bit-score>82.4379</Hsp_bit-score>
      <Hsp_score>90</Hsp_score>
      <Hsp_evalue>2.14074e-10</Hsp_evalue>
      <Hsp_query-from>1271</Hsp_query-from>
      <Hsp_query-to>1579</Hsp_query-to>
      <Hsp_hit-from>25556029</Hsp_hit-from>
      <Hsp_hit-to>25556337</Hsp_hit-to>
      <Hsp_query-frame>1</Hsp_query-frame>
      <Hsp_hit-frame>1</Hsp_hit-frame>
      <Hsp_identity>216</Hsp_identity>
      <Hsp_positive>216</Hsp_positive>
      <Hsp_gaps>26</Hsp_gaps>
      <Hsp_align-len>322</Hsp_align-len>
      <Hsp_qseq>ATTGCAGCTTGATGATTGGGTATTGTGTCGAATATACAACAAGAAAGGCACACTTGAGAAGCATTACAATGTGGACAACAAGGAAACTACAAGCTTTGGAGAATTTGATGAAGAAATAAAACCAAAAATATTGC-CCACACAATTAGC--ACCGATGCC--ACCACGGCCT-------CGATCGAC-ACCAGCAAACGACTACTTTTATTTCGAGTCATCAGAGTCGATGACTAGAATGCACACGACAAACTCGAGCTCTGGCTCAGAGCATGTCTTGTCGCCATGTGACAAGGAGGTTCAGAGCGCGCCCAAATGGGACGA</Hsp_qseq>
      <Hsp_hseq>ATTACAGCTTGATGAGTGGGTACTTTGTCGGATATACAACAAGAAAGGCAGTGTTGAGAAGTATTAC---GTGGATGAGAAAGAA---GTGAATTTCCCAGAATTGGAAGATG--AGAAGCCCAAAATCACTACTCCCAACATTTTGCAGAACGAAGTCGGGCTGCCCCCTGTAATACCGGTTAACAATCAG--AACGGCTACTTGCAGTTGGACAGATCGGAGTCGGTCCCCAGGCGGCA---GACCGACTCAAGCTGCTGCTCGGAGCAAGTGCAGTCGCCTGGCGACAAGGAGGTACAAAGCGCCCCCAAATGGGACGA</Hsp_hseq>
      <Hsp_midline>||| ||||||||||| |||||| | ||||| |||||||||||||||||||   |||||||| |||||   |||||  | || |||      |  ||   |||||| || || |  | ||  ||||||  | | | ||  ||| || ||  | ||| | |   |  |  |||       || |  || | |||  |||| ||||||  | || ||   ||| |||||| |  | ||   |||   |||  |||| ||||   |||| ||||| ||   ||||||  | ||||||||||| || ||||| ||||||||||||||</Hsp_midline>
    </Hsp>
    <Hsp>
      <Hsp_num>4</Hsp_num>
      <Hsp_bit-score>52.6823</Hsp_bit-score>
      <Hsp_score>57</Hsp_score>
      <Hsp_evalue>0.362511</Hsp_evalue>
      <Hsp_query-from>286</Hsp_query-from>
      <Hsp_query-to>336</Hsp_query-to>
      <Hsp_hit-from>2993984</Hsp_hit-from>
      <Hsp_hit-to>2993934</Hsp_hit-to>
      <Hsp_query-frame>1</Hsp_query-frame>
      <Hsp_hit-frame>-1</Hsp_hit-frame>
      <Hsp_identity>42</Hsp_identity>
      <Hsp_positive>42</Hsp_positive>
      <Hsp_gaps>0</Hsp_gaps>
      <Hsp_align-len>51</Hsp_align-len>
      <Hsp_qseq>CTGAAATTGATCTTTACAAGTTTGATCCATGGCAGTTGCCTGGTAATTTTT</Hsp_qseq>
      <Hsp_hseq>CTGAAGTTGATCTTTACAAATGTGAGCCATGGGATTTACCAGGTATTTTTT</Hsp_hseq>
      <Hsp_midline>||||| ||||||||||||| | ||| |||||| | || || |||| |||||</Hsp_midline>
    </Hsp>
    <Hsp>
      <Hsp_num>5</Hsp_num>
      <Hsp_bit-score>49.9773</Hsp_bit-score>
      <Hsp_score>54</Hsp_score>
      <Hsp_evalue>1.26529</Hsp_evalue>
      <Hsp_query-from>716</Hsp_query-from>
      <Hsp_query-to>807</Hsp_query-to>
      <Hsp_hit-from>2992899</Hsp_hit-from>
      <Hsp_hit-to>2992808</Hsp_hit-to>
      <Hsp_query-frame>1</Hsp_query-frame>
      <Hsp_hit-frame>-1</Hsp_hit-frame>
      <Hsp_identity>66</Hsp_identity>
      <Hsp_positive>66</Hsp_positive>
      <Hsp_gaps>0</Hsp_gaps>
      <Hsp_align-len>92</Hsp_align-len>
      <Hsp_qseq>GAGTGGTATTTTTTCTCACCAAGGGATAGAAAATATCCGAACGGTTCACGGCCGAACCGAGCAGCAGGAACCGGTTATTGGAAGGCAACCGG</Hsp_qseq>
      <Hsp_hseq>GAGTGGTATTTCTTTAGTCCTCGAGACCGAAAGTATCCAAACGGGTCAAGGACGAATCGGGCAACAAAAGCTGGATACTGGAAGGCTACAGG</Hsp_hseq>
      <Hsp_midline>||||||||||| ||    ||  | ||  |||| ||||| ||||| ||| || |||| || ||| ||  | | || || |||||||| || ||</Hsp_midline>
    </Hsp>
  </Hit_hsps>
</Hit>
<Hit>
  <Hit_num>37</Hit_num>
  <Hit_id>gi|1766807979|ref|XM_031251851.1|</Hit_id>
  <Hit_def>PREDICTED: Ipomoea triloba NAC transcription factor 32-like (LOC116012333), mRNA</Hit_def>
  <Hit_accession>XM_031251851</Hit_accession>
  <Hit_len>1181</Hit_len>
  <Hit_hsps>
    <Hsp>
      <Hsp_num>1</Hsp_num>
      <Hsp_bit-score>305.154</Hsp_bit-score>
      <Hsp_score>337</Hsp_score>
      <Hsp_evalue>3.61232e-77</Hsp_evalue>
      <Hsp_query-from>692</Hsp_query-from>
      <Hsp_query-to>967</Hsp_query-to>
      <Hsp_hit-from>253</Hsp_hit-from>
      <Hsp_hit-to>528</Hsp_hit-to>
      <Hsp_query-frame>1</Hsp_query-frame>
      <Hsp_hit-frame>1</Hsp_hit-frame>
      <Hsp_identity>233</Hsp_identity>
      <Hsp_positive>233</Hsp_positive>
      <Hsp_gaps>0</Hsp_gaps>
      <Hsp_align-len>276</Hsp_align-len>
      <Hsp_qseq>GAGAAGGCTTTGTACGGTGAAAAAGAGTGGTATTTTTTCTCACCAAGGGATAGAAAATATCCGAACGGTTCACGGCCGAACCGAGCAGCAGGAACCGGTTATTGGAAGGCAACCGGAGCTGATAAACCGGTGGGAAAACCCAAAACCTTAGGGATAAAGAAGGCACTTGTGTTCTATGCCGGAAAAGCACCCAGAGGTATAAAAACAAATTGGATTATGCACGAGTACCGCCTCGCCAACGTGGACCGCTCTGCTGGCAAGAACAATAACTTGAGG</Hsp_qseq>
      <Hsp_hseq>GAGATGGCCTTGTACGGTGAAAAAGAGTGGTATTTCTTCTCTCCTAGGGACAGGAAGTACCCCAACGGTTCACGGCCCAACCGGGCTGCTGGGACCGGGTACTGGAAGGCAACCGGAGCTGATAAACCCGTCGGAAAGCCCAAAACGTTAGGGATAAAGAAGGCGCTGGTTTTCTACGCCGGGAAAGCCCCTAGAGGAATCAAGACCAACTGGATTATGCACGAGTACCGGCTCGCCAACGTCGATCGTTCCGCCGGCAAGAGAAACAATTTGAGG</Hsp_hseq>
      <Hsp_midline>|||| ||| |||||||||||||||||||||||||| ||||| || ||||| || || || || |||||||||||||| ||||| || || || ||||| || |||||||||||||||||||||||||| || ||||| |||||||| ||||||||||||||||| || || ||||| ||||| ||||| || ||||| || || || || |||||||||||||||||||| ||||||||||| || || || || |||||||  || || ||||||</Hsp_midline>
    </Hsp>
    <Hsp>
      <Hsp_num>2</Hsp_num>
      <Hsp_bit-score>118.505</Hsp_bit-score>
      <Hsp_score>130</Hsp_score>
      <Hsp_evalue>2.97304e-21</Hsp_evalue>
      <Hsp_query-from>181</Hsp_query-from>
      <Hsp_query-to>320</Hsp_query-to>
      <Hsp_hit-from>107</Hsp_hit-from>
      <Hsp_hit-to>246</Hsp_hit-to>
      <Hsp_query-frame>1</Hsp_query-frame>
      <Hsp_hit-frame>1</Hsp_hit-frame>
      <Hsp_identity>110</Hsp_identity>
      <Hsp_positive>110</Hsp_positive>
      <Hsp_gaps>0</Hsp_gaps>
      <Hsp_align-len>140</Hsp_align-len>
      <Hsp_qseq>TGGAGTTACCGGCGGGATTCAGATTCCATCCGACAGACGACGAATTGGTGCAGCACTATCTCTGCAGGAAATGCGCCGGACAGTCGATTGCTGTATCAATTATAGCTGAAATTGATCTTTACAAGTTTGATCCATGGCAG</Hsp_qseq>
      <Hsp_hseq>TGGAGTTACCTCCCGGTTTCCGGTTCCATCCCACCGACGATGAGCTGGTGGTGCACTATCTCTGCCGGAAATGCGCCGCCCAGTCTATCTCCGTTCCCATTATCGCCGATATTGATCTCTACAAGTTCGACCCCTGGCAG</Hsp_hseq>
      <Hsp_midline>||||||||||  | || ||| | |||||||| || ||||| ||  |||||  ||||||||||||| ||||||||||||  ||||| ||  | ||  | ||||| || || |||||||| |||||||| || || ||||||</Hsp_midline>
    </Hsp>
    <Hsp>
      <Hsp_num>3</Hsp_num>
      <Hsp_bit-score>75.2244</Hsp_bit-score>
      <Hsp_score>82</Hsp_score>
      <Hsp_evalue>3.17713e-08</Hsp_evalue>
      <Hsp_query-from>1277</Hsp_query-from>
      <Hsp_query-to>1337</Hsp_query-to>
      <Hsp_hit-from>528</Hsp_hit-from>
      <Hsp_hit-to>588</Hsp_hit-to>
      <Hsp_query-frame>1</Hsp_query-frame>
      <Hsp_hit-frame>1</Hsp_hit-frame>
      <Hsp_identity>53</Hsp_identity>
      <Hsp_positive>53</Hsp_positive>
      <Hsp_gaps>0</Hsp_gaps>
      <Hsp_align-len>61</Hsp_align-len>
      <Hsp_qseq>GCTTGATGATTGGGTATTGTGTCGAATATACAACAAGAAAGGCACACTTGAGAAGCATTAC</Hsp_qseq>
      <Hsp_hseq>GCTTGATGAGTGGGTACTTTGTCGGATATACAACAAGAAAGGCAGTGTTGAGAAGTATTAC</Hsp_hseq>
      <Hsp_midline>||||||||| |||||| | ||||| |||||||||||||||||||   |||||||| |||||</Hsp_midline>
    </Hsp>
    <Hsp>
      <Hsp_num>4</Hsp_num>
      <Hsp_bit-score>56.2891</Hsp_bit-score>
      <Hsp_score>61</Hsp_score>
      <Hsp_evalue>0.0297567</Hsp_evalue>
      <Hsp_query-from>1507</Hsp_query-from>
      <Hsp_query-to>1579</Hsp_query-to>
      <Hsp_hit-from>716</Hsp_hit-from>
      <Hsp_hit-to>788</Hsp_hit-to>
      <Hsp_query-frame>1</Hsp_query-frame>
      <Hsp_hit-frame>1</Hsp_hit-frame>
      <Hsp_identity>56</Hsp_identity>
      <Hsp_positive>56</Hsp_positive>
      <Hsp_gaps>0</Hsp_gaps>
      <Hsp_align-len>73</Hsp_align-len>
      <Hsp_qseq>ACTCGAGCTCTGGCTCAGAGCATGTCTTGTCGCCATGTGACAAGGAGGTTCAGAGCGCGCCCAAATGGGACGA</Hsp_qseq>
      <Hsp_hseq>ACTCAAGCTGCTGCTCGGAGCAAGTGCAGTCGTCTAGCGACAAGGAGGTACAAAGCGCCCCCAAATGGGATGA</Hsp_hseq>
      <Hsp_midline>|||| ||||   |||| ||||| ||   |||| |  | ||||||||||| || ||||| ||||||||||| ||</Hsp_midline>
    </Hsp>
  </Hit_hsps>
</Hit>
<Hit>
  <Hit_num>38</Hit_num>
  <Hit_id>gi|1109220103|ref|XM_019328992.1|</Hit_id>
  <Hit_def>PREDICTED: Ipomoea nil NAC domain-containing protein 2-like (LOC109179490), mRNA</Hit_def>
  <Hit_accession>XM_019328992</Hit_accession>
  <Hit_len>1358</Hit_len>
  <Hit_hsps>
    <Hsp>
      <Hsp_num>1</Hsp_num>
      <Hsp_bit-score>298.842</Hsp_bit-score>
      <Hsp_score>330</Hsp_score>
      <Hsp_evalue>1.536e-75</Hsp_evalue>
      <Hsp_query-from>693</Hsp_query-from>
      <Hsp_query-to>967</Hsp_query-to>
      <Hsp_hit-from>606</Hsp_hit-from>
      <Hsp_hit-to>880</Hsp_hit-to>
      <Hsp_query-frame>1</Hsp_query-frame>
      <Hsp_hit-frame>1</Hsp_hit-frame>
      <Hsp_identity>231</Hsp_identity>
      <Hsp_positive>231</Hsp_positive>
      <Hsp_gaps>0</Hsp_gaps>
      <Hsp_align-len>275</Hsp_align-len>
      <Hsp_qseq>AGAAGGCTTTGTACGGTGAAAAAGAGTGGTATTTTTTCTCACCAAGGGATAGAAAATATCCGAACGGTTCACGGCCGAACCGAGCAGCAGGAACCGGTTATTGGAAGGCAACCGGAGCTGATAAACCGGTGGGAAAACCCAAAACCTTAGGGATAAAGAAGGCACTTGTGTTCTATGCCGGAAAAGCACCCAGAGGTATAAAAACAAATTGGATTATGCACGAGTACCGCCTCGCCAACGTGGACCGCTCTGCTGGCAAGAACAATAACTTGAGG</Hsp_qseq>
      <Hsp_hseq>AGAAGGCCTTGTACGGTGAAAAAGAGTGGTATTTCTTCACTCCTAGGGACAGGAAGTACCCGAACGGTACACGGCCGAACCGGGCGGCTGGGACCGGGTACTGGAAGGCAACCGGAGCTGATAAACCCGTCGGAAAGCCCAAACCGTTAGGGATAAAGAAGGCGCTGGTTTTCTACGCCGGGAAAGCCCCTACAGGAATCAAGACCAACTGGATTATGCACGAGTACCGCCTCGCCAACGTCGATCGTACCGCCGGCAAGAGAAACAATTTGAGG</Hsp_hseq>
      <Hsp_midline>||||||| |||||||||||||||||||||||||| ||| | || ||||| || || || ||||||||| ||||||||||||| || || || ||||| || |||||||||||||||||||||||||| || ||||| |||||| | ||||||||||||||||| || || ||||| ||||| ||||| || | ||| || || || || |||||||||||||||||||||||||||||||| || ||  | || |||||||  || || ||||||</Hsp_midline>
    </Hsp>
    <Hsp>
      <Hsp_num>2</Hsp_num>
      <Hsp_bit-score>118.505</Hsp_bit-score>
      <Hsp_score>130</Hsp_score>
      <Hsp_evalue>2.97304e-21</Hsp_evalue>
      <Hsp_query-from>181</Hsp_query-from>
      <Hsp_query-to>320</Hsp_query-to>
      <Hsp_hit-from>459</Hsp_hit-from>
      <Hsp_hit-to>598</Hsp_hit-to>
      <Hsp_query-frame>1</Hsp_query-frame>
      <Hsp_hit-frame>1</Hsp_hit-frame>
      <Hsp_identity>110</Hsp_identity>
      <Hsp_positive>110</Hsp_positive>
      <Hsp_gaps>0</Hsp_gaps>
      <Hsp_align-len>140</Hsp_align-len>
      <Hsp_qseq>TGGAGTTACCGGCGGGATTCAGATTCCATCCGACAGACGACGAATTGGTGCAGCACTATCTCTGCAGGAAATGCGCCGGACAGTCGATTGCTGTATCAATTATAGCTGAAATTGATCTTTACAAGTTTGATCCATGGCAG</Hsp_qseq>
      <Hsp_hseq>TGGAGTTACCTCCCGGTTTCCGGTTCCATCCCACCGACGAGGAGCTGGTGGTGCACTATCTCTGCCGGAAATGCGCCGCCCAGTCTATCTCCGTTCCCATTATCGCCGATATTGATCTCTACAAGTTCGACCCCTGGCAG</Hsp_hseq>
      <Hsp_midline>||||||||||  | || ||| | |||||||| || ||||| ||  |||||  ||||||||||||| ||||||||||||  ||||| ||  | ||  | ||||| || || |||||||| |||||||| || || ||||||</Hsp_midline>
    </Hsp>
    <Hsp>
      <Hsp_num>3</Hsp_num>
      <Hsp_bit-score>75.2244</Hsp_bit-score>
      <Hsp_score>82</Hsp_score>
      <Hsp_evalue>3.17713e-08</Hsp_evalue>
      <Hsp_query-from>1277</Hsp_query-from>
      <Hsp_query-to>1337</Hsp_query-to>
      <Hsp_hit-from>880</Hsp_hit-from>
      <Hsp_hit-to>940</Hsp_hit-to>
      <Hsp_query-frame>1</Hsp_query-frame>
      <Hsp_hit-frame>1</Hsp_hit-frame>
      <Hsp_identity>53</Hsp_identity>
      <Hsp_positive>53</Hsp_positive>
      <Hsp_gaps>0</Hsp_gaps>
      <Hsp_align-len>61</Hsp_align-len>
      <Hsp_qseq>GCTTGATGATTGGGTATTGTGTCGAATATACAACAAGAAAGGCACACTTGAGAAGCATTAC</Hsp_qseq>
      <Hsp_hseq>GCTTGATGAGTGGGTACTATGTCGGATATACAACAAGAAAGGCAGTGTTGAGAAGTATTAC</Hsp_hseq>
      <Hsp_midline>||||||||| |||||| | ||||| |||||||||||||||||||   |||||||| |||||</Hsp_midline>
    </Hsp>
  </Hit_hsps>
</Hit>
<Hit>
  <Hit_num>39</Hit_num>
  <Hit_id>gi|2112918310|emb|OU503038.1|</Hit_id>
  <Hit_def>Fraxinus pennsylvanica genome assembly, chromosome: 3</Hit_def>
  <Hit_accession>OU503038</Hit_accession>
  <Hit_len>35495138</Hit_len>
  <Hit_hsps>
    <Hsp>
      <Hsp_num>1</Hsp_num>
      <Hsp_bit-score>292.53</Hsp_bit-score>
      <Hsp_score>323</Hsp_score>
      <Hsp_evalue>2.27962e-73</Hsp_evalue>
      <Hsp_query-from>697</Hsp_query-from>
      <Hsp_query-to>970</Hsp_query-to>
      <Hsp_hit-from>29120102</Hsp_hit-from>
      <Hsp_hit-to>29120375</Hsp_hit-to>
      <Hsp_query-frame>1</Hsp_query-frame>
      <Hsp_hit-frame>1</Hsp_hit-frame>
      <Hsp_identity>229</Hsp_identity>
      <Hsp_positive>229</Hsp_positive>
      <Hsp_gaps>0</Hsp_gaps>
      <Hsp_align-len>274</Hsp_align-len>
      <Hsp_qseq>GGCTTTGTACGGTGAAAAAGAGTGGTATTTTTTCTCACCAAGGGATAGAAAATATCCGAACGGTTCACGGCCGAACCGAGCAGCAGGAACCGGTTATTGGAAGGCAACCGGAGCTGATAAACCGGTGGGAAAACCCAAAACCTTAGGGATAAAGAAGGCACTTGTGTTCTATGCCGGAAAAGCACCCAGAGGTATAAAAACAAATTGGATTATGCACGAGTACCGCCTCGCCAACGTGGACCGCTCTGCTGGCAAGAACAATAACTTGAGGGTA</Hsp_qseq>
      <Hsp_hseq>GGCTCTGTATGGTGAAAAAGAGTGGTACTTCTTTTCTCCAAGAGACAGGAAATACCCGAATGGATCCCGGCCTAACCGAGCAGCAGGAACAGGGTACTGGAAGGCCACCGGAGCCGACAAGCCGGTGGGGAAGCCGAAAACATTGGGAATAAAGAAGGCTCTGGTGTTCTATGCCGGTAAAGCTCCAAGAGGAGTCAAAACTAATTGGATTATGCACGAGTATCGCCTAGCTAATGTGGACCGGTCTGCTGGCAAGAGAAACAATTTGAGGGTA</Hsp_hseq>
      <Hsp_midline>|||| |||| ||||||||||||||||| || || || ||||| || || ||||| ||||| || || ||||| ||||||||||||||||| || || |||||||| |||||||| || || |||||||| || || ||||| || || ||||||||||| || |||||||||||||| ||||| || |||||  | ||||| |||||||||||||||||||| ||||| || || |||||||| |||||||||||||  || || |||||||||</Hsp_midline>
    </Hsp>
    <Hsp>
      <Hsp_num>2</Hsp_num>
      <Hsp_bit-score>151.868</Hsp_bit-score>
      <Hsp_score>167</Hsp_score>
      <Hsp_evalue>5.03008e-31</Hsp_evalue>
      <Hsp_query-from>171</Hsp_query-from>
      <Hsp_query-to>338</Hsp_query-to>
      <Hsp_hit-from>29119857</Hsp_hit-from>
      <Hsp_hit-to>29120023</Hsp_hit-to>
      <Hsp_query-frame>1</Hsp_query-frame>
      <Hsp_hit-frame>1</Hsp_hit-frame>
      <Hsp_identity>135</Hsp_identity>
      <Hsp_positive>135</Hsp_positive>
      <Hsp_gaps>1</Hsp_gaps>
      <Hsp_align-len>168</Hsp_align-len>
      <Hsp_qseq>AATCAGCAATTGGAGTTACCGGCGGGATTCAGATTCCATCCGACAGACGACGAATTGGTGCAGCACTATCTCTGCAGGAAATGCGCCGGACAGTCGATTGCTGTATCAATTATAGCTGAAATTGATCTTTACAAGTTTGATCCATGGCAGTTGCCTGGTAATTTTTGA</Hsp_qseq>
      <Hsp_hseq>AATCAGCAGTTGAATTTGCCGGCTGGGTTCAGGTTCCATCCGACCGACGATGAGCTTGTGGTGGATTATCTCTGCCGGAAATGCGCCGGCCAGCCGATTACTGCTCCTATTATAGCCGAGATTGATCTTTATAAGTTTGATCCATGGGATCTTCCTGGT-ATGTTTGA</Hsp_hseq>
      <Hsp_midline>|||||||| ||| | || ||||| || ||||| ||||||||||| ||||| ||  | |||  | | ||||||||| ||||||||||||| ||| ||||| |||   | |||||||| || ||||||||||| ||||||||||||||| |  | |||||| || |||||</Hsp_midline>
    </Hsp>
    <Hsp>
      <Hsp_num>3</Hsp_num>
      <Hsp_bit-score>113.095</Hsp_bit-score>
      <Hsp_score>124</Hsp_score>
      <Hsp_evalue>1.26417e-19</Hsp_evalue>
      <Hsp_query-from>1249</Hsp_query-from>
      <Hsp_query-to>1345</Hsp_query-to>
      <Hsp_hit-from>29120678</Hsp_hit-from>
      <Hsp_hit-to>29120774</Hsp_hit-to>
      <Hsp_query-frame>1</Hsp_query-frame>
      <Hsp_hit-frame>1</Hsp_hit-frame>
      <Hsp_identity>83</Hsp_identity>
      <Hsp_positive>83</Hsp_positive>
      <Hsp_gaps>0</Hsp_gaps>
      <Hsp_align-len>97</Hsp_align-len>
      <Hsp_qseq>ATTGATTATGTGATTTGACATTATTGCAGCTTGATGATTGGGTATTGTGTCGAATATACAACAAGAAAGGCACACTTGAGAAGCATTACAATGTGGA</Hsp_qseq>
      <Hsp_hseq>ATTAATGGTGTGATTTTGGGCTATTACAGCTTGATGATTGGGTGTTGTGTCGAATATACAACAAGAAAGGCACTCTCGAGAAGCATTACAACGTCGA</Hsp_hseq>
      <Hsp_midline>||| ||  ||||||||     |||| ||||||||||||||||| ||||||||||||||||||||||||||||| || |||||||||||||| || ||</Hsp_midline>
    </Hsp>
    <Hsp>
      <Hsp_num>4</Hsp_num>
      <Hsp_bit-score>83.3396</Hsp_bit-score>
      <Hsp_score>91</Hsp_score>
      <Hsp_evalue>2.14074e-10</Hsp_evalue>
      <Hsp_query-from>707</Hsp_query-from>
      <Hsp_query-to>919</Hsp_query-to>
      <Hsp_hit-from>33436744</Hsp_hit-from>
      <Hsp_hit-to>33436959</Hsp_hit-to>
      <Hsp_query-frame>1</Hsp_query-frame>
      <Hsp_hit-frame>1</Hsp_hit-frame>
      <Hsp_identity>151</Hsp_identity>
      <Hsp_positive>151</Hsp_positive>
      <Hsp_gaps>11</Hsp_gaps>
      <Hsp_align-len>220</Hsp_align-len>
      <Hsp_qseq>GGTGAAAAAGAGTGGTATTTTTTCTCACCAAGGGATAGAAAATATCCGAACGGTTCACGGCCGAACCGAGCAGCAGGAACCGGTTATTGGAAGGCAACCGGAGCTGATAAACCGGT-----GGGAAAACCCAAAACCT--TAGGGATAAAGAAGGCACTTGTGTTCTATGCCGGAAAAGCACCCAGAGGTATAAAAACAAATTGGATTATGCACGAGTAC</Hsp_qseq>
      <Hsp_hseq>GGTGAAAAAGAATGGTATTTCTTCTGTGTAAGAGATAGAAAGTACCCAACTGGATTGAGGACGAACAGAGCCACTGAAGCAGGTTATTGGAAGGCTACCGGCAAAGATAAGGAGATTTTCAGGGTAA----AAATCCTAGTCGGAATGAAGAAAACTCTCGTATTTTACAGAGGAAGAGCTCCCAGAGGAGAAAAGACTAATTGGGTCATGCACGAATAC</Hsp_hseq>
      <Hsp_midline>||||||||||| |||||||| ||||    ||| |||||||| || || |  || |   || ||||| ||||  | | | | |||||||||||||| |||||    |||||   | |     ||| ||    ||| |||  | || || |||||  | || || || ||    |||| ||| ||||||||   ||| || |||||| | |||||||| |||</Hsp_midline>
    </Hsp>
    <Hsp>
      <Hsp_num>5</Hsp_num>
      <Hsp_bit-score>62.6008</Hsp_bit-score>
      <Hsp_score>68</Hsp_score>
      <Hsp_evalue>0.000200499</Hsp_evalue>
      <Hsp_query-from>660</Hsp_query-from>
      <Hsp_query-to>741</Hsp_query-to>
      <Hsp_hit-from>23610131</Hsp_hit-from>
      <Hsp_hit-to>23610054</Hsp_hit-to>
      <Hsp_query-frame>1</Hsp_query-frame>
      <Hsp_hit-frame>-1</Hsp_hit-frame>
      <Hsp_identity>64</Hsp_identity>
      <Hsp_positive>64</Hsp_positive>
      <Hsp_gaps>4</Hsp_gaps>
      <Hsp_align-len>82</Hsp_align-len>
      <Hsp_qseq>TTTCTGAACTTTATTTTTTGTTGGTAATTGCAGAGAAGGCTTTGTACGGTGAAAAAGAGTGGTATTTTTTCTCACCAAGGGA</Hsp_qseq>
      <Hsp_hseq>TTTCTTAACATTGTTAATTGT--GAAA--GCAGGTATGGCTTTGTATGGTGAAAAAGAGTGGTACTTCTTTTCTCCAAGGGA</Hsp_hseq>
      <Hsp_midline>||||| ||| || ||  ||||  | ||  ||||  | ||||||||| ||||||||||||||||| || || || ||||||||</Hsp_midline>
    </Hsp>
  </Hit_hsps>
</Hit>
<Hit>
  <Hit_num>40</Hit_num>
  <Hit_id>gi|1344080101|ref|XM_024068269.1|</Hit_id>
  <Hit_def>PREDICTED: Quercus suber NAC domain-containing protein 2-like (LOC112035443), mRNA</Hit_def>
  <Hit_accession>XM_024068269</Hit_accession>
  <Hit_len>1545</Hit_len>
  <Hit_hsps>
    <Hsp>
      <Hsp_num>1</Hsp_num>
      <Hsp_bit-score>287.12</Hsp_bit-score>
      <Hsp_score>317</Hsp_score>
      <Hsp_evalue>9.6932e-72</Hsp_evalue>
      <Hsp_query-from>687</Hsp_query-from>
      <Hsp_query-to>967</Hsp_query-to>
      <Hsp_hit-from>309</Hsp_hit-from>
      <Hsp_hit-to>589</Hsp_hit-to>
      <Hsp_query-frame>1</Hsp_query-frame>
      <Hsp_hit-frame>1</Hsp_hit-frame>
      <Hsp_identity>232</Hsp_identity>
      <Hsp_positive>232</Hsp_positive>
      <Hsp_gaps>0</Hsp_gaps>
      <Hsp_align-len>281</Hsp_align-len>
      <Hsp_qseq>TTGCAGAGAAGGCTTTGTACGGTGAAAAAGAGTGGTATTTTTTCTCACCAAGGGATAGAAAATATCCGAACGGTTCACGGCCGAACCGAGCAGCAGGAACCGGTTATTGGAAGGCAACCGGAGCTGATAAACCGGTGGGAAAACCCAAAACCTTAGGGATAAAGAAGGCACTTGTGTTCTATGCCGGAAAAGCACCCAGAGGTATAAAAACAAATTGGATTATGCACGAGTACCGCCTCGCCAACGTGGACCGCTCTGCTGGCAAGAACAATAACTTGAGG</Hsp_qseq>
      <Hsp_hseq>TTCCAGAAATGGCTCTTTACGGCGAAAAAGAGTGGTACTTCTTTTCCCCAAGGGATAGAAAATATCCAAACGGTTCAAGGCCAAACCGGGCGGCAGGAACCGGATATTGGAAGGCAACCGGAGCTGACAAGCCCATTGGAAAGCCCAAACCATTGGGTATTAAGAAAGCACTTGTTTTCTATGCTGGCAAAGCCCCTAGAGGAATCAAAACCAACTGGATCATGCATGAATATCGTCTTGCAAATGTGGATCGATCTGCTGGCAAAAAGAATAACTTGAGG</Hsp_hseq>
      <Hsp_midline>|| |||| | |||| | ||||| |||||||||||||| || || || |||||||||||||||||||| ||||||||| |||| ||||| || ||||||||||| ||||||||||||||||||||||| || ||  | ||||| |||||| | || || || ||||| |||||||| |||||||| || ||||| || ||||| || ||||| || ||||| ||||| || || || || || || ||||| || ||||||||||| || ||||||||||||</Hsp_midline>
    </Hsp>
    <Hsp>
      <Hsp_num>2</Hsp_num>
      <Hsp_bit-score>96.8649</Hsp_bit-score>
      <Hsp_score>106</Hsp_score>
      <Hsp_evalue>9.71892e-15</Hsp_evalue>
      <Hsp_query-from>183</Hsp_query-from>
      <Hsp_query-to>320</Hsp_query-to>
      <Hsp_hit-from>170</Hsp_hit-from>
      <Hsp_hit-to>307</Hsp_hit-to>
      <Hsp_query-frame>1</Hsp_query-frame>
      <Hsp_hit-frame>1</Hsp_hit-frame>
      <Hsp_identity>104</Hsp_identity>
      <Hsp_positive>104</Hsp_positive>
      <Hsp_gaps>0</Hsp_gaps>
      <Hsp_align-len>138</Hsp_align-len>
      <Hsp_qseq>GAGTTACCGGCGGGATTCAGATTCCATCCGACAGACGACGAATTGGTGCAGCACTATCTCTGCAGGAAATGCGCCGGACAGTCGATTGCTGTATCAATTATAGCTGAAATTGATCTTTACAAGTTTGATCCATGGCAG</Hsp_qseq>
      <Hsp_hseq>GAGTTACCACCTGGGTTCAGATTTCACCCAACAGATGAGGAGTTGGTGAATCATTATTTGTGTAGGAAATGTGCTTCTCTGCCTCTTGCTGTTCCTATTATTAGGGAGATTGATCTTTACAAGTATGATCCATGGCAG</Hsp_hseq>
      <Hsp_midline>||||||||  | || |||||||| || || ||||| || || |||||| | || ||| | || |||||||| ||    | | |  |||||||  | |||||    || |||||||||||||||| |||||||||||||</Hsp_midline>
    </Hsp>
    <Hsp>
      <Hsp_num>3</Hsp_num>
      <Hsp_bit-score>85.143</Hsp_bit-score>
      <Hsp_score>93</Hsp_score>
      <Hsp_evalue>6.13331e-11</Hsp_evalue>
      <Hsp_query-from>1277</Hsp_query-from>
      <Hsp_query-to>1399</Hsp_query-to>
      <Hsp_hit-from>589</Hsp_hit-from>
      <Hsp_hit-to>708</Hsp_hit-to>
      <Hsp_query-frame>1</Hsp_query-frame>
      <Hsp_hit-frame>1</Hsp_hit-frame>
      <Hsp_identity>96</Hsp_identity>
      <Hsp_positive>96</Hsp_positive>
      <Hsp_gaps>5</Hsp_gaps>
      <Hsp_align-len>124</Hsp_align-len>
      <Hsp_qseq>GCTTGATGATTGGGTATTGTGTCGAATATACAACAAGAAAGGCACACTTGAGAAGCAT-TACAATGTGGACAACAAGGAAACTACAAGCTTTGGAGAATTTGATGAAGAAATAAAACCAAAAAT</Hsp_qseq>
      <Hsp_hseq>GCTTGATGATTGGGTCTTATGTCGAATCTACAACAAGAAAGGCACACTAGAGAAATATCAACCAT-TGGAC--CAAAAAATGGAAAAG-TTCGCAGAAATAGAGGAGGAGCAAAAACCAAAAAT</Hsp_hseq>
      <Hsp_midline>||||||||||||||| || |||||||| |||||||||||||||||||| |||||  ||  || || |||||  |||  ||   | ||| || | |||| | || || ||   ||||||||||||</Hsp_midline>
    </Hsp>
  </Hit_hsps>
</Hit>
<Hit>
  <Hit_num>41</Hit_num>
  <Hit_id>gi|1344052535|ref|XM_024053770.1|</Hit_id>
  <Hit_def>PREDICTED: Quercus suber protein ATAF2-like (LOC112021201), partial mRNA</Hit_def>
  <Hit_accession>XM_024053770</Hit_accession>
  <Hit_len>757</Hit_len>
  <Hit_hsps>
    <Hsp>
      <Hsp_num>1</Hsp_num>
      <Hsp_bit-score>282.612</Hsp_bit-score>
      <Hsp_score>312</Hsp_score>
      <Hsp_evalue>1.18087e-70</Hsp_evalue>
      <Hsp_query-from>687</Hsp_query-from>
      <Hsp_query-to>967</Hsp_query-to>
      <Hsp_hit-from>279</Hsp_hit-from>
      <Hsp_hit-to>559</Hsp_hit-to>
      <Hsp_query-frame>1</Hsp_query-frame>
      <Hsp_hit-frame>1</Hsp_hit-frame>
      <Hsp_identity>231</Hsp_identity>
      <Hsp_positive>231</Hsp_positive>
      <Hsp_gaps>0</Hsp_gaps>
      <Hsp_align-len>281</Hsp_align-len>
      <Hsp_qseq>TTGCAGAGAAGGCTTTGTACGGTGAAAAAGAGTGGTATTTTTTCTCACCAAGGGATAGAAAATATCCGAACGGTTCACGGCCGAACCGAGCAGCAGGAACCGGTTATTGGAAGGCAACCGGAGCTGATAAACCGGTGGGAAAACCCAAAACCTTAGGGATAAAGAAGGCACTTGTGTTCTATGCCGGAAAAGCACCCAGAGGTATAAAAACAAATTGGATTATGCACGAGTACCGCCTCGCCAACGTGGACCGCTCTGCTGGCAAGAACAATAACTTGAGG</Hsp_qseq>
      <Hsp_hseq>TTCCAGAAATGGCTCTTTATGGCGAAAAAGAGTGGTACTTCTTTTCCCCAAGGGATAGAAAATATCCAAACGGTTCAAGGCCAAACCGGGCGGCAGGAACCGGATATTGGAAGGCAACCGGAGCTGACAAGCCCATTGGAAAGCCCAAACCATTGGGTATTAAGAAAGCACTTGTTTTCTATGCTGGTAAAGCCCCTAGAGGAATCAAAACCAACTGGATCATGCATGAATATCGTCTTGCAAATGTGGATCGATCTGCTGGCAAAAAGAATAACTTGAGG</Hsp_hseq>
      <Hsp_midline>|| |||| | |||| | || || |||||||||||||| || || || |||||||||||||||||||| ||||||||| |||| ||||| || ||||||||||| ||||||||||||||||||||||| || ||  | ||||| |||||| | || || || ||||| |||||||| |||||||| || ||||| || ||||| || ||||| || ||||| ||||| || || || || || || ||||| || ||||||||||| || ||||||||||||</Hsp_midline>
    </Hsp>
    <Hsp>
      <Hsp_num>2</Hsp_num>
      <Hsp_bit-score>92.3564</Hsp_bit-score>
      <Hsp_score>101</Hsp_score>
      <Hsp_evalue>4.13259e-13</Hsp_evalue>
      <Hsp_query-from>183</Hsp_query-from>
      <Hsp_query-to>320</Hsp_query-to>
      <Hsp_hit-from>140</Hsp_hit-from>
      <Hsp_hit-to>277</Hsp_hit-to>
      <Hsp_query-frame>1</Hsp_query-frame>
      <Hsp_hit-frame>1</Hsp_hit-frame>
      <Hsp_identity>103</Hsp_identity>
      <Hsp_positive>103</Hsp_positive>
      <Hsp_gaps>0</Hsp_gaps>
      <Hsp_align-len>138</Hsp_align-len>
      <Hsp_qseq>GAGTTACCGGCGGGATTCAGATTCCATCCGACAGACGACGAATTGGTGCAGCACTATCTCTGCAGGAAATGCGCCGGACAGTCGATTGCTGTATCAATTATAGCTGAAATTGATCTTTACAAGTTTGATCCATGGCAG</Hsp_qseq>
      <Hsp_hseq>GAGTTACCACCTGGGTTCAGATTTCACCCAACAGATGAGGAGTTGGTGAATCATTATTTGTGTAGGAAATGTGCTTCTATGCCTCTTGCTGTTCCTATTATTAGGGAGATTGATCTTTACAAGTATGATCCATGGCAG</Hsp_hseq>
      <Hsp_midline>||||||||  | || |||||||| || || ||||| || || |||||| | || ||| | || |||||||| ||      | |  |||||||  | |||||    || |||||||||||||||| |||||||||||||</Hsp_midline>
    </Hsp>
    <Hsp>
      <Hsp_num>3</Hsp_num>
      <Hsp_bit-score>85.143</Hsp_bit-score>
      <Hsp_score>93</Hsp_score>
      <Hsp_evalue>6.13331e-11</Hsp_evalue>
      <Hsp_query-from>1277</Hsp_query-from>
      <Hsp_query-to>1399</Hsp_query-to>
      <Hsp_hit-from>559</Hsp_hit-from>
      <Hsp_hit-to>678</Hsp_hit-to>
      <Hsp_query-frame>1</Hsp_query-frame>
      <Hsp_hit-frame>1</Hsp_hit-frame>
      <Hsp_identity>96</Hsp_identity>
      <Hsp_positive>96</Hsp_positive>
      <Hsp_gaps>5</Hsp_gaps>
      <Hsp_align-len>124</Hsp_align-len>
      <Hsp_qseq>GCTTGATGATTGGGTATTGTGTCGAATATACAACAAGAAAGGCACACTTGAGAAGCAT-TACAATGTGGACAACAAGGAAACTACAAGCTTTGGAGAATTTGATGAAGAAATAAAACCAAAAAT</Hsp_qseq>
      <Hsp_hseq>GCTTGATGATTGGGTCTTATGTCGAATCTACAACAAGAAAGGCACACTAGAGAAATATCAACCAT-TGGAC--CAAAAAATGGAAAAG-TTCGCAGAAATAGAGGAGGAGCAAAAACCAAAAAT</Hsp_hseq>
      <Hsp_midline>||||||||||||||| || |||||||| |||||||||||||||||||| |||||  ||  || || |||||  |||  ||   | ||| || | |||| | || || ||   ||||||||||||</Hsp_midline>
    </Hsp>
  </Hit_hsps>
</Hit>
<Hit>
  <Hit_num>42</Hit_num>
  <Hit_id>gi|2040332910|emb|OU015768.1|</Hit_id>
  <Hit_def>Fagus sylvatica genome assembly, chromosome: 8</Hit_def>
  <Hit_accession>OU015768</Hit_accession>
  <Hit_len>40194739</Hit_len>
  <Hit_hsps>
    <Hsp>
      <Hsp_num>1</Hsp_num>
      <Hsp_bit-score>282.612</Hsp_bit-score>
      <Hsp_score>312</Hsp_score>
      <Hsp_evalue>1.18087e-70</Hsp_evalue>
      <Hsp_query-from>656</Hsp_query-from>
      <Hsp_query-to>999</Hsp_query-to>
      <Hsp_hit-from>17408848</Hsp_hit-from>
      <Hsp_hit-to>17409187</Hsp_hit-to>
      <Hsp_query-frame>1</Hsp_query-frame>
      <Hsp_hit-frame>1</Hsp_hit-frame>
      <Hsp_identity>270</Hsp_identity>
      <Hsp_positive>270</Hsp_positive>
      <Hsp_gaps>4</Hsp_gaps>
      <Hsp_align-len>344</Hsp_align-len>
      <Hsp_qseq>TCTTTTTCTGAACTTTATTTTTTGTTGGTAATTGCAGAGAAGGCTTTGTACGGTGAAAAAGAGTGGTATTTTTTCTCACCAAGGGATAGAAAATATCCGAACGGTTCACGGCCGAACCGAGCAGCAGGAACCGGTTATTGGAAGGCAACCGGAGCTGATAAACCGGTGGGAAAACCCAAAACCTTAGGGATAAAGAAGGCACTTGTGTTCTATGCCGGAAAAGCACCCAGAGGTATAAAAACAAATTGGATTATGCACGAGTACCGCCTCGCCAACGTGGACCGCTCTGCTGGCAAGAACAATAACTTGAGGGTAAGTCCTTCTTCAGCTTTAATTTTTTATTT</Hsp_qseq>
      <Hsp_hseq>TCTGTTTCTGATCTTG--TTGTTGTTGATCTGGGCAGGCCTGGCTCTTTATGGCGAAAAGGAGTGGTATTTCTTTTCCCCAAGGGACAGAAAATATCCAAACGGTTCACGGCCCAACCGGGCGGCTGGAACCGGGTATTGGAAGGCAACCGGAGCTGATAAGCCCATTGGCAAGCCTAAGCCACTGGGTATTAAGAAAGCACTGGTTTTCTATGCTGGAAAAGCACCTAAAGGAGTCAAAACCAATTGGATCATGCATGAATATCGCCTTGCAAATGTCGATCGCTCTGCTGGCAAGAAAAATAACTTGAGGGTACTACTTTTTTC--CTTTTAAATTTTATTT</Hsp_hseq>
      <Hsp_midline>||| ||||||| |||   || |||||| |    ||||    |||| | || || ||||| ||||||||||| || || |||||||| ||||||||||| |||||||||||||| ||||| || || |||||||| |||||||||||||||||||||||||| ||  | || || || ||  |  | || || ||||| ||||| || |||||||| ||||||||||| | |||  | ||||| |||||||| ||||| || || ||||| || || || || ||||||||||||||||| |||||||||||||||   | || |||  |||| |  ||||||||</Hsp_midline>
    </Hsp>
    <Hsp>
      <Hsp_num>2</Hsp_num>
      <Hsp_bit-score>86.0446</Hsp_bit-score>
      <Hsp_score>94</Hsp_score>
      <Hsp_evalue>1.75722e-11</Hsp_evalue>
      <Hsp_query-from>1269</Hsp_query-from>
      <Hsp_query-to>1330</Hsp_query-to>
      <Hsp_hit-from>17409594</Hsp_hit-from>
      <Hsp_hit-to>17409655</Hsp_hit-to>
      <Hsp_query-frame>1</Hsp_query-frame>
      <Hsp_hit-frame>1</Hsp_hit-frame>
      <Hsp_identity>56</Hsp_identity>
      <Hsp_positive>56</Hsp_positive>
      <Hsp_gaps>0</Hsp_gaps>
      <Hsp_align-len>62</Hsp_align-len>
      <Hsp_qseq>TTATTGCAGCTTGATGATTGGGTATTGTGTCGAATATACAACAAGAAAGGCACACTTGAGAA</Hsp_qseq>
      <Hsp_hseq>TTATTGCAGCTTGATGATTGGGTCTTATGTCGAATTTACAACAAGAAAGGTACACAGGAGAA</Hsp_hseq>
      <Hsp_midline>||||||||||||||||||||||| || |||||||| |||||||||||||| ||||  |||||</Hsp_midline>
    </Hsp>
    <Hsp>
      <Hsp_num>3</Hsp_num>
      <Hsp_bit-score>86.0446</Hsp_bit-score>
      <Hsp_score>94</Hsp_score>
      <Hsp_evalue>1.75722e-11</Hsp_evalue>
      <Hsp_query-from>707</Hsp_query-from>
      <Hsp_query-to>915</Hsp_query-to>
      <Hsp_hit-from>37054182</Hsp_hit-from>
      <Hsp_hit-to>37054399</Hsp_hit-to>
      <Hsp_query-frame>1</Hsp_query-frame>
      <Hsp_hit-frame>1</Hsp_hit-frame>
      <Hsp_identity>150</Hsp_identity>
      <Hsp_positive>150</Hsp_positive>
      <Hsp_gaps>11</Hsp_gaps>
      <Hsp_align-len>219</Hsp_align-len>
      <Hsp_qseq>GGTGAAAAAGAGTGGTATTTTTTCTCACCAAGGGATAGAAAATATCCGAACGGTTCACGGCCGAACCGAGCAGCAGGAACCGGTTATTGGAAGGCAACCGGAGCTGA----------TAAACCGGTGGGAAAACCCAAAACCTTAGGGATAAAGAAGGCACTTGTGTTCTATGCCGGAAAAGCACCCAGAGGTATAAAAACAAATTGGATTATGCACGA</Hsp_qseq>
      <Hsp_hseq>GGGGAAAAAGAGTGGTATTTCTACTGCCCAAGGGACAGGAAATACAGGAACAGTGCACGGCCAAACCGAGTGACTGGAGCTGGGTTTTGGAAGGCTACTGGGACTGACCGGCCTATTTATGCCTCTGATAGCA-CCAAATGCATTGGTTTGAAGAAGTCCCTTGTTTTCTACAGGGGTAGAGCTGCCAAAGGGATCAAAACCGATTGGATGATGCATGA</Hsp_hseq>
      <Hsp_midline>|| ||||||||||||||||| | ||  |||||||| || |||||   |||| || ||||||| |||||||   | ||| | || | ||||||||| || ||  ||||          ||  ||  ||  |  | |||||  | | ||  | |||||| | ||||| |||||    || | |||  ||| ||| || |||||  ||||||| ||||| ||</Hsp_midline>
    </Hsp>
    <Hsp>
      <Hsp_num>4</Hsp_num>
      <Hsp_bit-score>77.0278</Hsp_bit-score>
      <Hsp_score>84</Hsp_score>
      <Hsp_evalue>9.10264e-09</Hsp_evalue>
      <Hsp_query-from>180</Hsp_query-from>
      <Hsp_query-to>331</Hsp_query-to>
      <Hsp_hit-from>17408278</Hsp_hit-from>
      <Hsp_hit-to>17408429</Hsp_hit-to>
      <Hsp_query-frame>1</Hsp_query-frame>
      <Hsp_hit-frame>1</Hsp_hit-frame>
      <Hsp_identity>108</Hsp_identity>
      <Hsp_positive>108</Hsp_positive>
      <Hsp_gaps>0</Hsp_gaps>
      <Hsp_align-len>152</Hsp_align-len>
      <Hsp_qseq>TTGGAGTTACCGGCGGGATTCAGATTCCATCCGACAGACGACGAATTGGTGCAGCACTATCTCTGCAGGAAATGCGCCGGACAGTCGATTGCTGTATCAATTATAGCTGAAATTGATCTTTACAAGTTTGATCCATGGCAGTTGCCTGGTAA</Hsp_qseq>
      <Hsp_hseq>TTAGAGTTACCACCTGGGTTTAGGTTTCACCCAACAGATGAGGAGTTGGTGAATCATTATTTGTGCAAGAAATGTGCTTCCATGCCTCTTGCTGTTCCCATTATTAGGGAGATTGATCTCTATAAGTATGATCCATGGCAACTACCAGGTAA</Hsp_hseq>
      <Hsp_midline>|| ||||||||  | || || || || || || ||||| || || |||||| | || ||| | |||| |||||| ||      | |  |||||||  | |||||    || |||||||| || |||| ||||||||||||  | || |||||</Hsp_midline>
    </Hsp>
    <Hsp>
      <Hsp_num>5</Hsp_num>
      <Hsp_bit-score>51.7806</Hsp_bit-score>
      <Hsp_score>56</Hsp_score>
      <Hsp_evalue>0.362511</Hsp_evalue>
      <Hsp_query-from>715</Hsp_query-from>
      <Hsp_query-to>807</Hsp_query-to>
      <Hsp_hit-from>24172041</Hsp_hit-from>
      <Hsp_hit-to>24172133</Hsp_hit-to>
      <Hsp_query-frame>1</Hsp_query-frame>
      <Hsp_hit-frame>1</Hsp_hit-frame>
      <Hsp_identity>67</Hsp_identity>
      <Hsp_positive>67</Hsp_positive>
      <Hsp_gaps>0</Hsp_gaps>
      <Hsp_align-len>93</Hsp_align-len>
      <Hsp_qseq>AGAGTGGTATTTTTTCTCACCAAGGGATAGAAAATATCCGAACGGTTCACGGCCGAACCGAGCAGCAGGAACCGGTTATTGGAAGGCAACCGG</Hsp_qseq>
      <Hsp_hseq>AGAGTGGTATTTCTTTAGTCCACGGGATCGTAAGTACCCGAATGGATCAAGGACTAATCGTGCAACTAAAGCTGGATATTGGAAGGCCACTGG</Hsp_hseq>
      <Hsp_midline>|||||||||||| ||    ||| ||||| | || || ||||| || ||| || | || || ||| |   | | || ||||||||||| || ||</Hsp_midline>
    </Hsp>
  </Hit_hsps>
</Hit>
<Hit>
  <Hit_num>43</Hit_num>
  <Hit_id>gi|2206654777|emb|OW028774.1|</Hit_id>
  <Hit_def>Quercus robur genome assembly, chromosome: 10</Hit_def>
  <Hit_accession>OW028774</Hit_accession>
  <Hit_len>55958786</Hit_len>
  <Hit_hsps>
    <Hsp>
      <Hsp_num>1</Hsp_num>
      <Hsp_bit-score>280.808</Hsp_bit-score>
      <Hsp_score>310</Hsp_score>
      <Hsp_evalue>4.12166e-70</Hsp_evalue>
      <Hsp_query-from>687</Hsp_query-from>
      <Hsp_query-to>981</Hsp_query-to>
      <Hsp_hit-from>18716914</Hsp_hit-from>
      <Hsp_hit-to>18717208</Hsp_hit-to>
      <Hsp_query-frame>1</Hsp_query-frame>
      <Hsp_hit-frame>1</Hsp_hit-frame>
      <Hsp_identity>239</Hsp_identity>
      <Hsp_positive>239</Hsp_positive>
      <Hsp_gaps>0</Hsp_gaps>
      <Hsp_align-len>295</Hsp_align-len>
      <Hsp_qseq>TTGCAGAGAAGGCTTTGTACGGTGAAAAAGAGTGGTATTTTTTCTCACCAAGGGATAGAAAATATCCGAACGGTTCACGGCCGAACCGAGCAGCAGGAACCGGTTATTGGAAGGCAACCGGAGCTGATAAACCGGTGGGAAAACCCAAAACCTTAGGGATAAAGAAGGCACTTGTGTTCTATGCCGGAAAAGCACCCAGAGGTATAAAAACAAATTGGATTATGCACGAGTACCGCCTCGCCAACGTGGACCGCTCTGCTGGCAAGAACAATAACTTGAGGGTAAGTCCTTCTTC</Hsp_qseq>
      <Hsp_hseq>TTGCAGAAATGTCTCTTTATGGCGAAAAGGAGTGGTACTTCTTTTCCCCAAGGGATAGAAAATATCCAAACGGTTCAAGGCCAAACCGGGCGGCAGGAGCCGGATATTGGAAGGCAACCGGAGCTGACAAGCCCATTGGAAAGCCAAAACCATTGGGTATTAAGAAAGCACTTGTTTTCTATGCTGGCAAAGCCCCTAGAGGAATCAAAACCAACTGGATCATGCATGAATATCGTCTTGCAAATGTGGATCGATCTGCTGGCAAAAAGAATAACTTGAGGGTATGTTCTTTTTC</Hsp_hseq>
      <Hsp_midline>||||||| | | || | || || ||||| |||||||| || || || |||||||||||||||||||| ||||||||| |||| ||||| || |||||| |||| ||||||||||||||||||||||| || ||  | ||||| || ||| | || || || ||||| |||||||| |||||||| || ||||| || ||||| || ||||| || ||||| ||||| || || || || || || ||||| || ||||||||||| || ||||||||||||||| || ||| |||</Hsp_midline>
    </Hsp>
    <Hsp>
      <Hsp_num>2</Hsp_num>
      <Hsp_bit-score>104.078</Hsp_bit-score>
      <Hsp_score>114</Hsp_score>
      <Hsp_evalue>6.54856e-17</Hsp_evalue>
      <Hsp_query-from>180</Hsp_query-from>
      <Hsp_query-to>331</Hsp_query-to>
      <Hsp_hit-from>18716287</Hsp_hit-from>
      <Hsp_hit-to>18716438</Hsp_hit-to>
      <Hsp_query-frame>1</Hsp_query-frame>
      <Hsp_hit-frame>1</Hsp_hit-frame>
      <Hsp_identity>114</Hsp_identity>
      <Hsp_positive>114</Hsp_positive>
      <Hsp_gaps>0</Hsp_gaps>
      <Hsp_align-len>152</Hsp_align-len>
      <Hsp_qseq>TTGGAGTTACCGGCGGGATTCAGATTCCATCCGACAGACGACGAATTGGTGCAGCACTATCTCTGCAGGAAATGCGCCGGACAGTCGATTGCTGTATCAATTATAGCTGAAATTGATCTTTACAAGTTTGATCCATGGCAGTTGCCTGGTAA</Hsp_qseq>
      <Hsp_hseq>TTAGAGTTACCACCTGGGTTCAGATTTCACCCAACAGATGAGGAGTTGGTGAATCATTATTTGTGTAGGAAATGTGCTTCTCTGCCTCTTGCTGTTCCTATTATTAGGGAGATTGATCTTTACAAGTATGATCCATGGCAGCTTCCAGGTAA</Hsp_hseq>
      <Hsp_midline>|| ||||||||  | || |||||||| || || ||||| || || |||||| | || ||| | || |||||||| ||    | | |  |||||||  | |||||    || |||||||||||||||| ||||||||||||| | || |||||</Hsp_midline>
    </Hsp>
    <Hsp>
      <Hsp_num>3</Hsp_num>
      <Hsp_bit-score>93.2581</Hsp_bit-score>
      <Hsp_score>102</Hsp_score>
      <Hsp_evalue>1.18401e-13</Hsp_evalue>
      <Hsp_query-from>1270</Hsp_query-from>
      <Hsp_query-to>1330</Hsp_query-to>
      <Hsp_hit-from>18717607</Hsp_hit-from>
      <Hsp_hit-to>18717667</Hsp_hit-to>
      <Hsp_query-frame>1</Hsp_query-frame>
      <Hsp_hit-frame>1</Hsp_hit-frame>
      <Hsp_identity>57</Hsp_identity>
      <Hsp_positive>57</Hsp_positive>
      <Hsp_gaps>0</Hsp_gaps>
      <Hsp_align-len>61</Hsp_align-len>
      <Hsp_qseq>TATTGCAGCTTGATGATTGGGTATTGTGTCGAATATACAACAAGAAAGGCACACTTGAGAA</Hsp_qseq>
      <Hsp_hseq>TATTGCAGCTTGATGATTGGGTCTTATGTCGAATCTACAACAAGAAAGGCACACTAGAGAA</Hsp_hseq>
      <Hsp_midline>|||||||||||||||||||||| || |||||||| |||||||||||||||||||| |||||</Hsp_midline>
    </Hsp>
    <Hsp>
      <Hsp_num>4</Hsp_num>
      <Hsp_bit-score>72.5194</Hsp_bit-score>
      <Hsp_score>79</Hsp_score>
      <Hsp_evalue>3.87054e-07</Hsp_evalue>
      <Hsp_query-from>707</Hsp_query-from>
      <Hsp_query-to>813</Hsp_query-to>
      <Hsp_hit-from>24779342</Hsp_hit-from>
      <Hsp_hit-to>24779236</Hsp_hit-to>
      <Hsp_query-frame>1</Hsp_query-frame>
      <Hsp_hit-frame>-1</Hsp_hit-frame>
      <Hsp_identity>80</Hsp_identity>
      <Hsp_positive>80</Hsp_positive>
      <Hsp_gaps>0</Hsp_gaps>
      <Hsp_align-len>107</Hsp_align-len>
      <Hsp_qseq>GGTGAAAAAGAGTGGTATTTTTTCTCACCAAGGGATAGAAAATATCCGAACGGTTCACGGCCGAACCGAGCAGCAGGAACCGGTTATTGGAAGGCAACCGGAGCTGA</Hsp_qseq>
      <Hsp_hseq>GGTGAGAAAGAGTGGTATTTTTATTGCCCATGGGACAGGAAATACAGGAACAGTGCACGGCCAAACCGAGTGACTGGAGCTGGGTTCTGGAAGGCCACTGGGACTGA</Hsp_hseq>
      <Hsp_midline>||||| ||||||||||||||||  |  ||| |||| || |||||   |||| || ||||||| |||||||   | ||| | || |  |||||||| || ||  ||||</Hsp_midline>
    </Hsp>
    <Hsp>
      <Hsp_num>5</Hsp_num>
      <Hsp_bit-score>68.0109</Hsp_bit-score>
      <Hsp_score>74</Hsp_score>
      <Hsp_evalue>4.71528e-06</Hsp_evalue>
      <Hsp_query-from>707</Hsp_query-from>
      <Hsp_query-to>813</Hsp_query-to>
      <Hsp_hit-from>1013126</Hsp_hit-from>
      <Hsp_hit-to>1013232</Hsp_hit-to>
      <Hsp_query-frame>1</Hsp_query-frame>
      <Hsp_hit-frame>1</Hsp_hit-frame>
      <Hsp_identity>79</Hsp_identity>
      <Hsp_positive>79</Hsp_positive>
      <Hsp_gaps>0</Hsp_gaps>
      <Hsp_align-len>107</Hsp_align-len>
      <Hsp_qseq>GGTGAAAAAGAGTGGTATTTTTTCTCACCAAGGGATAGAAAATATCCGAACGGTTCACGGCCGAACCGAGCAGCAGGAACCGGTTATTGGAAGGCAACCGGAGCTGA</Hsp_qseq>
      <Hsp_hseq>GGTGAGAAAGAGTGGTATTTCTACTGCCCATGGGACAGGAAATATAGGAATAGTGCACGACCAAACCGAGTGACTGGAGCTGGGTTCTGGAAGGCCACTGGGACTGA</Hsp_hseq>
      <Hsp_midline>||||| |||||||||||||| | ||  ||| |||| || ||||||  |||  || |||| || |||||||   | ||| | || |  |||||||| || ||  ||||</Hsp_midline>
    </Hsp>
    <Hsp>
      <Hsp_num>6</Hsp_num>
      <Hsp_bit-score>58.9941</Hsp_bit-score>
      <Hsp_score>64</Hsp_score>
      <Hsp_evalue>0.00244258</Hsp_evalue>
      <Hsp_query-from>707</Hsp_query-from>
      <Hsp_query-to>813</Hsp_query-to>
      <Hsp_hit-from>1350613</Hsp_hit-from>
      <Hsp_hit-to>1350719</Hsp_hit-to>
      <Hsp_query-frame>1</Hsp_query-frame>
      <Hsp_hit-frame>1</Hsp_hit-frame>
      <Hsp_identity>77</Hsp_identity>
      <Hsp_positive>77</Hsp_positive>
      <Hsp_gaps>0</Hsp_gaps>
      <Hsp_align-len>107</Hsp_align-len>
      <Hsp_qseq>GGTGAAAAAGAGTGGTATTTTTTCTCACCAAGGGATAGAAAATATCCGAACGGTTCACGGCCGAACCGAGCAGCAGGAACCGGTTATTGGAAGGCAACCGGAGCTGA</Hsp_qseq>
      <Hsp_hseq>GGTGAGAAAGAGTGGTATTTCTACTGCCCATGGGACAGGAAATACAGGAATAGTGCATGACCAAACCGAGTGACTGGAGCTGGGTTCTGGAAGGCCACTGGGACTGA</Hsp_hseq>
      <Hsp_midline>||||| |||||||||||||| | ||  ||| |||| || |||||   |||  || || | || |||||||   | ||| | || |  |||||||| || ||  ||||</Hsp_midline>
    </Hsp>
    <Hsp>
      <Hsp_num>7</Hsp_num>
      <Hsp_bit-score>57.1907</Hsp_bit-score>
      <Hsp_score>62</Hsp_score>
      <Hsp_evalue>0.00852543</Hsp_evalue>
      <Hsp_query-from>850</Hsp_query-from>
      <Hsp_query-to>915</Hsp_query-to>
      <Hsp_hit-from>1257148</Hsp_hit-from>
      <Hsp_hit-to>1257083</Hsp_hit-to>
      <Hsp_query-frame>1</Hsp_query-frame>
      <Hsp_hit-frame>-1</Hsp_hit-frame>
      <Hsp_identity>52</Hsp_identity>
      <Hsp_positive>52</Hsp_positive>
      <Hsp_gaps>0</Hsp_gaps>
      <Hsp_align-len>66</Hsp_align-len>
      <Hsp_qseq>GAAGGCACTTGTGTTCTATGCCGGAAAAGCACCCAGAGGTATAAAAACAAATTGGATTATGCACGA</Hsp_qseq>
      <Hsp_hseq>GAAGGCACTACTTTTCTATCGAGGAAAAGCTCCAAATGGTACGAAGACTAATTGGATTATGCACGA</Hsp_hseq>
      <Hsp_midline>|||||||||  | ||||||   |||||||| || |  ||||  || || |||||||||||||||||</Hsp_midline>
    </Hsp>
    <Hsp>
      <Hsp_num>8</Hsp_num>
      <Hsp_bit-score>50.8789</Hsp_bit-score>
      <Hsp_score>55</Hsp_score>
      <Hsp_evalue>1.26529</Hsp_evalue>
      <Hsp_query-from>707</Hsp_query-from>
      <Hsp_query-to>816</Hsp_query-to>
      <Hsp_hit-from>40297676</Hsp_hit-from>
      <Hsp_hit-to>40297567</Hsp_hit-to>
      <Hsp_query-frame>1</Hsp_query-frame>
      <Hsp_hit-frame>-1</Hsp_hit-frame>
      <Hsp_identity>77</Hsp_identity>
      <Hsp_positive>77</Hsp_positive>
      <Hsp_gaps>0</Hsp_gaps>
      <Hsp_align-len>110</Hsp_align-len>
      <Hsp_qseq>GGTGAAAAAGAGTGGTATTTTTTCTCACCAAGGGATAGAAAATATCCGAACGGTTCACGGCCGAACCGAGCAGCAGGAACCGGTTATTGGAAGGCAACCGGAGCTGATAA</Hsp_qseq>
      <Hsp_hseq>GGAGAGAGAGAGTGGTACTTTTTCTGTGTGAGGGACAGAAAATACCCAACTGGTTTGAGGACTAATAGGGCTACAGAAGCTGGTTATTGGAAAGCCACTGGAAAAGATAA</Hsp_hseq>
      <Hsp_midline>|| || | ||||||||| |||||||     ||||| |||||||| || |  ||||   || | ||  | ||  ||| | | ||||||||||| || || |||   |||||</Hsp_midline>
    </Hsp>
  </Hit_hsps>
</Hit>
<Hit>
  <Hit_num>44</Hit_num>
  <Hit_id>gi|2112917277|emb|OU503036.1|</Hit_id>
  <Hit_def>Fraxinus pennsylvanica genome assembly, chromosome: 1</Hit_def>
  <Hit_accession>OU503036</Hit_accession>
  <Hit_len>56547140</Hit_len>
  <Hit_hsps>
    <Hsp>
      <Hsp_num>1</Hsp_num>
      <Hsp_bit-score>279.005</Hsp_bit-score>
      <Hsp_score>308</Hsp_score>
      <Hsp_evalue>1.4386e-69</Hsp_evalue>
      <Hsp_query-from>697</Hsp_query-from>
      <Hsp_query-to>970</Hsp_query-to>
      <Hsp_hit-from>6306271</Hsp_hit-from>
      <Hsp_hit-to>6306544</Hsp_hit-to>
      <Hsp_query-frame>1</Hsp_query-frame>
      <Hsp_hit-frame>1</Hsp_hit-frame>
      <Hsp_identity>226</Hsp_identity>
      <Hsp_positive>226</Hsp_positive>
      <Hsp_gaps>0</Hsp_gaps>
      <Hsp_align-len>274</Hsp_align-len>
      <Hsp_qseq>GGCTTTGTACGGTGAAAAAGAGTGGTATTTTTTCTCACCAAGGGATAGAAAATATCCGAACGGTTCACGGCCGAACCGAGCAGCAGGAACCGGTTATTGGAAGGCAACCGGAGCTGATAAACCGGTGGGAAAACCCAAAACCTTAGGGATAAAGAAGGCACTTGTGTTCTATGCCGGAAAAGCACCCAGAGGTATAAAAACAAATTGGATTATGCACGAGTACCGCCTCGCCAACGTGGACCGCTCTGCTGGCAAGAACAATAACTTGAGGGTA</Hsp_qseq>
      <Hsp_hseq>GGCTCTGTATGGTGAAAAAGAGTGGTACTTCTTTTCTCCAAGAGACAGGAAGTACCCGAATGGATCCCGGCCTAACCGGGCAGCGGGAACCGGGTACTGGAAGGCCACCGGAGCCGACAAGCCGGTGGGGAAGCCGAAAACACTGGGAATAAAGAAGGCTCTGGTGTTCTATGCCGGAAAAGCTCCTAGAGGAGTCAAAACTAATTGGATTATGCACGAGTATCGCCTAGCTAACGTGGACCGGTCCGCCGGCAAGAGAAACAATTTGAGGGTA</Hsp_hseq>
      <Hsp_midline>|||| |||| ||||||||||||||||| || || || ||||| || || || || ||||| || || ||||| ||||| ||||| |||||||| || |||||||| |||||||| || || |||||||| || || |||||  | || ||||||||||| || |||||||||||||||||||| || |||||  | ||||| |||||||||||||||||||| ||||| || ||||||||||| || || |||||||  || || |||||||||</Hsp_midline>
    </Hsp>
    <Hsp>
      <Hsp_num>2</Hsp_num>
      <Hsp_bit-score>223.101</Hsp_bit-score>
      <Hsp_score>246</Hsp_score>
      <Hsp_evalue>9.70177e-53</Hsp_evalue>
      <Hsp_query-from>699</Hsp_query-from>
      <Hsp_query-to>969</Hsp_query-to>
      <Hsp_hit-from>46385238</Hsp_hit-from>
      <Hsp_hit-to>46385511</Hsp_hit-to>
      <Hsp_query-frame>1</Hsp_query-frame>
      <Hsp_hit-frame>1</Hsp_hit-frame>
      <Hsp_identity>214</Hsp_identity>
      <Hsp_positive>214</Hsp_positive>
      <Hsp_gaps>3</Hsp_gaps>
      <Hsp_align-len>274</Hsp_align-len>
      <Hsp_qseq>CTTTGTACGGTGAAAAAGAGTGGTATTTTTTCTCACCAAGGGATAGAAAATATCCGAACGGTTCACGGCCGAACCGAGCAGCAGGAACCGGTTATTGGAAGGCAACCGGAGCTGATAAACCGGTGGGAAAACCCAAAACCTTAGGGATAAAGAAGGCACTTGTGTTCTATGCCGGAAAAGCACCCAGAGGTATAAAAACAAATTGGATTATGCACGAGTACCGCCTCGCCAACGTGGACCGCTCTGCTGG---CAAGAACAATAACTTGAGGGT</Hsp_qseq>
      <Hsp_hseq>CTTTGTATGGTGAGAAGGAGTGGTACTTTTTTTCTCCAAGGGACAGGAAATACCCGAATGGTTCGAGGCCGAATCGGGCTGCTGGAGTTGGGTATTGGAAGGCAACCGGGGCCGATAAACCGATTGGGAAGCCGAAGCCGGTCGGAATTAAGAAAGCTTTGGTTTTCTATGCCGGAAAGGCACCGAAGGGTGAGAAAACCAATTGGATCATGCACGAGTACCGGCTTGCCGATGTGGACCGGTCTGTTCGAAACAAGAACAACAGCTTGAGGGT</Hsp_hseq>
      <Hsp_midline>||||||| ||||| || |||||||| ||||| || |||||||| || ||||| ||||| |||||  ||||||| || || || |||   || ||||||||||||||||| || ||||||||| | || || || ||  |  | || || ||||| ||  | || |||||||||||||| ||||| |  |||   ||||| |||||||| |||||||||||||| || ||| | |||||||| |||| | |   ||||||||| | |||||||||</Hsp_midline>
    </Hsp>
    <Hsp>
      <Hsp_num>3</Hsp_num>
      <Hsp_bit-score>143.752</Hsp_bit-score>
      <Hsp_score>158</Hsp_score>
      <Hsp_evalue>7.4653e-29</Hsp_evalue>
      <Hsp_query-from>172</Hsp_query-from>
      <Hsp_query-to>335</Hsp_query-to>
      <Hsp_hit-from>6306002</Hsp_hit-from>
      <Hsp_hit-to>6306165</Hsp_hit-to>
      <Hsp_query-frame>1</Hsp_query-frame>
      <Hsp_hit-frame>1</Hsp_hit-frame>
      <Hsp_identity>130</Hsp_identity>
      <Hsp_positive>130</Hsp_positive>
      <Hsp_gaps>0</Hsp_gaps>
      <Hsp_align-len>164</Hsp_align-len>
      <Hsp_qseq>ATCAGCAATTGGAGTTACCGGCGGGATTCAGATTCCATCCGACAGACGACGAATTGGTGCAGCACTATCTCTGCAGGAAATGCGCCGGACAGTCGATTGCTGTATCAATTATAGCTGAAATTGATCTTTACAAGTTTGATCCATGGCAGTTGCCTGGTAATTTT</Hsp_qseq>
      <Hsp_hseq>ATCAGCAGTTGAATTTGCCGGCAGGGTTCAGGTTCCATCCGACCGATGACGAGCTTGTGGTCCATTATCTCTGCCCGAAATGCGCCGGCCAGTCGATTTCTGTTCCTATTATAGCCGAGCTTGATCTCTATAAGTTTGATCCTTGGGATCTTCCTGGTAAGTTT</Hsp_hseq>
      <Hsp_midline>||||||| ||| | || ||||| || ||||| ||||||||||| || |||||  | |||   || |||||||||  |||||||||||| ||||||||| ||||  | |||||||| ||  ||||||| || ||||||||||| ||| |  | |||||||| |||</Hsp_midline>
    </Hsp>
    <Hsp>
      <Hsp_num>4</Hsp_num>
      <Hsp_bit-score>110.39</Hsp_bit-score>
      <Hsp_score>121</Hsp_score>
      <Hsp_evalue>1.54007e-18</Hsp_evalue>
      <Hsp_query-from>1270</Hsp_query-from>
      <Hsp_query-to>1342</Hsp_query-to>
      <Hsp_hit-from>6306957</Hsp_hit-from>
      <Hsp_hit-to>6307029</Hsp_hit-to>
      <Hsp_query-frame>1</Hsp_query-frame>
      <Hsp_hit-frame>1</Hsp_hit-frame>
      <Hsp_identity>68</Hsp_identity>
      <Hsp_positive>68</Hsp_positive>
      <Hsp_gaps>0</Hsp_gaps>
      <Hsp_align-len>73</Hsp_align-len>
      <Hsp_qseq>TATTGCAGCTTGATGATTGGGTATTGTGTCGAATATACAACAAGAAAGGCACACTTGAGAAGCATTACAATGT</Hsp_qseq>
      <Hsp_hseq>TATTACAGCTTGATGATTGGGTGTTATGTCGAATATACAACAAGAAAGGCACTCTCGAGAAGCATTACAATGT</Hsp_hseq>
      <Hsp_midline>|||| ||||||||||||||||| || |||||||||||||||||||||||||| || |||||||||||||||||</Hsp_midline>
    </Hsp>
    <Hsp>
      <Hsp_num>5</Hsp_num>
      <Hsp_bit-score>79.7328</Hsp_bit-score>
      <Hsp_score>87</Hsp_score>
      <Hsp_evalue>2.60795e-09</Hsp_evalue>
      <Hsp_query-from>195</Hsp_query-from>
      <Hsp_query-to>331</Hsp_query-to>
      <Hsp_hit-from>53868829</Hsp_hit-from>
      <Hsp_hit-to>53868965</Hsp_hit-to>
      <Hsp_query-frame>1</Hsp_query-frame>
      <Hsp_hit-frame>1</Hsp_hit-frame>
      <Hsp_identity>102</Hsp_identity>
      <Hsp_positive>102</Hsp_positive>
      <Hsp_gaps>4</Hsp_gaps>
      <Hsp_align-len>139</Hsp_align-len>
      <Hsp_qseq>GGATTCAGATTCCATCCGACAGACGACGAATTGGTGCAGCACTATCTCTGCAGGAAATGCGCCG--GACAGTCGATTGCTGTATCAATTATAGCTGAAATTGATCTTTACAAGTTTGATCCATGGCAGTTGCCTGGTAA</Hsp_qseq>
      <Hsp_hseq>GGATTCCGCTTCCACCCCACGGATGAGGAACTGGTGGTGCACTACCTCAAGAAGAAGGCCGCCGCCGACCCTC--TCCCGGTGTCTATTATAGCTGAAGTTGATCTATACAAATTTGATCCATGGGAGCTCCCACGTAA</Hsp_hseq>
      <Hsp_midline>|||||| | ||||| || || || || ||| |||||  |||||| |||   | |||   |||||  |||  ||  |  | || || |||||||||||| ||||||| ||||| |||||||||||| || | ||  ||||</Hsp_midline>
    </Hsp>
    <Hsp>
      <Hsp_num>6</Hsp_num>
      <Hsp_bit-score>74.3227</Hsp_bit-score>
      <Hsp_score>81</Hsp_score>
      <Hsp_evalue>1.10893e-07</Hsp_evalue>
      <Hsp_query-from>707</Hsp_query-from>
      <Hsp_query-to>919</Hsp_query-to>
      <Hsp_hit-from>1441378</Hsp_hit-from>
      <Hsp_hit-to>1441163</Hsp_hit-to>
      <Hsp_query-frame>1</Hsp_query-frame>
      <Hsp_hit-frame>-1</Hsp_hit-frame>
      <Hsp_identity>148</Hsp_identity>
      <Hsp_positive>148</Hsp_positive>
      <Hsp_gaps>11</Hsp_gaps>
      <Hsp_align-len>220</Hsp_align-len>
      <Hsp_qseq>GGTGAAAAAGAGTGGTATTTTTTCTCACCAAGGGATAGAAAATATCCGAACGGTTCACGGCCGAACCGAGCAGCAGGAACCGGTTATTGGAAGGCAACCGGAGCTGATAAACCGGT-------GGGAAAACCCAAAACCTTAGGGATAAAGAAGGCACTTGTGTTCTATGCCGGAAAAGCACCCAGAGGTATAAAAACAAATTGGATTATGCACGAGTAC</Hsp_qseq>
      <Hsp_hseq>GGTGAAAAAGAATGGTATTTCTTCTGTATAAGAGATAGGAAGTACCCAACTGGATTGAGGACAAACAGAGCCACTGATTCTGGTTATTGGAAGGCAACAGGCAAAGATAAAGAGATTTTCAAGGTGAAAATCC----CAGTCGGGATGAAGAAAACTCTGGTTTTTTACAGAGGAAGAGCTCCCAGAGGAGAAAAGACTAATTGGGTCATGCACGAATAC</Hsp_hseq>
      <Hsp_midline>||||||||||| |||||||| ||||    ||| ||||| || || || |  || |   || | ||| ||||  | |   | ||||||||||||||||| ||    ||||||  | |       | ||||| ||    |  | ||||| |||||  | || || || ||    |||| ||| ||||||||   ||| || |||||| | |||||||| |||</Hsp_midline>
    </Hsp>
    <Hsp>
      <Hsp_num>7</Hsp_num>
      <Hsp_bit-score>67.1093</Hsp_bit-score>
      <Hsp_score>73</Hsp_score>
      <Hsp_evalue>1.6458e-05</Hsp_evalue>
      <Hsp_query-from>687</Hsp_query-from>
      <Hsp_query-to>815</Hsp_query-to>
      <Hsp_hit-from>53869044</Hsp_hit-from>
      <Hsp_hit-to>53869172</Hsp_hit-to>
      <Hsp_query-frame>1</Hsp_query-frame>
      <Hsp_hit-frame>1</Hsp_hit-frame>
      <Hsp_identity>92</Hsp_identity>
      <Hsp_positive>92</Hsp_positive>
      <Hsp_gaps>0</Hsp_gaps>
      <Hsp_align-len>129</Hsp_align-len>
      <Hsp_qseq>TTGCAGAGAAGGCTTTGTACGGTGAAAAAGAGTGGTATTTTTTCTCACCAAGGGATAGAAAATATCCGAACGGTTCACGGCCGAACCGAGCAGCAGGAACCGGTTATTGGAAGGCAACCGGAGCTGATA</Hsp_qseq>
      <Hsp_hseq>TTTCAGCTAAGGCTACGTTTGGAGAGCAAGAGTGGTACTTTTTCAGTCCGAGGGACAGGAAGTACCCTAACGGGGCTCGACCAAATCGTGCGGCGACTTCTGGCTATTGGAAGGCCACCGGAACTGATA</Hsp_hseq>
      <Hsp_midline>|| |||  ||||||  ||  || ||  |||||||||| ||||||   || ||||| || || || || |||||  | || || || || || ||     | || ||||||||||| |||||| ||||||</Hsp_midline>
    </Hsp>
    <Hsp>
      <Hsp_num>8</Hsp_num>
      <Hsp_bit-score>54.4857</Hsp_bit-score>
      <Hsp_score>59</Hsp_score>
      <Hsp_evalue>0.103861</Hsp_evalue>
      <Hsp_query-from>1269</Hsp_query-from>
      <Hsp_query-to>1333</Hsp_query-to>
      <Hsp_hit-from>46385765</Hsp_hit-from>
      <Hsp_hit-to>46385832</Hsp_hit-to>
      <Hsp_query-frame>1</Hsp_query-frame>
      <Hsp_hit-frame>1</Hsp_hit-frame>
      <Hsp_identity>53</Hsp_identity>
      <Hsp_positive>53</Hsp_positive>
      <Hsp_gaps>3</Hsp_gaps>
      <Hsp_align-len>68</Hsp_align-len>
      <Hsp_qseq>TTATTG---CAGCTTGATGATTGGGTATTGTGTCGAATATACAACAAGAAAGGCACACTTGAGAAGCA</Hsp_qseq>
      <Hsp_hseq>TTATTGATACAGCTGGATGATTGGGTGCTATGCCGCATATACAACAAAAAGGGTAGCATTGAGAAGCA</Hsp_hseq>
      <Hsp_midline>||||||   ||||| |||||||||||  | || || ||||||||||| || || |   ||||||||||</Hsp_midline>
    </Hsp>
    <Hsp>
      <Hsp_num>9</Hsp_num>
      <Hsp_bit-score>53.584</Hsp_bit-score>
      <Hsp_score>58</Hsp_score>
      <Hsp_evalue>0.103861</Hsp_evalue>
      <Hsp_query-from>713</Hsp_query-from>
      <Hsp_query-to>807</Hsp_query-to>
      <Hsp_hit-from>44504469</Hsp_hit-from>
      <Hsp_hit-to>44504375</Hsp_hit-to>
      <Hsp_query-frame>1</Hsp_query-frame>
      <Hsp_hit-frame>-1</Hsp_hit-frame>
      <Hsp_identity>71</Hsp_identity>
      <Hsp_positive>71</Hsp_positive>
      <Hsp_gaps>4</Hsp_gaps>
      <Hsp_align-len>97</Hsp_align-len>
      <Hsp_qseq>AAAGAGTGGTATTTTTTCT--CACCAAGGGATAGAAAATATCCGAACGGTTCACGGCCGAACCGAGCAGCAGGAACCGGTTATTGGAAGGCAACCGG</Hsp_qseq>
      <Hsp_hseq>AATGAGTGGTATTTTTTCAGCCACAAAG--ACAGAAAATATCCAACAGGTTCAAGGACAAATAGAGCAACAAATGCTGGATTTTGGAAGGCTACAGG</Hsp_hseq>
      <Hsp_midline>|| |||||||||||||||   ||| |||  | ||||||||||| |  |||||| || | ||  ||||| ||    | || | ||||||||| || ||</Hsp_midline>
    </Hsp>
    <Hsp>
      <Hsp_num>10</Hsp_num>
      <Hsp_bit-score>51.7806</Hsp_bit-score>
      <Hsp_score>56</Hsp_score>
      <Hsp_evalue>0.362511</Hsp_evalue>
      <Hsp_query-from>711</Hsp_query-from>
      <Hsp_query-to>824</Hsp_query-to>
      <Hsp_hit-from>45522216</Hsp_hit-from>
      <Hsp_hit-to>45522103</Hsp_hit-to>
      <Hsp_query-frame>1</Hsp_query-frame>
      <Hsp_hit-frame>-1</Hsp_hit-frame>
      <Hsp_identity>82</Hsp_identity>
      <Hsp_positive>82</Hsp_positive>
      <Hsp_gaps>4</Hsp_gaps>
      <Hsp_align-len>116</Hsp_align-len>
      <Hsp_qseq>AAAAAGAGTGGTATTTTTTC--TCACCAAGGGATAGAAAATATCCGAACGGTTCACGGCCGAACCGAGCAGCAGGAACCGGTTATTGGAAGGCAACCGGAGCTGATAAACCGGTGG</Hsp_qseq>
      <Hsp_hseq>AAAACGAGTGGTATTTTTTCAGTCACAA--GGACAGGAAATACCCAACTGGAACTCGAACTAACAGAGCCACTGCTGCTGGTTTTTGGAAGGCAACTGGAAGAGACAAAGCTGTGG</Hsp_hseq>
      <Hsp_midline>|||| |||||||||||||||  |||| |  ||| || ||||| || |  ||  | ||  | ||| ||||  | |   | |||| |||||||||||| |||   || ||| | ||||</Hsp_midline>
    </Hsp>
  </Hit_hsps>
</Hit>
<Hit>
  <Hit_num>45</Hit_num>
  <Hit_id>gi|1477772555|gb|CP025671.1|</Hit_id>
  <Hit_def>Ipomoea triloba cultivar NCNSP0323 chromosome 12</Hit_def>
  <Hit_accession>CP025671</Hit_accession>
  <Hit_len>28340316</Hit_len>
  <Hit_hsps>
    <Hsp>
      <Hsp_num>1</Hsp_num>
      <Hsp_bit-score>278.103</Hsp_bit-score>
      <Hsp_score>307</Hsp_score>
      <Hsp_evalue>5.0212e-69</Hsp_evalue>
      <Hsp_query-from>688</Hsp_query-from>
      <Hsp_query-to>973</Hsp_query-to>
      <Hsp_hit-from>28052347</Hsp_hit-from>
      <Hsp_hit-to>28052632</Hsp_hit-to>
      <Hsp_query-frame>1</Hsp_query-frame>
      <Hsp_hit-frame>1</Hsp_hit-frame>
      <Hsp_identity>233</Hsp_identity>
      <Hsp_positive>233</Hsp_positive>
      <Hsp_gaps>0</Hsp_gaps>
      <Hsp_align-len>286</Hsp_align-len>
      <Hsp_qseq>TGCAGAGAAGGCTTTGTACGGTGAAAAAGAGTGGTATTTTTTCTCACCAAGGGATAGAAAATATCCGAACGGTTCACGGCCGAACCGAGCAGCAGGAACCGGTTATTGGAAGGCAACCGGAGCTGATAAACCGGTGGGAAAACCCAAAACCTTAGGGATAAAGAAGGCACTTGTGTTCTATGCCGGAAAAGCACCCAGAGGTATAAAAACAAATTGGATTATGCACGAGTACCGCCTCGCCAACGTGGACCGCTCTGCTGGCAAGAACAATAACTTGAGGGTAAGT</Hsp_qseq>
      <Hsp_hseq>TGCAGATATGGCTTTGTACGGAGAAAAAGAATGGTACTTCTTTTCTCCGAGGGACCGAAAGTACCCGAACGGTTCGCGGCCGAACAGGGCTGCCGGAACCGGGTACTGGAAGGCTACCGGAGCAGATAAGCCGGTGGGAAAGCCCAAAACTTTGGGAATAAAGAAGGCTTTGGTATTCTACGCCGGGAAGGCTCCTAAAGGTGTAAAGACTAATTGGATTATGCATGAGTACCGTCTGGCAAACGTCGACCGCTCCGCCGGAAAAAAGAACAATTTGAGGGTATGT</Hsp_hseq>
      <Hsp_midline>|||||| | |||||||||||| |||||||| ||||| || || || || |||||  |||| || ||||||||||| ||||||||| | || || |||||||| || |||||||| |||||||| ||||| ||||||||||| |||||||| || || |||||||||||  | || ||||| ||||| || || || | |||| |||| || |||||||||||||| |||||||| || || ||||| |||||||| || || || || || || ||||||||| ||</Hsp_midline>
    </Hsp>
    <Hsp>
      <Hsp_num>2</Hsp_num>
      <Hsp_bit-score>131.129</Hsp_bit-score>
      <Hsp_score>144</Hsp_score>
      <Hsp_evalue>4.71112e-25</Hsp_evalue>
      <Hsp_query-from>174</Hsp_query-from>
      <Hsp_query-to>330</Hsp_query-to>
      <Hsp_hit-from>28052079</Hsp_hit-from>
      <Hsp_hit-to>28052235</Hsp_hit-to>
      <Hsp_query-frame>1</Hsp_query-frame>
      <Hsp_hit-frame>1</Hsp_hit-frame>
      <Hsp_identity>123</Hsp_identity>
      <Hsp_positive>123</Hsp_positive>
      <Hsp_gaps>0</Hsp_gaps>
      <Hsp_align-len>157</Hsp_align-len>
      <Hsp_qseq>CAGCAATTGGAGTTACCGGCGGGATTCAGATTCCATCCGACAGACGACGAATTGGTGCAGCACTATCTCTGCAGGAAATGCGCCGGACAGTCGATTGCTGTATCAATTATAGCTGAAATTGATCTTTACAAGTTTGATCCATGGCAGTTGCCTGGTA</Hsp_qseq>
      <Hsp_hseq>CAGCAATTGGAGATGCCGCCGGGATTCCGATTCCATCCTACGGATGAGGAACTGGTGGTTCACTATCTCTGCCGGAAATGCGCCTCCCAATCTATCTCCGTTCCGATCATTGCCGAGATCGACCTTTACAAGTTTGACCCGTGGCAGCTTCCTGGTA</Hsp_hseq>
      <Hsp_midline>|||||||||||| | ||| |||||||| |||||||||| || || || ||| |||||   |||||||||||| |||||||||||   || || ||  | ||  | || || || || || || |||||||||||||| || |||||| | |||||||</Hsp_midline>
    </Hsp>
    <Hsp>
      <Hsp_num>3</Hsp_num>
      <Hsp_bit-score>77.9295</Hsp_bit-score>
      <Hsp_score>85</Hsp_score>
      <Hsp_evalue>9.10264e-09</Hsp_evalue>
      <Hsp_query-from>1272</Hsp_query-from>
      <Hsp_query-to>1341</Hsp_query-to>
      <Hsp_hit-from>28052772</Hsp_hit-from>
      <Hsp_hit-to>28052841</Hsp_hit-to>
      <Hsp_query-frame>1</Hsp_query-frame>
      <Hsp_hit-frame>1</Hsp_hit-frame>
      <Hsp_identity>59</Hsp_identity>
      <Hsp_positive>59</Hsp_positive>
      <Hsp_gaps>0</Hsp_gaps>
      <Hsp_align-len>70</Hsp_align-len>
      <Hsp_qseq>TTGCAGCTTGATGATTGGGTATTGTGTCGAATATACAACAAGAAAGGCACACTTGAGAAGCATTACAATG</Hsp_qseq>
      <Hsp_hseq>TTACAGCTTGATGATTGGGTACTATGTCGGATATACAACAAGAAAGGTACTGTGGAGAAGTACTATAATG</Hsp_hseq>
      <Hsp_midline>|| |||||||||||||||||| | ||||| ||||||||||||||||| ||  | |||||| | || ||||</Hsp_midline>
    </Hsp>
    <Hsp>
      <Hsp_num>4</Hsp_num>
      <Hsp_bit-score>58.0924</Hsp_bit-score>
      <Hsp_score>63</Hsp_score>
      <Hsp_evalue>0.00852543</Hsp_evalue>
      <Hsp_query-from>707</Hsp_query-from>
      <Hsp_query-to>919</Hsp_query-to>
      <Hsp_hit-from>5021117</Hsp_hit-from>
      <Hsp_hit-to>5020902</Hsp_hit-to>
      <Hsp_query-frame>1</Hsp_query-frame>
      <Hsp_hit-frame>-1</Hsp_hit-frame>
      <Hsp_identity>146</Hsp_identity>
      <Hsp_positive>146</Hsp_positive>
      <Hsp_gaps>7</Hsp_gaps>
      <Hsp_align-len>218</Hsp_align-len>
      <Hsp_qseq>GGTGAAAAAGAGTGGTATTTTTTCTCACCAAGGGATAGAAAATATCCGAACGGT--TCACGGCCGAACCGAGCAGCAGGAACCGGTTATTGGAAGGCAACCGGAGCTGATAAACCGGTGGGAAAACCCAAAACCTTAG---GGATAAAGAAGGCACTTGTGTTCTATGCCGGAAAAGCACCCAGAGGTATAAAAACAAATTGGATTATGCACGAGTAC</Hsp_qseq>
      <Hsp_hseq>GGGGAAAAGGAATGGTATTTCTTCTGCGTGAGAGATAGGAAGTATCC-AACGGGGATGAGGACC-AACAGAGCCACTGGTGCAGGGTACTGGAAAGCCACAGGGAAGGATAAGGAGATATTCAAGGCCAAAACCCTTGTTGGGATGAAGAAGACTCTGGTTTTCTACAAAGGGAGAGCACCCAGAGGTGAGAACACAAGCTGGGTAATGCATGAATAC</Hsp_hseq>
      <Hsp_midline>|| ||||| || |||||||| ||||     || ||||| || ||||| |||||   | | | || ||| ||||  | ||  | || || ||||| || || ||    |||||   | |    ||  |||||||| | |   |||| |||||| | || || |||||    || | |||||||||||||   || ||||  ||| | ||||| || |||</Hsp_midline>
    </Hsp>
    <Hsp>
      <Hsp_num>5</Hsp_num>
      <Hsp_bit-score>53.584</Hsp_bit-score>
      <Hsp_score>58</Hsp_score>
      <Hsp_evalue>0.103861</Hsp_evalue>
      <Hsp_query-from>707</Hsp_query-from>
      <Hsp_query-to>815</Hsp_query-to>
      <Hsp_hit-from>5166982</Hsp_hit-from>
      <Hsp_hit-to>5166874</Hsp_hit-to>
      <Hsp_query-frame>1</Hsp_query-frame>
      <Hsp_hit-frame>-1</Hsp_hit-frame>
      <Hsp_identity>77</Hsp_identity>
      <Hsp_positive>77</Hsp_positive>
      <Hsp_gaps>0</Hsp_gaps>
      <Hsp_align-len>109</Hsp_align-len>
      <Hsp_qseq>GGTGAAAAAGAGTGGTATTTTTTCTCACCAAGGGATAGAAAATATCCGAACGGTTCACGGCCGAACCGAGCAGCAGGAACCGGTTATTGGAAGGCAACCGGAGCTGATA</Hsp_qseq>
      <Hsp_hseq>GGGGAGAAGGAGTGGTATTTCTACTGCCCTCGGGACCGGAAATACAGAAACAGTGCCCGGCCCAACCGTGTCACCGGAGCTGGTTTTTGGAAAGCTACTGGAACTGATA</Hsp_hseq>
      <Hsp_midline>|| || || ||||||||||| | ||  ||  ||||  | |||||    ||| || | ||||| ||||| |   | ||| | |||| |||||| || || ||| ||||||</Hsp_midline>
    </Hsp>
    <Hsp>
      <Hsp_num>6</Hsp_num>
      <Hsp_bit-score>50.8789</Hsp_bit-score>
      <Hsp_score>55</Hsp_score>
      <Hsp_evalue>1.26529</Hsp_evalue>
      <Hsp_query-from>1545</Hsp_query-from>
      <Hsp_query-to>1579</Hsp_query-to>
      <Hsp_hit-from>28053066</Hsp_hit-from>
      <Hsp_hit-to>28053100</Hsp_hit-to>
      <Hsp_query-frame>1</Hsp_query-frame>
      <Hsp_hit-frame>1</Hsp_hit-frame>
      <Hsp_identity>32</Hsp_identity>
      <Hsp_positive>32</Hsp_positive>
      <Hsp_gaps>0</Hsp_gaps>
      <Hsp_align-len>35</Hsp_align-len>
      <Hsp_qseq>GACAAGGAGGTTCAGAGCGCGCCCAAATGGGACGA</Hsp_qseq>
      <Hsp_hseq>GACAAAGAGGTCCAGAGCGCGCCAAAATGGGACGA</Hsp_hseq>
      <Hsp_midline>||||| ||||| ||||||||||| |||||||||||</Hsp_midline>
    </Hsp>
  </Hit_hsps>
</Hit>
<Hit>
  <Hit_num>46</Hit_num>
  <Hit_id>gi|352144589|gb|JF760207.1|</Hit_id>
  <Hit_def>Salvia miltiorrhiza NAC domain-containing protein 1 mRNA, complete cds</Hit_def>
  <Hit_accession>JF760207</Hit_accession>
  <Hit_len>1452</Hit_len>
  <Hit_hsps>
    <Hsp>
      <Hsp_num>1</Hsp_num>
      <Hsp_bit-score>278.103</Hsp_bit-score>
      <Hsp_score>307</Hsp_score>
      <Hsp_evalue>5.0212e-69</Hsp_evalue>
      <Hsp_query-from>702</Hsp_query-from>
      <Hsp_query-to>967</Hsp_query-to>
      <Hsp_hit-from>283</Hsp_hit-from>
      <Hsp_hit-to>548</Hsp_hit-to>
      <Hsp_query-frame>1</Hsp_query-frame>
      <Hsp_hit-frame>1</Hsp_hit-frame>
      <Hsp_identity>221</Hsp_identity>
      <Hsp_positive>221</Hsp_positive>
      <Hsp_gaps>0</Hsp_gaps>
      <Hsp_align-len>266</Hsp_align-len>
      <Hsp_qseq>TGTACGGTGAAAAAGAGTGGTATTTTTTCTCACCAAGGGATAGAAAATATCCGAACGGTTCACGGCCGAACCGAGCAGCAGGAACCGGTTATTGGAAGGCAACCGGAGCTGATAAACCGGTGGGAAAACCCAAAACCTTAGGGATAAAGAAGGCACTTGTGTTCTATGCCGGAAAAGCACCCAGAGGTATAAAAACAAATTGGATTATGCACGAGTACCGCCTCGCCAACGTGGACCGCTCTGCTGGCAAGAACAATAACTTGAGG</Hsp_qseq>
      <Hsp_hseq>TGTACGGTGAAAAGGAGTGGTATTTCTTCTCTCCGAGGGACCGGAAATATCCCAACGGTTCGCGGCCGAACCGGGCGGCAGGAACCGGTTATTGGAAGGCTACCGGCGCCGATAAGCCGGTGGGGAAGCCCAAGACTCTGGGAATCAAGAAGGCTCTGGTTTTCTACGCCGGAAAAGCTCCCAAAGGAGTCAAAACCAATTGGATTATGCACGAGTACCGTCTAGCAAATGTCGATCGCTCCGCCGGCAAGCGCAGTAATTTGAGG</Hsp_hseq>
      <Hsp_midline>||||||||||||| ||||||||||| ||||| || |||||  | |||||||| |||||||| ||||||||||| || ||||||||||||||||||||||| ||||| || ||||| |||||||| || ||||| ||  | || || |||||||| || || ||||| ||||||||||| |||| |||  | ||||| ||||||||||||||||||||||| || || || || || ||||| || ||||||  || ||| ||||||</Hsp_midline>
    </Hsp>
    <Hsp>
      <Hsp_num>2</Hsp_num>
      <Hsp_bit-score>94.1598</Hsp_bit-score>
      <Hsp_score>103</Hsp_score>
      <Hsp_evalue>1.18401e-13</Hsp_evalue>
      <Hsp_query-from>1277</Hsp_query-from>
      <Hsp_query-to>1355</Hsp_query-to>
      <Hsp_hit-from>548</Hsp_hit-from>
      <Hsp_hit-to>626</Hsp_hit-to>
      <Hsp_query-frame>1</Hsp_query-frame>
      <Hsp_hit-frame>1</Hsp_hit-frame>
      <Hsp_identity>68</Hsp_identity>
      <Hsp_positive>68</Hsp_positive>
      <Hsp_gaps>0</Hsp_gaps>
      <Hsp_align-len>79</Hsp_align-len>
      <Hsp_qseq>GCTTGATGATTGGGTATTGTGTCGAATATACAACAAGAAAGGCACACTTGAGAAGCATTACAATGTGGACAACAAGGAA</Hsp_qseq>
      <Hsp_hseq>GCTTGACGATTGGGTGTTGTGCCGAATATACAACAAGAAGAGAACACTCGAGAAACACTACAATGTGGACGAGAAGGAA</Hsp_hseq>
      <Hsp_midline>|||||| |||||||| ||||| |||||||||||||||||  | ||||| ||||| || |||||||||||| | ||||||</Hsp_midline>
    </Hsp>
  </Hit_hsps>
</Hit>
<Hit>
  <Hit_num>47</Hit_num>
  <Hit_id>gi|1757522613|ref|XM_031085220.1|</Hit_id>
  <Hit_def>PREDICTED: Quercus lobata NAC domain-containing protein 2-like (LOC115965911), mRNA</Hit_def>
  <Hit_accession>XM_031085220</Hit_accession>
  <Hit_len>1551</Hit_len>
  <Hit_hsps>
    <Hsp>
      <Hsp_num>1</Hsp_num>
      <Hsp_bit-score>273.595</Hsp_bit-score>
      <Hsp_score>302</Hsp_score>
      <Hsp_evalue>6.11708e-68</Hsp_evalue>
      <Hsp_query-from>687</Hsp_query-from>
      <Hsp_query-to>967</Hsp_query-to>
      <Hsp_hit-from>306</Hsp_hit-from>
      <Hsp_hit-to>586</Hsp_hit-to>
      <Hsp_query-frame>1</Hsp_query-frame>
      <Hsp_hit-frame>1</Hsp_hit-frame>
      <Hsp_identity>229</Hsp_identity>
      <Hsp_positive>229</Hsp_positive>
      <Hsp_gaps>0</Hsp_gaps>
      <Hsp_align-len>281</Hsp_align-len>
      <Hsp_qseq>TTGCAGAGAAGGCTTTGTACGGTGAAAAAGAGTGGTATTTTTTCTCACCAAGGGATAGAAAATATCCGAACGGTTCACGGCCGAACCGAGCAGCAGGAACCGGTTATTGGAAGGCAACCGGAGCTGATAAACCGGTGGGAAAACCCAAAACCTTAGGGATAAAGAAGGCACTTGTGTTCTATGCCGGAAAAGCACCCAGAGGTATAAAAACAAATTGGATTATGCACGAGTACCGCCTCGCCAACGTGGACCGCTCTGCTGGCAAGAACAATAACTTGAGG</Hsp_qseq>
      <Hsp_hseq>TTCCAGAAATGGCTCTTTATGGAGAAAAGGAGTGGTACTTCTTTTCCCCAAGGGATAGAAAATATCCAAACGGTTCAAGGCCAAACCGGGCGGCAGGAGCCGGATATTGGAAGGCAACCGGAGCTGACAAGCCCATTGGAAAGCCCAAACCGTTGGGTATTAAGAAAGCACTTGTTTTCTATGCTGGCAAAGCCCCTAGAGGAATCAAAACCAACTGGATCATGCATGAATATCGTCTTGCAAATGTGGATCGATCTGCTGGCAAAAAGAATAACTTGAGG</Hsp_hseq>
      <Hsp_midline>|| |||| | |||| | || || ||||| |||||||| || || || |||||||||||||||||||| ||||||||| |||| ||||| || |||||| |||| ||||||||||||||||||||||| || ||  | ||||| |||||| | || || || ||||| |||||||| |||||||| || ||||| || ||||| || ||||| || ||||| ||||| || || || || || || ||||| || ||||||||||| || ||||||||||||</Hsp_midline>
    </Hsp>
    <Hsp>
      <Hsp_num>2</Hsp_num>
      <Hsp_bit-score>86.9463</Hsp_bit-score>
      <Hsp_score>95</Hsp_score>
      <Hsp_evalue>1.75722e-11</Hsp_evalue>
      <Hsp_query-from>180</Hsp_query-from>
      <Hsp_query-to>320</Hsp_query-to>
      <Hsp_hit-from>167</Hsp_hit-from>
      <Hsp_hit-to>304</Hsp_hit-to>
      <Hsp_query-frame>1</Hsp_query-frame>
      <Hsp_hit-frame>1</Hsp_hit-frame>
      <Hsp_identity>104</Hsp_identity>
      <Hsp_positive>104</Hsp_positive>
      <Hsp_gaps>3</Hsp_gaps>
      <Hsp_align-len>141</Hsp_align-len>
      <Hsp_qseq>TTGGAGTTACCGGCGGGATTCAGATTCCATCCGACAGACGACGAATTGGTGCAGCACTATCTCTGCAGGAAATGCGCCGGACAGTCGATTGCTGTATCAATTATAGCTGAAATTGATCTTTACAAGTTTGATCCATGGCAG</Hsp_qseq>
      <Hsp_hseq>TTAGAGTTACCACCTGGGTTCAGATTTCACCCAACAGATGAGGAGTTGGTGAATCATTATTTGTGTAGGAAATGTGCTTCTCTGCC---TTCTGTTCCTATTATTAGGGAGATTGATCTTTACAAGTATGATCCATGGCAG</Hsp_hseq>
      <Hsp_midline>|| ||||||||  | || |||||||| || || ||||| || || |||||| | || ||| | || |||||||| ||    | | |   | ||||  | |||||    || |||||||||||||||| |||||||||||||</Hsp_midline>
    </Hsp>
    <Hsp>
      <Hsp_num>3</Hsp_num>
      <Hsp_bit-score>80.6345</Hsp_bit-score>
      <Hsp_score>88</Hsp_score>
      <Hsp_evalue>7.4719e-10</Hsp_evalue>
      <Hsp_query-from>1277</Hsp_query-from>
      <Hsp_query-to>1330</Hsp_query-to>
      <Hsp_hit-from>586</Hsp_hit-from>
      <Hsp_hit-to>639</Hsp_hit-to>
      <Hsp_query-frame>1</Hsp_query-frame>
      <Hsp_hit-frame>1</Hsp_hit-frame>
      <Hsp_identity>50</Hsp_identity>
      <Hsp_positive>50</Hsp_positive>
      <Hsp_gaps>0</Hsp_gaps>
      <Hsp_align-len>54</Hsp_align-len>
      <Hsp_qseq>GCTTGATGATTGGGTATTGTGTCGAATATACAACAAGAAAGGCACACTTGAGAA</Hsp_qseq>
      <Hsp_hseq>GCTTGATGATTGGGTCTTATGTCGAATCTACAACAAGAAAGGCACACTAGAGAA</Hsp_hseq>
      <Hsp_midline>||||||||||||||| || |||||||| |||||||||||||||||||| |||||</Hsp_midline>
    </Hsp>
  </Hit_hsps>
</Hit>
<Hit>
  <Hit_num>48</Hit_num>
  <Hit_id>gi|1757499552|ref|XM_031093712.1|</Hit_id>
  <Hit_def>PREDICTED: Quercus lobata NAC domain-containing protein 2-like (LOC115973450), mRNA</Hit_def>
  <Hit_accession>XM_031093712</Hit_accession>
  <Hit_len>1536</Hit_len>
  <Hit_hsps>
    <Hsp>
      <Hsp_num>1</Hsp_num>
      <Hsp_bit-score>273.595</Hsp_bit-score>
      <Hsp_score>302</Hsp_score>
      <Hsp_evalue>6.11708e-68</Hsp_evalue>
      <Hsp_query-from>687</Hsp_query-from>
      <Hsp_query-to>967</Hsp_query-to>
      <Hsp_hit-from>302</Hsp_hit-from>
      <Hsp_hit-to>582</Hsp_hit-to>
      <Hsp_query-frame>1</Hsp_query-frame>
      <Hsp_hit-frame>1</Hsp_hit-frame>
      <Hsp_identity>229</Hsp_identity>
      <Hsp_positive>229</Hsp_positive>
      <Hsp_gaps>0</Hsp_gaps>
      <Hsp_align-len>281</Hsp_align-len>
      <Hsp_qseq>TTGCAGAGAAGGCTTTGTACGGTGAAAAAGAGTGGTATTTTTTCTCACCAAGGGATAGAAAATATCCGAACGGTTCACGGCCGAACCGAGCAGCAGGAACCGGTTATTGGAAGGCAACCGGAGCTGATAAACCGGTGGGAAAACCCAAAACCTTAGGGATAAAGAAGGCACTTGTGTTCTATGCCGGAAAAGCACCCAGAGGTATAAAAACAAATTGGATTATGCACGAGTACCGCCTCGCCAACGTGGACCGCTCTGCTGGCAAGAACAATAACTTGAGG</Hsp_qseq>
      <Hsp_hseq>TTCCAGAAATGGCTCTTTATGGAGAAAAGGAGTGGTACTTCTTTTCCCCAAGGGATAGAAAATATCCAAACGGTTCAAGGCCAAACCGGGCGGCAGGAGCCGGATATTGGAAGGCAACCGGAGCTGACAAGCCCATTGGAAAGCCCAAACCGTTGGGTATTAAGAAAGCACTTGTTTTCTATGCTGGCAAAGCCCCTAGAGGAATCAAAACCAACTGGATCATGCATGAATATCGTCTTGCAAATGTGGATCGATCTGCTGGCAAAAAGAATAACTTGAGG</Hsp_hseq>
      <Hsp_midline>|| |||| | |||| | || || ||||| |||||||| || || || |||||||||||||||||||| ||||||||| |||| ||||| || |||||| |||| ||||||||||||||||||||||| || ||  | ||||| |||||| | || || || ||||| |||||||| |||||||| || ||||| || ||||| || ||||| || ||||| ||||| || || || || || || ||||| || ||||||||||| || ||||||||||||</Hsp_midline>
    </Hsp>
    <Hsp>
      <Hsp_num>2</Hsp_num>
      <Hsp_bit-score>97.7665</Hsp_bit-score>
      <Hsp_score>107</Hsp_score>
      <Hsp_evalue>9.71892e-15</Hsp_evalue>
      <Hsp_query-from>180</Hsp_query-from>
      <Hsp_query-to>320</Hsp_query-to>
      <Hsp_hit-from>160</Hsp_hit-from>
      <Hsp_hit-to>300</Hsp_hit-to>
      <Hsp_query-frame>1</Hsp_query-frame>
      <Hsp_hit-frame>1</Hsp_hit-frame>
      <Hsp_identity>106</Hsp_identity>
      <Hsp_positive>106</Hsp_positive>
      <Hsp_gaps>0</Hsp_gaps>
      <Hsp_align-len>141</Hsp_align-len>
      <Hsp_qseq>TTGGAGTTACCGGCGGGATTCAGATTCCATCCGACAGACGACGAATTGGTGCAGCACTATCTCTGCAGGAAATGCGCCGGACAGTCGATTGCTGTATCAATTATAGCTGAAATTGATCTTTACAAGTTTGATCCATGGCAG</Hsp_qseq>
      <Hsp_hseq>TTAGAGTTACCACCTGGGTTCAGATTTCACCCAACAGATGAGGAGTTGGTGAATCATTATTTGTGTAGGAAATGTGCTTCTCTGCCTCTTGCTGTTCCTATTATTAGGGAGATTGATCTTTACAAGTATGATCCATGGCAG</Hsp_hseq>
      <Hsp_midline>|| ||||||||  | || |||||||| || || ||||| || || |||||| | || ||| | || |||||||| ||    | | |  |||||||  | |||||    || |||||||||||||||| |||||||||||||</Hsp_midline>
    </Hsp>
    <Hsp>
      <Hsp_num>3</Hsp_num>
      <Hsp_bit-score>80.6345</Hsp_bit-score>
      <Hsp_score>88</Hsp_score>
      <Hsp_evalue>7.4719e-10</Hsp_evalue>
      <Hsp_query-from>1277</Hsp_query-from>
      <Hsp_query-to>1330</Hsp_query-to>
      <Hsp_hit-from>582</Hsp_hit-from>
      <Hsp_hit-to>635</Hsp_hit-to>
      <Hsp_query-frame>1</Hsp_query-frame>
      <Hsp_hit-frame>1</Hsp_hit-frame>
      <Hsp_identity>50</Hsp_identity>
      <Hsp_positive>50</Hsp_positive>
      <Hsp_gaps>0</Hsp_gaps>
      <Hsp_align-len>54</Hsp_align-len>
      <Hsp_qseq>GCTTGATGATTGGGTATTGTGTCGAATATACAACAAGAAAGGCACACTTGAGAA</Hsp_qseq>
      <Hsp_hseq>GCTTGATGATTGGGTCTTATGTCGAATCTACAACAAGAAAGGCACACTAGAGAA</Hsp_hseq>
      <Hsp_midline>||||||||||||||| || |||||||| |||||||||||||||||||| |||||</Hsp_midline>
    </Hsp>
  </Hit_hsps>
</Hit>
<Hit>
  <Hit_num>49</Hit_num>
  <Hit_id>gi|1477771528|gb|CP025655.1|</Hit_id>
  <Hit_def>Ipomoea trifida cultivar NCNSP0306 chromosome 12</Hit_def>
  <Hit_accession>CP025655</Hit_accession>
  <Hit_len>24193007</Hit_len>
  <Hit_hsps>
    <Hsp>
      <Hsp_num>1</Hsp_num>
      <Hsp_bit-score>273.595</Hsp_bit-score>
      <Hsp_score>302</Hsp_score>
      <Hsp_evalue>6.11708e-68</Hsp_evalue>
      <Hsp_query-from>688</Hsp_query-from>
      <Hsp_query-to>973</Hsp_query-to>
      <Hsp_hit-from>23880469</Hsp_hit-from>
      <Hsp_hit-to>23880754</Hsp_hit-to>
      <Hsp_query-frame>1</Hsp_query-frame>
      <Hsp_hit-frame>1</Hsp_hit-frame>
      <Hsp_identity>232</Hsp_identity>
      <Hsp_positive>232</Hsp_positive>
      <Hsp_gaps>0</Hsp_gaps>
      <Hsp_align-len>286</Hsp_align-len>
      <Hsp_qseq>TGCAGAGAAGGCTTTGTACGGTGAAAAAGAGTGGTATTTTTTCTCACCAAGGGATAGAAAATATCCGAACGGTTCACGGCCGAACCGAGCAGCAGGAACCGGTTATTGGAAGGCAACCGGAGCTGATAAACCGGTGGGAAAACCCAAAACCTTAGGGATAAAGAAGGCACTTGTGTTCTATGCCGGAAAAGCACCCAGAGGTATAAAAACAAATTGGATTATGCACGAGTACCGCCTCGCCAACGTGGACCGCTCTGCTGGCAAGAACAATAACTTGAGGGTAAGT</Hsp_qseq>
      <Hsp_hseq>TGCAGATATGGCTTTGTACGGAGAAAAAGAATGGTACTTCTTTTCTCCGAGGGACCGAAAGTACCCGAACGGTTCGCGGCCGAACAGGGCTGCCGGAACCGGGTACTGGAAGGCTACCGGAGCAGATAAGCCGGTGGGAAAGCCCAAGACTTTGGGGATAAAGAAGGCTTTGGTATTCTACGCCGGGAAGGCTCCTAAAGGGGTAAAGACTAATTGGATTATGCATGAGTACCGTCTGGCAAACGTCGACCGCTCCGCCGGAAAAAAGAACAATTTGAGGGTATGT</Hsp_hseq>
      <Hsp_midline>|||||| | |||||||||||| |||||||| ||||| || || || || |||||  |||| || ||||||||||| ||||||||| | || || |||||||| || |||||||| |||||||| ||||| ||||||||||| ||||| || || ||||||||||||||  | || ||||| ||||| || || || | |||  |||| || |||||||||||||| |||||||| || || ||||| |||||||| || || || || || || ||||||||| ||</Hsp_midline>
    </Hsp>
    <Hsp>
      <Hsp_num>2</Hsp_num>
      <Hsp_bit-score>135.637</Hsp_bit-score>
      <Hsp_score>149</Hsp_score>
      <Hsp_evalue>3.86712e-26</Hsp_evalue>
      <Hsp_query-from>174</Hsp_query-from>
      <Hsp_query-to>330</Hsp_query-to>
      <Hsp_hit-from>23880198</Hsp_hit-from>
      <Hsp_hit-to>23880354</Hsp_hit-to>
      <Hsp_query-frame>1</Hsp_query-frame>
      <Hsp_hit-frame>1</Hsp_hit-frame>
      <Hsp_identity>124</Hsp_identity>
      <Hsp_positive>124</Hsp_positive>
      <Hsp_gaps>0</Hsp_gaps>
      <Hsp_align-len>157</Hsp_align-len>
      <Hsp_qseq>CAGCAATTGGAGTTACCGGCGGGATTCAGATTCCATCCGACAGACGACGAATTGGTGCAGCACTATCTCTGCAGGAAATGCGCCGGACAGTCGATTGCTGTATCAATTATAGCTGAAATTGATCTTTACAAGTTTGATCCATGGCAGTTGCCTGGTA</Hsp_qseq>
      <Hsp_hseq>CAGCAATTGGAGATGCCGCCGGGATTCCGATTCCATCCTACGGATGAGGAACTGGTGGTTCACTATCTCTGCCGGAAATGCGCCTCCCAATCTATCTCCGTTCCGATTATTGCCGAGATCGACCTTTACAAGTTTGACCCGTGGCAGCTCCCTGGTA</Hsp_hseq>
      <Hsp_midline>|||||||||||| | ||| |||||||| |||||||||| || || || ||| |||||   |||||||||||| |||||||||||   || || ||  | ||  | ||||| || || || || |||||||||||||| || |||||| | |||||||</Hsp_midline>
    </Hsp>
    <Hsp>
      <Hsp_num>3</Hsp_num>
      <Hsp_bit-score>78.8312</Hsp_bit-score>
      <Hsp_score>86</Hsp_score>
      <Hsp_evalue>2.60795e-09</Hsp_evalue>
      <Hsp_query-from>1272</Hsp_query-from>
      <Hsp_query-to>1344</Hsp_query-to>
      <Hsp_hit-from>23880889</Hsp_hit-from>
      <Hsp_hit-to>23880961</Hsp_hit-to>
      <Hsp_query-frame>1</Hsp_query-frame>
      <Hsp_hit-frame>1</Hsp_hit-frame>
      <Hsp_identity>61</Hsp_identity>
      <Hsp_positive>61</Hsp_positive>
      <Hsp_gaps>0</Hsp_gaps>
      <Hsp_align-len>73</Hsp_align-len>
      <Hsp_qseq>TTGCAGCTTGATGATTGGGTATTGTGTCGAATATACAACAAGAAAGGCACACTTGAGAAGCATTACAATGTGG</Hsp_qseq>
      <Hsp_hseq>TTACAGCTTGACGATTGGGTACTATGTCGGATATACAACAAGAAAGGCACTGTGGAGAAGTACTATAATGCGG</Hsp_hseq>
      <Hsp_midline>|| |||||||| ||||||||| | ||||| ||||||||||||||||||||  | |||||| | || |||| ||</Hsp_midline>
    </Hsp>
    <Hsp>
      <Hsp_num>4</Hsp_num>
      <Hsp_bit-score>68.9126</Hsp_bit-score>
      <Hsp_score>75</Hsp_score>
      <Hsp_evalue>4.71528e-06</Hsp_evalue>
      <Hsp_query-from>707</Hsp_query-from>
      <Hsp_query-to>919</Hsp_query-to>
      <Hsp_hit-from>4005234</Hsp_hit-from>
      <Hsp_hit-to>4005019</Hsp_hit-to>
      <Hsp_query-frame>1</Hsp_query-frame>
      <Hsp_hit-frame>-1</Hsp_hit-frame>
      <Hsp_identity>145</Hsp_identity>
      <Hsp_positive>145</Hsp_positive>
      <Hsp_gaps>3</Hsp_gaps>
      <Hsp_align-len>216</Hsp_align-len>
      <Hsp_qseq>GGTGAAAAAGAGTGGTATTTTTTCTCACCAAGGGATAGAAAATATCCGAACGGTTCACGGCCGAACCGAGCAGCAGGAACCGGTTATTGGAAGGCAACCGGAGCTGATAAACCGGTGGGAAAACCCAAAACCTTAG---GGATAAAGAAGGCACTTGTGTTCTATGCCGGAAAAGCACCCAGAGGTATAAAAACAAATTGGATTATGCACGAGTAC</Hsp_qseq>
      <Hsp_hseq>GGTGAAAAGGAATGGTATTTCTTCTGCGTGAGGGATAGGAAGTATCCGACGGGGATGAGGACCAACAGAGCCACGGGTGCAGGGTACTGGAAAGCCACAGGGAAGGATAAGGAGATTTTCAAGGCCAAAACCCTTGTTGGGATGAAGAAGACTCTGGTTTTCTACAAAGGGAGAGCACCCAGAGGTGAGAACACAAGCTGGGTAATGCATGAATAC</Hsp_hseq>
      <Hsp_midline>|||||||| || |||||||| ||||     |||||||| || |||||||  ||     || | ||| ||||  | ||  | || || ||||| || || ||    |||||   | |    ||  |||||||| | |   |||| |||||| | || || |||||    || | |||||||||||||   || ||||  ||| | ||||| || |||</Hsp_midline>
    </Hsp>
    <Hsp>
      <Hsp_num>5</Hsp_num>
      <Hsp_bit-score>49.0756</Hsp_bit-score>
      <Hsp_score>53</Hsp_score>
      <Hsp_evalue>4.41628</Hsp_evalue>
      <Hsp_query-from>707</Hsp_query-from>
      <Hsp_query-to>815</Hsp_query-to>
      <Hsp_hit-from>4117624</Hsp_hit-from>
      <Hsp_hit-to>4117516</Hsp_hit-to>
      <Hsp_query-frame>1</Hsp_query-frame>
      <Hsp_hit-frame>-1</Hsp_hit-frame>
      <Hsp_identity>76</Hsp_identity>
      <Hsp_positive>76</Hsp_positive>
      <Hsp_gaps>0</Hsp_gaps>
      <Hsp_align-len>109</Hsp_align-len>
      <Hsp_qseq>GGTGAAAAAGAGTGGTATTTTTTCTCACCAAGGGATAGAAAATATCCGAACGGTTCACGGCCGAACCGAGCAGCAGGAACCGGTTATTGGAAGGCAACCGGAGCTGATA</Hsp_qseq>
      <Hsp_hseq>GGGGAGAAGGAGTGGTATTTCTACTGCCCTCGGGACCGGAAATACCGAAATAGTGCCCGTCCCAACCGTGTCACCGGAGCTGGTTTTTGGAAAGCTACTGGAACTGATA</Hsp_hseq>
      <Hsp_midline>|| || || ||||||||||| | ||  ||  ||||  | ||||| |  ||  || | || || ||||| |   | ||| | |||| |||||| || || ||| ||||||</Hsp_midline>
    </Hsp>
  </Hit_hsps>
</Hit>
<Hit>
  <Hit_num>50</Hit_num>
  <Hit_id>gi|1279045215|ref|XM_023028663.1|</Hit_id>
  <Hit_def>PREDICTED: Olea europaea var. sylvestris NAC domain-containing protein 2-like (LOC111401102), mRNA</Hit_def>
  <Hit_accession>XM_023028663</Hit_accession>
  <Hit_len>1440</Hit_len>
  <Hit_hsps>
    <Hsp>
      <Hsp_num>1</Hsp_num>
      <Hsp_bit-score>273.595</Hsp_bit-score>
      <Hsp_score>302</Hsp_score>
      <Hsp_evalue>6.11708e-68</Hsp_evalue>
      <Hsp_query-from>697</Hsp_query-from>
      <Hsp_query-to>967</Hsp_query-to>
      <Hsp_hit-from>283</Hsp_hit-from>
      <Hsp_hit-to>553</Hsp_hit-to>
      <Hsp_query-frame>1</Hsp_query-frame>
      <Hsp_hit-frame>1</Hsp_hit-frame>
      <Hsp_identity>223</Hsp_identity>
      <Hsp_positive>223</Hsp_positive>
      <Hsp_gaps>0</Hsp_gaps>
      <Hsp_align-len>271</Hsp_align-len>
      <Hsp_qseq>GGCTTTGTACGGTGAAAAAGAGTGGTATTTTTTCTCACCAAGGGATAGAAAATATCCGAACGGTTCACGGCCGAACCGAGCAGCAGGAACCGGTTATTGGAAGGCAACCGGAGCTGATAAACCGGTGGGAAAACCCAAAACCTTAGGGATAAAGAAGGCACTTGTGTTCTATGCCGGAAAAGCACCCAGAGGTATAAAAACAAATTGGATTATGCACGAGTACCGCCTCGCCAACGTGGACCGCTCTGCTGGCAAGAACAATAACTTGAGG</Hsp_qseq>
      <Hsp_hseq>GGCTTTGTATGGTGAAAAAGAGTGGTACTTCTTTTCTCCAAGAGACAGGAAGTACCCGAATGGATCCCGGCCTAACCGATCAGCAGGAGCCGGGTACTGGAAAGCCACCGGAGCCGACAAGCCGGTGGGGAAGCCGAAAACTCTGGGAATAAAGAAGGCTCTGGTGTTCTATGCCGGAAAAGCTCCTAGAGGAGTCAAAACTAATTGGATTATGCACGAGTATCGCCTAGCTAATGTGGACCGGTCCGCTGGCAAGAGAAACAATTTGAGG</Hsp_hseq>
      <Hsp_midline>||||||||| ||||||||||||||||| || || || ||||| || || || || ||||| || || ||||| |||||| |||||||| |||| || ||||| || |||||||| || || |||||||| || || |||||  | || ||||||||||| || |||||||||||||||||||| || |||||  | ||||| |||||||||||||||||||| ||||| || || |||||||| || ||||||||||  || || ||||||</Hsp_midline>
    </Hsp>
    <Hsp>
      <Hsp_num>2</Hsp_num>
      <Hsp_bit-score>139.244</Hsp_bit-score>
      <Hsp_score>153</Hsp_score>
      <Hsp_evalue>3.17433e-27</Hsp_evalue>
      <Hsp_query-from>172</Hsp_query-from>
      <Hsp_query-to>330</Hsp_query-to>
      <Hsp_hit-from>123</Hsp_hit-from>
      <Hsp_hit-to>281</Hsp_hit-to>
      <Hsp_query-frame>1</Hsp_query-frame>
      <Hsp_hit-frame>1</Hsp_hit-frame>
      <Hsp_identity>126</Hsp_identity>
      <Hsp_positive>126</Hsp_positive>
      <Hsp_gaps>0</Hsp_gaps>
      <Hsp_align-len>159</Hsp_align-len>
      <Hsp_qseq>ATCAGCAATTGGAGTTACCGGCGGGATTCAGATTCCATCCGACAGACGACGAATTGGTGCAGCACTATCTCTGCAGGAAATGCGCCGGACAGTCGATTGCTGTATCAATTATAGCTGAAATTGATCTTTACAAGTTTGATCCATGGCAGTTGCCTGGTA</Hsp_qseq>
      <Hsp_hseq>ATCAGCAGTTGAATTTGCCGGCAGGGTTCAGGTTCCATCCGACCGATGACGAGCTTGTGCTGCATTATCTCTGCCGGAAATGCGCCGGCCAGACAATTTCTGTTCCTATTATAGCGGAGCTTGATCTCTATAAGTTTGATCCTTGGGATCTTCCTGCTA</Hsp_hseq>
      <Hsp_midline>||||||| ||| | || ||||| || ||||| ||||||||||| || |||||  | |||| ||| ||||||||| ||||||||||||| ||| | ||| ||||  | |||||||| ||  ||||||| || ||||||||||| ||| |  | |||| ||</Hsp_midline>
    </Hsp>
    <Hsp>
      <Hsp_num>3</Hsp_num>
      <Hsp_bit-score>102.275</Hsp_bit-score>
      <Hsp_score>112</Hsp_score>
      <Hsp_evalue>2.28567e-16</Hsp_evalue>
      <Hsp_query-from>1277</Hsp_query-from>
      <Hsp_query-to>1342</Hsp_query-to>
      <Hsp_hit-from>553</Hsp_hit-from>
      <Hsp_hit-to>618</Hsp_hit-to>
      <Hsp_query-frame>1</Hsp_query-frame>
      <Hsp_hit-frame>1</Hsp_hit-frame>
      <Hsp_identity>62</Hsp_identity>
      <Hsp_positive>62</Hsp_positive>
      <Hsp_gaps>0</Hsp_gaps>
      <Hsp_align-len>66</Hsp_align-len>
      <Hsp_qseq>GCTTGATGATTGGGTATTGTGTCGAATATACAACAAGAAAGGCACACTTGAGAAGCATTACAATGT</Hsp_qseq>
      <Hsp_hseq>GCTTGATGATTGGGTGTTATGTCGAATATACAACAAGAAAGGCACTCTCGAGAAGCATTACAATGT</Hsp_hseq>
      <Hsp_midline>||||||||||||||| || |||||||||||||||||||||||||| || |||||||||||||||||</Hsp_midline>
    </Hsp>
  </Hit_hsps>
</Hit>
</Iteration_hits>
  <Iteration_stat>
    <Statistics>
      <Statistics_db-num>81772598</Statistics_db-num>
      <Statistics_db-len>1836336151</Statistics_db-len>
      <Statistics_hsp-len>0</Statistics_hsp-len>
      <Statistics_eff-space>0</Statistics_eff-space>
      <Statistics_kappa>0.41</Statistics_kappa>
      <Statistics_lambda>0.625</Statistics_lambda>
      <Statistics_entropy>0.78</Statistics_entropy>
    </Statistics>
  </Iteration_stat>
</Iteration>
<Iteration>
  <Iteration_iter-num>2</Iteration_iter-num>
  <Iteration_query-ID>Query_56927</Iteration_query-ID>
  <Iteration_query-def>NC_003070.9:c11867154-11865229 Arabidopsis thaliana chromosome 1 sequence</Iteration_query-def>
  <Iteration_query-len>1926</Iteration_query-len>
<Iteration_hits>
<Hit>
  <Hit_num>1</Hit_num>
  <Hit_id>gi|1839133135|emb|LR782542.1|</Hit_id>
  <Hit_def>Arabidopsis thaliana genome assembly, chromosome: 1</Hit_def>
  <Hit_accession>LR782542</Hit_accession>
  <Hit_len>30272351</Hit_len>
  <Hit_hsps>
    <Hsp>
      <Hsp_num>1</Hsp_num>
      <Hsp_bit-score>3474.57</Hsp_bit-score>
      <Hsp_score>3852</Hsp_score>
      <Hsp_evalue>0</Hsp_evalue>
      <Hsp_query-from>1</Hsp_query-from>
      <Hsp_query-to>1926</Hsp_query-to>
      <Hsp_hit-from>11889650</Hsp_hit-from>
      <Hsp_hit-to>11887725</Hsp_hit-to>
      <Hsp_query-frame>1</Hsp_query-frame>
      <Hsp_hit-frame>-1</Hsp_hit-frame>
      <Hsp_identity>1926</Hsp_identity>
      <Hsp_positive>1926</Hsp_positive>
      <Hsp_gaps>0</Hsp_gaps>
      <Hsp_align-len>1926</Hsp_align-len>
      <Hsp_qseq>AAAGACACTTTAATGCATGAACTTCTTTGTTTAAATAACAATTTCCCCCTTTTGGGGGCTATGTCTCGTCGAGTCCTACCACCATTATAAATTATCTCATCGTTTGCTTTCTTTTTTTTAAGTTGTAACCATTTCCACTCGTAATCATACAACTTCTCTACTCTTCTAGAGCAAAAACCCAAAAATATATTGCTATCTTCGTTAATGGCTGATAATAAGGTCAATCTTTCGATTAATGGACAATCAAAAGTGCCTCCAGGTTTCAGATTCCATCCCACCGAAGAAGAACTTCTCCATTACTATCTCCGTAAGAAAGTTAACTCTCAAAAGATCGATCTTGATGTCATTCGTGAAGTTGATCTAAACAAGCTTGAGCCTTGGGATATTCAAGGTTAAACCCTAAATATGAAAAAAAACTCTTTCATTTCTACGAACTCTCTATTTCTTTGTTCTTTATTTTTGAACCATTTTGGTATGCAAATGCAGAGGAATGTAGAATCGGTTCAACGCCACAAAACGACTGGTACTTCTTCAGCCACAAGGACAAGAAGTATCCAACCGGGACCAGGACGAACCGGGCAACAGTCGCTGGATTCTGGAAAGCTACCGGACGTGACAAAATCATCTGCAGTTGTGTCCGGAGAATTGGACTGAGGAAGACACTCGTGTTCTACAAAGGAAGAGCTCCTCACGGTCAGAAATCCGACTGGATCATGCATGAGTATCGCCTCGACGATACTCCAATGTCTAATGTAAGTATATATAGCAATCATCAATTTGCAGTTTAGGTTAGAATAAACAAATTACAAACTTATAGTCAAAGAATTAGCTAGATTCGTTTCATGCTATAAAAGGTTTTGGTTCATTTAGTACGCACTAGAGCCTTCTTTTAGCATCTGCAATTAAAGTAATCGAACATGATTCTCTGAGTTACAATAAGATAATTTCTTATGAAATTAACACATCATATATACATTTATATAAAAAGATTTTTTCACAAGGCTTAAAATAGTTTAACACGGCTCTACAAACAATACGTAGTTAACTAGTTATGGTTGCATATCCAAAAGAAAAACCAACATAAAAGATTTTTTTTTTTGTTTCAAAATAAAAGTTGCATTTTTACATCATCAAGATTTAATCATCTCTTATTGCATTTCATAAGATCGATTTGTGTTCCATTATCAGGGCTATGCTGATGTTGTTACAGAAGATCCAATGAGCTATAACGAAGAAGGTTGGGTGGTATGTCGAGTGTTCAGGAAGAAGAACTATCAAAAGATTGACGATTGTCCTAAAATCACTCTATCTTCTTTACCTGATGACACGGAGGAAGAGAAGGGGCCCACCTTTCACAACACTCAAAACGTTACCGGTTTAGACCATGTTCTTCTCTACATGGACCGTACCGGTTCTAACATTTGCATGCCCGAGAGCCAAACAACGACTCAACATCAAGATGATGTCTTATTCATGCAACTCCCAAGTCTTGAGACACCTAAATCCGAGAGCCCGGTCGACCAAAGTTTCCTGACTCCAAGCAAACTCGATTTCTCTCCCGTTCAAGAGAAGATAACCGAAAGACCGGTTTGCAGCAACTGGGCTAGTCTTGACCGGCTCGTAGCTTGGCAATTGAACAATGGTCATCATAATCCGTGTCATCGTAAGAGTTTTGATGAAGAAGAAGAAAATGGTGATACTATGATGCAGCGATGGGATCTTCATTGGAATAATGATGATAATGTTGATCTTTGGAGTAGTTTCACTGAGTCTTCTTCGTCTTTAGACCCACTTCTTCATTTATCTGTATGATTATCTATACATACACATACACAAAATATAAAATAAAGTTTGTTAAAAAATGTCTCATGTTCTATTGATAGTACGTCTTGATTTTGGGGTTTAACATTTGTTAATGGTGGAGGG</Hsp_qseq>
      <Hsp_hseq>AAAGACACTTTAATGCATGAACTTCTTTGTTTAAATAACAATTTCCCCCTTTTGGGGGCTATGTCTCGTCGAGTCCTACCACCATTATAAATTATCTCATCGTTTGCTTTCTTTTTTTTAAGTTGTAACCATTTCCACTCGTAATCATACAACTTCTCTACTCTTCTAGAGCAAAAACCCAAAAATATATTGCTATCTTCGTTAATGGCTGATAATAAGGTCAATCTTTCGATTAATGGACAATCAAAAGTGCCTCCAGGTTTCAGATTCCATCCCACCGAAGAAGAACTTCTCCATTACTATCTCCGTAAGAAAGTTAACTCTCAAAAGATCGATCTTGATGTCATTCGTGAAGTTGATCTAAACAAGCTTGAGCCTTGGGATATTCAAGGTTAAACCCTAAATATGAAAAAAAACTCTTTCATTTCTACGAACTCTCTATTTCTTTGTTCTTTATTTTTGAACCATTTTGGTATGCAAATGCAGAGGAATGTAGAATCGGTTCAACGCCACAAAACGACTGGTACTTCTTCAGCCACAAGGACAAGAAGTATCCAACCGGGACCAGGACGAACCGGGCAACAGTCGCTGGATTCTGGAAAGCTACCGGACGTGACAAAATCATCTGCAGTTGTGTCCGGAGAATTGGACTGAGGAAGACACTCGTGTTCTACAAAGGAAGAGCTCCTCACGGTCAGAAATCCGACTGGATCATGCATGAGTATCGCCTCGACGATACTCCAATGTCTAATGTAAGTATATATAGCAATCATCAATTTGCAGTTTAGGTTAGAATAAACAAATTACAAACTTATAGTCAAAGAATTAGCTAGATTCGTTTCATGCTATAAAAGGTTTTGGTTCATTTAGTACGCACTAGAGCCTTCTTTTAGCATCTGCAATTAAAGTAATCGAACATGATTCTCTGAGTTACAATAAGATAATTTCTTATGAAATTAACACATCATATATACATTTATATAAAAAGATTTTTTCACAAGGCTTAAAATAGTTTAACACGGCTCTACAAACAATACGTAGTTAACTAGTTATGGTTGCATATCCAAAAGAAAAACCAACATAAAAGATTTTTTTTTTTGTTTCAAAATAAAAGTTGCATTTTTACATCATCAAGATTTAATCATCTCTTATTGCATTTCATAAGATCGATTTGTGTTCCATTATCAGGGCTATGCTGATGTTGTTACAGAAGATCCAATGAGCTATAACGAAGAAGGTTGGGTGGTATGTCGAGTGTTCAGGAAGAAGAACTATCAAAAGATTGACGATTGTCCTAAAATCACTCTATCTTCTTTACCTGATGACACGGAGGAAGAGAAGGGGCCCACCTTTCACAACACTCAAAACGTTACCGGTTTAGACCATGTTCTTCTCTACATGGACCGTACCGGTTCTAACATTTGCATGCCCGAGAGCCAAACAACGACTCAACATCAAGATGATGTCTTATTCATGCAACTCCCAAGTCTTGAGACACCTAAATCCGAGAGCCCGGTCGACCAAAGTTTCCTGACTCCAAGCAAACTCGATTTCTCTCCCGTTCAAGAGAAGATAACCGAAAGACCGGTTTGCAGCAACTGGGCTAGTCTTGACCGGCTCGTAGCTTGGCAATTGAACAATGGTCATCATAATCCGTGTCATCGTAAGAGTTTTGATGAAGAAGAAGAAAATGGTGATACTATGATGCAGCGATGGGATCTTCATTGGAATAATGATGATAATGTTGATCTTTGGAGTAGTTTCACTGAGTCTTCTTCGTCTTTAGACCCACTTCTTCATTTATCTGTATGATTATCTATACATACACATACACAAAATATAAAATAAAGTTTGTTAAAAAATGTCTCATGTTCTATTGATAGTACGTCTTGATTTTGGGGTTTAACATTTGTTAATGGTGGAGGG</Hsp_hseq>
      <Hsp_midline>||||||||||||||||||||||||||||||||||||||||||||||||||||||||||||||||||||||||||||||||||||||||||||||||||||||||||||||||||||||||||||||||||||||||||||||||||||||||||||||||||||||||||||||||||||||||||||||||||||||||||||||||||||||||||||||||||||||||||||||||||||||||||||||||||||||||||||||||||||||||||||||||||||||||||||||||||||||||||||||||||||||||||||||||||||||||||||||||||||||||||||||||||||||||||||||||||||||||||||||||||||||||||||||||||||||||||||||||||||||||||||||||||||||||||||||||||||||||||||||||||||||||||||||||||||||||||||||||||||||||||||||||||||||||||||||||||||||||||||||||||||||||||||||||||||||||||||||||||||||||||||||||||||||||||||||||||||||||||||||||||||||||||||||||||||||||||||||||||||||||||||||||||||||||||||||||||||||||||||||||||||||||||||||||||||||||||||||||||||||||||||||||||||||||||||||||||||||||||||||||||||||||||||||||||||||||||||||||||||||||||||||||||||||||||||||||||||||||||||||||||||||||||||||||||||||||||||||||||||||||||||||||||||||||||||||||||||||||||||||||||||||||||||||||||||||||||||||||||||||||||||||||||||||||||||||||||||||||||||||||||||||||||||||||||||||||||||||||||||||||||||||||||||||||||||||||||||||||||||||||||||||||||||||||||||||||||||||||||||||||||||||||||||||||||||||||||||||||||||||||||||||||||||||||||||||||||||||||||||||||||||||||||||||||||||||||||||||||||||||||||||||||||||||||||||||||||||||||||||||||||||||||||||||||||||||||||||||||||||||||||||||||||||||||||||||||||||||||||||||||||||||||||||||||||||||||||||||||||||||||||||||||||||||||||||||||||||||||||||||||||||||||||||||||||||||||||||||||||||||||||||||||||||||||||||||||||||||||||||||||||||||||||||||||||||||||||||||||||||||||||||||||||||||||||||||||||||||||||||||||||||||||||||||||||||||||||||||||||||||||||||||||||||||||||||||||||||||||||||||||||||||||||||||||||||||||||||||||||||||||||||||||||||||||||||||||||||||||||||||||||||||||||||||||||||||||||||||||||||||||||||||||||||||||||||||||||||||||||||||||||||||||||||||||||||||||||||||||||||||||||||||</Hsp_midline>
    </Hsp>
    <Hsp>
      <Hsp_num>2</Hsp_num>
      <Hsp_bit-score>195.148</Hsp_bit-score>
      <Hsp_score>215</Hsp_score>
      <Hsp_evalue>4.58297e-44</Hsp_evalue>
      <Hsp_query-from>250</Hsp_query-from>
      <Hsp_query-to>740</Hsp_query-to>
      <Hsp_hit-from>12095489</Hsp_hit-from>
      <Hsp_hit-to>12095973</Hsp_hit-to>
      <Hsp_query-frame>1</Hsp_query-frame>
      <Hsp_hit-frame>1</Hsp_hit-frame>
      <Hsp_identity>342</Hsp_identity>
      <Hsp_positive>342</Hsp_positive>
      <Hsp_gaps>12</Hsp_gaps>
      <Hsp_align-len>494</Hsp_align-len>
      <Hsp_qseq>GTGCCTCCAGGTTTCAGATTCCATCCCACCGAAGAAGAACTTCTCCATTACTATCTCCGTAAGAAAGTTAACTCTCAAAAGATCGATCTTGATGTCATTCGTGAAGTTGATCTAAACAAGCTTGAGCCTTGGGATATTCAAGGTTAAACCCTAAATATGAAAAAAAACTCTTTCATTTCTACGAACTCTCTATTTCTTTGTTCTTTATTTTTGAAC--CATTTTGGTAT-GCAAATGCAGAGGAATGTAGAATCGGTTCAACGCCACAAAACGACTGGTACTTCTTCAGCCACAAGGACAAGAAGTATCCAACCGGGACCAGGACGAACCGGGCAACAGTCGCTGGATTCTGGAAAGCTACCGGACGTGACAAAATCATCTGCAGTTGTGTCCGGAGAATTGGACTGAGGAAGACACTCGTGTTCTACAAAGGAAGAGCTCCTCACGGTCAGAAATCCGACTGGATCATGCATGAGTATCGCCTCGACGATACT</Hsp_qseq>
      <Hsp_hseq>GTACCGCCTGGTTTTCGGTTTCATCCAACGGACGAAGAACTTCTTCATTACTACTTGAAGAAGAAGATTTCTTATGAAAAGTTTGAGATGGAAGTCATCAAAGAGGTTGATTTGAACAAGATTGAGCCGTGGGATTTACAAGGTACGTTCTTT--TATTAATAATACATATACGAT-----CCAATCCTCTAGTTATAT--TAGATACTATACAAAAGCATTTTTTTTTTGTTTTTGTAGATAGATGCAAAATAGGATCAACGCCACAAAATGAGTGGTATTTCTTCAGCCACAAGGATAGGAAATATCCGACAGGGTCAAGGACAAACCGTGCAACCCACTCCGGTTTTTGGAAGGCGACAGGACGTGACAAATGCATAAGAAATTCTTACAAGAAGATCGGCATGAGGAAGACTCTTGTATTCTACAAAGGAAGAGCTCCTCATGGCCAAAAGACAGATTGGATCATGCACGAGTACCGTATCGAAGACACT</Hsp_hseq>
      <Hsp_midline>|| || || |||||  | || ||||| || || ||||||||||| ||||||||  |    |||||  ||   | | ||||| | ||  | || |||||    || |||||| | |||||| ||||||| |||||| | ||||||     | |   ||| || || |  | |   ||     | ||  ||||| || | |  |   || | |  ||   ||||||  | | |    || |||   ||| | ||| || |||||||||||||| || ||||| ||||||||||||||||| | ||| ||||| || ||| | ||||| ||||| |||||   | | || || ||||| || || ||||||||||||  |||  | | || |  |  ||  || ||  |||||||||| || || ||||||||||||||||||||||| || || ||  | || ||||||||||| ||||| ||  |||| || |||</Hsp_midline>
    </Hsp>
    <Hsp>
      <Hsp_num>3</Hsp_num>
      <Hsp_bit-score>189.738</Hsp_bit-score>
      <Hsp_score>209</Hsp_score>
      <Hsp_evalue>1.94873e-42</Hsp_evalue>
      <Hsp_query-from>481</Hsp_query-from>
      <Hsp_query-to>738</Hsp_query-to>
      <Hsp_hit-from>29783943</Hsp_hit-from>
      <Hsp_hit-to>29783683</Hsp_hit-to>
      <Hsp_query-frame>1</Hsp_query-frame>
      <Hsp_hit-frame>-1</Hsp_hit-frame>
      <Hsp_identity>201</Hsp_identity>
      <Hsp_positive>201</Hsp_positive>
      <Hsp_gaps>5</Hsp_gaps>
      <Hsp_align-len>262</Hsp_align-len>
      <Hsp_qseq>ATGCAGAGGAATGTAGAATCGGTTCAACGCCACAAAACGACTGGTACTTCTTCAGCCACAAGGACAAGAAGTATCCAACCGGGACCAGGACGAACCGGGCAACAGTCGCTGGATTCTGGAAAGCTACCGGACGTGACAAA---AT-CATCTGCAGTTGTGTCCGGAGAATTGGACTGAGGAAGACACTCGTGTTCTACAAAGGAAGAGCTCCTCACGGTCAGAAATCCGACTGGATCATGCATGAGTATCGCCTCGACGATA</Hsp_qseq>
      <Hsp_hseq>ATGTAGAGAAATGCAGAATCGGGTCGGGTCCTCAAAACGAGTGGTATTTCTTTAGCCACAAGGACAAGAAATATCCGACTGGGACCCGAACGAACCGGGCGACAGCAGCCGGGTTCTGGAAAGCTACTGGTAGAGACAAATCCATACATCT-CAACAGCTCCAAGAAGATTGGACTTCGTAAGACTCTTGTCTTCTACACTGGTCGTGCTCCTCATGGCCAAAAAACCGAATGGATCATGCACGAATATCGCTTGGACGATA</Hsp_hseq>
      <Hsp_midline>||| |||| |||| |||||||| ||    || |||||||| ||||| ||||| ||||||||||||||||| ||||| || |||||| | ||||||||||| ||||  || || |||||||||||||| ||  | ||||||   || ||||| ||   |   |  ||  ||||||||  | ||||| || || |||||||  ||  | |||||||| || || ||| |||| ||||||||||| || |||||| | |||||||</Hsp_midline>
    </Hsp>
    <Hsp>
      <Hsp_num>4</Hsp_num>
      <Hsp_bit-score>128.424</Hsp_bit-score>
      <Hsp_score>141</Hsp_score>
      <Hsp_evalue>5.58813e-24</Hsp_evalue>
      <Hsp_query-from>513</Hsp_query-from>
      <Hsp_query-to>731</Hsp_query-to>
      <Hsp_hit-from>26912330</Hsp_hit-from>
      <Hsp_hit-to>26912548</Hsp_hit-to>
      <Hsp_query-frame>1</Hsp_query-frame>
      <Hsp_hit-frame>1</Hsp_hit-frame>
      <Hsp_identity>166</Hsp_identity>
      <Hsp_positive>166</Hsp_positive>
      <Hsp_gaps>14</Hsp_gaps>
      <Hsp_align-len>226</Hsp_align-len>
      <Hsp_qseq>CAAAACGACTGGTACTTCTTCAGCCACAAGGACAAGAAGTATCCAACCGGGACCAGGACGAACCGGGCAACAGTCGCTGGATTCTGGAAAGCTACCGGACGTGACAA-----AATCATC-TGCAGTTGTGTCCGGAGAATTGGACTGAGGAAGACACTCGTGTTCTACAAAGGAAGAGCTCCTCACGGTCAGAAA-TCCGACTGGATCATGCATGAGTATCGCCTC</Hsp_qseq>
      <Hsp_hseq>CAAAACGAGTGGTACTTCTTTAGTCATAAGGACAGGAAGTACCCTACCGGGACTAGGACCAACCGAGCCACTGCGGCTGGGTTCTGGAAAGCCACGGGTAGAGACAAGGCGGTACTATCAAAAAACAGTGTC------ATCGGAATGCGGAAGACACTTGTCTACTACAAGGGTCGAGCTCCTAATGG-AAGAAAGTCCGATTGGATCATGCACGAATACCGTCTC</Hsp_hseq>
      <Hsp_midline>|||||||| ||||||||||| || || ||||||| |||||| || |||||||| ||||| ||||| || || |  ||||| ||||||||||| || ||  | |||||      |  |||    |   |||||      || ||| || |||||||||| || | |||||| ||  |||||||| | ||  ||||| ||||| ||||||||||| || || || |||</Hsp_midline>
    </Hsp>
    <Hsp>
      <Hsp_num>5</Hsp_num>
      <Hsp_bit-score>125.719</Hsp_bit-score>
      <Hsp_score>138</Hsp_score>
      <Hsp_evalue>1.95045e-23</Hsp_evalue>
      <Hsp_query-from>519</Hsp_query-from>
      <Hsp_query-to>728</Hsp_query-to>
      <Hsp_hit-from>4168621</Hsp_hit-from>
      <Hsp_hit-to>4168412</Hsp_hit-to>
      <Hsp_query-frame>1</Hsp_query-frame>
      <Hsp_hit-frame>-1</Hsp_hit-frame>
      <Hsp_identity>156</Hsp_identity>
      <Hsp_positive>156</Hsp_positive>
      <Hsp_gaps>4</Hsp_gaps>
      <Hsp_align-len>212</Hsp_align-len>
      <Hsp_qseq>GACTGGTACTTCTTCAGCCACAAGGACAAGAAGTATCCAACCGGGACCAGGACGAACCGGGCAACAGTCGCTGGATTCTGGAAAGCTACCGGACGTGACAAAATCATCTGCAGTTGTGTC--CGGAGAATTGGACTGAGGAAGACACTCGTGTTCTACAAAGGAAGAGCTCCTCACGGTCAGAAATCCGACTGGATCATGCATGAGTATCGC</Hsp_qseq>
      <Hsp_hseq>GATTGGTACTTCTTTAGCCATAAAGACAAGAAGTATCCCACAGGGACTCGAACCAATAGAGCAACAAAAGCAGGGTTTTGGAAAGCCACCGGAAGAGATAAGGCTATCT--ATTTGAGGCATAGTCTAATTGGCATGAGGAAAACACTTGTGTTTTACAAGGGAAGAGCCCCAAATGGACAAAAGTCTGATTGGATCATGCACGAATACCGC</Hsp_hseq>
      <Hsp_midline>|| ||||||||||| ||||| || |||||||||||||| || |||||  | || ||  | ||||||   || || || |||||||| |||||| | || ||    ||||  | ||| | |   |   ||||||  ||||||| ||||| ||||| ||||| |||||||| ||  | || || || || || ||||||||||| || || |||</Hsp_midline>
    </Hsp>
    <Hsp>
      <Hsp_num>6</Hsp_num>
      <Hsp_bit-score>120.309</Hsp_bit-score>
      <Hsp_score>132</Hsp_score>
      <Hsp_evalue>8.29352e-22</Hsp_evalue>
      <Hsp_query-from>518</Hsp_query-from>
      <Hsp_query-to>728</Hsp_query-to>
      <Hsp_hit-from>23053084</Hsp_hit-from>
      <Hsp_hit-to>23052874</Hsp_hit-to>
      <Hsp_query-frame>1</Hsp_query-frame>
      <Hsp_hit-frame>-1</Hsp_hit-frame>
      <Hsp_identity>153</Hsp_identity>
      <Hsp_positive>153</Hsp_positive>
      <Hsp_gaps>0</Hsp_gaps>
      <Hsp_align-len>211</Hsp_align-len>
      <Hsp_qseq>CGACTGGTACTTCTTCAGCCACAAGGACAAGAAGTATCCAACCGGGACCAGGACGAACCGGGCAACAGTCGCTGGATTCTGGAAAGCTACCGGACGTGACAAAATCATCTGCAGTTGTGTCCGGAGAATTGGACTGAGGAAGACACTCGTGTTCTACAAAGGAAGAGCTCCTCACGGTCAGAAATCCGACTGGATCATGCATGAGTATCGC</Hsp_qseq>
      <Hsp_hseq>CGAATGGTACTTCTTTAGTCATAAAGACAAGAAGTATCCCACGGGAACTCGAACCAATAGAGCCACGAAAGCAGGATTTTGGAAAGCCACTGGAAGAGACAAGGCTATATATATAAGACATAGTCTTATCGGTATGAGGAAAACACTTGTGTTTTACAAAGGAAGAGCCCCAAATGGTCAGAAATCCGATTGGATCATGCACGAATATCGC</Hsp_hseq>
      <Hsp_midline>||| ||||||||||| || || || |||||||||||||| || || ||  | || ||  | || ||    || ||||| |||||||| || ||| | |||||    || |  |   |     |    || ||  ||||||| ||||| ||||| |||||||||||||| ||  | |||||||||||||| ||||||||||| || ||||||</Hsp_midline>
    </Hsp>
    <Hsp>
      <Hsp_num>7</Hsp_num>
      <Hsp_bit-score>94.1598</Hsp_bit-score>
      <Hsp_score>103</Hsp_score>
      <Hsp_evalue>1.15282e-13</Hsp_evalue>
      <Hsp_query-from>514</Hsp_query-from>
      <Hsp_query-to>737</Hsp_query-to>
      <Hsp_hit-from>25958029</Hsp_hit-from>
      <Hsp_hit-to>25958252</Hsp_hit-to>
      <Hsp_query-frame>1</Hsp_query-frame>
      <Hsp_hit-frame>1</Hsp_hit-frame>
      <Hsp_identity>155</Hsp_identity>
      <Hsp_positive>155</Hsp_positive>
      <Hsp_gaps>0</Hsp_gaps>
      <Hsp_align-len>224</Hsp_align-len>
      <Hsp_qseq>AAAACGACTGGTACTTCTTCAGCCACAAGGACAAGAAGTATCCAACCGGGACCAGGACGAACCGGGCAACAGTCGCTGGATTCTGGAAAGCTACCGGACGTGACAAAATCATCTGCAGTTGTGTCCGGAGAATTGGACTGAGGAAGACACTCGTGTTCTACAAAGGAAGAGCTCCTCACGGTCAGAAATCCGACTGGATCATGCATGAGTATCGCCTCGACGAT</Hsp_qseq>
      <Hsp_hseq>AAAATGAGTGGTATTTCTTCAGCCCTAGAGAAAGAAAATATCCAAACGGAGTCAGACCAAACCGGGCAGCTGTTTCCGGTTATTGGAAAGCAACCGGTACAGACAAAGCCATTCACAGCGGTTCAAGTAACGTAGGTGTCAAGAAAGCTCTAGTCTTCTACAAAGGTAGACCTCCTAAAGGAATCAAAACTGACTGGATCATGCATGAGTATCGTCTCCATGAT</Hsp_hseq>
      <Hsp_midline>|||| || ||||| ||||||||||  |  || |  || ||||||| |||   |||  | ||||||||| | ||  | || |  |||||||| |||||    ||||||  |||   |||  ||    | |   | ||  | | |||  | || || ||||||||||| ||| ||||| | ||    ||| | ||||||||||||||||||||||| ||| | |||</Hsp_midline>
    </Hsp>
    <Hsp>
      <Hsp_num>8</Hsp_num>
      <Hsp_bit-score>89.6514</Hsp_bit-score>
      <Hsp_score>98</Hsp_score>
      <Hsp_evalue>1.40442e-12</Hsp_evalue>
      <Hsp_query-from>519</Hsp_query-from>
      <Hsp_query-to>733</Hsp_query-to>
      <Hsp_hit-from>28508906</Hsp_hit-from>
      <Hsp_hit-to>28508686</Hsp_hit-to>
      <Hsp_query-frame>1</Hsp_query-frame>
      <Hsp_hit-frame>-1</Hsp_hit-frame>
      <Hsp_identity>153</Hsp_identity>
      <Hsp_positive>153</Hsp_positive>
      <Hsp_gaps>6</Hsp_gaps>
      <Hsp_align-len>221</Hsp_align-len>
      <Hsp_qseq>GACTGGTACTTCTTCAGCCACAAGGACAAGAAGTATCCAACCGGGACCAGGACGAACCGGGCAACAGTCGCTGGATTCTGGAAAGCTACCGGACGTGACAA---AATCATCT---GCAGTTGTGTCCGGAGAATTGGACTGAGGAAGACACTCGTGTTCTACAAAGGAAGAGCTCCTCACGGTCAGAAATCCGACTGGATCATGCATGAGTATCGCCTCGA</Hsp_qseq>
      <Hsp_hseq>GAGTGGTACTTTTATAGTCTAAGGGACAGGAAATATCCGACAGGTTTGAGGACTAACAGAGCAACTACTGCTGGATACTGGAAAGCTACCGGCAAAGATAAGGAAGTCTTCTCCGGCGGAGGAGGACAGCTTGTTGGGATGAAGAAGACGTTGGTGTTCTACAAAGGTAGGGCTCCACGTGGCCTCAAGACTAAGTGGGTCATGCATGAGTATCGCCTCGA</Hsp_hseq>
      <Hsp_midline>|| |||||||| |  || |  | ||||| ||| ||||| || ||    ||||| ||| | |||||    ||||||| |||||||||||||||    || ||   | || |||   || |  | |  | |    ||||  ||| ||||||  | |||||||||||||| || ||||| |  || |  ||  |  | ||| ||||||||||||||||||||||</Hsp_midline>
    </Hsp>
    <Hsp>
      <Hsp_num>9</Hsp_num>
      <Hsp_bit-score>87.848</Hsp_bit-score>
      <Hsp_score>96</Hsp_score>
      <Hsp_evalue>4.9019e-12</Hsp_evalue>
      <Hsp_query-from>250</Hsp_query-from>
      <Hsp_query-to>397</Hsp_query-to>
      <Hsp_hit-from>29784782</Hsp_hit-from>
      <Hsp_hit-to>29784635</Hsp_hit-to>
      <Hsp_query-frame>1</Hsp_query-frame>
      <Hsp_hit-frame>-1</Hsp_hit-frame>
      <Hsp_identity>108</Hsp_identity>
      <Hsp_positive>108</Hsp_positive>
      <Hsp_gaps>0</Hsp_gaps>
      <Hsp_align-len>148</Hsp_align-len>
      <Hsp_qseq>GTGCCTCCAGGTTTCAGATTCCATCCCACCGAAGAAGAACTTCTCCATTACTATCTCCGTAAGAAAGTTAACTCTCAAAAGATCGATCTTGATGTCATTCGTGAAGTTGATCTAAACAAGCTTGAGCCTTGGGATATTCAAGGTTAAA</Hsp_qseq>
      <Hsp_hseq>GTGCCTCCGGGATTCCGGTTTCATCCAACGGAGGAGGAGCTTCTTTACTATTACCTCAAGAAGAAGGTTTCTTATGAACCAATTGATTTAGATGTAATTAGAGAAGTTGATCTCAACAAGCTGGAACCTTGGGAACTTAAAGGTAAAA</Hsp_hseq>
      <Hsp_midline>|||||||| || ||| | || ||||| || || || || |||||  | || || |||   ||||| |||   | | ||   || ||| | ||||| ||| | ||||||||||| |||||||| || ||||||||  || ||||| |||</Hsp_midline>
    </Hsp>
    <Hsp>
      <Hsp_num>10</Hsp_num>
      <Hsp_bit-score>73.4211</Hsp_bit-score>
      <Hsp_score>80</Hsp_score>
      <Hsp_evalue>1.07972e-07</Hsp_evalue>
      <Hsp_query-from>514</Hsp_query-from>
      <Hsp_query-to>731</Hsp_query-to>
      <Hsp_hit-from>19536508</Hsp_hit-from>
      <Hsp_hit-to>19536291</Hsp_hit-to>
      <Hsp_query-frame>1</Hsp_query-frame>
      <Hsp_hit-frame>-1</Hsp_hit-frame>
      <Hsp_identity>149</Hsp_identity>
      <Hsp_positive>149</Hsp_positive>
      <Hsp_gaps>2</Hsp_gaps>
      <Hsp_align-len>219</Hsp_align-len>
      <Hsp_qseq>AAAACGACTGGTACTTCTTCAGCCACAAGGACAAGAAGTATCCAACCGGGACCAGGACGAACCGGGCAACAGTCGCTGGATTCTGGAAAGCTACCGG-ACGTGACAAAATCATCTGCAGTTGTGTCCGGAGAATTGGACTGAGGAAGACACTCGTGTTCTACAAAGGAAGAGCTCCTCACGGTCAGAAATCCGACTGGATCATGCATGAGTATCGCCTC</Hsp_qseq>
      <Hsp_hseq>AAAAAGAATGGTATTTTTTTAGTCCTAGGGATAGAAAATATCCAAACGGGTCAAGACCTAACCGGGTTGCCGGATCGGGTTATTGGAAAGCTACGGGTACG-GATAAAATAATCTCGACGGAAGGACAAAGAGTTGGTATTAAAAAAGCTTTGGTGTTTTACATCGGAAAAGCTCCTAAAGGTACTAAAACCAATTGGATCATGCATGAGTATCGTCTC</Hsp_hseq>
      <Hsp_midline>|||| || ||||| || || || |  | ||| |  || ||||||| |||| | ||  | |||||||   | |   | || |  ||||||||||| || ||| || ||||| ||||  |     |  |  ||| ||||  | |  ||  |  | ||||| ||||  |||| ||||||| | |||   ||| || | |||||||||||||||||||| |||</Hsp_midline>
    </Hsp>
    <Hsp>
      <Hsp_num>11</Hsp_num>
      <Hsp_bit-score>71.6177</Hsp_bit-score>
      <Hsp_score>78</Hsp_score>
      <Hsp_evalue>3.76858e-07</Hsp_evalue>
      <Hsp_query-from>519</Hsp_query-from>
      <Hsp_query-to>731</Hsp_query-to>
      <Hsp_hit-from>20118953</Hsp_hit-from>
      <Hsp_hit-to>20118741</Hsp_hit-to>
      <Hsp_query-frame>1</Hsp_query-frame>
      <Hsp_hit-frame>-1</Hsp_hit-frame>
      <Hsp_identity>152</Hsp_identity>
      <Hsp_positive>152</Hsp_positive>
      <Hsp_gaps>16</Hsp_gaps>
      <Hsp_align-len>221</Hsp_align-len>
      <Hsp_qseq>GACTGGTACTTCTTCAGCCACAAGG-ACAAGAAGTATCCAACCGGGACCAGGACGAACCGGGCAACAGTCGCTGGATTCTGGAAAGCTACCGGACGTGACAAAATCATCTGCAGTTGTGTC--CGGAGA-----ATTGGACTGAGGAAGACACTCGTGTTCTACAAAGGAAGAGCTCCTCACGGTCAGAAATCCGACTGGATCATGCATGAGTATCGCCTC</Hsp_qseq>
      <Hsp_hseq>GAATGGTACTTTTACAGC-ACAAGGGATAAGAAGTATCCAAATGGCTCTAGGACGAACCGTGCGACCCGAGCGGGTTACTGGAAGGCCACGGG----GA-AAGATC--GTACAGTAGAATCAAAGAAGATGAAGATGGGAATGAAGAAGACACTGGTTTATTATAGAGGAAGGGCTCCTCATGGCCTTCGTACTAATTGGGTCATGCATGAATATCGTCTC</Hsp_hseq>
      <Hsp_midline>|| |||||||| | |||| |||||| | |||||||||||||  ||  | ||||||||||| || ||    || || | |||||| || || ||    || || |||   | |||| |  ||   | |||     || ||| ||| ||||||||| || |  || | |||||| |||||||| || |      |  | ||| |||||||||| ||||| |||</Hsp_midline>
    </Hsp>
    <Hsp>
      <Hsp_num>12</Hsp_num>
      <Hsp_bit-score>70.716</Hsp_bit-score>
      <Hsp_score>77</Hsp_score>
      <Hsp_evalue>1.31536e-06</Hsp_evalue>
      <Hsp_query-from>516</Hsp_query-from>
      <Hsp_query-to>721</Hsp_query-to>
      <Hsp_hit-from>20786294</Hsp_hit-from>
      <Hsp_hit-to>20786089</Hsp_hit-to>
      <Hsp_query-frame>1</Hsp_query-frame>
      <Hsp_hit-frame>-1</Hsp_hit-frame>
      <Hsp_identity>139</Hsp_identity>
      <Hsp_positive>139</Hsp_positive>
      <Hsp_gaps>0</Hsp_gaps>
      <Hsp_align-len>206</Hsp_align-len>
      <Hsp_qseq>AACGACTGGTACTTCTTCAGCCACAAGGACAAGAAGTATCCAACCGGGACCAGGACGAACCGGGCAACAGTCGCTGGATTCTGGAAAGCTACCGGACGTGACAAAATCATCTGCAGTTGTGTCCGGAGAATTGGACTGAGGAAGACACTCGTGTTCTACAAAGGAAGAGCTCCTCACGGTCAGAAATCCGACTGGATCATGCATGA</Hsp_qseq>
      <Hsp_hseq>AAGGATTGGTATTTCTACAGCCAAAGAGACCGAAAATACGCGACGGGGCTGAGAACTAACCGAGCAACGGCCACCGGATATTGGAAAGCCACCGGCAAAGACAGAACCATTCTAAGAAAGGGTAAGCTAGTTGGGATGAGGAAGACATTGGTTTTCTATCAAGGTCGAGCTCCTCGAGGCCGTAAAACCGATTGGGTCATGCACGA</Hsp_hseq>
      <Hsp_midline>|| || ||||| |||| |||||| |  |||   || ||  | || |||   || || ||||| ||||| | | | ||||  |||||||| |||||    |||| || |||    ||    |    |  | ||||  ||||||||||| | || |||||  ||||  |||||||||  || |  ||| |||| ||| ||||||| ||</Hsp_midline>
    </Hsp>
    <Hsp>
      <Hsp_num>13</Hsp_num>
      <Hsp_bit-score>69.8143</Hsp_bit-score>
      <Hsp_score>76</Hsp_score>
      <Hsp_evalue>1.31536e-06</Hsp_evalue>
      <Hsp_query-from>251</Hsp_query-from>
      <Hsp_query-to>383</Hsp_query-to>
      <Hsp_hit-from>20119275</Hsp_hit-from>
      <Hsp_hit-to>20119143</Hsp_hit-to>
      <Hsp_query-frame>1</Hsp_query-frame>
      <Hsp_hit-frame>-1</Hsp_hit-frame>
      <Hsp_identity>95</Hsp_identity>
      <Hsp_positive>95</Hsp_positive>
      <Hsp_gaps>0</Hsp_gaps>
      <Hsp_align-len>133</Hsp_align-len>
      <Hsp_qseq>TGCCTCCAGGTTTCAGATTCCATCCCACCGAAGAAGAACTTCTCCATTACTATCTCCGTAAGAAAGTTAACTCTCAAAAGATCGATCTTGATGTCATTCGTGAAGTTGATCTAAACAAGCTTGAGCCTTGGGA</Hsp_qseq>
      <Hsp_hseq>TGCCTCCAGGATTCAGGTTTCATCCCACTGATGAAGAACTGGTGGCTTACTATCTTGATAGGAAGGTCAACGGCCAAGCCATTGAGCTCGAGATCATCCCAGAAGTTGATCTTTATAAATGCGAGCCATGGGA</Hsp_hseq>
      <Hsp_midline>|||||||||| ||||| || |||||||| || ||||||||  |   |||||||||   || ||| || |||   |||   || || || ||  |||| |  |||||||||||  | ||    ||||| |||||</Hsp_midline>
    </Hsp>
    <Hsp>
      <Hsp_num>14</Hsp_num>
      <Hsp_bit-score>63.5025</Hsp_bit-score>
      <Hsp_score>69</Hsp_score>
      <Hsp_evalue>0.000195217</Hsp_evalue>
      <Hsp_query-from>516</Hsp_query-from>
      <Hsp_query-to>736</Hsp_query-to>
      <Hsp_hit-from>272649</Hsp_hit-from>
      <Hsp_hit-to>272866</Hsp_hit-to>
      <Hsp_query-frame>1</Hsp_query-frame>
      <Hsp_hit-frame>1</Hsp_hit-frame>
      <Hsp_identity>148</Hsp_identity>
      <Hsp_positive>148</Hsp_positive>
      <Hsp_gaps>5</Hsp_gaps>
      <Hsp_align-len>222</Hsp_align-len>
      <Hsp_qseq>AACGACTGGTACTTCTTCAGCCACAAGGACAAGAAGTATCCAACCGGGACCAGGACGAACCGGGCAACAGTCGCTGGATTCTGGAAAGCTACCGGACGTGACAAAATCATCTG-CAGTTGTGTCCGGAGAATTGGACTGAGGAAGACACTCGTGTTCTACAAAGGAAGAGCTCCTCACGGTCAGAAATCCGACTGGATCATGCATGAGTATCGCCTCGACGA</Hsp_qseq>
      <Hsp_hseq>AAGGAATGGTACTTCTTCTCTCCCAGGGACAGAAAATATCCCAACGGTTCGCGTCCTAACCGGTCCGCTGGTTCTGGTTACTGGAAAGCTACCGGAGCTGATAAACCGATCGGACTACCTAAACCGG----TCGGAATTAAGAAAGCTCTTGTTTTCTACGCCGGCAAAGCTCCAAAGGGAGAGAAAACCAATTGGATCATGCACGAGTACCGTCTCGCCGA</Hsp_hseq>
      <Hsp_midline>|| || ||||||||||||   | || |||||  || ||||| | |||  |  |  | |||||| |  | |   |||| | ||||||||||||||||  ||| |||   ||| | |        ||||    | ||| | | |||  | || || ||||||   || | ||||||  | ||  ||||| || | ||||||||||| ||||| || |||| |||</Hsp_midline>
    </Hsp>
    <Hsp>
      <Hsp_num>15</Hsp_num>
      <Hsp_bit-score>62.6008</Hsp_bit-score>
      <Hsp_score>68</Hsp_score>
      <Hsp_evalue>0.000195217</Hsp_evalue>
      <Hsp_query-from>646</Hsp_query-from>
      <Hsp_query-to>724</Hsp_query-to>
      <Hsp_hit-from>12472098</Hsp_hit-from>
      <Hsp_hit-to>12472176</Hsp_hit-to>
      <Hsp_query-frame>1</Hsp_query-frame>
      <Hsp_hit-frame>1</Hsp_hit-frame>
      <Hsp_identity>61</Hsp_identity>
      <Hsp_positive>61</Hsp_positive>
      <Hsp_gaps>0</Hsp_gaps>
      <Hsp_align-len>79</Hsp_align-len>
      <Hsp_qseq>TTGGACTGAGGAAGACACTCGTGTTCTACAAAGGAAGAGCTCCTCACGGTCAGAAATCCGACTGGATCATGCATGAGTA</Hsp_qseq>
      <Hsp_hseq>TTGGACTCAAGAAGACTCTTGTTTTCTATAGAGGTCGTGCTCCTAATGGTGAGAGAACTGACTGGGTGATGCATGAGTA</Hsp_hseq>
      <Hsp_midline>||||||| | |||||| || || ||||| | |||  | |||||| | ||| ||| | | |||||| | |||||||||||</Hsp_midline>
    </Hsp>
    <Hsp>
      <Hsp_num>16</Hsp_num>
      <Hsp_bit-score>59.8958</Hsp_bit-score>
      <Hsp_score>65</Hsp_score>
      <Hsp_evalue>0.00237823</Hsp_evalue>
      <Hsp_query-from>549</Hsp_query-from>
      <Hsp_query-to>732</Hsp_query-to>
      <Hsp_hit-from>28935882</Hsp_hit-from>
      <Hsp_hit-to>28936062</Hsp_hit-to>
      <Hsp_query-frame>1</Hsp_query-frame>
      <Hsp_hit-frame>1</Hsp_hit-frame>
      <Hsp_identity>125</Hsp_identity>
      <Hsp_positive>125</Hsp_positive>
      <Hsp_gaps>5</Hsp_gaps>
      <Hsp_align-len>185</Hsp_align-len>
      <Hsp_qseq>AAGTATCCAACCGGGACCAGGACGAACCGGGCAACAGTCGCTGGATTCTGGAAAGCTACCGGACGTGACAAAATCATCTGCAGTTGT-GTCCGGAGAATTGGACTGAGGAAGACACTCGTGTTCTACAAAGGAAGAGCTCCTCACGGTCAGAAATCCGACTGGATCATGCATGAGTATCGCCTCG</Hsp_qseq>
      <Hsp_hseq>AAGTATCCAAACGGTTCAAGACCCAACCGTGCAGCTGGTACTGGATATTGGAAAGCTACCGGAGCTGATAAACCAATAGGTCGTCCTAAACCGG----TTGGTATTAAGAAGGCTCTAGTGTTTTACTCGGGAAAACCTCCAAATGGAGAGAAAACCAATTGGATTATGCACGAATACCGGCTCG</Hsp_hseq>
      <Hsp_midline>|||||||||| |||  | ||  | ||||| ||| | |   ||||||  |||||||||||||||  ||| |||   ||  |  ||  |   ||||    ||||  | | |||| | || ||||| |||   |||| | ||||  | ||  ||||| || | ||||| ||||| || || || ||||</Hsp_midline>
    </Hsp>
    <Hsp>
      <Hsp_num>17</Hsp_num>
      <Hsp_bit-score>52.6823</Hsp_bit-score>
      <Hsp_score>57</Hsp_score>
      <Hsp_evalue>0.352961</Hsp_evalue>
      <Hsp_query-from>251</Hsp_query-from>
      <Hsp_query-to>306</Hsp_query-to>
      <Hsp_hit-from>272402</Hsp_hit-from>
      <Hsp_hit-to>272457</Hsp_hit-to>
      <Hsp_query-frame>1</Hsp_query-frame>
      <Hsp_hit-frame>1</Hsp_hit-frame>
      <Hsp_identity>45</Hsp_identity>
      <Hsp_positive>45</Hsp_positive>
      <Hsp_gaps>0</Hsp_gaps>
      <Hsp_align-len>56</Hsp_align-len>
      <Hsp_qseq>TGCCTCCAGGTTTCAGATTCCATCCCACCGAAGAAGAACTTCTCCATTACTATCTC</Hsp_qseq>
      <Hsp_hseq>TGCCTCCAGGTTTCCGATTTCACCCTACCGATGAAGAGCTTGTCATGCACTATCTC</Hsp_hseq>
      <Hsp_midline>|||||||||||||| |||| || || ||||| ||||| ||| ||    ||||||||</Hsp_midline>
    </Hsp>
    <Hsp>
      <Hsp_num>18</Hsp_num>
      <Hsp_bit-score>48.1739</Hsp_bit-score>
      <Hsp_score>52</Hsp_score>
      <Hsp_evalue>4.29995</Hsp_evalue>
      <Hsp_query-from>251</Hsp_query-from>
      <Hsp_query-to>306</Hsp_query-to>
      <Hsp_hit-from>24359576</Hsp_hit-from>
      <Hsp_hit-to>24359521</Hsp_hit-to>
      <Hsp_query-frame>1</Hsp_query-frame>
      <Hsp_hit-frame>-1</Hsp_hit-frame>
      <Hsp_identity>44</Hsp_identity>
      <Hsp_positive>44</Hsp_positive>
      <Hsp_gaps>0</Hsp_gaps>
      <Hsp_align-len>56</Hsp_align-len>
      <Hsp_qseq>TGCCTCCAGGTTTCAGATTCCATCCCACCGAAGAAGAACTTCTCCATTACTATCTC</Hsp_qseq>
      <Hsp_hseq>TGCCTCCAGGTTTCCGGTTTCATCCAACAGACGAAGAGCTTGTCATATACTACCTC</Hsp_hseq>
      <Hsp_midline>|||||||||||||| | || ||||| || || ||||| ||| ||   ||||| |||</Hsp_midline>
    </Hsp>
  </Hit_hsps>
</Hit>
<Hit>
  <Hit_num>2</Hit_num>
  <Hit_id>gi|2230635494|gb|CP096024.1|</Hit_id>
  <Hit_def>Arabidopsis thaliana isolate t2t_salk_col chromosome 1</Hit_def>
  <Hit_accession>CP096024</Hit_accession>
  <Hit_len>32540122</Hit_len>
  <Hit_hsps>
    <Hsp>
      <Hsp_num>1</Hsp_num>
      <Hsp_bit-score>3474.57</Hsp_bit-score>
      <Hsp_score>3852</Hsp_score>
      <Hsp_evalue>0</Hsp_evalue>
      <Hsp_query-from>1</Hsp_query-from>
      <Hsp_query-to>1926</Hsp_query-to>
      <Hsp_hit-from>11889484</Hsp_hit-from>
      <Hsp_hit-to>11887559</Hsp_hit-to>
      <Hsp_query-frame>1</Hsp_query-frame>
      <Hsp_hit-frame>-1</Hsp_hit-frame>
      <Hsp_identity>1926</Hsp_identity>
      <Hsp_positive>1926</Hsp_positive>
      <Hsp_gaps>0</Hsp_gaps>
      <Hsp_align-len>1926</Hsp_align-len>
      <Hsp_qseq>AAAGACACTTTAATGCATGAACTTCTTTGTTTAAATAACAATTTCCCCCTTTTGGGGGCTATGTCTCGTCGAGTCCTACCACCATTATAAATTATCTCATCGTTTGCTTTCTTTTTTTTAAGTTGTAACCATTTCCACTCGTAATCATACAACTTCTCTACTCTTCTAGAGCAAAAACCCAAAAATATATTGCTATCTTCGTTAATGGCTGATAATAAGGTCAATCTTTCGATTAATGGACAATCAAAAGTGCCTCCAGGTTTCAGATTCCATCCCACCGAAGAAGAACTTCTCCATTACTATCTCCGTAAGAAAGTTAACTCTCAAAAGATCGATCTTGATGTCATTCGTGAAGTTGATCTAAACAAGCTTGAGCCTTGGGATATTCAAGGTTAAACCCTAAATATGAAAAAAAACTCTTTCATTTCTACGAACTCTCTATTTCTTTGTTCTTTATTTTTGAACCATTTTGGTATGCAAATGCAGAGGAATGTAGAATCGGTTCAACGCCACAAAACGACTGGTACTTCTTCAGCCACAAGGACAAGAAGTATCCAACCGGGACCAGGACGAACCGGGCAACAGTCGCTGGATTCTGGAAAGCTACCGGACGTGACAAAATCATCTGCAGTTGTGTCCGGAGAATTGGACTGAGGAAGACACTCGTGTTCTACAAAGGAAGAGCTCCTCACGGTCAGAAATCCGACTGGATCATGCATGAGTATCGCCTCGACGATACTCCAATGTCTAATGTAAGTATATATAGCAATCATCAATTTGCAGTTTAGGTTAGAATAAACAAATTACAAACTTATAGTCAAAGAATTAGCTAGATTCGTTTCATGCTATAAAAGGTTTTGGTTCATTTAGTACGCACTAGAGCCTTCTTTTAGCATCTGCAATTAAAGTAATCGAACATGATTCTCTGAGTTACAATAAGATAATTTCTTATGAAATTAACACATCATATATACATTTATATAAAAAGATTTTTTCACAAGGCTTAAAATAGTTTAACACGGCTCTACAAACAATACGTAGTTAACTAGTTATGGTTGCATATCCAAAAGAAAAACCAACATAAAAGATTTTTTTTTTTGTTTCAAAATAAAAGTTGCATTTTTACATCATCAAGATTTAATCATCTCTTATTGCATTTCATAAGATCGATTTGTGTTCCATTATCAGGGCTATGCTGATGTTGTTACAGAAGATCCAATGAGCTATAACGAAGAAGGTTGGGTGGTATGTCGAGTGTTCAGGAAGAAGAACTATCAAAAGATTGACGATTGTCCTAAAATCACTCTATCTTCTTTACCTGATGACACGGAGGAAGAGAAGGGGCCCACCTTTCACAACACTCAAAACGTTACCGGTTTAGACCATGTTCTTCTCTACATGGACCGTACCGGTTCTAACATTTGCATGCCCGAGAGCCAAACAACGACTCAACATCAAGATGATGTCTTATTCATGCAACTCCCAAGTCTTGAGACACCTAAATCCGAGAGCCCGGTCGACCAAAGTTTCCTGACTCCAAGCAAACTCGATTTCTCTCCCGTTCAAGAGAAGATAACCGAAAGACCGGTTTGCAGCAACTGGGCTAGTCTTGACCGGCTCGTAGCTTGGCAATTGAACAATGGTCATCATAATCCGTGTCATCGTAAGAGTTTTGATGAAGAAGAAGAAAATGGTGATACTATGATGCAGCGATGGGATCTTCATTGGAATAATGATGATAATGTTGATCTTTGGAGTAGTTTCACTGAGTCTTCTTCGTCTTTAGACCCACTTCTTCATTTATCTGTATGATTATCTATACATACACATACACAAAATATAAAATAAAGTTTGTTAAAAAATGTCTCATGTTCTATTGATAGTACGTCTTGATTTTGGGGTTTAACATTTGTTAATGGTGGAGGG</Hsp_qseq>
      <Hsp_hseq>AAAGACACTTTAATGCATGAACTTCTTTGTTTAAATAACAATTTCCCCCTTTTGGGGGCTATGTCTCGTCGAGTCCTACCACCATTATAAATTATCTCATCGTTTGCTTTCTTTTTTTTAAGTTGTAACCATTTCCACTCGTAATCATACAACTTCTCTACTCTTCTAGAGCAAAAACCCAAAAATATATTGCTATCTTCGTTAATGGCTGATAATAAGGTCAATCTTTCGATTAATGGACAATCAAAAGTGCCTCCAGGTTTCAGATTCCATCCCACCGAAGAAGAACTTCTCCATTACTATCTCCGTAAGAAAGTTAACTCTCAAAAGATCGATCTTGATGTCATTCGTGAAGTTGATCTAAACAAGCTTGAGCCTTGGGATATTCAAGGTTAAACCCTAAATATGAAAAAAAACTCTTTCATTTCTACGAACTCTCTATTTCTTTGTTCTTTATTTTTGAACCATTTTGGTATGCAAATGCAGAGGAATGTAGAATCGGTTCAACGCCACAAAACGACTGGTACTTCTTCAGCCACAAGGACAAGAAGTATCCAACCGGGACCAGGACGAACCGGGCAACAGTCGCTGGATTCTGGAAAGCTACCGGACGTGACAAAATCATCTGCAGTTGTGTCCGGAGAATTGGACTGAGGAAGACACTCGTGTTCTACAAAGGAAGAGCTCCTCACGGTCAGAAATCCGACTGGATCATGCATGAGTATCGCCTCGACGATACTCCAATGTCTAATGTAAGTATATATAGCAATCATCAATTTGCAGTTTAGGTTAGAATAAACAAATTACAAACTTATAGTCAAAGAATTAGCTAGATTCGTTTCATGCTATAAAAGGTTTTGGTTCATTTAGTACGCACTAGAGCCTTCTTTTAGCATCTGCAATTAAAGTAATCGAACATGATTCTCTGAGTTACAATAAGATAATTTCTTATGAAATTAACACATCATATATACATTTATATAAAAAGATTTTTTCACAAGGCTTAAAATAGTTTAACACGGCTCTACAAACAATACGTAGTTAACTAGTTATGGTTGCATATCCAAAAGAAAAACCAACATAAAAGATTTTTTTTTTTGTTTCAAAATAAAAGTTGCATTTTTACATCATCAAGATTTAATCATCTCTTATTGCATTTCATAAGATCGATTTGTGTTCCATTATCAGGGCTATGCTGATGTTGTTACAGAAGATCCAATGAGCTATAACGAAGAAGGTTGGGTGGTATGTCGAGTGTTCAGGAAGAAGAACTATCAAAAGATTGACGATTGTCCTAAAATCACTCTATCTTCTTTACCTGATGACACGGAGGAAGAGAAGGGGCCCACCTTTCACAACACTCAAAACGTTACCGGTTTAGACCATGTTCTTCTCTACATGGACCGTACCGGTTCTAACATTTGCATGCCCGAGAGCCAAACAACGACTCAACATCAAGATGATGTCTTATTCATGCAACTCCCAAGTCTTGAGACACCTAAATCCGAGAGCCCGGTCGACCAAAGTTTCCTGACTCCAAGCAAACTCGATTTCTCTCCCGTTCAAGAGAAGATAACCGAAAGACCGGTTTGCAGCAACTGGGCTAGTCTTGACCGGCTCGTAGCTTGGCAATTGAACAATGGTCATCATAATCCGTGTCATCGTAAGAGTTTTGATGAAGAAGAAGAAAATGGTGATACTATGATGCAGCGATGGGATCTTCATTGGAATAATGATGATAATGTTGATCTTTGGAGTAGTTTCACTGAGTCTTCTTCGTCTTTAGACCCACTTCTTCATTTATCTGTATGATTATCTATACATACACATACACAAAATATAAAATAAAGTTTGTTAAAAAATGTCTCATGTTCTATTGATAGTACGTCTTGATTTTGGGGTTTAACATTTGTTAATGGTGGAGGG</Hsp_hseq>
      <Hsp_midline>||||||||||||||||||||||||||||||||||||||||||||||||||||||||||||||||||||||||||||||||||||||||||||||||||||||||||||||||||||||||||||||||||||||||||||||||||||||||||||||||||||||||||||||||||||||||||||||||||||||||||||||||||||||||||||||||||||||||||||||||||||||||||||||||||||||||||||||||||||||||||||||||||||||||||||||||||||||||||||||||||||||||||||||||||||||||||||||||||||||||||||||||||||||||||||||||||||||||||||||||||||||||||||||||||||||||||||||||||||||||||||||||||||||||||||||||||||||||||||||||||||||||||||||||||||||||||||||||||||||||||||||||||||||||||||||||||||||||||||||||||||||||||||||||||||||||||||||||||||||||||||||||||||||||||||||||||||||||||||||||||||||||||||||||||||||||||||||||||||||||||||||||||||||||||||||||||||||||||||||||||||||||||||||||||||||||||||||||||||||||||||||||||||||||||||||||||||||||||||||||||||||||||||||||||||||||||||||||||||||||||||||||||||||||||||||||||||||||||||||||||||||||||||||||||||||||||||||||||||||||||||||||||||||||||||||||||||||||||||||||||||||||||||||||||||||||||||||||||||||||||||||||||||||||||||||||||||||||||||||||||||||||||||||||||||||||||||||||||||||||||||||||||||||||||||||||||||||||||||||||||||||||||||||||||||||||||||||||||||||||||||||||||||||||||||||||||||||||||||||||||||||||||||||||||||||||||||||||||||||||||||||||||||||||||||||||||||||||||||||||||||||||||||||||||||||||||||||||||||||||||||||||||||||||||||||||||||||||||||||||||||||||||||||||||||||||||||||||||||||||||||||||||||||||||||||||||||||||||||||||||||||||||||||||||||||||||||||||||||||||||||||||||||||||||||||||||||||||||||||||||||||||||||||||||||||||||||||||||||||||||||||||||||||||||||||||||||||||||||||||||||||||||||||||||||||||||||||||||||||||||||||||||||||||||||||||||||||||||||||||||||||||||||||||||||||||||||||||||||||||||||||||||||||||||||||||||||||||||||||||||||||||||||||||||||||||||||||||||||||||||||||||||||||||||||||||||||||||||||||||||||||||||||||||||||||||||||||||||||||||||||||||||||||||||||||||||||||||||||||||||||||</Hsp_midline>
    </Hsp>
    <Hsp>
      <Hsp_num>2</Hsp_num>
      <Hsp_bit-score>195.148</Hsp_bit-score>
      <Hsp_score>215</Hsp_score>
      <Hsp_evalue>4.58297e-44</Hsp_evalue>
      <Hsp_query-from>250</Hsp_query-from>
      <Hsp_query-to>740</Hsp_query-to>
      <Hsp_hit-from>12095319</Hsp_hit-from>
      <Hsp_hit-to>12095803</Hsp_hit-to>
      <Hsp_query-frame>1</Hsp_query-frame>
      <Hsp_hit-frame>1</Hsp_hit-frame>
      <Hsp_identity>342</Hsp_identity>
      <Hsp_positive>342</Hsp_positive>
      <Hsp_gaps>12</Hsp_gaps>
      <Hsp_align-len>494</Hsp_align-len>
      <Hsp_qseq>GTGCCTCCAGGTTTCAGATTCCATCCCACCGAAGAAGAACTTCTCCATTACTATCTCCGTAAGAAAGTTAACTCTCAAAAGATCGATCTTGATGTCATTCGTGAAGTTGATCTAAACAAGCTTGAGCCTTGGGATATTCAAGGTTAAACCCTAAATATGAAAAAAAACTCTTTCATTTCTACGAACTCTCTATTTCTTTGTTCTTTATTTTTGAAC--CATTTTGGTAT-GCAAATGCAGAGGAATGTAGAATCGGTTCAACGCCACAAAACGACTGGTACTTCTTCAGCCACAAGGACAAGAAGTATCCAACCGGGACCAGGACGAACCGGGCAACAGTCGCTGGATTCTGGAAAGCTACCGGACGTGACAAAATCATCTGCAGTTGTGTCCGGAGAATTGGACTGAGGAAGACACTCGTGTTCTACAAAGGAAGAGCTCCTCACGGTCAGAAATCCGACTGGATCATGCATGAGTATCGCCTCGACGATACT</Hsp_qseq>
      <Hsp_hseq>GTACCGCCTGGTTTTCGGTTTCATCCAACGGACGAAGAACTTCTTCATTACTACTTGAAGAAGAAGATTTCTTATGAAAAGTTTGAGATGGAAGTCATCAAAGAGGTTGATTTGAACAAGATTGAGCCGTGGGATTTACAAGGTACGTTCTTT--TATTAATAATACATATACGAT-----CCAATCCTCTAGTTATAT--TAGATACTATACAAAAGCATTTTTTTTTTGTTTTTGTAGATAGATGCAAAATAGGATCAACGCCACAAAATGAGTGGTATTTCTTCAGCCACAAGGATAGGAAATATCCGACAGGGTCAAGGACAAACCGTGCAACCCACTCCGGTTTTTGGAAGGCGACAGGACGTGACAAATGCATAAGAAATTCTTACAAGAAGATCGGCATGAGGAAGACTCTTGTATTCTACAAAGGAAGAGCTCCTCATGGCCAAAAGACAGATTGGATCATGCACGAGTACCGTATCGAAGACACT</Hsp_hseq>
      <Hsp_midline>|| || || |||||  | || ||||| || || ||||||||||| ||||||||  |    |||||  ||   | | ||||| | ||  | || |||||    || |||||| | |||||| ||||||| |||||| | ||||||     | |   ||| || || |  | |   ||     | ||  ||||| || | |  |   || | |  ||   ||||||  | | |    || |||   ||| | ||| || |||||||||||||| || ||||| ||||||||||||||||| | ||| ||||| || ||| | ||||| ||||| |||||   | | || || ||||| || || ||||||||||||  |||  | | || |  |  ||  || ||  |||||||||| || || ||||||||||||||||||||||| || || ||  | || ||||||||||| ||||| ||  |||| || |||</Hsp_midline>
    </Hsp>
    <Hsp>
      <Hsp_num>3</Hsp_num>
      <Hsp_bit-score>189.738</Hsp_bit-score>
      <Hsp_score>209</Hsp_score>
      <Hsp_evalue>1.94873e-42</Hsp_evalue>
      <Hsp_query-from>481</Hsp_query-from>
      <Hsp_query-to>738</Hsp_query-to>
      <Hsp_hit-from>32050913</Hsp_hit-from>
      <Hsp_hit-to>32050653</Hsp_hit-to>
      <Hsp_query-frame>1</Hsp_query-frame>
      <Hsp_hit-frame>-1</Hsp_hit-frame>
      <Hsp_identity>201</Hsp_identity>
      <Hsp_positive>201</Hsp_positive>
      <Hsp_gaps>5</Hsp_gaps>
      <Hsp_align-len>262</Hsp_align-len>
      <Hsp_qseq>ATGCAGAGGAATGTAGAATCGGTTCAACGCCACAAAACGACTGGTACTTCTTCAGCCACAAGGACAAGAAGTATCCAACCGGGACCAGGACGAACCGGGCAACAGTCGCTGGATTCTGGAAAGCTACCGGACGTGACAAA---AT-CATCTGCAGTTGTGTCCGGAGAATTGGACTGAGGAAGACACTCGTGTTCTACAAAGGAAGAGCTCCTCACGGTCAGAAATCCGACTGGATCATGCATGAGTATCGCCTCGACGATA</Hsp_qseq>
      <Hsp_hseq>ATGTAGAGAAATGCAGAATCGGGTCGGGTCCTCAAAACGAGTGGTATTTCTTTAGCCACAAGGACAAGAAATATCCGACTGGGACCCGAACGAACCGGGCGACAGCAGCCGGGTTCTGGAAAGCTACTGGTAGAGACAAATCCATACATCT-CAACAGCTCCAAGAAGATTGGACTTCGTAAGACTCTTGTCTTCTACACTGGTCGTGCTCCTCATGGCCAAAAAACCGAATGGATCATGCACGAATATCGCTTGGACGATA</Hsp_hseq>
      <Hsp_midline>||| |||| |||| |||||||| ||    || |||||||| ||||| ||||| ||||||||||||||||| ||||| || |||||| | ||||||||||| ||||  || || |||||||||||||| ||  | ||||||   || ||||| ||   |   |  ||  ||||||||  | ||||| || || |||||||  ||  | |||||||| || || ||| |||| ||||||||||| || |||||| | |||||||</Hsp_midline>
    </Hsp>
    <Hsp>
      <Hsp_num>4</Hsp_num>
      <Hsp_bit-score>128.424</Hsp_bit-score>
      <Hsp_score>141</Hsp_score>
      <Hsp_evalue>5.58813e-24</Hsp_evalue>
      <Hsp_query-from>513</Hsp_query-from>
      <Hsp_query-to>731</Hsp_query-to>
      <Hsp_hit-from>29179190</Hsp_hit-from>
      <Hsp_hit-to>29179408</Hsp_hit-to>
      <Hsp_query-frame>1</Hsp_query-frame>
      <Hsp_hit-frame>1</Hsp_hit-frame>
      <Hsp_identity>166</Hsp_identity>
      <Hsp_positive>166</Hsp_positive>
      <Hsp_gaps>14</Hsp_gaps>
      <Hsp_align-len>226</Hsp_align-len>
      <Hsp_qseq>CAAAACGACTGGTACTTCTTCAGCCACAAGGACAAGAAGTATCCAACCGGGACCAGGACGAACCGGGCAACAGTCGCTGGATTCTGGAAAGCTACCGGACGTGACAA-----AATCATC-TGCAGTTGTGTCCGGAGAATTGGACTGAGGAAGACACTCGTGTTCTACAAAGGAAGAGCTCCTCACGGTCAGAAA-TCCGACTGGATCATGCATGAGTATCGCCTC</Hsp_qseq>
      <Hsp_hseq>CAAAACGAGTGGTACTTCTTTAGTCATAAGGACAGGAAGTACCCTACCGGGACTAGGACCAACCGAGCCACTGCGGCTGGGTTCTGGAAAGCCACGGGTAGAGACAAGGCGGTACTATCAAAAAACAGTGTC------ATCGGAATGCGGAAGACACTTGTCTACTACAAGGGTCGAGCTCCTAATGG-AAGAAAGTCCGATTGGATCATGCACGAATACCGTCTC</Hsp_hseq>
      <Hsp_midline>|||||||| ||||||||||| || || ||||||| |||||| || |||||||| ||||| ||||| || || |  ||||| ||||||||||| || ||  | |||||      |  |||    |   |||||      || ||| || |||||||||| || | |||||| ||  |||||||| | ||  ||||| ||||| ||||||||||| || || || |||</Hsp_midline>
    </Hsp>
    <Hsp>
      <Hsp_num>5</Hsp_num>
      <Hsp_bit-score>125.719</Hsp_bit-score>
      <Hsp_score>138</Hsp_score>
      <Hsp_evalue>1.95045e-23</Hsp_evalue>
      <Hsp_query-from>519</Hsp_query-from>
      <Hsp_query-to>728</Hsp_query-to>
      <Hsp_hit-from>4168508</Hsp_hit-from>
      <Hsp_hit-to>4168299</Hsp_hit-to>
      <Hsp_query-frame>1</Hsp_query-frame>
      <Hsp_hit-frame>-1</Hsp_hit-frame>
      <Hsp_identity>156</Hsp_identity>
      <Hsp_positive>156</Hsp_positive>
      <Hsp_gaps>4</Hsp_gaps>
      <Hsp_align-len>212</Hsp_align-len>
      <Hsp_qseq>GACTGGTACTTCTTCAGCCACAAGGACAAGAAGTATCCAACCGGGACCAGGACGAACCGGGCAACAGTCGCTGGATTCTGGAAAGCTACCGGACGTGACAAAATCATCTGCAGTTGTGTC--CGGAGAATTGGACTGAGGAAGACACTCGTGTTCTACAAAGGAAGAGCTCCTCACGGTCAGAAATCCGACTGGATCATGCATGAGTATCGC</Hsp_qseq>
      <Hsp_hseq>GATTGGTACTTCTTTAGCCATAAAGACAAGAAGTATCCCACAGGGACTCGAACCAATAGAGCAACAAAAGCAGGGTTTTGGAAAGCCACCGGAAGAGATAAGGCTATCT--ATTTGAGGCATAGTCTAATTGGCATGAGGAAAACACTTGTGTTTTACAAGGGAAGAGCCCCAAATGGACAAAAGTCTGATTGGATCATGCACGAATACCGC</Hsp_hseq>
      <Hsp_midline>|| ||||||||||| ||||| || |||||||||||||| || |||||  | || ||  | ||||||   || || || |||||||| |||||| | || ||    ||||  | ||| | |   |   ||||||  ||||||| ||||| ||||| ||||| |||||||| ||  | || || || || || ||||||||||| || || |||</Hsp_midline>
    </Hsp>
    <Hsp>
      <Hsp_num>6</Hsp_num>
      <Hsp_bit-score>120.309</Hsp_bit-score>
      <Hsp_score>132</Hsp_score>
      <Hsp_evalue>8.29352e-22</Hsp_evalue>
      <Hsp_query-from>518</Hsp_query-from>
      <Hsp_query-to>728</Hsp_query-to>
      <Hsp_hit-from>25319977</Hsp_hit-from>
      <Hsp_hit-to>25319767</Hsp_hit-to>
      <Hsp_query-frame>1</Hsp_query-frame>
      <Hsp_hit-frame>-1</Hsp_hit-frame>
      <Hsp_identity>153</Hsp_identity>
      <Hsp_positive>153</Hsp_positive>
      <Hsp_gaps>0</Hsp_gaps>
      <Hsp_align-len>211</Hsp_align-len>
      <Hsp_qseq>CGACTGGTACTTCTTCAGCCACAAGGACAAGAAGTATCCAACCGGGACCAGGACGAACCGGGCAACAGTCGCTGGATTCTGGAAAGCTACCGGACGTGACAAAATCATCTGCAGTTGTGTCCGGAGAATTGGACTGAGGAAGACACTCGTGTTCTACAAAGGAAGAGCTCCTCACGGTCAGAAATCCGACTGGATCATGCATGAGTATCGC</Hsp_qseq>
      <Hsp_hseq>CGAATGGTACTTCTTTAGTCATAAAGACAAGAAGTATCCCACGGGAACTCGAACCAATAGAGCCACGAAAGCAGGATTTTGGAAAGCCACTGGAAGAGACAAGGCTATATATATAAGACATAGTCTTATCGGTATGAGGAAAACACTTGTGTTTTACAAAGGAAGAGCCCCAAATGGTCAGAAATCCGATTGGATCATGCACGAATATCGC</Hsp_hseq>
      <Hsp_midline>||| ||||||||||| || || || |||||||||||||| || || ||  | || ||  | || ||    || ||||| |||||||| || ||| | |||||    || |  |   |     |    || ||  ||||||| ||||| ||||| |||||||||||||| ||  | |||||||||||||| ||||||||||| || ||||||</Hsp_midline>
    </Hsp>
    <Hsp>
      <Hsp_num>7</Hsp_num>
      <Hsp_bit-score>94.1598</Hsp_bit-score>
      <Hsp_score>103</Hsp_score>
      <Hsp_evalue>1.15282e-13</Hsp_evalue>
      <Hsp_query-from>514</Hsp_query-from>
      <Hsp_query-to>737</Hsp_query-to>
      <Hsp_hit-from>28224896</Hsp_hit-from>
      <Hsp_hit-to>28225119</Hsp_hit-to>
      <Hsp_query-frame>1</Hsp_query-frame>
      <Hsp_hit-frame>1</Hsp_hit-frame>
      <Hsp_identity>155</Hsp_identity>
      <Hsp_positive>155</Hsp_positive>
      <Hsp_gaps>0</Hsp_gaps>
      <Hsp_align-len>224</Hsp_align-len>
      <Hsp_qseq>AAAACGACTGGTACTTCTTCAGCCACAAGGACAAGAAGTATCCAACCGGGACCAGGACGAACCGGGCAACAGTCGCTGGATTCTGGAAAGCTACCGGACGTGACAAAATCATCTGCAGTTGTGTCCGGAGAATTGGACTGAGGAAGACACTCGTGTTCTACAAAGGAAGAGCTCCTCACGGTCAGAAATCCGACTGGATCATGCATGAGTATCGCCTCGACGAT</Hsp_qseq>
      <Hsp_hseq>AAAATGAGTGGTATTTCTTCAGCCCTAGAGAAAGAAAATATCCAAACGGAGTCAGACCAAACCGGGCAGCTGTTTCCGGTTATTGGAAAGCAACCGGTACAGACAAAGCCATTCACAGCGGTTCAAGTAACGTAGGTGTCAAGAAAGCTCTAGTCTTCTACAAAGGTAGACCTCCTAAAGGAATCAAAACTGACTGGATCATGCATGAGTATCGTCTCCATGAT</Hsp_hseq>
      <Hsp_midline>|||| || ||||| ||||||||||  |  || |  || ||||||| |||   |||  | ||||||||| | ||  | || |  |||||||| |||||    ||||||  |||   |||  ||    | |   | ||  | | |||  | || || ||||||||||| ||| ||||| | ||    ||| | ||||||||||||||||||||||| ||| | |||</Hsp_midline>
    </Hsp>
    <Hsp>
      <Hsp_num>8</Hsp_num>
      <Hsp_bit-score>89.6514</Hsp_bit-score>
      <Hsp_score>98</Hsp_score>
      <Hsp_evalue>1.40442e-12</Hsp_evalue>
      <Hsp_query-from>519</Hsp_query-from>
      <Hsp_query-to>733</Hsp_query-to>
      <Hsp_hit-from>30775766</Hsp_hit-from>
      <Hsp_hit-to>30775546</Hsp_hit-to>
      <Hsp_query-frame>1</Hsp_query-frame>
      <Hsp_hit-frame>-1</Hsp_hit-frame>
      <Hsp_identity>153</Hsp_identity>
      <Hsp_positive>153</Hsp_positive>
      <Hsp_gaps>6</Hsp_gaps>
      <Hsp_align-len>221</Hsp_align-len>
      <Hsp_qseq>GACTGGTACTTCTTCAGCCACAAGGACAAGAAGTATCCAACCGGGACCAGGACGAACCGGGCAACAGTCGCTGGATTCTGGAAAGCTACCGGACGTGACAA---AATCATCT---GCAGTTGTGTCCGGAGAATTGGACTGAGGAAGACACTCGTGTTCTACAAAGGAAGAGCTCCTCACGGTCAGAAATCCGACTGGATCATGCATGAGTATCGCCTCGA</Hsp_qseq>
      <Hsp_hseq>GAGTGGTACTTTTATAGTCTAAGGGACAGGAAATATCCGACAGGTTTGAGGACTAACAGAGCAACTACTGCTGGATACTGGAAAGCTACCGGCAAAGATAAGGAAGTCTTCTCCGGCGGAGGAGGACAGCTTGTTGGGATGAAGAAGACGTTGGTGTTCTACAAAGGTAGGGCTCCACGTGGCCTCAAGACTAAGTGGGTCATGCATGAGTATCGCCTCGA</Hsp_hseq>
      <Hsp_midline>|| |||||||| |  || |  | ||||| ||| ||||| || ||    ||||| ||| | |||||    ||||||| |||||||||||||||    || ||   | || |||   || |  | |  | |    ||||  ||| ||||||  | |||||||||||||| || ||||| |  || |  ||  |  | ||| ||||||||||||||||||||||</Hsp_midline>
    </Hsp>
    <Hsp>
      <Hsp_num>9</Hsp_num>
      <Hsp_bit-score>87.848</Hsp_bit-score>
      <Hsp_score>96</Hsp_score>
      <Hsp_evalue>4.9019e-12</Hsp_evalue>
      <Hsp_query-from>250</Hsp_query-from>
      <Hsp_query-to>397</Hsp_query-to>
      <Hsp_hit-from>32051752</Hsp_hit-from>
      <Hsp_hit-to>32051605</Hsp_hit-to>
      <Hsp_query-frame>1</Hsp_query-frame>
      <Hsp_hit-frame>-1</Hsp_hit-frame>
      <Hsp_identity>108</Hsp_identity>
      <Hsp_positive>108</Hsp_positive>
      <Hsp_gaps>0</Hsp_gaps>
      <Hsp_align-len>148</Hsp_align-len>
      <Hsp_qseq>GTGCCTCCAGGTTTCAGATTCCATCCCACCGAAGAAGAACTTCTCCATTACTATCTCCGTAAGAAAGTTAACTCTCAAAAGATCGATCTTGATGTCATTCGTGAAGTTGATCTAAACAAGCTTGAGCCTTGGGATATTCAAGGTTAAA</Hsp_qseq>
      <Hsp_hseq>GTGCCTCCGGGATTCCGGTTTCATCCAACGGAGGAGGAGCTTCTTTACTATTACCTCAAGAAGAAGGTTTCTTATGAACCAATTGATTTAGATGTAATTAGAGAAGTTGATCTCAACAAGCTGGAACCTTGGGAACTTAAAGGTAAAA</Hsp_hseq>
      <Hsp_midline>|||||||| || ||| | || ||||| || || || || |||||  | || || |||   ||||| |||   | | ||   || ||| | ||||| ||| | ||||||||||| |||||||| || ||||||||  || ||||| |||</Hsp_midline>
    </Hsp>
    <Hsp>
      <Hsp_num>10</Hsp_num>
      <Hsp_bit-score>73.4211</Hsp_bit-score>
      <Hsp_score>80</Hsp_score>
      <Hsp_evalue>1.07972e-07</Hsp_evalue>
      <Hsp_query-from>514</Hsp_query-from>
      <Hsp_query-to>731</Hsp_query-to>
      <Hsp_hit-from>21841712</Hsp_hit-from>
      <Hsp_hit-to>21841495</Hsp_hit-to>
      <Hsp_query-frame>1</Hsp_query-frame>
      <Hsp_hit-frame>-1</Hsp_hit-frame>
      <Hsp_identity>149</Hsp_identity>
      <Hsp_positive>149</Hsp_positive>
      <Hsp_gaps>2</Hsp_gaps>
      <Hsp_align-len>219</Hsp_align-len>
      <Hsp_qseq>AAAACGACTGGTACTTCTTCAGCCACAAGGACAAGAAGTATCCAACCGGGACCAGGACGAACCGGGCAACAGTCGCTGGATTCTGGAAAGCTACCGG-ACGTGACAAAATCATCTGCAGTTGTGTCCGGAGAATTGGACTGAGGAAGACACTCGTGTTCTACAAAGGAAGAGCTCCTCACGGTCAGAAATCCGACTGGATCATGCATGAGTATCGCCTC</Hsp_qseq>
      <Hsp_hseq>AAAAAGAATGGTATTTTTTTAGTCCTAGGGATAGAAAATATCCAAACGGGTCAAGACCTAACCGGGTTGCCGGATCGGGTTATTGGAAAGCTACGGGTACG-GATAAAATAATCTCGACGGAAGGACAAAGAGTTGGTATTAAAAAAGCTTTGGTGTTTTACATCGGAAAAGCTCCTAAAGGTACTAAAACCAATTGGATCATGCATGAGTATCGTCTC</Hsp_hseq>
      <Hsp_midline>|||| || ||||| || || || |  | ||| |  || ||||||| |||| | ||  | |||||||   | |   | || |  ||||||||||| || ||| || ||||| ||||  |     |  |  ||| ||||  | |  ||  |  | ||||| ||||  |||| ||||||| | |||   ||| || | |||||||||||||||||||| |||</Hsp_midline>
    </Hsp>
    <Hsp>
      <Hsp_num>11</Hsp_num>
      <Hsp_bit-score>71.6177</Hsp_bit-score>
      <Hsp_score>78</Hsp_score>
      <Hsp_evalue>3.76858e-07</Hsp_evalue>
      <Hsp_query-from>519</Hsp_query-from>
      <Hsp_query-to>731</Hsp_query-to>
      <Hsp_hit-from>22424143</Hsp_hit-from>
      <Hsp_hit-to>22423931</Hsp_hit-to>
      <Hsp_query-frame>1</Hsp_query-frame>
      <Hsp_hit-frame>-1</Hsp_hit-frame>
      <Hsp_identity>152</Hsp_identity>
      <Hsp_positive>152</Hsp_positive>
      <Hsp_gaps>16</Hsp_gaps>
      <Hsp_align-len>221</Hsp_align-len>
      <Hsp_qseq>GACTGGTACTTCTTCAGCCACAAGG-ACAAGAAGTATCCAACCGGGACCAGGACGAACCGGGCAACAGTCGCTGGATTCTGGAAAGCTACCGGACGTGACAAAATCATCTGCAGTTGTGTC--CGGAGA-----ATTGGACTGAGGAAGACACTCGTGTTCTACAAAGGAAGAGCTCCTCACGGTCAGAAATCCGACTGGATCATGCATGAGTATCGCCTC</Hsp_qseq>
      <Hsp_hseq>GAATGGTACTTTTACAGC-ACAAGGGATAAGAAGTATCCAAATGGCTCTAGGACGAACCGTGCGACCCGAGCGGGTTACTGGAAGGCCACGGG----GA-AAGATC--GTACAGTAGAATCAAAGAAGATGAAGATGGGAATGAAGAAGACACTGGTTTATTATAGAGGAAGGGCTCCTCATGGCCTTCGTACTAATTGGGTCATGCATGAATATCGTCTC</Hsp_hseq>
      <Hsp_midline>|| |||||||| | |||| |||||| | |||||||||||||  ||  | ||||||||||| || ||    || || | |||||| || || ||    || || |||   | |||| |  ||   | |||     || ||| ||| ||||||||| || |  || | |||||| |||||||| || |      |  | ||| |||||||||| ||||| |||</Hsp_midline>
    </Hsp>
    <Hsp>
      <Hsp_num>12</Hsp_num>
      <Hsp_bit-score>70.716</Hsp_bit-score>
      <Hsp_score>77</Hsp_score>
      <Hsp_evalue>1.31536e-06</Hsp_evalue>
      <Hsp_query-from>516</Hsp_query-from>
      <Hsp_query-to>721</Hsp_query-to>
      <Hsp_hit-from>23091487</Hsp_hit-from>
      <Hsp_hit-to>23091282</Hsp_hit-to>
      <Hsp_query-frame>1</Hsp_query-frame>
      <Hsp_hit-frame>-1</Hsp_hit-frame>
      <Hsp_identity>139</Hsp_identity>
      <Hsp_positive>139</Hsp_positive>
      <Hsp_gaps>0</Hsp_gaps>
      <Hsp_align-len>206</Hsp_align-len>
      <Hsp_qseq>AACGACTGGTACTTCTTCAGCCACAAGGACAAGAAGTATCCAACCGGGACCAGGACGAACCGGGCAACAGTCGCTGGATTCTGGAAAGCTACCGGACGTGACAAAATCATCTGCAGTTGTGTCCGGAGAATTGGACTGAGGAAGACACTCGTGTTCTACAAAGGAAGAGCTCCTCACGGTCAGAAATCCGACTGGATCATGCATGA</Hsp_qseq>
      <Hsp_hseq>AAGGATTGGTATTTCTACAGCCAAAGAGACCGAAAATACGCGACGGGGCTGAGAACTAACCGAGCAACGGCCACCGGATATTGGAAAGCCACCGGCAAAGACAGAACCATTCTAAGAAAGGGTAAGCTAGTTGGGATGAGGAAGACATTGGTTTTCTATCAAGGTCGAGCTCCTCGAGGCCGTAAAACCGATTGGGTCATGCACGA</Hsp_hseq>
      <Hsp_midline>|| || ||||| |||| |||||| |  |||   || ||  | || |||   || || ||||| ||||| | | | ||||  |||||||| |||||    |||| || |||    ||    |    |  | ||||  ||||||||||| | || |||||  ||||  |||||||||  || |  ||| |||| ||| ||||||| ||</Hsp_midline>
    </Hsp>
    <Hsp>
      <Hsp_num>13</Hsp_num>
      <Hsp_bit-score>69.8143</Hsp_bit-score>
      <Hsp_score>76</Hsp_score>
      <Hsp_evalue>1.31536e-06</Hsp_evalue>
      <Hsp_query-from>251</Hsp_query-from>
      <Hsp_query-to>383</Hsp_query-to>
      <Hsp_hit-from>22424465</Hsp_hit-from>
      <Hsp_hit-to>22424333</Hsp_hit-to>
      <Hsp_query-frame>1</Hsp_query-frame>
      <Hsp_hit-frame>-1</Hsp_hit-frame>
      <Hsp_identity>95</Hsp_identity>
      <Hsp_positive>95</Hsp_positive>
      <Hsp_gaps>0</Hsp_gaps>
      <Hsp_align-len>133</Hsp_align-len>
      <Hsp_qseq>TGCCTCCAGGTTTCAGATTCCATCCCACCGAAGAAGAACTTCTCCATTACTATCTCCGTAAGAAAGTTAACTCTCAAAAGATCGATCTTGATGTCATTCGTGAAGTTGATCTAAACAAGCTTGAGCCTTGGGA</Hsp_qseq>
      <Hsp_hseq>TGCCTCCAGGATTCAGGTTTCATCCCACTGATGAAGAACTGGTGGCTTACTATCTTGATAGGAAGGTCAACGGCCAAGCCATTGAGCTCGAGATCATCCCAGAAGTTGATCTTTATAAATGCGAGCCATGGGA</Hsp_hseq>
      <Hsp_midline>|||||||||| ||||| || |||||||| || ||||||||  |   |||||||||   || ||| || |||   |||   || || || ||  |||| |  |||||||||||  | ||    ||||| |||||</Hsp_midline>
    </Hsp>
    <Hsp>
      <Hsp_num>14</Hsp_num>
      <Hsp_bit-score>63.5025</Hsp_bit-score>
      <Hsp_score>69</Hsp_score>
      <Hsp_evalue>0.000195217</Hsp_evalue>
      <Hsp_query-from>516</Hsp_query-from>
      <Hsp_query-to>736</Hsp_query-to>
      <Hsp_hit-from>272599</Hsp_hit-from>
      <Hsp_hit-to>272816</Hsp_hit-to>
      <Hsp_query-frame>1</Hsp_query-frame>
      <Hsp_hit-frame>1</Hsp_hit-frame>
      <Hsp_identity>148</Hsp_identity>
      <Hsp_positive>148</Hsp_positive>
      <Hsp_gaps>5</Hsp_gaps>
      <Hsp_align-len>222</Hsp_align-len>
      <Hsp_qseq>AACGACTGGTACTTCTTCAGCCACAAGGACAAGAAGTATCCAACCGGGACCAGGACGAACCGGGCAACAGTCGCTGGATTCTGGAAAGCTACCGGACGTGACAAAATCATCTG-CAGTTGTGTCCGGAGAATTGGACTGAGGAAGACACTCGTGTTCTACAAAGGAAGAGCTCCTCACGGTCAGAAATCCGACTGGATCATGCATGAGTATCGCCTCGACGA</Hsp_qseq>
      <Hsp_hseq>AAGGAATGGTACTTCTTCTCTCCCAGGGACAGAAAATATCCCAACGGTTCGCGTCCTAACCGGTCCGCTGGTTCTGGTTACTGGAAAGCTACCGGAGCTGATAAACCGATCGGACTACCTAAACCGG----TCGGAATTAAGAAAGCTCTTGTTTTCTACGCCGGCAAAGCTCCAAAGGGAGAGAAAACCAATTGGATCATGCACGAGTACCGTCTCGCCGA</Hsp_hseq>
      <Hsp_midline>|| || ||||||||||||   | || |||||  || ||||| | |||  |  |  | |||||| |  | |   |||| | ||||||||||||||||  ||| |||   ||| | |        ||||    | ||| | | |||  | || || ||||||   || | ||||||  | ||  ||||| || | ||||||||||| ||||| || |||| |||</Hsp_midline>
    </Hsp>
    <Hsp>
      <Hsp_num>15</Hsp_num>
      <Hsp_bit-score>62.6008</Hsp_bit-score>
      <Hsp_score>68</Hsp_score>
      <Hsp_evalue>0.000195217</Hsp_evalue>
      <Hsp_query-from>646</Hsp_query-from>
      <Hsp_query-to>724</Hsp_query-to>
      <Hsp_hit-from>12471920</Hsp_hit-from>
      <Hsp_hit-to>12471998</Hsp_hit-to>
      <Hsp_query-frame>1</Hsp_query-frame>
      <Hsp_hit-frame>1</Hsp_hit-frame>
      <Hsp_identity>61</Hsp_identity>
      <Hsp_positive>61</Hsp_positive>
      <Hsp_gaps>0</Hsp_gaps>
      <Hsp_align-len>79</Hsp_align-len>
      <Hsp_qseq>TTGGACTGAGGAAGACACTCGTGTTCTACAAAGGAAGAGCTCCTCACGGTCAGAAATCCGACTGGATCATGCATGAGTA</Hsp_qseq>
      <Hsp_hseq>TTGGACTCAAGAAGACTCTTGTTTTCTATAGAGGTCGTGCTCCTAATGGTGAGAGAACTGACTGGGTGATGCATGAGTA</Hsp_hseq>
      <Hsp_midline>||||||| | |||||| || || ||||| | |||  | |||||| | ||| ||| | | |||||| | |||||||||||</Hsp_midline>
    </Hsp>
    <Hsp>
      <Hsp_num>16</Hsp_num>
      <Hsp_bit-score>59.8958</Hsp_bit-score>
      <Hsp_score>65</Hsp_score>
      <Hsp_evalue>0.00237823</Hsp_evalue>
      <Hsp_query-from>549</Hsp_query-from>
      <Hsp_query-to>732</Hsp_query-to>
      <Hsp_hit-from>31202875</Hsp_hit-from>
      <Hsp_hit-to>31203055</Hsp_hit-to>
      <Hsp_query-frame>1</Hsp_query-frame>
      <Hsp_hit-frame>1</Hsp_hit-frame>
      <Hsp_identity>125</Hsp_identity>
      <Hsp_positive>125</Hsp_positive>
      <Hsp_gaps>5</Hsp_gaps>
      <Hsp_align-len>185</Hsp_align-len>
      <Hsp_qseq>AAGTATCCAACCGGGACCAGGACGAACCGGGCAACAGTCGCTGGATTCTGGAAAGCTACCGGACGTGACAAAATCATCTGCAGTTGT-GTCCGGAGAATTGGACTGAGGAAGACACTCGTGTTCTACAAAGGAAGAGCTCCTCACGGTCAGAAATCCGACTGGATCATGCATGAGTATCGCCTCG</Hsp_qseq>
      <Hsp_hseq>AAGTATCCAAACGGTTCAAGACCCAACCGTGCAGCTGGTACTGGATATTGGAAAGCTACCGGAGCTGATAAACCAATAGGTCGTCCTAAACCGG----TTGGTATTAAGAAGGCTCTAGTGTTTTACTCGGGAAAACCTCCAAATGGAGAGAAAACCAATTGGATTATGCACGAATACCGGCTCG</Hsp_hseq>
      <Hsp_midline>|||||||||| |||  | ||  | ||||| ||| | |   ||||||  |||||||||||||||  ||| |||   ||  |  ||  |   ||||    ||||  | | |||| | || ||||| |||   |||| | ||||  | ||  ||||| || | ||||| ||||| || || || ||||</Hsp_midline>
    </Hsp>
    <Hsp>
      <Hsp_num>17</Hsp_num>
      <Hsp_bit-score>52.6823</Hsp_bit-score>
      <Hsp_score>57</Hsp_score>
      <Hsp_evalue>0.352961</Hsp_evalue>
      <Hsp_query-from>251</Hsp_query-from>
      <Hsp_query-to>306</Hsp_query-to>
      <Hsp_hit-from>272352</Hsp_hit-from>
      <Hsp_hit-to>272407</Hsp_hit-to>
      <Hsp_query-frame>1</Hsp_query-frame>
      <Hsp_hit-frame>1</Hsp_hit-frame>
      <Hsp_identity>45</Hsp_identity>
      <Hsp_positive>45</Hsp_positive>
      <Hsp_gaps>0</Hsp_gaps>
      <Hsp_align-len>56</Hsp_align-len>
      <Hsp_qseq>TGCCTCCAGGTTTCAGATTCCATCCCACCGAAGAAGAACTTCTCCATTACTATCTC</Hsp_qseq>
      <Hsp_hseq>TGCCTCCAGGTTTCCGATTTCACCCTACCGATGAAGAGCTTGTCATGCACTATCTC</Hsp_hseq>
      <Hsp_midline>|||||||||||||| |||| || || ||||| ||||| ||| ||    ||||||||</Hsp_midline>
    </Hsp>
    <Hsp>
      <Hsp_num>18</Hsp_num>
      <Hsp_bit-score>48.1739</Hsp_bit-score>
      <Hsp_score>52</Hsp_score>
      <Hsp_evalue>4.29995</Hsp_evalue>
      <Hsp_query-from>251</Hsp_query-from>
      <Hsp_query-to>306</Hsp_query-to>
      <Hsp_hit-from>26626466</Hsp_hit-from>
      <Hsp_hit-to>26626411</Hsp_hit-to>
      <Hsp_query-frame>1</Hsp_query-frame>
      <Hsp_hit-frame>-1</Hsp_hit-frame>
      <Hsp_identity>44</Hsp_identity>
      <Hsp_positive>44</Hsp_positive>
      <Hsp_gaps>0</Hsp_gaps>
      <Hsp_align-len>56</Hsp_align-len>
      <Hsp_qseq>TGCCTCCAGGTTTCAGATTCCATCCCACCGAAGAAGAACTTCTCCATTACTATCTC</Hsp_qseq>
      <Hsp_hseq>TGCCTCCAGGTTTCCGGTTTCATCCAACAGACGAAGAGCTTGTCATATACTACCTC</Hsp_hseq>
      <Hsp_midline>|||||||||||||| | || ||||| || || ||||| ||| ||   ||||| |||</Hsp_midline>
    </Hsp>
  </Hit_hsps>
</Hit>
<Hit>
  <Hit_num>3</Hit_num>
  <Hit_id>gi|2154003679|gb|CP087126.1|</Hit_id>
  <Hit_def>Arabidopsis thaliana chromosome 1</Hit_def>
  <Hit_accession>CP087126</Hit_accession>
  <Hit_len>32638228</Hit_len>
  <Hit_hsps>
    <Hsp>
      <Hsp_num>1</Hsp_num>
      <Hsp_bit-score>3474.57</Hsp_bit-score>
      <Hsp_score>3852</Hsp_score>
      <Hsp_evalue>0</Hsp_evalue>
      <Hsp_query-from>1</Hsp_query-from>
      <Hsp_query-to>1926</Hsp_query-to>
      <Hsp_hit-from>11888803</Hsp_hit-from>
      <Hsp_hit-to>11886878</Hsp_hit-to>
      <Hsp_query-frame>1</Hsp_query-frame>
      <Hsp_hit-frame>-1</Hsp_hit-frame>
      <Hsp_identity>1926</Hsp_identity>
      <Hsp_positive>1926</Hsp_positive>
      <Hsp_gaps>0</Hsp_gaps>
      <Hsp_align-len>1926</Hsp_align-len>
      <Hsp_qseq>AAAGACACTTTAATGCATGAACTTCTTTGTTTAAATAACAATTTCCCCCTTTTGGGGGCTATGTCTCGTCGAGTCCTACCACCATTATAAATTATCTCATCGTTTGCTTTCTTTTTTTTAAGTTGTAACCATTTCCACTCGTAATCATACAACTTCTCTACTCTTCTAGAGCAAAAACCCAAAAATATATTGCTATCTTCGTTAATGGCTGATAATAAGGTCAATCTTTCGATTAATGGACAATCAAAAGTGCCTCCAGGTTTCAGATTCCATCCCACCGAAGAAGAACTTCTCCATTACTATCTCCGTAAGAAAGTTAACTCTCAAAAGATCGATCTTGATGTCATTCGTGAAGTTGATCTAAACAAGCTTGAGCCTTGGGATATTCAAGGTTAAACCCTAAATATGAAAAAAAACTCTTTCATTTCTACGAACTCTCTATTTCTTTGTTCTTTATTTTTGAACCATTTTGGTATGCAAATGCAGAGGAATGTAGAATCGGTTCAACGCCACAAAACGACTGGTACTTCTTCAGCCACAAGGACAAGAAGTATCCAACCGGGACCAGGACGAACCGGGCAACAGTCGCTGGATTCTGGAAAGCTACCGGACGTGACAAAATCATCTGCAGTTGTGTCCGGAGAATTGGACTGAGGAAGACACTCGTGTTCTACAAAGGAAGAGCTCCTCACGGTCAGAAATCCGACTGGATCATGCATGAGTATCGCCTCGACGATACTCCAATGTCTAATGTAAGTATATATAGCAATCATCAATTTGCAGTTTAGGTTAGAATAAACAAATTACAAACTTATAGTCAAAGAATTAGCTAGATTCGTTTCATGCTATAAAAGGTTTTGGTTCATTTAGTACGCACTAGAGCCTTCTTTTAGCATCTGCAATTAAAGTAATCGAACATGATTCTCTGAGTTACAATAAGATAATTTCTTATGAAATTAACACATCATATATACATTTATATAAAAAGATTTTTTCACAAGGCTTAAAATAGTTTAACACGGCTCTACAAACAATACGTAGTTAACTAGTTATGGTTGCATATCCAAAAGAAAAACCAACATAAAAGATTTTTTTTTTTGTTTCAAAATAAAAGTTGCATTTTTACATCATCAAGATTTAATCATCTCTTATTGCATTTCATAAGATCGATTTGTGTTCCATTATCAGGGCTATGCTGATGTTGTTACAGAAGATCCAATGAGCTATAACGAAGAAGGTTGGGTGGTATGTCGAGTGTTCAGGAAGAAGAACTATCAAAAGATTGACGATTGTCCTAAAATCACTCTATCTTCTTTACCTGATGACACGGAGGAAGAGAAGGGGCCCACCTTTCACAACACTCAAAACGTTACCGGTTTAGACCATGTTCTTCTCTACATGGACCGTACCGGTTCTAACATTTGCATGCCCGAGAGCCAAACAACGACTCAACATCAAGATGATGTCTTATTCATGCAACTCCCAAGTCTTGAGACACCTAAATCCGAGAGCCCGGTCGACCAAAGTTTCCTGACTCCAAGCAAACTCGATTTCTCTCCCGTTCAAGAGAAGATAACCGAAAGACCGGTTTGCAGCAACTGGGCTAGTCTTGACCGGCTCGTAGCTTGGCAATTGAACAATGGTCATCATAATCCGTGTCATCGTAAGAGTTTTGATGAAGAAGAAGAAAATGGTGATACTATGATGCAGCGATGGGATCTTCATTGGAATAATGATGATAATGTTGATCTTTGGAGTAGTTTCACTGAGTCTTCTTCGTCTTTAGACCCACTTCTTCATTTATCTGTATGATTATCTATACATACACATACACAAAATATAAAATAAAGTTTGTTAAAAAATGTCTCATGTTCTATTGATAGTACGTCTTGATTTTGGGGTTTAACATTTGTTAATGGTGGAGGG</Hsp_qseq>
      <Hsp_hseq>AAAGACACTTTAATGCATGAACTTCTTTGTTTAAATAACAATTTCCCCCTTTTGGGGGCTATGTCTCGTCGAGTCCTACCACCATTATAAATTATCTCATCGTTTGCTTTCTTTTTTTTAAGTTGTAACCATTTCCACTCGTAATCATACAACTTCTCTACTCTTCTAGAGCAAAAACCCAAAAATATATTGCTATCTTCGTTAATGGCTGATAATAAGGTCAATCTTTCGATTAATGGACAATCAAAAGTGCCTCCAGGTTTCAGATTCCATCCCACCGAAGAAGAACTTCTCCATTACTATCTCCGTAAGAAAGTTAACTCTCAAAAGATCGATCTTGATGTCATTCGTGAAGTTGATCTAAACAAGCTTGAGCCTTGGGATATTCAAGGTTAAACCCTAAATATGAAAAAAAACTCTTTCATTTCTACGAACTCTCTATTTCTTTGTTCTTTATTTTTGAACCATTTTGGTATGCAAATGCAGAGGAATGTAGAATCGGTTCAACGCCACAAAACGACTGGTACTTCTTCAGCCACAAGGACAAGAAGTATCCAACCGGGACCAGGACGAACCGGGCAACAGTCGCTGGATTCTGGAAAGCTACCGGACGTGACAAAATCATCTGCAGTTGTGTCCGGAGAATTGGACTGAGGAAGACACTCGTGTTCTACAAAGGAAGAGCTCCTCACGGTCAGAAATCCGACTGGATCATGCATGAGTATCGCCTCGACGATACTCCAATGTCTAATGTAAGTATATATAGCAATCATCAATTTGCAGTTTAGGTTAGAATAAACAAATTACAAACTTATAGTCAAAGAATTAGCTAGATTCGTTTCATGCTATAAAAGGTTTTGGTTCATTTAGTACGCACTAGAGCCTTCTTTTAGCATCTGCAATTAAAGTAATCGAACATGATTCTCTGAGTTACAATAAGATAATTTCTTATGAAATTAACACATCATATATACATTTATATAAAAAGATTTTTTCACAAGGCTTAAAATAGTTTAACACGGCTCTACAAACAATACGTAGTTAACTAGTTATGGTTGCATATCCAAAAGAAAAACCAACATAAAAGATTTTTTTTTTTGTTTCAAAATAAAAGTTGCATTTTTACATCATCAAGATTTAATCATCTCTTATTGCATTTCATAAGATCGATTTGTGTTCCATTATCAGGGCTATGCTGATGTTGTTACAGAAGATCCAATGAGCTATAACGAAGAAGGTTGGGTGGTATGTCGAGTGTTCAGGAAGAAGAACTATCAAAAGATTGACGATTGTCCTAAAATCACTCTATCTTCTTTACCTGATGACACGGAGGAAGAGAAGGGGCCCACCTTTCACAACACTCAAAACGTTACCGGTTTAGACCATGTTCTTCTCTACATGGACCGTACCGGTTCTAACATTTGCATGCCCGAGAGCCAAACAACGACTCAACATCAAGATGATGTCTTATTCATGCAACTCCCAAGTCTTGAGACACCTAAATCCGAGAGCCCGGTCGACCAAAGTTTCCTGACTCCAAGCAAACTCGATTTCTCTCCCGTTCAAGAGAAGATAACCGAAAGACCGGTTTGCAGCAACTGGGCTAGTCTTGACCGGCTCGTAGCTTGGCAATTGAACAATGGTCATCATAATCCGTGTCATCGTAAGAGTTTTGATGAAGAAGAAGAAAATGGTGATACTATGATGCAGCGATGGGATCTTCATTGGAATAATGATGATAATGTTGATCTTTGGAGTAGTTTCACTGAGTCTTCTTCGTCTTTAGACCCACTTCTTCATTTATCTGTATGATTATCTATACATACACATACACAAAATATAAAATAAAGTTTGTTAAAAAATGTCTCATGTTCTATTGATAGTACGTCTTGATTTTGGGGTTTAACATTTGTTAATGGTGGAGGG</Hsp_hseq>
      <Hsp_midline>||||||||||||||||||||||||||||||||||||||||||||||||||||||||||||||||||||||||||||||||||||||||||||||||||||||||||||||||||||||||||||||||||||||||||||||||||||||||||||||||||||||||||||||||||||||||||||||||||||||||||||||||||||||||||||||||||||||||||||||||||||||||||||||||||||||||||||||||||||||||||||||||||||||||||||||||||||||||||||||||||||||||||||||||||||||||||||||||||||||||||||||||||||||||||||||||||||||||||||||||||||||||||||||||||||||||||||||||||||||||||||||||||||||||||||||||||||||||||||||||||||||||||||||||||||||||||||||||||||||||||||||||||||||||||||||||||||||||||||||||||||||||||||||||||||||||||||||||||||||||||||||||||||||||||||||||||||||||||||||||||||||||||||||||||||||||||||||||||||||||||||||||||||||||||||||||||||||||||||||||||||||||||||||||||||||||||||||||||||||||||||||||||||||||||||||||||||||||||||||||||||||||||||||||||||||||||||||||||||||||||||||||||||||||||||||||||||||||||||||||||||||||||||||||||||||||||||||||||||||||||||||||||||||||||||||||||||||||||||||||||||||||||||||||||||||||||||||||||||||||||||||||||||||||||||||||||||||||||||||||||||||||||||||||||||||||||||||||||||||||||||||||||||||||||||||||||||||||||||||||||||||||||||||||||||||||||||||||||||||||||||||||||||||||||||||||||||||||||||||||||||||||||||||||||||||||||||||||||||||||||||||||||||||||||||||||||||||||||||||||||||||||||||||||||||||||||||||||||||||||||||||||||||||||||||||||||||||||||||||||||||||||||||||||||||||||||||||||||||||||||||||||||||||||||||||||||||||||||||||||||||||||||||||||||||||||||||||||||||||||||||||||||||||||||||||||||||||||||||||||||||||||||||||||||||||||||||||||||||||||||||||||||||||||||||||||||||||||||||||||||||||||||||||||||||||||||||||||||||||||||||||||||||||||||||||||||||||||||||||||||||||||||||||||||||||||||||||||||||||||||||||||||||||||||||||||||||||||||||||||||||||||||||||||||||||||||||||||||||||||||||||||||||||||||||||||||||||||||||||||||||||||||||||||||||||||||||||||||||||||||||||||||||||||||||||||||||||||||||||||||||||</Hsp_midline>
    </Hsp>
    <Hsp>
      <Hsp_num>2</Hsp_num>
      <Hsp_bit-score>195.148</Hsp_bit-score>
      <Hsp_score>215</Hsp_score>
      <Hsp_evalue>4.58297e-44</Hsp_evalue>
      <Hsp_query-from>250</Hsp_query-from>
      <Hsp_query-to>740</Hsp_query-to>
      <Hsp_hit-from>12094639</Hsp_hit-from>
      <Hsp_hit-to>12095123</Hsp_hit-to>
      <Hsp_query-frame>1</Hsp_query-frame>
      <Hsp_hit-frame>1</Hsp_hit-frame>
      <Hsp_identity>342</Hsp_identity>
      <Hsp_positive>342</Hsp_positive>
      <Hsp_gaps>12</Hsp_gaps>
      <Hsp_align-len>494</Hsp_align-len>
      <Hsp_qseq>GTGCCTCCAGGTTTCAGATTCCATCCCACCGAAGAAGAACTTCTCCATTACTATCTCCGTAAGAAAGTTAACTCTCAAAAGATCGATCTTGATGTCATTCGTGAAGTTGATCTAAACAAGCTTGAGCCTTGGGATATTCAAGGTTAAACCCTAAATATGAAAAAAAACTCTTTCATTTCTACGAACTCTCTATTTCTTTGTTCTTTATTTTTGAAC--CATTTTGGTAT-GCAAATGCAGAGGAATGTAGAATCGGTTCAACGCCACAAAACGACTGGTACTTCTTCAGCCACAAGGACAAGAAGTATCCAACCGGGACCAGGACGAACCGGGCAACAGTCGCTGGATTCTGGAAAGCTACCGGACGTGACAAAATCATCTGCAGTTGTGTCCGGAGAATTGGACTGAGGAAGACACTCGTGTTCTACAAAGGAAGAGCTCCTCACGGTCAGAAATCCGACTGGATCATGCATGAGTATCGCCTCGACGATACT</Hsp_qseq>
      <Hsp_hseq>GTACCGCCTGGTTTTCGGTTTCATCCAACGGACGAAGAACTTCTTCATTACTACTTGAAGAAGAAGATTTCTTATGAAAAGTTTGAGATGGAAGTCATCAAAGAGGTTGATTTGAACAAGATTGAGCCGTGGGATTTACAAGGTACGTTCTTT--TATTAATAATACATATACGAT-----CCAATCCTCTAGTTATAT--TAGATACTATACAAAAGCATTTTTTTTTTGTTTTTGTAGATAGATGCAAAATAGGATCAACGCCACAAAATGAGTGGTATTTCTTCAGCCACAAGGATAGGAAATATCCGACAGGGTCAAGGACAAACCGTGCAACCCACTCCGGTTTTTGGAAGGCGACAGGACGTGACAAATGCATAAGAAATTCTTACAAGAAGATCGGCATGAGGAAGACTCTTGTATTCTACAAAGGAAGAGCTCCTCATGGCCAAAAGACAGATTGGATCATGCACGAGTACCGTATCGAAGACACT</Hsp_hseq>
      <Hsp_midline>|| || || |||||  | || ||||| || || ||||||||||| ||||||||  |    |||||  ||   | | ||||| | ||  | || |||||    || |||||| | |||||| ||||||| |||||| | ||||||     | |   ||| || || |  | |   ||     | ||  ||||| || | |  |   || | |  ||   ||||||  | | |    || |||   ||| | ||| || |||||||||||||| || ||||| ||||||||||||||||| | ||| ||||| || ||| | ||||| ||||| |||||   | | || || ||||| || || ||||||||||||  |||  | | || |  |  ||  || ||  |||||||||| || || ||||||||||||||||||||||| || || ||  | || ||||||||||| ||||| ||  |||| || |||</Hsp_midline>
    </Hsp>
    <Hsp>
      <Hsp_num>3</Hsp_num>
      <Hsp_bit-score>189.738</Hsp_bit-score>
      <Hsp_score>209</Hsp_score>
      <Hsp_evalue>1.94873e-42</Hsp_evalue>
      <Hsp_query-from>481</Hsp_query-from>
      <Hsp_query-to>738</Hsp_query-to>
      <Hsp_hit-from>32149059</Hsp_hit-from>
      <Hsp_hit-to>32148799</Hsp_hit-to>
      <Hsp_query-frame>1</Hsp_query-frame>
      <Hsp_hit-frame>-1</Hsp_hit-frame>
      <Hsp_identity>201</Hsp_identity>
      <Hsp_positive>201</Hsp_positive>
      <Hsp_gaps>5</Hsp_gaps>
      <Hsp_align-len>262</Hsp_align-len>
      <Hsp_qseq>ATGCAGAGGAATGTAGAATCGGTTCAACGCCACAAAACGACTGGTACTTCTTCAGCCACAAGGACAAGAAGTATCCAACCGGGACCAGGACGAACCGGGCAACAGTCGCTGGATTCTGGAAAGCTACCGGACGTGACAAA---AT-CATCTGCAGTTGTGTCCGGAGAATTGGACTGAGGAAGACACTCGTGTTCTACAAAGGAAGAGCTCCTCACGGTCAGAAATCCGACTGGATCATGCATGAGTATCGCCTCGACGATA</Hsp_qseq>
      <Hsp_hseq>ATGTAGAGAAATGCAGAATCGGGTCGGGTCCTCAAAACGAGTGGTATTTCTTTAGCCACAAGGACAAGAAATATCCGACTGGGACCCGAACGAACCGGGCGACAGCAGCCGGGTTCTGGAAAGCTACTGGTAGAGACAAATCCATACATCT-CAACAGCTCCAAGAAGATTGGACTTCGTAAGACTCTTGTCTTCTACACTGGTCGTGCTCCTCATGGCCAAAAAACCGAATGGATCATGCACGAATATCGCTTGGACGATA</Hsp_hseq>
      <Hsp_midline>||| |||| |||| |||||||| ||    || |||||||| ||||| ||||| ||||||||||||||||| ||||| || |||||| | ||||||||||| ||||  || || |||||||||||||| ||  | ||||||   || ||||| ||   |   |  ||  ||||||||  | ||||| || || |||||||  ||  | |||||||| || || ||| |||| ||||||||||| || |||||| | |||||||</Hsp_midline>
    </Hsp>
    <Hsp>
      <Hsp_num>4</Hsp_num>
      <Hsp_bit-score>128.424</Hsp_bit-score>
      <Hsp_score>141</Hsp_score>
      <Hsp_evalue>5.58813e-24</Hsp_evalue>
      <Hsp_query-from>513</Hsp_query-from>
      <Hsp_query-to>731</Hsp_query-to>
      <Hsp_hit-from>29277332</Hsp_hit-from>
      <Hsp_hit-to>29277550</Hsp_hit-to>
      <Hsp_query-frame>1</Hsp_query-frame>
      <Hsp_hit-frame>1</Hsp_hit-frame>
      <Hsp_identity>166</Hsp_identity>
      <Hsp_positive>166</Hsp_positive>
      <Hsp_gaps>14</Hsp_gaps>
      <Hsp_align-len>226</Hsp_align-len>
      <Hsp_qseq>CAAAACGACTGGTACTTCTTCAGCCACAAGGACAAGAAGTATCCAACCGGGACCAGGACGAACCGGGCAACAGTCGCTGGATTCTGGAAAGCTACCGGACGTGACAA-----AATCATC-TGCAGTTGTGTCCGGAGAATTGGACTGAGGAAGACACTCGTGTTCTACAAAGGAAGAGCTCCTCACGGTCAGAAA-TCCGACTGGATCATGCATGAGTATCGCCTC</Hsp_qseq>
      <Hsp_hseq>CAAAACGAGTGGTACTTCTTTAGTCATAAGGACAGGAAGTACCCTACCGGGACTAGGACCAACCGAGCCACTGCGGCTGGGTTCTGGAAAGCCACGGGTAGAGACAAGGCGGTACTATCAAAAAACAGTGTC------ATCGGAATGCGGAAGACACTTGTCTACTACAAGGGTCGAGCTCCTAATGG-AAGAAAGTCCGATTGGATCATGCACGAATACCGTCTC</Hsp_hseq>
      <Hsp_midline>|||||||| ||||||||||| || || ||||||| |||||| || |||||||| ||||| ||||| || || |  ||||| ||||||||||| || ||  | |||||      |  |||    |   |||||      || ||| || |||||||||| || | |||||| ||  |||||||| | ||  ||||| ||||| ||||||||||| || || || |||</Hsp_midline>
    </Hsp>
    <Hsp>
      <Hsp_num>5</Hsp_num>
      <Hsp_bit-score>125.719</Hsp_bit-score>
      <Hsp_score>138</Hsp_score>
      <Hsp_evalue>1.95045e-23</Hsp_evalue>
      <Hsp_query-from>519</Hsp_query-from>
      <Hsp_query-to>728</Hsp_query-to>
      <Hsp_hit-from>4167848</Hsp_hit-from>
      <Hsp_hit-to>4167639</Hsp_hit-to>
      <Hsp_query-frame>1</Hsp_query-frame>
      <Hsp_hit-frame>-1</Hsp_hit-frame>
      <Hsp_identity>156</Hsp_identity>
      <Hsp_positive>156</Hsp_positive>
      <Hsp_gaps>4</Hsp_gaps>
      <Hsp_align-len>212</Hsp_align-len>
      <Hsp_qseq>GACTGGTACTTCTTCAGCCACAAGGACAAGAAGTATCCAACCGGGACCAGGACGAACCGGGCAACAGTCGCTGGATTCTGGAAAGCTACCGGACGTGACAAAATCATCTGCAGTTGTGTC--CGGAGAATTGGACTGAGGAAGACACTCGTGTTCTACAAAGGAAGAGCTCCTCACGGTCAGAAATCCGACTGGATCATGCATGAGTATCGC</Hsp_qseq>
      <Hsp_hseq>GATTGGTACTTCTTTAGCCATAAAGACAAGAAGTATCCCACAGGGACTCGAACCAATAGAGCAACAAAAGCAGGGTTTTGGAAAGCCACCGGAAGAGATAAGGCTATCT--ATTTGAGGCATAGTCTAATTGGCATGAGGAAAACACTTGTGTTTTACAAGGGAAGAGCCCCAAATGGACAAAAGTCTGATTGGATCATGCACGAATACCGC</Hsp_hseq>
      <Hsp_midline>|| ||||||||||| ||||| || |||||||||||||| || |||||  | || ||  | ||||||   || || || |||||||| |||||| | || ||    ||||  | ||| | |   |   ||||||  ||||||| ||||| ||||| ||||| |||||||| ||  | || || || || || ||||||||||| || || |||</Hsp_midline>
    </Hsp>
    <Hsp>
      <Hsp_num>6</Hsp_num>
      <Hsp_bit-score>120.309</Hsp_bit-score>
      <Hsp_score>132</Hsp_score>
      <Hsp_evalue>8.29352e-22</Hsp_evalue>
      <Hsp_query-from>518</Hsp_query-from>
      <Hsp_query-to>728</Hsp_query-to>
      <Hsp_hit-from>25418121</Hsp_hit-from>
      <Hsp_hit-to>25417911</Hsp_hit-to>
      <Hsp_query-frame>1</Hsp_query-frame>
      <Hsp_hit-frame>-1</Hsp_hit-frame>
      <Hsp_identity>153</Hsp_identity>
      <Hsp_positive>153</Hsp_positive>
      <Hsp_gaps>0</Hsp_gaps>
      <Hsp_align-len>211</Hsp_align-len>
      <Hsp_qseq>CGACTGGTACTTCTTCAGCCACAAGGACAAGAAGTATCCAACCGGGACCAGGACGAACCGGGCAACAGTCGCTGGATTCTGGAAAGCTACCGGACGTGACAAAATCATCTGCAGTTGTGTCCGGAGAATTGGACTGAGGAAGACACTCGTGTTCTACAAAGGAAGAGCTCCTCACGGTCAGAAATCCGACTGGATCATGCATGAGTATCGC</Hsp_qseq>
      <Hsp_hseq>CGAATGGTACTTCTTTAGTCATAAAGACAAGAAGTATCCCACGGGAACTCGAACCAATAGAGCCACGAAAGCAGGATTTTGGAAAGCCACTGGAAGAGACAAGGCTATATATATAAGACATAGTCTTATCGGTATGAGGAAAACACTTGTGTTTTACAAAGGAAGAGCCCCAAATGGTCAGAAATCCGATTGGATCATGCACGAATATCGC</Hsp_hseq>
      <Hsp_midline>||| ||||||||||| || || || |||||||||||||| || || ||  | || ||  | || ||    || ||||| |||||||| || ||| | |||||    || |  |   |     |    || ||  ||||||| ||||| ||||| |||||||||||||| ||  | |||||||||||||| ||||||||||| || ||||||</Hsp_midline>
    </Hsp>
    <Hsp>
      <Hsp_num>7</Hsp_num>
      <Hsp_bit-score>94.1598</Hsp_bit-score>
      <Hsp_score>103</Hsp_score>
      <Hsp_evalue>1.15282e-13</Hsp_evalue>
      <Hsp_query-from>514</Hsp_query-from>
      <Hsp_query-to>737</Hsp_query-to>
      <Hsp_hit-from>28323034</Hsp_hit-from>
      <Hsp_hit-to>28323257</Hsp_hit-to>
      <Hsp_query-frame>1</Hsp_query-frame>
      <Hsp_hit-frame>1</Hsp_hit-frame>
      <Hsp_identity>155</Hsp_identity>
      <Hsp_positive>155</Hsp_positive>
      <Hsp_gaps>0</Hsp_gaps>
      <Hsp_align-len>224</Hsp_align-len>
      <Hsp_qseq>AAAACGACTGGTACTTCTTCAGCCACAAGGACAAGAAGTATCCAACCGGGACCAGGACGAACCGGGCAACAGTCGCTGGATTCTGGAAAGCTACCGGACGTGACAAAATCATCTGCAGTTGTGTCCGGAGAATTGGACTGAGGAAGACACTCGTGTTCTACAAAGGAAGAGCTCCTCACGGTCAGAAATCCGACTGGATCATGCATGAGTATCGCCTCGACGAT</Hsp_qseq>
      <Hsp_hseq>AAAATGAGTGGTATTTCTTCAGCCCTAGAGAAAGAAAATATCCAAACGGAGTCAGACCAAACCGGGCAGCTGTTTCCGGTTATTGGAAAGCAACCGGTACAGACAAAGCCATTCACAGCGGTTCAAGTAACGTAGGTGTCAAGAAAGCTCTAGTCTTCTACAAAGGTAGACCTCCTAAAGGAATCAAAACTGACTGGATCATGCATGAGTATCGTCTCCATGAT</Hsp_hseq>
      <Hsp_midline>|||| || ||||| ||||||||||  |  || |  || ||||||| |||   |||  | ||||||||| | ||  | || |  |||||||| |||||    ||||||  |||   |||  ||    | |   | ||  | | |||  | || || ||||||||||| ||| ||||| | ||    ||| | ||||||||||||||||||||||| ||| | |||</Hsp_midline>
    </Hsp>
    <Hsp>
      <Hsp_num>8</Hsp_num>
      <Hsp_bit-score>89.6514</Hsp_bit-score>
      <Hsp_score>98</Hsp_score>
      <Hsp_evalue>1.40442e-12</Hsp_evalue>
      <Hsp_query-from>519</Hsp_query-from>
      <Hsp_query-to>733</Hsp_query-to>
      <Hsp_hit-from>30873912</Hsp_hit-from>
      <Hsp_hit-to>30873692</Hsp_hit-to>
      <Hsp_query-frame>1</Hsp_query-frame>
      <Hsp_hit-frame>-1</Hsp_hit-frame>
      <Hsp_identity>153</Hsp_identity>
      <Hsp_positive>153</Hsp_positive>
      <Hsp_gaps>6</Hsp_gaps>
      <Hsp_align-len>221</Hsp_align-len>
      <Hsp_qseq>GACTGGTACTTCTTCAGCCACAAGGACAAGAAGTATCCAACCGGGACCAGGACGAACCGGGCAACAGTCGCTGGATTCTGGAAAGCTACCGGACGTGACAA---AATCATCT---GCAGTTGTGTCCGGAGAATTGGACTGAGGAAGACACTCGTGTTCTACAAAGGAAGAGCTCCTCACGGTCAGAAATCCGACTGGATCATGCATGAGTATCGCCTCGA</Hsp_qseq>
      <Hsp_hseq>GAGTGGTACTTTTATAGTCTAAGGGACAGGAAATATCCGACAGGTTTGAGGACTAACAGAGCAACTACTGCTGGATACTGGAAAGCTACCGGCAAAGATAAGGAAGTCTTCTCCGGCGGAGGAGGACAGCTTGTTGGGATGAAGAAGACGTTGGTGTTCTACAAAGGTAGGGCTCCACGTGGCCTCAAGACTAAGTGGGTCATGCATGAGTATCGCCTCGA</Hsp_hseq>
      <Hsp_midline>|| |||||||| |  || |  | ||||| ||| ||||| || ||    ||||| ||| | |||||    ||||||| |||||||||||||||    || ||   | || |||   || |  | |  | |    ||||  ||| ||||||  | |||||||||||||| || ||||| |  || |  ||  |  | ||| ||||||||||||||||||||||</Hsp_midline>
    </Hsp>
    <Hsp>
      <Hsp_num>9</Hsp_num>
      <Hsp_bit-score>87.848</Hsp_bit-score>
      <Hsp_score>96</Hsp_score>
      <Hsp_evalue>4.9019e-12</Hsp_evalue>
      <Hsp_query-from>250</Hsp_query-from>
      <Hsp_query-to>397</Hsp_query-to>
      <Hsp_hit-from>32149898</Hsp_hit-from>
      <Hsp_hit-to>32149751</Hsp_hit-to>
      <Hsp_query-frame>1</Hsp_query-frame>
      <Hsp_hit-frame>-1</Hsp_hit-frame>
      <Hsp_identity>108</Hsp_identity>
      <Hsp_positive>108</Hsp_positive>
      <Hsp_gaps>0</Hsp_gaps>
      <Hsp_align-len>148</Hsp_align-len>
      <Hsp_qseq>GTGCCTCCAGGTTTCAGATTCCATCCCACCGAAGAAGAACTTCTCCATTACTATCTCCGTAAGAAAGTTAACTCTCAAAAGATCGATCTTGATGTCATTCGTGAAGTTGATCTAAACAAGCTTGAGCCTTGGGATATTCAAGGTTAAA</Hsp_qseq>
      <Hsp_hseq>GTGCCTCCGGGATTCCGGTTTCATCCAACGGAGGAGGAGCTTCTTTACTATTACCTCAAGAAGAAGGTTTCTTATGAACCAATTGATTTAGATGTAATTAGAGAAGTTGATCTCAACAAGCTGGAACCTTGGGAACTTAAAGGTAAAA</Hsp_hseq>
      <Hsp_midline>|||||||| || ||| | || ||||| || || || || |||||  | || || |||   ||||| |||   | | ||   || ||| | ||||| ||| | ||||||||||| |||||||| || ||||||||  || ||||| |||</Hsp_midline>
    </Hsp>
    <Hsp>
      <Hsp_num>10</Hsp_num>
      <Hsp_bit-score>73.4211</Hsp_bit-score>
      <Hsp_score>80</Hsp_score>
      <Hsp_evalue>1.07972e-07</Hsp_evalue>
      <Hsp_query-from>514</Hsp_query-from>
      <Hsp_query-to>731</Hsp_query-to>
      <Hsp_hit-from>21903310</Hsp_hit-from>
      <Hsp_hit-to>21903093</Hsp_hit-to>
      <Hsp_query-frame>1</Hsp_query-frame>
      <Hsp_hit-frame>-1</Hsp_hit-frame>
      <Hsp_identity>149</Hsp_identity>
      <Hsp_positive>149</Hsp_positive>
      <Hsp_gaps>2</Hsp_gaps>
      <Hsp_align-len>219</Hsp_align-len>
      <Hsp_qseq>AAAACGACTGGTACTTCTTCAGCCACAAGGACAAGAAGTATCCAACCGGGACCAGGACGAACCGGGCAACAGTCGCTGGATTCTGGAAAGCTACCGG-ACGTGACAAAATCATCTGCAGTTGTGTCCGGAGAATTGGACTGAGGAAGACACTCGTGTTCTACAAAGGAAGAGCTCCTCACGGTCAGAAATCCGACTGGATCATGCATGAGTATCGCCTC</Hsp_qseq>
      <Hsp_hseq>AAAAAGAATGGTATTTTTTTAGTCCTAGGGATAGAAAATATCCAAACGGGTCAAGACCTAACCGGGTTGCCGGATCGGGTTATTGGAAAGCTACGGGTACG-GATAAAATAATCTCGACGGAAGGACAAAGAGTTGGTATTAAAAAAGCTTTGGTGTTTTACATCGGAAAAGCTCCTAAAGGTACTAAAACCAATTGGATCATGCATGAGTATCGTCTC</Hsp_hseq>
      <Hsp_midline>|||| || ||||| || || || |  | ||| |  || ||||||| |||| | ||  | |||||||   | |   | || |  ||||||||||| || ||| || ||||| ||||  |     |  |  ||| ||||  | |  ||  |  | ||||| ||||  |||| ||||||| | |||   ||| || | |||||||||||||||||||| |||</Hsp_midline>
    </Hsp>
    <Hsp>
      <Hsp_num>11</Hsp_num>
      <Hsp_bit-score>71.6177</Hsp_bit-score>
      <Hsp_score>78</Hsp_score>
      <Hsp_evalue>3.76858e-07</Hsp_evalue>
      <Hsp_query-from>519</Hsp_query-from>
      <Hsp_query-to>731</Hsp_query-to>
      <Hsp_hit-from>22485748</Hsp_hit-from>
      <Hsp_hit-to>22485536</Hsp_hit-to>
      <Hsp_query-frame>1</Hsp_query-frame>
      <Hsp_hit-frame>-1</Hsp_hit-frame>
      <Hsp_identity>152</Hsp_identity>
      <Hsp_positive>152</Hsp_positive>
      <Hsp_gaps>16</Hsp_gaps>
      <Hsp_align-len>221</Hsp_align-len>
      <Hsp_qseq>GACTGGTACTTCTTCAGCCACAAGG-ACAAGAAGTATCCAACCGGGACCAGGACGAACCGGGCAACAGTCGCTGGATTCTGGAAAGCTACCGGACGTGACAAAATCATCTGCAGTTGTGTC--CGGAGA-----ATTGGACTGAGGAAGACACTCGTGTTCTACAAAGGAAGAGCTCCTCACGGTCAGAAATCCGACTGGATCATGCATGAGTATCGCCTC</Hsp_qseq>
      <Hsp_hseq>GAATGGTACTTTTACAGC-ACAAGGGATAAGAAGTATCCAAATGGCTCTAGGACGAACCGTGCGACCCGAGCGGGTTACTGGAAGGCCACGGG----GA-AAGATC--GTACAGTAGAATCAAAGAAGATGAAGATGGGAATGAAGAAGACACTGGTTTATTATAGAGGAAGGGCTCCTCATGGCCTTCGTACTAATTGGGTCATGCATGAATATCGTCTC</Hsp_hseq>
      <Hsp_midline>|| |||||||| | |||| |||||| | |||||||||||||  ||  | ||||||||||| || ||    || || | |||||| || || ||    || || |||   | |||| |  ||   | |||     || ||| ||| ||||||||| || |  || | |||||| |||||||| || |      |  | ||| |||||||||| ||||| |||</Hsp_midline>
    </Hsp>
    <Hsp>
      <Hsp_num>12</Hsp_num>
      <Hsp_bit-score>70.716</Hsp_bit-score>
      <Hsp_score>77</Hsp_score>
      <Hsp_evalue>1.31536e-06</Hsp_evalue>
      <Hsp_query-from>516</Hsp_query-from>
      <Hsp_query-to>721</Hsp_query-to>
      <Hsp_hit-from>23153092</Hsp_hit-from>
      <Hsp_hit-to>23152887</Hsp_hit-to>
      <Hsp_query-frame>1</Hsp_query-frame>
      <Hsp_hit-frame>-1</Hsp_hit-frame>
      <Hsp_identity>139</Hsp_identity>
      <Hsp_positive>139</Hsp_positive>
      <Hsp_gaps>0</Hsp_gaps>
      <Hsp_align-len>206</Hsp_align-len>
      <Hsp_qseq>AACGACTGGTACTTCTTCAGCCACAAGGACAAGAAGTATCCAACCGGGACCAGGACGAACCGGGCAACAGTCGCTGGATTCTGGAAAGCTACCGGACGTGACAAAATCATCTGCAGTTGTGTCCGGAGAATTGGACTGAGGAAGACACTCGTGTTCTACAAAGGAAGAGCTCCTCACGGTCAGAAATCCGACTGGATCATGCATGA</Hsp_qseq>
      <Hsp_hseq>AAGGATTGGTATTTCTACAGCCAAAGAGACCGAAAATACGCGACGGGGCTGAGAACTAACCGAGCAACGGCCACCGGATATTGGAAAGCCACCGGCAAAGACAGAACCATTCTAAGAAAGGGTAAGCTAGTTGGGATGAGGAAGACATTGGTTTTCTATCAAGGTCGAGCTCCTCGAGGCCGTAAAACCGATTGGGTCATGCACGA</Hsp_hseq>
      <Hsp_midline>|| || ||||| |||| |||||| |  |||   || ||  | || |||   || || ||||| ||||| | | | ||||  |||||||| |||||    |||| || |||    ||    |    |  | ||||  ||||||||||| | || |||||  ||||  |||||||||  || |  ||| |||| ||| ||||||| ||</Hsp_midline>
    </Hsp>
    <Hsp>
      <Hsp_num>13</Hsp_num>
      <Hsp_bit-score>69.8143</Hsp_bit-score>
      <Hsp_score>76</Hsp_score>
      <Hsp_evalue>1.31536e-06</Hsp_evalue>
      <Hsp_query-from>251</Hsp_query-from>
      <Hsp_query-to>383</Hsp_query-to>
      <Hsp_hit-from>22486070</Hsp_hit-from>
      <Hsp_hit-to>22485938</Hsp_hit-to>
      <Hsp_query-frame>1</Hsp_query-frame>
      <Hsp_hit-frame>-1</Hsp_hit-frame>
      <Hsp_identity>95</Hsp_identity>
      <Hsp_positive>95</Hsp_positive>
      <Hsp_gaps>0</Hsp_gaps>
      <Hsp_align-len>133</Hsp_align-len>
      <Hsp_qseq>TGCCTCCAGGTTTCAGATTCCATCCCACCGAAGAAGAACTTCTCCATTACTATCTCCGTAAGAAAGTTAACTCTCAAAAGATCGATCTTGATGTCATTCGTGAAGTTGATCTAAACAAGCTTGAGCCTTGGGA</Hsp_qseq>
      <Hsp_hseq>TGCCTCCAGGATTCAGGTTTCATCCCACTGATGAAGAACTGGTGGCTTACTATCTTGATAGGAAGGTCAACGGCCAAGCCATTGAGCTCGAGATCATCCCAGAAGTTGATCTTTATAAATGCGAGCCATGGGA</Hsp_hseq>
      <Hsp_midline>|||||||||| ||||| || |||||||| || ||||||||  |   |||||||||   || ||| || |||   |||   || || || ||  |||| |  |||||||||||  | ||    ||||| |||||</Hsp_midline>
    </Hsp>
    <Hsp>
      <Hsp_num>14</Hsp_num>
      <Hsp_bit-score>63.5025</Hsp_bit-score>
      <Hsp_score>69</Hsp_score>
      <Hsp_evalue>0.000195217</Hsp_evalue>
      <Hsp_query-from>516</Hsp_query-from>
      <Hsp_query-to>736</Hsp_query-to>
      <Hsp_hit-from>271893</Hsp_hit-from>
      <Hsp_hit-to>272110</Hsp_hit-to>
      <Hsp_query-frame>1</Hsp_query-frame>
      <Hsp_hit-frame>1</Hsp_hit-frame>
      <Hsp_identity>148</Hsp_identity>
      <Hsp_positive>148</Hsp_positive>
      <Hsp_gaps>5</Hsp_gaps>
      <Hsp_align-len>222</Hsp_align-len>
      <Hsp_qseq>AACGACTGGTACTTCTTCAGCCACAAGGACAAGAAGTATCCAACCGGGACCAGGACGAACCGGGCAACAGTCGCTGGATTCTGGAAAGCTACCGGACGTGACAAAATCATCTG-CAGTTGTGTCCGGAGAATTGGACTGAGGAAGACACTCGTGTTCTACAAAGGAAGAGCTCCTCACGGTCAGAAATCCGACTGGATCATGCATGAGTATCGCCTCGACGA</Hsp_qseq>
      <Hsp_hseq>AAGGAATGGTACTTCTTCTCTCCCAGGGACAGAAAATATCCCAACGGTTCGCGTCCTAACCGGTCCGCTGGTTCTGGTTACTGGAAAGCTACCGGAGCTGATAAACCGATCGGACTACCTAAACCGG----TCGGAATTAAGAAAGCTCTTGTTTTCTACGCCGGCAAAGCTCCAAAGGGAGAGAAAACCAATTGGATCATGCACGAGTACCGTCTCGCCGA</Hsp_hseq>
      <Hsp_midline>|| || ||||||||||||   | || |||||  || ||||| | |||  |  |  | |||||| |  | |   |||| | ||||||||||||||||  ||| |||   ||| | |        ||||    | ||| | | |||  | || || ||||||   || | ||||||  | ||  ||||| || | ||||||||||| ||||| || |||| |||</Hsp_midline>
    </Hsp>
    <Hsp>
      <Hsp_num>15</Hsp_num>
      <Hsp_bit-score>62.6008</Hsp_bit-score>
      <Hsp_score>68</Hsp_score>
      <Hsp_evalue>0.000195217</Hsp_evalue>
      <Hsp_query-from>646</Hsp_query-from>
      <Hsp_query-to>724</Hsp_query-to>
      <Hsp_hit-from>12471243</Hsp_hit-from>
      <Hsp_hit-to>12471321</Hsp_hit-to>
      <Hsp_query-frame>1</Hsp_query-frame>
      <Hsp_hit-frame>1</Hsp_hit-frame>
      <Hsp_identity>61</Hsp_identity>
      <Hsp_positive>61</Hsp_positive>
      <Hsp_gaps>0</Hsp_gaps>
      <Hsp_align-len>79</Hsp_align-len>
      <Hsp_qseq>TTGGACTGAGGAAGACACTCGTGTTCTACAAAGGAAGAGCTCCTCACGGTCAGAAATCCGACTGGATCATGCATGAGTA</Hsp_qseq>
      <Hsp_hseq>TTGGACTCAAGAAGACTCTTGTTTTCTATAGAGGTCGTGCTCCTAATGGTGAGAGAACTGACTGGGTGATGCATGAGTA</Hsp_hseq>
      <Hsp_midline>||||||| | |||||| || || ||||| | |||  | |||||| | ||| ||| | | |||||| | |||||||||||</Hsp_midline>
    </Hsp>
    <Hsp>
      <Hsp_num>16</Hsp_num>
      <Hsp_bit-score>59.8958</Hsp_bit-score>
      <Hsp_score>65</Hsp_score>
      <Hsp_evalue>0.00237823</Hsp_evalue>
      <Hsp_query-from>549</Hsp_query-from>
      <Hsp_query-to>732</Hsp_query-to>
      <Hsp_hit-from>31301018</Hsp_hit-from>
      <Hsp_hit-to>31301198</Hsp_hit-to>
      <Hsp_query-frame>1</Hsp_query-frame>
      <Hsp_hit-frame>1</Hsp_hit-frame>
      <Hsp_identity>125</Hsp_identity>
      <Hsp_positive>125</Hsp_positive>
      <Hsp_gaps>5</Hsp_gaps>
      <Hsp_align-len>185</Hsp_align-len>
      <Hsp_qseq>AAGTATCCAACCGGGACCAGGACGAACCGGGCAACAGTCGCTGGATTCTGGAAAGCTACCGGACGTGACAAAATCATCTGCAGTTGT-GTCCGGAGAATTGGACTGAGGAAGACACTCGTGTTCTACAAAGGAAGAGCTCCTCACGGTCAGAAATCCGACTGGATCATGCATGAGTATCGCCTCG</Hsp_qseq>
      <Hsp_hseq>AAGTATCCAAACGGTTCAAGACCCAACCGTGCAGCTGGTACTGGATATTGGAAAGCTACCGGAGCTGATAAACCAATAGGTCGTCCTAAACCGG----TTGGTATTAAGAAGGCTCTAGTGTTTTACTCGGGAAAACCTCCAAATGGAGAGAAAACCAATTGGATTATGCACGAATACCGGCTCG</Hsp_hseq>
      <Hsp_midline>|||||||||| |||  | ||  | ||||| ||| | |   ||||||  |||||||||||||||  ||| |||   ||  |  ||  |   ||||    ||||  | | |||| | || ||||| |||   |||| | ||||  | ||  ||||| || | ||||| ||||| || || || ||||</Hsp_midline>
    </Hsp>
    <Hsp>
      <Hsp_num>17</Hsp_num>
      <Hsp_bit-score>52.6823</Hsp_bit-score>
      <Hsp_score>57</Hsp_score>
      <Hsp_evalue>0.352961</Hsp_evalue>
      <Hsp_query-from>251</Hsp_query-from>
      <Hsp_query-to>306</Hsp_query-to>
      <Hsp_hit-from>271646</Hsp_hit-from>
      <Hsp_hit-to>271701</Hsp_hit-to>
      <Hsp_query-frame>1</Hsp_query-frame>
      <Hsp_hit-frame>1</Hsp_hit-frame>
      <Hsp_identity>45</Hsp_identity>
      <Hsp_positive>45</Hsp_positive>
      <Hsp_gaps>0</Hsp_gaps>
      <Hsp_align-len>56</Hsp_align-len>
      <Hsp_qseq>TGCCTCCAGGTTTCAGATTCCATCCCACCGAAGAAGAACTTCTCCATTACTATCTC</Hsp_qseq>
      <Hsp_hseq>TGCCTCCAGGTTTCCGATTTCACCCTACCGATGAAGAGCTTGTCATGCACTATCTC</Hsp_hseq>
      <Hsp_midline>|||||||||||||| |||| || || ||||| ||||| ||| ||    ||||||||</Hsp_midline>
    </Hsp>
    <Hsp>
      <Hsp_num>18</Hsp_num>
      <Hsp_bit-score>48.1739</Hsp_bit-score>
      <Hsp_score>52</Hsp_score>
      <Hsp_evalue>4.29995</Hsp_evalue>
      <Hsp_query-from>251</Hsp_query-from>
      <Hsp_query-to>306</Hsp_query-to>
      <Hsp_hit-from>26724610</Hsp_hit-from>
      <Hsp_hit-to>26724555</Hsp_hit-to>
      <Hsp_query-frame>1</Hsp_query-frame>
      <Hsp_hit-frame>-1</Hsp_hit-frame>
      <Hsp_identity>44</Hsp_identity>
      <Hsp_positive>44</Hsp_positive>
      <Hsp_gaps>0</Hsp_gaps>
      <Hsp_align-len>56</Hsp_align-len>
      <Hsp_qseq>TGCCTCCAGGTTTCAGATTCCATCCCACCGAAGAAGAACTTCTCCATTACTATCTC</Hsp_qseq>
      <Hsp_hseq>TGCCTCCAGGTTTCCGGTTTCATCCAACAGACGAAGAGCTTGTCATATACTACCTC</Hsp_hseq>
      <Hsp_midline>|||||||||||||| | || ||||| || || ||||| ||| ||   ||||| |||</Hsp_midline>
    </Hsp>
  </Hit_hsps>
</Hit>
<Hit>
  <Hit_num>4</Hit_num>
  <Hit_id>gi|332189094|gb|CP002684.1|</Hit_id>
  <Hit_def>Arabidopsis thaliana chromosome 1 sequence</Hit_def>
  <Hit_accession>CP002684</Hit_accession>
  <Hit_len>30427671</Hit_len>
  <Hit_hsps>
    <Hsp>
      <Hsp_num>1</Hsp_num>
      <Hsp_bit-score>3474.57</Hsp_bit-score>
      <Hsp_score>3852</Hsp_score>
      <Hsp_evalue>0</Hsp_evalue>
      <Hsp_query-from>1</Hsp_query-from>
      <Hsp_query-to>1926</Hsp_query-to>
      <Hsp_hit-from>11867154</Hsp_hit-from>
      <Hsp_hit-to>11865229</Hsp_hit-to>
      <Hsp_query-frame>1</Hsp_query-frame>
      <Hsp_hit-frame>-1</Hsp_hit-frame>
      <Hsp_identity>1926</Hsp_identity>
      <Hsp_positive>1926</Hsp_positive>
      <Hsp_gaps>0</Hsp_gaps>
      <Hsp_align-len>1926</Hsp_align-len>
      <Hsp_qseq>AAAGACACTTTAATGCATGAACTTCTTTGTTTAAATAACAATTTCCCCCTTTTGGGGGCTATGTCTCGTCGAGTCCTACCACCATTATAAATTATCTCATCGTTTGCTTTCTTTTTTTTAAGTTGTAACCATTTCCACTCGTAATCATACAACTTCTCTACTCTTCTAGAGCAAAAACCCAAAAATATATTGCTATCTTCGTTAATGGCTGATAATAAGGTCAATCTTTCGATTAATGGACAATCAAAAGTGCCTCCAGGTTTCAGATTCCATCCCACCGAAGAAGAACTTCTCCATTACTATCTCCGTAAGAAAGTTAACTCTCAAAAGATCGATCTTGATGTCATTCGTGAAGTTGATCTAAACAAGCTTGAGCCTTGGGATATTCAAGGTTAAACCCTAAATATGAAAAAAAACTCTTTCATTTCTACGAACTCTCTATTTCTTTGTTCTTTATTTTTGAACCATTTTGGTATGCAAATGCAGAGGAATGTAGAATCGGTTCAACGCCACAAAACGACTGGTACTTCTTCAGCCACAAGGACAAGAAGTATCCAACCGGGACCAGGACGAACCGGGCAACAGTCGCTGGATTCTGGAAAGCTACCGGACGTGACAAAATCATCTGCAGTTGTGTCCGGAGAATTGGACTGAGGAAGACACTCGTGTTCTACAAAGGAAGAGCTCCTCACGGTCAGAAATCCGACTGGATCATGCATGAGTATCGCCTCGACGATACTCCAATGTCTAATGTAAGTATATATAGCAATCATCAATTTGCAGTTTAGGTTAGAATAAACAAATTACAAACTTATAGTCAAAGAATTAGCTAGATTCGTTTCATGCTATAAAAGGTTTTGGTTCATTTAGTACGCACTAGAGCCTTCTTTTAGCATCTGCAATTAAAGTAATCGAACATGATTCTCTGAGTTACAATAAGATAATTTCTTATGAAATTAACACATCATATATACATTTATATAAAAAGATTTTTTCACAAGGCTTAAAATAGTTTAACACGGCTCTACAAACAATACGTAGTTAACTAGTTATGGTTGCATATCCAAAAGAAAAACCAACATAAAAGATTTTTTTTTTTGTTTCAAAATAAAAGTTGCATTTTTACATCATCAAGATTTAATCATCTCTTATTGCATTTCATAAGATCGATTTGTGTTCCATTATCAGGGCTATGCTGATGTTGTTACAGAAGATCCAATGAGCTATAACGAAGAAGGTTGGGTGGTATGTCGAGTGTTCAGGAAGAAGAACTATCAAAAGATTGACGATTGTCCTAAAATCACTCTATCTTCTTTACCTGATGACACGGAGGAAGAGAAGGGGCCCACCTTTCACAACACTCAAAACGTTACCGGTTTAGACCATGTTCTTCTCTACATGGACCGTACCGGTTCTAACATTTGCATGCCCGAGAGCCAAACAACGACTCAACATCAAGATGATGTCTTATTCATGCAACTCCCAAGTCTTGAGACACCTAAATCCGAGAGCCCGGTCGACCAAAGTTTCCTGACTCCAAGCAAACTCGATTTCTCTCCCGTTCAAGAGAAGATAACCGAAAGACCGGTTTGCAGCAACTGGGCTAGTCTTGACCGGCTCGTAGCTTGGCAATTGAACAATGGTCATCATAATCCGTGTCATCGTAAGAGTTTTGATGAAGAAGAAGAAAATGGTGATACTATGATGCAGCGATGGGATCTTCATTGGAATAATGATGATAATGTTGATCTTTGGAGTAGTTTCACTGAGTCTTCTTCGTCTTTAGACCCACTTCTTCATTTATCTGTATGATTATCTATACATACACATACACAAAATATAAAATAAAGTTTGTTAAAAAATGTCTCATGTTCTATTGATAGTACGTCTTGATTTTGGGGTTTAACATTTGTTAATGGTGGAGGG</Hsp_qseq>
      <Hsp_hseq>AAAGACACTTTAATGCATGAACTTCTTTGTTTAAATAACAATTTCCCCCTTTTGGGGGCTATGTCTCGTCGAGTCCTACCACCATTATAAATTATCTCATCGTTTGCTTTCTTTTTTTTAAGTTGTAACCATTTCCACTCGTAATCATACAACTTCTCTACTCTTCTAGAGCAAAAACCCAAAAATATATTGCTATCTTCGTTAATGGCTGATAATAAGGTCAATCTTTCGATTAATGGACAATCAAAAGTGCCTCCAGGTTTCAGATTCCATCCCACCGAAGAAGAACTTCTCCATTACTATCTCCGTAAGAAAGTTAACTCTCAAAAGATCGATCTTGATGTCATTCGTGAAGTTGATCTAAACAAGCTTGAGCCTTGGGATATTCAAGGTTAAACCCTAAATATGAAAAAAAACTCTTTCATTTCTACGAACTCTCTATTTCTTTGTTCTTTATTTTTGAACCATTTTGGTATGCAAATGCAGAGGAATGTAGAATCGGTTCAACGCCACAAAACGACTGGTACTTCTTCAGCCACAAGGACAAGAAGTATCCAACCGGGACCAGGACGAACCGGGCAACAGTCGCTGGATTCTGGAAAGCTACCGGACGTGACAAAATCATCTGCAGTTGTGTCCGGAGAATTGGACTGAGGAAGACACTCGTGTTCTACAAAGGAAGAGCTCCTCACGGTCAGAAATCCGACTGGATCATGCATGAGTATCGCCTCGACGATACTCCAATGTCTAATGTAAGTATATATAGCAATCATCAATTTGCAGTTTAGGTTAGAATAAACAAATTACAAACTTATAGTCAAAGAATTAGCTAGATTCGTTTCATGCTATAAAAGGTTTTGGTTCATTTAGTACGCACTAGAGCCTTCTTTTAGCATCTGCAATTAAAGTAATCGAACATGATTCTCTGAGTTACAATAAGATAATTTCTTATGAAATTAACACATCATATATACATTTATATAAAAAGATTTTTTCACAAGGCTTAAAATAGTTTAACACGGCTCTACAAACAATACGTAGTTAACTAGTTATGGTTGCATATCCAAAAGAAAAACCAACATAAAAGATTTTTTTTTTTGTTTCAAAATAAAAGTTGCATTTTTACATCATCAAGATTTAATCATCTCTTATTGCATTTCATAAGATCGATTTGTGTTCCATTATCAGGGCTATGCTGATGTTGTTACAGAAGATCCAATGAGCTATAACGAAGAAGGTTGGGTGGTATGTCGAGTGTTCAGGAAGAAGAACTATCAAAAGATTGACGATTGTCCTAAAATCACTCTATCTTCTTTACCTGATGACACGGAGGAAGAGAAGGGGCCCACCTTTCACAACACTCAAAACGTTACCGGTTTAGACCATGTTCTTCTCTACATGGACCGTACCGGTTCTAACATTTGCATGCCCGAGAGCCAAACAACGACTCAACATCAAGATGATGTCTTATTCATGCAACTCCCAAGTCTTGAGACACCTAAATCCGAGAGCCCGGTCGACCAAAGTTTCCTGACTCCAAGCAAACTCGATTTCTCTCCCGTTCAAGAGAAGATAACCGAAAGACCGGTTTGCAGCAACTGGGCTAGTCTTGACCGGCTCGTAGCTTGGCAATTGAACAATGGTCATCATAATCCGTGTCATCGTAAGAGTTTTGATGAAGAAGAAGAAAATGGTGATACTATGATGCAGCGATGGGATCTTCATTGGAATAATGATGATAATGTTGATCTTTGGAGTAGTTTCACTGAGTCTTCTTCGTCTTTAGACCCACTTCTTCATTTATCTGTATGATTATCTATACATACACATACACAAAATATAAAATAAAGTTTGTTAAAAAATGTCTCATGTTCTATTGATAGTACGTCTTGATTTTGGGGTTTAACATTTGTTAATGGTGGAGGG</Hsp_hseq>
      <Hsp_midline>||||||||||||||||||||||||||||||||||||||||||||||||||||||||||||||||||||||||||||||||||||||||||||||||||||||||||||||||||||||||||||||||||||||||||||||||||||||||||||||||||||||||||||||||||||||||||||||||||||||||||||||||||||||||||||||||||||||||||||||||||||||||||||||||||||||||||||||||||||||||||||||||||||||||||||||||||||||||||||||||||||||||||||||||||||||||||||||||||||||||||||||||||||||||||||||||||||||||||||||||||||||||||||||||||||||||||||||||||||||||||||||||||||||||||||||||||||||||||||||||||||||||||||||||||||||||||||||||||||||||||||||||||||||||||||||||||||||||||||||||||||||||||||||||||||||||||||||||||||||||||||||||||||||||||||||||||||||||||||||||||||||||||||||||||||||||||||||||||||||||||||||||||||||||||||||||||||||||||||||||||||||||||||||||||||||||||||||||||||||||||||||||||||||||||||||||||||||||||||||||||||||||||||||||||||||||||||||||||||||||||||||||||||||||||||||||||||||||||||||||||||||||||||||||||||||||||||||||||||||||||||||||||||||||||||||||||||||||||||||||||||||||||||||||||||||||||||||||||||||||||||||||||||||||||||||||||||||||||||||||||||||||||||||||||||||||||||||||||||||||||||||||||||||||||||||||||||||||||||||||||||||||||||||||||||||||||||||||||||||||||||||||||||||||||||||||||||||||||||||||||||||||||||||||||||||||||||||||||||||||||||||||||||||||||||||||||||||||||||||||||||||||||||||||||||||||||||||||||||||||||||||||||||||||||||||||||||||||||||||||||||||||||||||||||||||||||||||||||||||||||||||||||||||||||||||||||||||||||||||||||||||||||||||||||||||||||||||||||||||||||||||||||||||||||||||||||||||||||||||||||||||||||||||||||||||||||||||||||||||||||||||||||||||||||||||||||||||||||||||||||||||||||||||||||||||||||||||||||||||||||||||||||||||||||||||||||||||||||||||||||||||||||||||||||||||||||||||||||||||||||||||||||||||||||||||||||||||||||||||||||||||||||||||||||||||||||||||||||||||||||||||||||||||||||||||||||||||||||||||||||||||||||||||||||||||||||||||||||||||||||||||||||||||||||||||||||||||||||||||||||||||</Hsp_midline>
    </Hsp>
    <Hsp>
      <Hsp_num>2</Hsp_num>
      <Hsp_bit-score>195.148</Hsp_bit-score>
      <Hsp_score>215</Hsp_score>
      <Hsp_evalue>4.58297e-44</Hsp_evalue>
      <Hsp_query-from>250</Hsp_query-from>
      <Hsp_query-to>740</Hsp_query-to>
      <Hsp_hit-from>12072762</Hsp_hit-from>
      <Hsp_hit-to>12073246</Hsp_hit-to>
      <Hsp_query-frame>1</Hsp_query-frame>
      <Hsp_hit-frame>1</Hsp_hit-frame>
      <Hsp_identity>342</Hsp_identity>
      <Hsp_positive>342</Hsp_positive>
      <Hsp_gaps>12</Hsp_gaps>
      <Hsp_align-len>494</Hsp_align-len>
      <Hsp_qseq>GTGCCTCCAGGTTTCAGATTCCATCCCACCGAAGAAGAACTTCTCCATTACTATCTCCGTAAGAAAGTTAACTCTCAAAAGATCGATCTTGATGTCATTCGTGAAGTTGATCTAAACAAGCTTGAGCCTTGGGATATTCAAGGTTAAACCCTAAATATGAAAAAAAACTCTTTCATTTCTACGAACTCTCTATTTCTTTGTTCTTTATTTTTGAAC--CATTTTGGTAT-GCAAATGCAGAGGAATGTAGAATCGGTTCAACGCCACAAAACGACTGGTACTTCTTCAGCCACAAGGACAAGAAGTATCCAACCGGGACCAGGACGAACCGGGCAACAGTCGCTGGATTCTGGAAAGCTACCGGACGTGACAAAATCATCTGCAGTTGTGTCCGGAGAATTGGACTGAGGAAGACACTCGTGTTCTACAAAGGAAGAGCTCCTCACGGTCAGAAATCCGACTGGATCATGCATGAGTATCGCCTCGACGATACT</Hsp_qseq>
      <Hsp_hseq>GTACCGCCTGGTTTTCGGTTTCATCCAACGGACGAAGAACTTCTTCATTACTACTTGAAGAAGAAGATTTCTTATGAAAAGTTTGAGATGGAAGTCATCAAAGAGGTTGATTTGAACAAGATTGAGCCGTGGGATTTACAAGGTACGTTCTTT--TATTAATAATACATATACGAT-----CCAATCCTCTAGTTATAT--TAGATACTATACAAAAGCATTTTTTTTTTGTTTTTGTAGATAGATGCAAAATAGGATCAACGCCACAAAATGAGTGGTATTTCTTCAGCCACAAGGATAGGAAATATCCGACAGGGTCAAGGACAAACCGTGCAACCCACTCCGGTTTTTGGAAGGCGACAGGACGTGACAAATGCATAAGAAATTCTTACAAGAAGATCGGCATGAGGAAGACTCTTGTATTCTACAAAGGAAGAGCTCCTCATGGCCAAAAGACAGATTGGATCATGCACGAGTACCGTATCGAAGACACT</Hsp_hseq>
      <Hsp_midline>|| || || |||||  | || ||||| || || ||||||||||| ||||||||  |    |||||  ||   | | ||||| | ||  | || |||||    || |||||| | |||||| ||||||| |||||| | ||||||     | |   ||| || || |  | |   ||     | ||  ||||| || | |  |   || | |  ||   ||||||  | | |    || |||   ||| | ||| || |||||||||||||| || ||||| ||||||||||||||||| | ||| ||||| || ||| | ||||| ||||| |||||   | | || || ||||| || || ||||||||||||  |||  | | || |  |  ||  || ||  |||||||||| || || ||||||||||||||||||||||| || || ||  | || ||||||||||| ||||| ||  |||| || |||</Hsp_midline>
    </Hsp>
    <Hsp>
      <Hsp_num>3</Hsp_num>
      <Hsp_bit-score>189.738</Hsp_bit-score>
      <Hsp_score>209</Hsp_score>
      <Hsp_evalue>1.94873e-42</Hsp_evalue>
      <Hsp_query-from>481</Hsp_query-from>
      <Hsp_query-to>738</Hsp_query-to>
      <Hsp_hit-from>29942038</Hsp_hit-from>
      <Hsp_hit-to>29941778</Hsp_hit-to>
      <Hsp_query-frame>1</Hsp_query-frame>
      <Hsp_hit-frame>-1</Hsp_hit-frame>
      <Hsp_identity>201</Hsp_identity>
      <Hsp_positive>201</Hsp_positive>
      <Hsp_gaps>5</Hsp_gaps>
      <Hsp_align-len>262</Hsp_align-len>
      <Hsp_qseq>ATGCAGAGGAATGTAGAATCGGTTCAACGCCACAAAACGACTGGTACTTCTTCAGCCACAAGGACAAGAAGTATCCAACCGGGACCAGGACGAACCGGGCAACAGTCGCTGGATTCTGGAAAGCTACCGGACGTGACAAA---AT-CATCTGCAGTTGTGTCCGGAGAATTGGACTGAGGAAGACACTCGTGTTCTACAAAGGAAGAGCTCCTCACGGTCAGAAATCCGACTGGATCATGCATGAGTATCGCCTCGACGATA</Hsp_qseq>
      <Hsp_hseq>ATGTAGAGAAATGCAGAATCGGGTCGGGTCCTCAAAACGAGTGGTATTTCTTTAGCCACAAGGACAAGAAATATCCGACTGGGACCCGAACGAACCGGGCGACAGCAGCCGGGTTCTGGAAAGCTACTGGTAGAGACAAATCCATACATCT-CAACAGCTCCAAGAAGATTGGACTTCGTAAGACTCTTGTCTTCTACACTGGTCGTGCTCCTCATGGCCAAAAAACCGAATGGATCATGCACGAATATCGCTTGGACGATA</Hsp_hseq>
      <Hsp_midline>||| |||| |||| |||||||| ||    || |||||||| ||||| ||||| ||||||||||||||||| ||||| || |||||| | ||||||||||| ||||  || || |||||||||||||| ||  | ||||||   || ||||| ||   |   |  ||  ||||||||  | ||||| || || |||||||  ||  | |||||||| || || ||| |||| ||||||||||| || |||||| | |||||||</Hsp_midline>
    </Hsp>
    <Hsp>
      <Hsp_num>4</Hsp_num>
      <Hsp_bit-score>128.424</Hsp_bit-score>
      <Hsp_score>141</Hsp_score>
      <Hsp_evalue>5.58813e-24</Hsp_evalue>
      <Hsp_query-from>513</Hsp_query-from>
      <Hsp_query-to>731</Hsp_query-to>
      <Hsp_hit-from>27076812</Hsp_hit-from>
      <Hsp_hit-to>27077030</Hsp_hit-to>
      <Hsp_query-frame>1</Hsp_query-frame>
      <Hsp_hit-frame>1</Hsp_hit-frame>
      <Hsp_identity>166</Hsp_identity>
      <Hsp_positive>166</Hsp_positive>
      <Hsp_gaps>14</Hsp_gaps>
      <Hsp_align-len>226</Hsp_align-len>
      <Hsp_qseq>CAAAACGACTGGTACTTCTTCAGCCACAAGGACAAGAAGTATCCAACCGGGACCAGGACGAACCGGGCAACAGTCGCTGGATTCTGGAAAGCTACCGGACGTGACAA-----AATCATC-TGCAGTTGTGTCCGGAGAATTGGACTGAGGAAGACACTCGTGTTCTACAAAGGAAGAGCTCCTCACGGTCAGAAA-TCCGACTGGATCATGCATGAGTATCGCCTC</Hsp_qseq>
      <Hsp_hseq>CAAAACGAGTGGTACTTCTTTAGTCATAAGGACAGGAAGTACCCTACCGGGACTAGGACCAACCGAGCCACTGCGGCTGGGTTCTGGAAAGCCACGGGTAGAGACAAGGCGGTACTATCAAAAAACAGTGTC------ATCGGAATGCGGAAGACACTTGTCTACTACAAGGGTCGAGCTCCTAATGG-AAGAAAGTCCGATTGGATCATGCACGAATACCGTCTC</Hsp_hseq>
      <Hsp_midline>|||||||| ||||||||||| || || ||||||| |||||| || |||||||| ||||| ||||| || || |  ||||| ||||||||||| || ||  | |||||      |  |||    |   |||||      || ||| || |||||||||| || | |||||| ||  |||||||| | ||  ||||| ||||| ||||||||||| || || || |||</Hsp_midline>
    </Hsp>
    <Hsp>
      <Hsp_num>5</Hsp_num>
      <Hsp_bit-score>125.719</Hsp_bit-score>
      <Hsp_score>138</Hsp_score>
      <Hsp_evalue>1.95045e-23</Hsp_evalue>
      <Hsp_query-from>519</Hsp_query-from>
      <Hsp_query-to>728</Hsp_query-to>
      <Hsp_hit-from>4164198</Hsp_hit-from>
      <Hsp_hit-to>4163989</Hsp_hit-to>
      <Hsp_query-frame>1</Hsp_query-frame>
      <Hsp_hit-frame>-1</Hsp_hit-frame>
      <Hsp_identity>156</Hsp_identity>
      <Hsp_positive>156</Hsp_positive>
      <Hsp_gaps>4</Hsp_gaps>
      <Hsp_align-len>212</Hsp_align-len>
      <Hsp_qseq>GACTGGTACTTCTTCAGCCACAAGGACAAGAAGTATCCAACCGGGACCAGGACGAACCGGGCAACAGTCGCTGGATTCTGGAAAGCTACCGGACGTGACAAAATCATCTGCAGTTGTGTC--CGGAGAATTGGACTGAGGAAGACACTCGTGTTCTACAAAGGAAGAGCTCCTCACGGTCAGAAATCCGACTGGATCATGCATGAGTATCGC</Hsp_qseq>
      <Hsp_hseq>GATTGGTACTTCTTTAGCCATAAAGACAAGAAGTATCCCACAGGGACTCGAACCAATAGAGCAACAAAAGCAGGGTTTTGGAAAGCCACCGGAAGAGATAAGGCTATCT--ATTTGAGGCATAGTCTAATTGGCATGAGGAAAACACTTGTGTTTTACAAGGGAAGAGCCCCAAATGGACAAAAGTCTGATTGGATCATGCACGAATACCGC</Hsp_hseq>
      <Hsp_midline>|| ||||||||||| ||||| || |||||||||||||| || |||||  | || ||  | ||||||   || || || |||||||| |||||| | || ||    ||||  | ||| | |   |   ||||||  ||||||| ||||| ||||| ||||| |||||||| ||  | || || || || || ||||||||||| || || |||</Hsp_midline>
    </Hsp>
    <Hsp>
      <Hsp_num>6</Hsp_num>
      <Hsp_bit-score>120.309</Hsp_bit-score>
      <Hsp_score>132</Hsp_score>
      <Hsp_evalue>8.29352e-22</Hsp_evalue>
      <Hsp_query-from>518</Hsp_query-from>
      <Hsp_query-to>728</Hsp_query-to>
      <Hsp_hit-from>23217625</Hsp_hit-from>
      <Hsp_hit-to>23217415</Hsp_hit-to>
      <Hsp_query-frame>1</Hsp_query-frame>
      <Hsp_hit-frame>-1</Hsp_hit-frame>
      <Hsp_identity>153</Hsp_identity>
      <Hsp_positive>153</Hsp_positive>
      <Hsp_gaps>0</Hsp_gaps>
      <Hsp_align-len>211</Hsp_align-len>
      <Hsp_qseq>CGACTGGTACTTCTTCAGCCACAAGGACAAGAAGTATCCAACCGGGACCAGGACGAACCGGGCAACAGTCGCTGGATTCTGGAAAGCTACCGGACGTGACAAAATCATCTGCAGTTGTGTCCGGAGAATTGGACTGAGGAAGACACTCGTGTTCTACAAAGGAAGAGCTCCTCACGGTCAGAAATCCGACTGGATCATGCATGAGTATCGC</Hsp_qseq>
      <Hsp_hseq>CGAATGGTACTTCTTTAGTCATAAAGACAAGAAGTATCCCACGGGAACTCGAACCAATAGAGCCACGAAAGCAGGATTTTGGAAAGCCACTGGAAGAGACAAGGCTATATATATAAGACATAGTCTTATCGGTATGAGGAAAACACTTGTGTTTTACAAAGGAAGAGCCCCAAATGGTCAGAAATCCGATTGGATCATGCACGAATATCGC</Hsp_hseq>
      <Hsp_midline>||| ||||||||||| || || || |||||||||||||| || || ||  | || ||  | || ||    || ||||| |||||||| || ||| | |||||    || |  |   |     |    || ||  ||||||| ||||| ||||| |||||||||||||| ||  | |||||||||||||| ||||||||||| || ||||||</Hsp_midline>
    </Hsp>
    <Hsp>
      <Hsp_num>7</Hsp_num>
      <Hsp_bit-score>94.1598</Hsp_bit-score>
      <Hsp_score>103</Hsp_score>
      <Hsp_evalue>1.15282e-13</Hsp_evalue>
      <Hsp_query-from>514</Hsp_query-from>
      <Hsp_query-to>737</Hsp_query-to>
      <Hsp_hit-from>26122514</Hsp_hit-from>
      <Hsp_hit-to>26122737</Hsp_hit-to>
      <Hsp_query-frame>1</Hsp_query-frame>
      <Hsp_hit-frame>1</Hsp_hit-frame>
      <Hsp_identity>155</Hsp_identity>
      <Hsp_positive>155</Hsp_positive>
      <Hsp_gaps>0</Hsp_gaps>
      <Hsp_align-len>224</Hsp_align-len>
      <Hsp_qseq>AAAACGACTGGTACTTCTTCAGCCACAAGGACAAGAAGTATCCAACCGGGACCAGGACGAACCGGGCAACAGTCGCTGGATTCTGGAAAGCTACCGGACGTGACAAAATCATCTGCAGTTGTGTCCGGAGAATTGGACTGAGGAAGACACTCGTGTTCTACAAAGGAAGAGCTCCTCACGGTCAGAAATCCGACTGGATCATGCATGAGTATCGCCTCGACGAT</Hsp_qseq>
      <Hsp_hseq>AAAATGAGTGGTATTTCTTCAGCCCTAGAGAAAGAAAATATCCAAACGGAGTCAGACCAAACCGGGCAGCTGTTTCCGGTTATTGGAAAGCAACCGGTACAGACAAAGCCATTCACAGCGGTTCAAGTAACGTAGGTGTCAAGAAAGCTCTAGTCTTCTACAAAGGTAGACCTCCTAAAGGAATCAAAACTGACTGGATCATGCATGAGTATCGTCTCCATGAT</Hsp_hseq>
      <Hsp_midline>|||| || ||||| ||||||||||  |  || |  || ||||||| |||   |||  | ||||||||| | ||  | || |  |||||||| |||||    ||||||  |||   |||  ||    | |   | ||  | | |||  | || || ||||||||||| ||| ||||| | ||    ||| | ||||||||||||||||||||||| ||| | |||</Hsp_midline>
    </Hsp>
    <Hsp>
      <Hsp_num>8</Hsp_num>
      <Hsp_bit-score>89.6514</Hsp_bit-score>
      <Hsp_score>98</Hsp_score>
      <Hsp_evalue>1.40442e-12</Hsp_evalue>
      <Hsp_query-from>519</Hsp_query-from>
      <Hsp_query-to>733</Hsp_query-to>
      <Hsp_hit-from>28673475</Hsp_hit-from>
      <Hsp_hit-to>28673255</Hsp_hit-to>
      <Hsp_query-frame>1</Hsp_query-frame>
      <Hsp_hit-frame>-1</Hsp_hit-frame>
      <Hsp_identity>153</Hsp_identity>
      <Hsp_positive>153</Hsp_positive>
      <Hsp_gaps>6</Hsp_gaps>
      <Hsp_align-len>221</Hsp_align-len>
      <Hsp_qseq>GACTGGTACTTCTTCAGCCACAAGGACAAGAAGTATCCAACCGGGACCAGGACGAACCGGGCAACAGTCGCTGGATTCTGGAAAGCTACCGGACGTGACAA---AATCATCT---GCAGTTGTGTCCGGAGAATTGGACTGAGGAAGACACTCGTGTTCTACAAAGGAAGAGCTCCTCACGGTCAGAAATCCGACTGGATCATGCATGAGTATCGCCTCGA</Hsp_qseq>
      <Hsp_hseq>GAGTGGTACTTTTATAGTCTAAGGGACAGGAAATATCCGACAGGTTTGAGGACTAACAGAGCAACTACTGCTGGATACTGGAAAGCTACCGGCAAAGATAAGGAAGTCTTCTCCGGCGGAGGAGGACAGCTTGTTGGGATGAAGAAGACGTTGGTGTTCTACAAAGGTAGGGCTCCACGTGGCCTCAAGACTAAGTGGGTCATGCATGAGTATCGCCTCGA</Hsp_hseq>
      <Hsp_midline>|| |||||||| |  || |  | ||||| ||| ||||| || ||    ||||| ||| | |||||    ||||||| |||||||||||||||    || ||   | || |||   || |  | |  | |    ||||  ||| ||||||  | |||||||||||||| || ||||| |  || |  ||  |  | ||| ||||||||||||||||||||||</Hsp_midline>
    </Hsp>
    <Hsp>
      <Hsp_num>9</Hsp_num>
      <Hsp_bit-score>87.848</Hsp_bit-score>
      <Hsp_score>96</Hsp_score>
      <Hsp_evalue>4.9019e-12</Hsp_evalue>
      <Hsp_query-from>250</Hsp_query-from>
      <Hsp_query-to>397</Hsp_query-to>
      <Hsp_hit-from>29942877</Hsp_hit-from>
      <Hsp_hit-to>29942730</Hsp_hit-to>
      <Hsp_query-frame>1</Hsp_query-frame>
      <Hsp_hit-frame>-1</Hsp_hit-frame>
      <Hsp_identity>108</Hsp_identity>
      <Hsp_positive>108</Hsp_positive>
      <Hsp_gaps>0</Hsp_gaps>
      <Hsp_align-len>148</Hsp_align-len>
      <Hsp_qseq>GTGCCTCCAGGTTTCAGATTCCATCCCACCGAAGAAGAACTTCTCCATTACTATCTCCGTAAGAAAGTTAACTCTCAAAAGATCGATCTTGATGTCATTCGTGAAGTTGATCTAAACAAGCTTGAGCCTTGGGATATTCAAGGTTAAA</Hsp_qseq>
      <Hsp_hseq>GTGCCTCCGGGATTCCGGTTTCATCCAACGGAGGAGGAGCTTCTTTACTATTACCTCAAGAAGAAGGTTTCTTATGAACCAATTGATTTAGATGTAATTAGAGAAGTTGATCTCAACAAGCTGGAACCTTGGGAACTTAAAGGTAAAA</Hsp_hseq>
      <Hsp_midline>|||||||| || ||| | || ||||| || || || || |||||  | || || |||   ||||| |||   | | ||   || ||| | ||||| ||| | ||||||||||| |||||||| || ||||||||  || ||||| |||</Hsp_midline>
    </Hsp>
    <Hsp>
      <Hsp_num>10</Hsp_num>
      <Hsp_bit-score>73.4211</Hsp_bit-score>
      <Hsp_score>80</Hsp_score>
      <Hsp_evalue>1.07972e-07</Hsp_evalue>
      <Hsp_query-from>514</Hsp_query-from>
      <Hsp_query-to>731</Hsp_query-to>
      <Hsp_hit-from>19698148</Hsp_hit-from>
      <Hsp_hit-to>19697931</Hsp_hit-to>
      <Hsp_query-frame>1</Hsp_query-frame>
      <Hsp_hit-frame>-1</Hsp_hit-frame>
      <Hsp_identity>149</Hsp_identity>
      <Hsp_positive>149</Hsp_positive>
      <Hsp_gaps>2</Hsp_gaps>
      <Hsp_align-len>219</Hsp_align-len>
      <Hsp_qseq>AAAACGACTGGTACTTCTTCAGCCACAAGGACAAGAAGTATCCAACCGGGACCAGGACGAACCGGGCAACAGTCGCTGGATTCTGGAAAGCTACCGG-ACGTGACAAAATCATCTGCAGTTGTGTCCGGAGAATTGGACTGAGGAAGACACTCGTGTTCTACAAAGGAAGAGCTCCTCACGGTCAGAAATCCGACTGGATCATGCATGAGTATCGCCTC</Hsp_qseq>
      <Hsp_hseq>AAAAAGAATGGTATTTTTTTAGTCCTAGGGATAGAAAATATCCAAACGGGTCAAGACCTAACCGGGTTGCCGGATCGGGTTATTGGAAAGCTACGGGTACG-GATAAAATAATCTCGACGGAAGGACAAAGAGTTGGTATTAAAAAAGCTTTGGTGTTTTACATCGGAAAAGCTCCTAAAGGTACTAAAACCAATTGGATCATGCATGAGTATCGTCTC</Hsp_hseq>
      <Hsp_midline>|||| || ||||| || || || |  | ||| |  || ||||||| |||| | ||  | |||||||   | |   | || |  ||||||||||| || ||| || ||||| ||||  |     |  |  ||| ||||  | |  ||  |  | ||||| ||||  |||| ||||||| | |||   ||| || | |||||||||||||||||||| |||</Hsp_midline>
    </Hsp>
    <Hsp>
      <Hsp_num>11</Hsp_num>
      <Hsp_bit-score>71.6177</Hsp_bit-score>
      <Hsp_score>78</Hsp_score>
      <Hsp_evalue>3.76858e-07</Hsp_evalue>
      <Hsp_query-from>519</Hsp_query-from>
      <Hsp_query-to>731</Hsp_query-to>
      <Hsp_hit-from>20280551</Hsp_hit-from>
      <Hsp_hit-to>20280339</Hsp_hit-to>
      <Hsp_query-frame>1</Hsp_query-frame>
      <Hsp_hit-frame>-1</Hsp_hit-frame>
      <Hsp_identity>152</Hsp_identity>
      <Hsp_positive>152</Hsp_positive>
      <Hsp_gaps>16</Hsp_gaps>
      <Hsp_align-len>221</Hsp_align-len>
      <Hsp_qseq>GACTGGTACTTCTTCAGCCACAAGG-ACAAGAAGTATCCAACCGGGACCAGGACGAACCGGGCAACAGTCGCTGGATTCTGGAAAGCTACCGGACGTGACAAAATCATCTGCAGTTGTGTC--CGGAGA-----ATTGGACTGAGGAAGACACTCGTGTTCTACAAAGGAAGAGCTCCTCACGGTCAGAAATCCGACTGGATCATGCATGAGTATCGCCTC</Hsp_qseq>
      <Hsp_hseq>GAATGGTACTTTTACAGC-ACAAGGGATAAGAAGTATCCAAATGGCTCTAGGACGAACCGTGCGACCCGAGCGGGTTACTGGAAGGCCACGGG----GA-AAGATC--GTACAGTAGAATCAAAGAAGATGAAGATGGGAATGAAGAAGACACTGGTTTATTATAGAGGAAGGGCTCCTCATGGCCTTCGTACTAATTGGGTCATGCATGAATATCGTCTC</Hsp_hseq>
      <Hsp_midline>|| |||||||| | |||| |||||| | |||||||||||||  ||  | ||||||||||| || ||    || || | |||||| || || ||    || || |||   | |||| |  ||   | |||     || ||| ||| ||||||||| || |  || | |||||| |||||||| || |      |  | ||| |||||||||| ||||| |||</Hsp_midline>
    </Hsp>
    <Hsp>
      <Hsp_num>12</Hsp_num>
      <Hsp_bit-score>70.716</Hsp_bit-score>
      <Hsp_score>77</Hsp_score>
      <Hsp_evalue>1.31536e-06</Hsp_evalue>
      <Hsp_query-from>516</Hsp_query-from>
      <Hsp_query-to>721</Hsp_query-to>
      <Hsp_hit-from>20947709</Hsp_hit-from>
      <Hsp_hit-to>20947504</Hsp_hit-to>
      <Hsp_query-frame>1</Hsp_query-frame>
      <Hsp_hit-frame>-1</Hsp_hit-frame>
      <Hsp_identity>139</Hsp_identity>
      <Hsp_positive>139</Hsp_positive>
      <Hsp_gaps>0</Hsp_gaps>
      <Hsp_align-len>206</Hsp_align-len>
      <Hsp_qseq>AACGACTGGTACTTCTTCAGCCACAAGGACAAGAAGTATCCAACCGGGACCAGGACGAACCGGGCAACAGTCGCTGGATTCTGGAAAGCTACCGGACGTGACAAAATCATCTGCAGTTGTGTCCGGAGAATTGGACTGAGGAAGACACTCGTGTTCTACAAAGGAAGAGCTCCTCACGGTCAGAAATCCGACTGGATCATGCATGA</Hsp_qseq>
      <Hsp_hseq>AAGGATTGGTATTTCTACAGCCAAAGAGACCGAAAATACGCGACGGGGCTGAGAACTAACCGAGCAACGGCCACCGGATATTGGAAAGCCACCGGCAAAGACAGAACCATTCTAAGAAAGGGTAAGCTAGTTGGGATGAGGAAGACATTGGTTTTCTATCAAGGTCGAGCTCCTCGAGGCCGTAAAACCGATTGGGTCATGCACGA</Hsp_hseq>
      <Hsp_midline>|| || ||||| |||| |||||| |  |||   || ||  | || |||   || || ||||| ||||| | | | ||||  |||||||| |||||    |||| || |||    ||    |    |  | ||||  ||||||||||| | || |||||  ||||  |||||||||  || |  ||| |||| ||| ||||||| ||</Hsp_midline>
    </Hsp>
    <Hsp>
      <Hsp_num>13</Hsp_num>
      <Hsp_bit-score>69.8143</Hsp_bit-score>
      <Hsp_score>76</Hsp_score>
      <Hsp_evalue>1.31536e-06</Hsp_evalue>
      <Hsp_query-from>251</Hsp_query-from>
      <Hsp_query-to>383</Hsp_query-to>
      <Hsp_hit-from>20280873</Hsp_hit-from>
      <Hsp_hit-to>20280741</Hsp_hit-to>
      <Hsp_query-frame>1</Hsp_query-frame>
      <Hsp_hit-frame>-1</Hsp_hit-frame>
      <Hsp_identity>95</Hsp_identity>
      <Hsp_positive>95</Hsp_positive>
      <Hsp_gaps>0</Hsp_gaps>
      <Hsp_align-len>133</Hsp_align-len>
      <Hsp_qseq>TGCCTCCAGGTTTCAGATTCCATCCCACCGAAGAAGAACTTCTCCATTACTATCTCCGTAAGAAAGTTAACTCTCAAAAGATCGATCTTGATGTCATTCGTGAAGTTGATCTAAACAAGCTTGAGCCTTGGGA</Hsp_qseq>
      <Hsp_hseq>TGCCTCCAGGATTCAGGTTTCATCCCACTGATGAAGAACTGGTGGCTTACTATCTTGATAGGAAGGTCAACGGCCAAGCCATTGAGCTCGAGATCATCCCAGAAGTTGATCTTTATAAATGCGAGCCATGGGA</Hsp_hseq>
      <Hsp_midline>|||||||||| ||||| || |||||||| || ||||||||  |   |||||||||   || ||| || |||   |||   || || || ||  |||| |  |||||||||||  | ||    ||||| |||||</Hsp_midline>
    </Hsp>
    <Hsp>
      <Hsp_num>14</Hsp_num>
      <Hsp_bit-score>63.5025</Hsp_bit-score>
      <Hsp_score>69</Hsp_score>
      <Hsp_evalue>0.000195217</Hsp_evalue>
      <Hsp_query-from>516</Hsp_query-from>
      <Hsp_query-to>736</Hsp_query-to>
      <Hsp_hit-from>268737</Hsp_hit-from>
      <Hsp_hit-to>268954</Hsp_hit-to>
      <Hsp_query-frame>1</Hsp_query-frame>
      <Hsp_hit-frame>1</Hsp_hit-frame>
      <Hsp_identity>148</Hsp_identity>
      <Hsp_positive>148</Hsp_positive>
      <Hsp_gaps>5</Hsp_gaps>
      <Hsp_align-len>222</Hsp_align-len>
      <Hsp_qseq>AACGACTGGTACTTCTTCAGCCACAAGGACAAGAAGTATCCAACCGGGACCAGGACGAACCGGGCAACAGTCGCTGGATTCTGGAAAGCTACCGGACGTGACAAAATCATCTG-CAGTTGTGTCCGGAGAATTGGACTGAGGAAGACACTCGTGTTCTACAAAGGAAGAGCTCCTCACGGTCAGAAATCCGACTGGATCATGCATGAGTATCGCCTCGACGA</Hsp_qseq>
      <Hsp_hseq>AAGGAATGGTACTTCTTCTCTCCCAGGGACAGAAAATATCCCAACGGTTCGCGTCCTAACCGGTCCGCTGGTTCTGGTTACTGGAAAGCTACCGGAGCTGATAAACCGATCGGACTACCTAAACCGG----TCGGAATTAAGAAAGCTCTTGTTTTCTACGCCGGCAAAGCTCCAAAGGGAGAGAAAACCAATTGGATCATGCACGAGTACCGTCTCGCCGA</Hsp_hseq>
      <Hsp_midline>|| || ||||||||||||   | || |||||  || ||||| | |||  |  |  | |||||| |  | |   |||| | ||||||||||||||||  ||| |||   ||| | |        ||||    | ||| | | |||  | || || ||||||   || | ||||||  | ||  ||||| || | ||||||||||| ||||| || |||| |||</Hsp_midline>
    </Hsp>
    <Hsp>
      <Hsp_num>15</Hsp_num>
      <Hsp_bit-score>62.6008</Hsp_bit-score>
      <Hsp_score>68</Hsp_score>
      <Hsp_evalue>0.000195217</Hsp_evalue>
      <Hsp_query-from>646</Hsp_query-from>
      <Hsp_query-to>724</Hsp_query-to>
      <Hsp_hit-from>12449365</Hsp_hit-from>
      <Hsp_hit-to>12449443</Hsp_hit-to>
      <Hsp_query-frame>1</Hsp_query-frame>
      <Hsp_hit-frame>1</Hsp_hit-frame>
      <Hsp_identity>61</Hsp_identity>
      <Hsp_positive>61</Hsp_positive>
      <Hsp_gaps>0</Hsp_gaps>
      <Hsp_align-len>79</Hsp_align-len>
      <Hsp_qseq>TTGGACTGAGGAAGACACTCGTGTTCTACAAAGGAAGAGCTCCTCACGGTCAGAAATCCGACTGGATCATGCATGAGTA</Hsp_qseq>
      <Hsp_hseq>TTGGACTCAAGAAGACTCTTGTTTTCTATAGAGGTCGTGCTCCTAATGGTGAGAGAACTGACTGGGTGATGCATGAGTA</Hsp_hseq>
      <Hsp_midline>||||||| | |||||| || || ||||| | |||  | |||||| | ||| ||| | | |||||| | |||||||||||</Hsp_midline>
    </Hsp>
    <Hsp>
      <Hsp_num>16</Hsp_num>
      <Hsp_bit-score>59.8958</Hsp_bit-score>
      <Hsp_score>65</Hsp_score>
      <Hsp_evalue>0.00237823</Hsp_evalue>
      <Hsp_query-from>549</Hsp_query-from>
      <Hsp_query-to>732</Hsp_query-to>
      <Hsp_hit-from>29100353</Hsp_hit-from>
      <Hsp_hit-to>29100533</Hsp_hit-to>
      <Hsp_query-frame>1</Hsp_query-frame>
      <Hsp_hit-frame>1</Hsp_hit-frame>
      <Hsp_identity>125</Hsp_identity>
      <Hsp_positive>125</Hsp_positive>
      <Hsp_gaps>5</Hsp_gaps>
      <Hsp_align-len>185</Hsp_align-len>
      <Hsp_qseq>AAGTATCCAACCGGGACCAGGACGAACCGGGCAACAGTCGCTGGATTCTGGAAAGCTACCGGACGTGACAAAATCATCTGCAGTTGT-GTCCGGAGAATTGGACTGAGGAAGACACTCGTGTTCTACAAAGGAAGAGCTCCTCACGGTCAGAAATCCGACTGGATCATGCATGAGTATCGCCTCG</Hsp_qseq>
      <Hsp_hseq>AAGTATCCAAACGGTTCAAGACCCAACCGTGCAGCTGGTACTGGATATTGGAAAGCTACCGGAGCTGATAAACCAATAGGTCGTCCTAAACCGG----TTGGTATTAAGAAGGCTCTAGTGTTTTACTCGGGAAAACCTCCAAATGGAGAGAAAACCAATTGGATTATGCACGAATACCGGCTCG</Hsp_hseq>
      <Hsp_midline>|||||||||| |||  | ||  | ||||| ||| | |   ||||||  |||||||||||||||  ||| |||   ||  |  ||  |   ||||    ||||  | | |||| | || ||||| |||   |||| | ||||  | ||  ||||| || | ||||| ||||| || || || ||||</Hsp_midline>
    </Hsp>
    <Hsp>
      <Hsp_num>17</Hsp_num>
      <Hsp_bit-score>52.6823</Hsp_bit-score>
      <Hsp_score>57</Hsp_score>
      <Hsp_evalue>0.352961</Hsp_evalue>
      <Hsp_query-from>251</Hsp_query-from>
      <Hsp_query-to>306</Hsp_query-to>
      <Hsp_hit-from>268490</Hsp_hit-from>
      <Hsp_hit-to>268545</Hsp_hit-to>
      <Hsp_query-frame>1</Hsp_query-frame>
      <Hsp_hit-frame>1</Hsp_hit-frame>
      <Hsp_identity>45</Hsp_identity>
      <Hsp_positive>45</Hsp_positive>
      <Hsp_gaps>0</Hsp_gaps>
      <Hsp_align-len>56</Hsp_align-len>
      <Hsp_qseq>TGCCTCCAGGTTTCAGATTCCATCCCACCGAAGAAGAACTTCTCCATTACTATCTC</Hsp_qseq>
      <Hsp_hseq>TGCCTCCAGGTTTCCGATTTCACCCTACCGATGAAGAGCTTGTCATGCACTATCTC</Hsp_hseq>
      <Hsp_midline>|||||||||||||| |||| || || ||||| ||||| ||| ||    ||||||||</Hsp_midline>
    </Hsp>
    <Hsp>
      <Hsp_num>18</Hsp_num>
      <Hsp_bit-score>48.1739</Hsp_bit-score>
      <Hsp_score>52</Hsp_score>
      <Hsp_evalue>4.29995</Hsp_evalue>
      <Hsp_query-from>251</Hsp_query-from>
      <Hsp_query-to>306</Hsp_query-to>
      <Hsp_hit-from>24524092</Hsp_hit-from>
      <Hsp_hit-to>24524037</Hsp_hit-to>
      <Hsp_query-frame>1</Hsp_query-frame>
      <Hsp_hit-frame>-1</Hsp_hit-frame>
      <Hsp_identity>44</Hsp_identity>
      <Hsp_positive>44</Hsp_positive>
      <Hsp_gaps>0</Hsp_gaps>
      <Hsp_align-len>56</Hsp_align-len>
      <Hsp_qseq>TGCCTCCAGGTTTCAGATTCCATCCCACCGAAGAAGAACTTCTCCATTACTATCTC</Hsp_qseq>
      <Hsp_hseq>TGCCTCCAGGTTTCCGGTTTCATCCAACAGACGAAGAGCTTGTCATATACTACCTC</Hsp_hseq>
      <Hsp_midline>|||||||||||||| | || ||||| || || ||||| ||| ||   ||||| |||</Hsp_midline>
    </Hsp>
  </Hit_hsps>
</Hit>
<Hit>
  <Hit_num>5</Hit_num>
  <Hit_id>gi|6671816|gb|AC017118.3|AC017118</Hit_id>
  <Hit_def>Genomic sequence for Arabidopsis thaliana BAC F6N18 from chromosome I, complete sequence</Hit_def>
  <Hit_accession>AC017118</Hit_accession>
  <Hit_len>92219</Hit_len>
  <Hit_hsps>
    <Hsp>
      <Hsp_num>1</Hsp_num>
      <Hsp_bit-score>3474.57</Hsp_bit-score>
      <Hsp_score>3852</Hsp_score>
      <Hsp_evalue>0</Hsp_evalue>
      <Hsp_query-from>1</Hsp_query-from>
      <Hsp_query-to>1926</Hsp_query-to>
      <Hsp_hit-from>77271</Hsp_hit-from>
      <Hsp_hit-to>75346</Hsp_hit-to>
      <Hsp_query-frame>1</Hsp_query-frame>
      <Hsp_hit-frame>-1</Hsp_hit-frame>
      <Hsp_identity>1926</Hsp_identity>
      <Hsp_positive>1926</Hsp_positive>
      <Hsp_gaps>0</Hsp_gaps>
      <Hsp_align-len>1926</Hsp_align-len>
      <Hsp_qseq>AAAGACACTTTAATGCATGAACTTCTTTGTTTAAATAACAATTTCCCCCTTTTGGGGGCTATGTCTCGTCGAGTCCTACCACCATTATAAATTATCTCATCGTTTGCTTTCTTTTTTTTAAGTTGTAACCATTTCCACTCGTAATCATACAACTTCTCTACTCTTCTAGAGCAAAAACCCAAAAATATATTGCTATCTTCGTTAATGGCTGATAATAAGGTCAATCTTTCGATTAATGGACAATCAAAAGTGCCTCCAGGTTTCAGATTCCATCCCACCGAAGAAGAACTTCTCCATTACTATCTCCGTAAGAAAGTTAACTCTCAAAAGATCGATCTTGATGTCATTCGTGAAGTTGATCTAAACAAGCTTGAGCCTTGGGATATTCAAGGTTAAACCCTAAATATGAAAAAAAACTCTTTCATTTCTACGAACTCTCTATTTCTTTGTTCTTTATTTTTGAACCATTTTGGTATGCAAATGCAGAGGAATGTAGAATCGGTTCAACGCCACAAAACGACTGGTACTTCTTCAGCCACAAGGACAAGAAGTATCCAACCGGGACCAGGACGAACCGGGCAACAGTCGCTGGATTCTGGAAAGCTACCGGACGTGACAAAATCATCTGCAGTTGTGTCCGGAGAATTGGACTGAGGAAGACACTCGTGTTCTACAAAGGAAGAGCTCCTCACGGTCAGAAATCCGACTGGATCATGCATGAGTATCGCCTCGACGATACTCCAATGTCTAATGTAAGTATATATAGCAATCATCAATTTGCAGTTTAGGTTAGAATAAACAAATTACAAACTTATAGTCAAAGAATTAGCTAGATTCGTTTCATGCTATAAAAGGTTTTGGTTCATTTAGTACGCACTAGAGCCTTCTTTTAGCATCTGCAATTAAAGTAATCGAACATGATTCTCTGAGTTACAATAAGATAATTTCTTATGAAATTAACACATCATATATACATTTATATAAAAAGATTTTTTCACAAGGCTTAAAATAGTTTAACACGGCTCTACAAACAATACGTAGTTAACTAGTTATGGTTGCATATCCAAAAGAAAAACCAACATAAAAGATTTTTTTTTTTGTTTCAAAATAAAAGTTGCATTTTTACATCATCAAGATTTAATCATCTCTTATTGCATTTCATAAGATCGATTTGTGTTCCATTATCAGGGCTATGCTGATGTTGTTACAGAAGATCCAATGAGCTATAACGAAGAAGGTTGGGTGGTATGTCGAGTGTTCAGGAAGAAGAACTATCAAAAGATTGACGATTGTCCTAAAATCACTCTATCTTCTTTACCTGATGACACGGAGGAAGAGAAGGGGCCCACCTTTCACAACACTCAAAACGTTACCGGTTTAGACCATGTTCTTCTCTACATGGACCGTACCGGTTCTAACATTTGCATGCCCGAGAGCCAAACAACGACTCAACATCAAGATGATGTCTTATTCATGCAACTCCCAAGTCTTGAGACACCTAAATCCGAGAGCCCGGTCGACCAAAGTTTCCTGACTCCAAGCAAACTCGATTTCTCTCCCGTTCAAGAGAAGATAACCGAAAGACCGGTTTGCAGCAACTGGGCTAGTCTTGACCGGCTCGTAGCTTGGCAATTGAACAATGGTCATCATAATCCGTGTCATCGTAAGAGTTTTGATGAAGAAGAAGAAAATGGTGATACTATGATGCAGCGATGGGATCTTCATTGGAATAATGATGATAATGTTGATCTTTGGAGTAGTTTCACTGAGTCTTCTTCGTCTTTAGACCCACTTCTTCATTTATCTGTATGATTATCTATACATACACATACACAAAATATAAAATAAAGTTTGTTAAAAAATGTCTCATGTTCTATTGATAGTACGTCTTGATTTTGGGGTTTAACATTTGTTAATGGTGGAGGG</Hsp_qseq>
      <Hsp_hseq>AAAGACACTTTAATGCATGAACTTCTTTGTTTAAATAACAATTTCCCCCTTTTGGGGGCTATGTCTCGTCGAGTCCTACCACCATTATAAATTATCTCATCGTTTGCTTTCTTTTTTTTAAGTTGTAACCATTTCCACTCGTAATCATACAACTTCTCTACTCTTCTAGAGCAAAAACCCAAAAATATATTGCTATCTTCGTTAATGGCTGATAATAAGGTCAATCTTTCGATTAATGGACAATCAAAAGTGCCTCCAGGTTTCAGATTCCATCCCACCGAAGAAGAACTTCTCCATTACTATCTCCGTAAGAAAGTTAACTCTCAAAAGATCGATCTTGATGTCATTCGTGAAGTTGATCTAAACAAGCTTGAGCCTTGGGATATTCAAGGTTAAACCCTAAATATGAAAAAAAACTCTTTCATTTCTACGAACTCTCTATTTCTTTGTTCTTTATTTTTGAACCATTTTGGTATGCAAATGCAGAGGAATGTAGAATCGGTTCAACGCCACAAAACGACTGGTACTTCTTCAGCCACAAGGACAAGAAGTATCCAACCGGGACCAGGACGAACCGGGCAACAGTCGCTGGATTCTGGAAAGCTACCGGACGTGACAAAATCATCTGCAGTTGTGTCCGGAGAATTGGACTGAGGAAGACACTCGTGTTCTACAAAGGAAGAGCTCCTCACGGTCAGAAATCCGACTGGATCATGCATGAGTATCGCCTCGACGATACTCCAATGTCTAATGTAAGTATATATAGCAATCATCAATTTGCAGTTTAGGTTAGAATAAACAAATTACAAACTTATAGTCAAAGAATTAGCTAGATTCGTTTCATGCTATAAAAGGTTTTGGTTCATTTAGTACGCACTAGAGCCTTCTTTTAGCATCTGCAATTAAAGTAATCGAACATGATTCTCTGAGTTACAATAAGATAATTTCTTATGAAATTAACACATCATATATACATTTATATAAAAAGATTTTTTCACAAGGCTTAAAATAGTTTAACACGGCTCTACAAACAATACGTAGTTAACTAGTTATGGTTGCATATCCAAAAGAAAAACCAACATAAAAGATTTTTTTTTTTGTTTCAAAATAAAAGTTGCATTTTTACATCATCAAGATTTAATCATCTCTTATTGCATTTCATAAGATCGATTTGTGTTCCATTATCAGGGCTATGCTGATGTTGTTACAGAAGATCCAATGAGCTATAACGAAGAAGGTTGGGTGGTATGTCGAGTGTTCAGGAAGAAGAACTATCAAAAGATTGACGATTGTCCTAAAATCACTCTATCTTCTTTACCTGATGACACGGAGGAAGAGAAGGGGCCCACCTTTCACAACACTCAAAACGTTACCGGTTTAGACCATGTTCTTCTCTACATGGACCGTACCGGTTCTAACATTTGCATGCCCGAGAGCCAAACAACGACTCAACATCAAGATGATGTCTTATTCATGCAACTCCCAAGTCTTGAGACACCTAAATCCGAGAGCCCGGTCGACCAAAGTTTCCTGACTCCAAGCAAACTCGATTTCTCTCCCGTTCAAGAGAAGATAACCGAAAGACCGGTTTGCAGCAACTGGGCTAGTCTTGACCGGCTCGTAGCTTGGCAATTGAACAATGGTCATCATAATCCGTGTCATCGTAAGAGTTTTGATGAAGAAGAAGAAAATGGTGATACTATGATGCAGCGATGGGATCTTCATTGGAATAATGATGATAATGTTGATCTTTGGAGTAGTTTCACTGAGTCTTCTTCGTCTTTAGACCCACTTCTTCATTTATCTGTATGATTATCTATACATACACATACACAAAATATAAAATAAAGTTTGTTAAAAAATGTCTCATGTTCTATTGATAGTACGTCTTGATTTTGGGGTTTAACATTTGTTAATGGTGGAGGG</Hsp_hseq>
      <Hsp_midline>||||||||||||||||||||||||||||||||||||||||||||||||||||||||||||||||||||||||||||||||||||||||||||||||||||||||||||||||||||||||||||||||||||||||||||||||||||||||||||||||||||||||||||||||||||||||||||||||||||||||||||||||||||||||||||||||||||||||||||||||||||||||||||||||||||||||||||||||||||||||||||||||||||||||||||||||||||||||||||||||||||||||||||||||||||||||||||||||||||||||||||||||||||||||||||||||||||||||||||||||||||||||||||||||||||||||||||||||||||||||||||||||||||||||||||||||||||||||||||||||||||||||||||||||||||||||||||||||||||||||||||||||||||||||||||||||||||||||||||||||||||||||||||||||||||||||||||||||||||||||||||||||||||||||||||||||||||||||||||||||||||||||||||||||||||||||||||||||||||||||||||||||||||||||||||||||||||||||||||||||||||||||||||||||||||||||||||||||||||||||||||||||||||||||||||||||||||||||||||||||||||||||||||||||||||||||||||||||||||||||||||||||||||||||||||||||||||||||||||||||||||||||||||||||||||||||||||||||||||||||||||||||||||||||||||||||||||||||||||||||||||||||||||||||||||||||||||||||||||||||||||||||||||||||||||||||||||||||||||||||||||||||||||||||||||||||||||||||||||||||||||||||||||||||||||||||||||||||||||||||||||||||||||||||||||||||||||||||||||||||||||||||||||||||||||||||||||||||||||||||||||||||||||||||||||||||||||||||||||||||||||||||||||||||||||||||||||||||||||||||||||||||||||||||||||||||||||||||||||||||||||||||||||||||||||||||||||||||||||||||||||||||||||||||||||||||||||||||||||||||||||||||||||||||||||||||||||||||||||||||||||||||||||||||||||||||||||||||||||||||||||||||||||||||||||||||||||||||||||||||||||||||||||||||||||||||||||||||||||||||||||||||||||||||||||||||||||||||||||||||||||||||||||||||||||||||||||||||||||||||||||||||||||||||||||||||||||||||||||||||||||||||||||||||||||||||||||||||||||||||||||||||||||||||||||||||||||||||||||||||||||||||||||||||||||||||||||||||||||||||||||||||||||||||||||||||||||||||||||||||||||||||||||||||||||||||||||||||||||||||||||||||||||||||||||||||||||||||||||||||||||||</Hsp_midline>
    </Hsp>
  </Hit_hsps>
</Hit>
<Hit>
  <Hit_num>6</Hit_num>
  <Hit_id>gi|1731306397|emb|LR699770.1|</Hit_id>
  <Hit_def>Arabidopsis thaliana genome assembly, chromosome: 1</Hit_def>
  <Hit_accession>LR699770</Hit_accession>
  <Hit_len>30044432</Hit_len>
  <Hit_hsps>
    <Hsp>
      <Hsp_num>1</Hsp_num>
      <Hsp_bit-score>3470.07</Hsp_bit-score>
      <Hsp_score>3847</Hsp_score>
      <Hsp_evalue>0</Hsp_evalue>
      <Hsp_query-from>1</Hsp_query-from>
      <Hsp_query-to>1926</Hsp_query-to>
      <Hsp_hit-from>11934553</Hsp_hit-from>
      <Hsp_hit-to>11932628</Hsp_hit-to>
      <Hsp_query-frame>1</Hsp_query-frame>
      <Hsp_hit-frame>-1</Hsp_hit-frame>
      <Hsp_identity>1925</Hsp_identity>
      <Hsp_positive>1925</Hsp_positive>
      <Hsp_gaps>0</Hsp_gaps>
      <Hsp_align-len>1926</Hsp_align-len>
      <Hsp_qseq>AAAGACACTTTAATGCATGAACTTCTTTGTTTAAATAACAATTTCCCCCTTTTGGGGGCTATGTCTCGTCGAGTCCTACCACCATTATAAATTATCTCATCGTTTGCTTTCTTTTTTTTAAGTTGTAACCATTTCCACTCGTAATCATACAACTTCTCTACTCTTCTAGAGCAAAAACCCAAAAATATATTGCTATCTTCGTTAATGGCTGATAATAAGGTCAATCTTTCGATTAATGGACAATCAAAAGTGCCTCCAGGTTTCAGATTCCATCCCACCGAAGAAGAACTTCTCCATTACTATCTCCGTAAGAAAGTTAACTCTCAAAAGATCGATCTTGATGTCATTCGTGAAGTTGATCTAAACAAGCTTGAGCCTTGGGATATTCAAGGTTAAACCCTAAATATGAAAAAAAACTCTTTCATTTCTACGAACTCTCTATTTCTTTGTTCTTTATTTTTGAACCATTTTGGTATGCAAATGCAGAGGAATGTAGAATCGGTTCAACGCCACAAAACGACTGGTACTTCTTCAGCCACAAGGACAAGAAGTATCCAACCGGGACCAGGACGAACCGGGCAACAGTCGCTGGATTCTGGAAAGCTACCGGACGTGACAAAATCATCTGCAGTTGTGTCCGGAGAATTGGACTGAGGAAGACACTCGTGTTCTACAAAGGAAGAGCTCCTCACGGTCAGAAATCCGACTGGATCATGCATGAGTATCGCCTCGACGATACTCCAATGTCTAATGTAAGTATATATAGCAATCATCAATTTGCAGTTTAGGTTAGAATAAACAAATTACAAACTTATAGTCAAAGAATTAGCTAGATTCGTTTCATGCTATAAAAGGTTTTGGTTCATTTAGTACGCACTAGAGCCTTCTTTTAGCATCTGCAATTAAAGTAATCGAACATGATTCTCTGAGTTACAATAAGATAATTTCTTATGAAATTAACACATCATATATACATTTATATAAAAAGATTTTTTCACAAGGCTTAAAATAGTTTAACACGGCTCTACAAACAATACGTAGTTAACTAGTTATGGTTGCATATCCAAAAGAAAAACCAACATAAAAGATTTTTTTTTTTGTTTCAAAATAAAAGTTGCATTTTTACATCATCAAGATTTAATCATCTCTTATTGCATTTCATAAGATCGATTTGTGTTCCATTATCAGGGCTATGCTGATGTTGTTACAGAAGATCCAATGAGCTATAACGAAGAAGGTTGGGTGGTATGTCGAGTGTTCAGGAAGAAGAACTATCAAAAGATTGACGATTGTCCTAAAATCACTCTATCTTCTTTACCTGATGACACGGAGGAAGAGAAGGGGCCCACCTTTCACAACACTCAAAACGTTACCGGTTTAGACCATGTTCTTCTCTACATGGACCGTACCGGTTCTAACATTTGCATGCCCGAGAGCCAAACAACGACTCAACATCAAGATGATGTCTTATTCATGCAACTCCCAAGTCTTGAGACACCTAAATCCGAGAGCCCGGTCGACCAAAGTTTCCTGACTCCAAGCAAACTCGATTTCTCTCCCGTTCAAGAGAAGATAACCGAAAGACCGGTTTGCAGCAACTGGGCTAGTCTTGACCGGCTCGTAGCTTGGCAATTGAACAATGGTCATCATAATCCGTGTCATCGTAAGAGTTTTGATGAAGAAGAAGAAAATGGTGATACTATGATGCAGCGATGGGATCTTCATTGGAATAATGATGATAATGTTGATCTTTGGAGTAGTTTCACTGAGTCTTCTTCGTCTTTAGACCCACTTCTTCATTTATCTGTATGATTATCTATACATACACATACACAAAATATAAAATAAAGTTTGTTAAAAAATGTCTCATGTTCTATTGATAGTACGTCTTGATTTTGGGGTTTAACATTTGTTAATGGTGGAGGG</Hsp_qseq>
      <Hsp_hseq>AAAGACACTTTAATGCATGAACTTCTTTGTTTAAATAACAATTTCCCCCTTTTGGGGGCTATGTCTCGTCGAGTCCTACCACCATTATAAATTATCTCATCGTTTGCTTTCTTTTTTTTAAGTTGTAACCATTTCCACTCGTAATCATACAACTTCTCTACTCTTCTAGAGCAAAAACCCAAAAATATATTGCTATCTTCGTTAATGGCTGATAATAAGGTCAATCTTTCGATTAATGGACAATCAAAAGTGCCTCCAGGTTTCAGATTCCATCCCACCGAAGAAGAACTTCTCCATTACTATCTCCGTAAGAAAGTTAACTCTCAAAAGATCGATCTTGATGTCATTCGTGAAGTTGATCTAAACAAGCTTGAGCCTTGGGATATTCAAGGTTAAACCCTAAATATGAAAAAAAACTCTTTCATTTCTACGAACTCTCTATTTCTTTGTTCTTTATTTTTGAACCATTTTGGTATGCAAATGCAGAGGAATGTAGAATCGGTTCAACGCCACAAAACGACTGGTACTTCTTCAGCCACAAGGACAAGAAGTATCCAACCGGGACCAGGACGAACCGGGCAACAGTCGCTGGATTCTGGAAAGCTACCGGACGTGACAAAATCATCTGCAGTTGTGTCCGGAGAATTGGACTGAGGAAGACACTCGTGTTCTACAAAGGAAGAGCTCCTCACGGTCAGAAATCCGACTGGATCATGCATGAGTATCGCCTCGACGATACTCCAATGTCTAATGTAAGTATATATAGCAATCATCAATTTGCAGTTTAGGTTAGAATAAACAAATTACAAACTTATAGTCAAAGAATTAGCTAGATTCGTTTCATGCTATAAAAGGTTTTGGTTCATTTAGTACGCACTAGAGCCTTCTTTTAGCATCTGCAATTAAAGTAATCGAACATGATTCTCTGAGTTACAATAAGATAATTTCTTATGAAATTAACACATCATATATACATTTATATAAAAAGATTTTTTCACAAGGCTTAAAATAGTTTAACACGGCTCTACAAACAATACGTAGTTAACTAGTTATGGTTGCATATCCAAAAGAAAAACCAACATAAAAGATTTTTTTTTTTGTTTCAAAATAAAAGTTGCATTTTTACATCATCAAGATTTAATCATCTCTTATTGCATTTCATAAGATCGATTTGTGTTCCATTATCAGGGCTATGCTGATGTTGTTACAGAAGATCCAATGAGCTATAACGAAGAAGGTTGGGTGGTATGTCGAGTGTTCAGGAAGAAGAACTATCAAAAGATTGACGATTGTCCTAAAATCACTCTATCTTCTTTACCTGATGACACGGAGGAAGAGAAGAGGCCCACCTTTCACAACACTCAAAACGTTACCGGTTTAGACCATGTTCTTCTCTACATGGACCGTACCGGTTCTAACATTTGCATGCCCGAGAGCCAAACAACGACTCAACATCAAGATGATGTCTTATTCATGCAACTCCCAAGTCTTGAGACACCTAAATCCGAGAGCCCGGTCGACCAAAGTTTCCTGACTCCAAGCAAACTCGATTTCTCTCCCGTTCAAGAGAAGATAACCGAAAGACCGGTTTGCAGCAACTGGGCTAGTCTTGACCGGCTCGTAGCTTGGCAATTGAACAATGGTCATCATAATCCGTGTCATCGTAAGAGTTTTGATGAAGAAGAAGAAAATGGTGATACTATGATGCAGCGATGGGATCTTCATTGGAATAATGATGATAATGTTGATCTTTGGAGTAGTTTCACTGAGTCTTCTTCGTCTTTAGACCCACTTCTTCATTTATCTGTATGATTATCTATACATACACATACACAAAATATAAAATAAAGTTTGTTAAAAAATGTCTCATGTTCTATTGATAGTACGTCTTGATTTTGGGGTTTAACATTTGTTAATGGTGGAGGG</Hsp_hseq>
      <Hsp_midline>||||||||||||||||||||||||||||||||||||||||||||||||||||||||||||||||||||||||||||||||||||||||||||||||||||||||||||||||||||||||||||||||||||||||||||||||||||||||||||||||||||||||||||||||||||||||||||||||||||||||||||||||||||||||||||||||||||||||||||||||||||||||||||||||||||||||||||||||||||||||||||||||||||||||||||||||||||||||||||||||||||||||||||||||||||||||||||||||||||||||||||||||||||||||||||||||||||||||||||||||||||||||||||||||||||||||||||||||||||||||||||||||||||||||||||||||||||||||||||||||||||||||||||||||||||||||||||||||||||||||||||||||||||||||||||||||||||||||||||||||||||||||||||||||||||||||||||||||||||||||||||||||||||||||||||||||||||||||||||||||||||||||||||||||||||||||||||||||||||||||||||||||||||||||||||||||||||||||||||||||||||||||||||||||||||||||||||||||||||||||||||||||||||||||||||||||||||||||||||||||||||||||||||||||||||||||||||||||||||||||||||||||||||||||||||||||||||||||||||||||||||||||||||||||||||||||||||||||||||||||||||||||||||||||||||||||||||||||||||||||||||||||||||||||||||||||||||||||||||||||||||||||||||||||||||||||||||||||||||||||||||||||||||||||||||||||||||||||||||||||||||||||||||||||||||||||||||||||||||||||||||||||||||||||||||||||||||||||||||||||||||||||||||||||||||||||||||||||||||||||||||||||||||||||||||||||||||||||||||||||||||||||||||||||||||||||||||||||||||||||||||||||||||||||||||||||||||||||||||||||||||||||||||||||||||| ||||||||||||||||||||||||||||||||||||||||||||||||||||||||||||||||||||||||||||||||||||||||||||||||||||||||||||||||||||||||||||||||||||||||||||||||||||||||||||||||||||||||||||||||||||||||||||||||||||||||||||||||||||||||||||||||||||||||||||||||||||||||||||||||||||||||||||||||||||||||||||||||||||||||||||||||||||||||||||||||||||||||||||||||||||||||||||||||||||||||||||||||||||||||||||||||||||||||||||||||||||||||||||||||||||||||||||||||||||||||||||||||||||||||||||||||||||||||||||||||||||||||||||||||||||||||||||||||||||||||||||||||||||||||||||||||||||||||||||||||||||||||||||||||||||||||</Hsp_midline>
    </Hsp>
    <Hsp>
      <Hsp_num>2</Hsp_num>
      <Hsp_bit-score>198.755</Hsp_bit-score>
      <Hsp_score>219</Hsp_score>
      <Hsp_evalue>3.76193e-45</Hsp_evalue>
      <Hsp_query-from>250</Hsp_query-from>
      <Hsp_query-to>765</Hsp_query-to>
      <Hsp_hit-from>12147471</Hsp_hit-from>
      <Hsp_hit-to>12147983</Hsp_hit-to>
      <Hsp_query-frame>1</Hsp_query-frame>
      <Hsp_hit-frame>1</Hsp_hit-frame>
      <Hsp_identity>361</Hsp_identity>
      <Hsp_positive>361</Hsp_positive>
      <Hsp_gaps>15</Hsp_gaps>
      <Hsp_align-len>522</Hsp_align-len>
      <Hsp_qseq>GTGCCTCCAGGTTTCAGATTCCATCCCACCGAAGAAGAACTTCTCCATTACTATCTCCGTAAGAAAGTTAACTCTCAAAAGATCGATCTTGATGTCATTCGTGAAGTTGATCTAAACAAGCTTGAGCCTTGGGATATTCAAGGTTAAACCCTAAATATGAAAAAAAACTCTTTCATTTCTACGAACTCTCTATTTCTTTGTTCTTTATTTTTGAAC--CATTTTGGTAT-GCAAATGCAGAGGAATGTAGAATCGGTTCAACGCCACAAAACGACTGGTACTTCTTCAGCCACAAGGACAAGAAGTATCCAACCGGGACCAGGACGAACCGGGCAACAGTCGCTGGATTCTGGAAAGCTACCGGACGTGACAAAATCATCTGCAGTTGTGTCCGGAGAATTGGACTGAGGAAGACACTCGTGTTCTACAAAGGAAGAGCTCCTCACGGTCAGAAATCCGACTGGATCATGCATGAGTATCGCCTCGACGATACTCCA-ATG--TCTAATGTAAGTATATATA</Hsp_qseq>
      <Hsp_hseq>GTACCGCCTGGTTTTCGGTTTCATCCAACGGACGAAGAACTTCTTCATTACTACTTGAAGAAGAAGATTTCTTATGAAAAGTTTGAGATGGAAGTCATCAAAGAGGTTGATTTGAACAAGATTGAGCCGTGGGATTTACAAGGTACGTTCTTT--TATTAATAATACATATACGAT-----CCAATCCTCTAGTTATAT--TAGATACTATACAAAAGCATTTTTTTTTTGTTTTTGTAGATAGATGCAAAATAGGATCAACGCCACAAAATGAGTGGTATTTCTTCAGCCACAAGGATAGGAAATATCCGACAGGGTCAAGGACAAACCGTGCAACCCACTCCGGTTTTTGGAAGGCGACAGGACGTGACAAATGCATAAGAAATTCTTACAAGAAGATCGGCATGAGGAAGACTCTTGTATTCTACAAAGGAAGAGCTCCTCATGGCCAAAAGACAGATTGGATCATGCACGAGTACCGTATCGAAGACACTGAAGATGACCCTTGTGTATGTATATATA</Hsp_hseq>
      <Hsp_midline>|| || || |||||  | || ||||| || || ||||||||||| ||||||||  |    |||||  ||   | | ||||| | ||  | || |||||    || |||||| | |||||| ||||||| |||||| | ||||||     | |   ||| || || |  | |   ||     | ||  ||||| || | |  |   || | |  ||   ||||||  | | |    || |||   ||| | ||| || |||||||||||||| || ||||| ||||||||||||||||| | ||| ||||| || ||| | ||||| ||||| |||||   | | || || ||||| || || ||||||||||||  |||  | | || |  |  ||  || ||  |||||||||| || || ||||||||||||||||||||||| || || ||  | || ||||||||||| ||||| ||  |||| || |||  | |||   ||  |||| |||||||||</Hsp_midline>
    </Hsp>
    <Hsp>
      <Hsp_num>3</Hsp_num>
      <Hsp_bit-score>189.738</Hsp_bit-score>
      <Hsp_score>209</Hsp_score>
      <Hsp_evalue>1.94873e-42</Hsp_evalue>
      <Hsp_query-from>481</Hsp_query-from>
      <Hsp_query-to>738</Hsp_query-to>
      <Hsp_hit-from>29564439</Hsp_hit-from>
      <Hsp_hit-to>29564179</Hsp_hit-to>
      <Hsp_query-frame>1</Hsp_query-frame>
      <Hsp_hit-frame>-1</Hsp_hit-frame>
      <Hsp_identity>201</Hsp_identity>
      <Hsp_positive>201</Hsp_positive>
      <Hsp_gaps>5</Hsp_gaps>
      <Hsp_align-len>262</Hsp_align-len>
      <Hsp_qseq>ATGCAGAGGAATGTAGAATCGGTTCAACGCCACAAAACGACTGGTACTTCTTCAGCCACAAGGACAAGAAGTATCCAACCGGGACCAGGACGAACCGGGCAACAGTCGCTGGATTCTGGAAAGCTACCGGACGTGACAAA---AT-CATCTGCAGTTGTGTCCGGAGAATTGGACTGAGGAAGACACTCGTGTTCTACAAAGGAAGAGCTCCTCACGGTCAGAAATCCGACTGGATCATGCATGAGTATCGCCTCGACGATA</Hsp_qseq>
      <Hsp_hseq>ATGTAGAGAAATGCAGAATCGGGTCGGGTCCTCAAAACGAGTGGTATTTCTTTAGCCACAAGGACAAGAAATATCCGACTGGGACCCGAACGAACCGGGCGACAGCAGCCGGGTTCTGGAAAGCTACTGGTAGAGACAAATCCATACATCT-CAACAGCTCCAAGAAGATTGGACTTCGTAAGACTCTTGTCTTCTACACTGGTCGTGCTCCTCATGGCCAAAAAACCGAATGGATCATGCACGAATATCGCTTGGACGATA</Hsp_hseq>
      <Hsp_midline>||| |||| |||| |||||||| ||    || |||||||| ||||| ||||| ||||||||||||||||| ||||| || |||||| | ||||||||||| ||||  || || |||||||||||||| ||  | ||||||   || ||||| ||   |   |  ||  ||||||||  | ||||| || || |||||||  ||  | |||||||| || || ||| |||| ||||||||||| || |||||| | |||||||</Hsp_midline>
    </Hsp>
    <Hsp>
      <Hsp_num>4</Hsp_num>
      <Hsp_bit-score>126.62</Hsp_bit-score>
      <Hsp_score>139</Hsp_score>
      <Hsp_evalue>1.95045e-23</Hsp_evalue>
      <Hsp_query-from>513</Hsp_query-from>
      <Hsp_query-to>730</Hsp_query-to>
      <Hsp_hit-from>26677825</Hsp_hit-from>
      <Hsp_hit-to>26678042</Hsp_hit-to>
      <Hsp_query-frame>1</Hsp_query-frame>
      <Hsp_hit-frame>1</Hsp_hit-frame>
      <Hsp_identity>165</Hsp_identity>
      <Hsp_positive>165</Hsp_positive>
      <Hsp_gaps>14</Hsp_gaps>
      <Hsp_align-len>225</Hsp_align-len>
      <Hsp_qseq>CAAAACGACTGGTACTTCTTCAGCCACAAGGACAAGAAGTATCCAACCGGGACCAGGACGAACCGGGCAACAGTCGCTGGATTCTGGAAAGCTACCGGACGTGACAA-----AATCATC-TGCAGTTGTGTCCGGAGAATTGGACTGAGGAAGACACTCGTGTTCTACAAAGGAAGAGCTCCTCACGGTCAGAAA-TCCGACTGGATCATGCATGAGTATCGCCT</Hsp_qseq>
      <Hsp_hseq>CAAAACGAATGGTACTTCTTTAGTCATAAGGACAGGAAGTACCCGACCGGGACTAGGACCAACCGAGCCACTGCGGCTGGGTTCTGGAAAGCCACGGGTAGAGACAAGGCGGTACTATCAAAGAACAGTGTC------ATCGGAATGCGGAAGACACTTGTCTACTACAAGGGTCGAGCTCCTAATGG-AAGAAAGTCCGATTGGATCATGCACGAATACCGTCT</Hsp_hseq>
      <Hsp_midline>|||||||| ||||||||||| || || ||||||| |||||| || |||||||| ||||| ||||| || || |  ||||| ||||||||||| || ||  | |||||      |  |||    |   |||||      || ||| || |||||||||| || | |||||| ||  |||||||| | ||  ||||| ||||| ||||||||||| || || || ||</Hsp_midline>
    </Hsp>
    <Hsp>
      <Hsp_num>5</Hsp_num>
      <Hsp_bit-score>125.719</Hsp_bit-score>
      <Hsp_score>138</Hsp_score>
      <Hsp_evalue>1.95045e-23</Hsp_evalue>
      <Hsp_query-from>519</Hsp_query-from>
      <Hsp_query-to>728</Hsp_query-to>
      <Hsp_hit-from>4177589</Hsp_hit-from>
      <Hsp_hit-to>4177380</Hsp_hit-to>
      <Hsp_query-frame>1</Hsp_query-frame>
      <Hsp_hit-frame>-1</Hsp_hit-frame>
      <Hsp_identity>156</Hsp_identity>
      <Hsp_positive>156</Hsp_positive>
      <Hsp_gaps>4</Hsp_gaps>
      <Hsp_align-len>212</Hsp_align-len>
      <Hsp_qseq>GACTGGTACTTCTTCAGCCACAAGGACAAGAAGTATCCAACCGGGACCAGGACGAACCGGGCAACAGTCGCTGGATTCTGGAAAGCTACCGGACGTGACAAAATCATCTGCAGTTGTGTC--CGGAGAATTGGACTGAGGAAGACACTCGTGTTCTACAAAGGAAGAGCTCCTCACGGTCAGAAATCCGACTGGATCATGCATGAGTATCGC</Hsp_qseq>
      <Hsp_hseq>GATTGGTACTTCTTTAGCCATAAAGACAAGAAGTATCCCACAGGGACTCGAACCAATAGAGCAACAAAAGCAGGGTTTTGGAAAGCCACCGGAAGAGATAAGGCTATCT--ATTTGAGGCATAGTCTAATTGGCATGAGGAAAACACTTGTGTTTTACAAGGGAAGAGCCCCAAATGGACAAAAGTCTGATTGGATCATGCACGAATACCGC</Hsp_hseq>
      <Hsp_midline>|| ||||||||||| ||||| || |||||||||||||| || |||||  | || ||  | ||||||   || || || |||||||| |||||| | || ||    ||||  | ||| | |   |   ||||||  ||||||| ||||| ||||| ||||| |||||||| ||  | || || || || || ||||||||||| || || |||</Hsp_midline>
    </Hsp>
    <Hsp>
      <Hsp_num>6</Hsp_num>
      <Hsp_bit-score>120.309</Hsp_bit-score>
      <Hsp_score>132</Hsp_score>
      <Hsp_evalue>8.29352e-22</Hsp_evalue>
      <Hsp_query-from>518</Hsp_query-from>
      <Hsp_query-to>728</Hsp_query-to>
      <Hsp_hit-from>22799640</Hsp_hit-from>
      <Hsp_hit-to>22799430</Hsp_hit-to>
      <Hsp_query-frame>1</Hsp_query-frame>
      <Hsp_hit-frame>-1</Hsp_hit-frame>
      <Hsp_identity>153</Hsp_identity>
      <Hsp_positive>153</Hsp_positive>
      <Hsp_gaps>0</Hsp_gaps>
      <Hsp_align-len>211</Hsp_align-len>
      <Hsp_qseq>CGACTGGTACTTCTTCAGCCACAAGGACAAGAAGTATCCAACCGGGACCAGGACGAACCGGGCAACAGTCGCTGGATTCTGGAAAGCTACCGGACGTGACAAAATCATCTGCAGTTGTGTCCGGAGAATTGGACTGAGGAAGACACTCGTGTTCTACAAAGGAAGAGCTCCTCACGGTCAGAAATCCGACTGGATCATGCATGAGTATCGC</Hsp_qseq>
      <Hsp_hseq>CGAATGGTACTTCTTTAGTCATAAAGACAAGAAGTATCCCACGGGAACTCGAACCAATAGAGCCACGAAAGCAGGATTTTGGAAAGCCACTGGAAGAGACAAGGCTATATATATAAGACATAGTCTTATCGGTATGAGGAAAACACTTGTGTTTTACAAAGGAAGAGCCCCAAATGGTCAGAAATCCGATTGGATCATGCACGAATATCGC</Hsp_hseq>
      <Hsp_midline>||| ||||||||||| || || || |||||||||||||| || || ||  | || ||  | || ||    || ||||| |||||||| || ||| | |||||    || |  |   |     |    || ||  ||||||| ||||| ||||| |||||||||||||| ||  | |||||||||||||| ||||||||||| || ||||||</Hsp_midline>
    </Hsp>
    <Hsp>
      <Hsp_num>7</Hsp_num>
      <Hsp_bit-score>94.1598</Hsp_bit-score>
      <Hsp_score>103</Hsp_score>
      <Hsp_evalue>1.15282e-13</Hsp_evalue>
      <Hsp_query-from>514</Hsp_query-from>
      <Hsp_query-to>737</Hsp_query-to>
      <Hsp_hit-from>25713294</Hsp_hit-from>
      <Hsp_hit-to>25713517</Hsp_hit-to>
      <Hsp_query-frame>1</Hsp_query-frame>
      <Hsp_hit-frame>1</Hsp_hit-frame>
      <Hsp_identity>155</Hsp_identity>
      <Hsp_positive>155</Hsp_positive>
      <Hsp_gaps>0</Hsp_gaps>
      <Hsp_align-len>224</Hsp_align-len>
      <Hsp_qseq>AAAACGACTGGTACTTCTTCAGCCACAAGGACAAGAAGTATCCAACCGGGACCAGGACGAACCGGGCAACAGTCGCTGGATTCTGGAAAGCTACCGGACGTGACAAAATCATCTGCAGTTGTGTCCGGAGAATTGGACTGAGGAAGACACTCGTGTTCTACAAAGGAAGAGCTCCTCACGGTCAGAAATCCGACTGGATCATGCATGAGTATCGCCTCGACGAT</Hsp_qseq>
      <Hsp_hseq>AAAATGAGTGGTATTTCTTCAGCCCTAGAGAAAGAAAATATCCAAACGGAGTCAGACCAAACCGGGCAGCTGTTTCCGGTTATTGGAAAGCAACCGGTACAGACAAAGCCATTCACAGCGGTTCAAGTAACGTAGGTGTCAAGAAAGCTCTAGTCTTCTACAAAGGTAGACCTCCTAAAGGAATCAAAACTGACTGGATCATGCATGAGTATCGTCTCCATGAT</Hsp_hseq>
      <Hsp_midline>|||| || ||||| ||||||||||  |  || |  || ||||||| |||   |||  | ||||||||| | ||  | || |  |||||||| |||||    ||||||  |||   |||  ||    | |   | ||  | | |||  | || || ||||||||||| ||| ||||| | ||    ||| | ||||||||||||||||||||||| ||| | |||</Hsp_midline>
    </Hsp>
    <Hsp>
      <Hsp_num>8</Hsp_num>
      <Hsp_bit-score>89.6514</Hsp_bit-score>
      <Hsp_score>98</Hsp_score>
      <Hsp_evalue>1.40442e-12</Hsp_evalue>
      <Hsp_query-from>519</Hsp_query-from>
      <Hsp_query-to>733</Hsp_query-to>
      <Hsp_hit-from>28286422</Hsp_hit-from>
      <Hsp_hit-to>28286202</Hsp_hit-to>
      <Hsp_query-frame>1</Hsp_query-frame>
      <Hsp_hit-frame>-1</Hsp_hit-frame>
      <Hsp_identity>153</Hsp_identity>
      <Hsp_positive>153</Hsp_positive>
      <Hsp_gaps>6</Hsp_gaps>
      <Hsp_align-len>221</Hsp_align-len>
      <Hsp_qseq>GACTGGTACTTCTTCAGCCACAAGGACAAGAAGTATCCAACCGGGACCAGGACGAACCGGGCAACAGTCGCTGGATTCTGGAAAGCTACCGGACGTGACAA---AATCATCT---GCAGTTGTGTCCGGAGAATTGGACTGAGGAAGACACTCGTGTTCTACAAAGGAAGAGCTCCTCACGGTCAGAAATCCGACTGGATCATGCATGAGTATCGCCTCGA</Hsp_qseq>
      <Hsp_hseq>GAGTGGTACTTTTATAGTCTAAGGGACAGGAAATATCCGACAGGTTTGAGGACTAACAGAGCAACTACTGCTGGATACTGGAAAGCTACCGGCAAAGATAAGGAAGTCTTCTCCGGCGGAGGAGGACAGCTTGTTGGGATGAAGAAGACGTTGGTGTTCTACAAAGGTAGGGCTCCACGTGGCCTCAAGACTAAGTGGGTCATGCATGAGTATCGCCTCGA</Hsp_hseq>
      <Hsp_midline>|| |||||||| |  || |  | ||||| ||| ||||| || ||    ||||| ||| | |||||    ||||||| |||||||||||||||    || ||   | || |||   || |  | |  | |    ||||  ||| ||||||  | |||||||||||||| || ||||| |  || |  ||  |  | ||| ||||||||||||||||||||||</Hsp_midline>
    </Hsp>
    <Hsp>
      <Hsp_num>9</Hsp_num>
      <Hsp_bit-score>87.848</Hsp_bit-score>
      <Hsp_score>96</Hsp_score>
      <Hsp_evalue>4.9019e-12</Hsp_evalue>
      <Hsp_query-from>250</Hsp_query-from>
      <Hsp_query-to>397</Hsp_query-to>
      <Hsp_hit-from>29565280</Hsp_hit-from>
      <Hsp_hit-to>29565133</Hsp_hit-to>
      <Hsp_query-frame>1</Hsp_query-frame>
      <Hsp_hit-frame>-1</Hsp_hit-frame>
      <Hsp_identity>108</Hsp_identity>
      <Hsp_positive>108</Hsp_positive>
      <Hsp_gaps>0</Hsp_gaps>
      <Hsp_align-len>148</Hsp_align-len>
      <Hsp_qseq>GTGCCTCCAGGTTTCAGATTCCATCCCACCGAAGAAGAACTTCTCCATTACTATCTCCGTAAGAAAGTTAACTCTCAAAAGATCGATCTTGATGTCATTCGTGAAGTTGATCTAAACAAGCTTGAGCCTTGGGATATTCAAGGTTAAA</Hsp_qseq>
      <Hsp_hseq>GTGCCTCCGGGATTCCGGTTTCATCCAACGGAGGAGGAGCTTCTTTACTATTACCTCAAGAAGAAGGTTTCTTATGAACCAATTGATTTAGATGTAATTAGAGAAGTTGATCTCAACAAGCTGGAACCTTGGGAACTTAAAGGTAAAA</Hsp_hseq>
      <Hsp_midline>|||||||| || ||| | || ||||| || || || || |||||  | || || |||   ||||| |||   | | ||   || ||| | ||||| ||| | ||||||||||| |||||||| || ||||||||  || ||||| |||</Hsp_midline>
    </Hsp>
    <Hsp>
      <Hsp_num>10</Hsp_num>
      <Hsp_bit-score>73.4211</Hsp_bit-score>
      <Hsp_score>80</Hsp_score>
      <Hsp_evalue>1.07972e-07</Hsp_evalue>
      <Hsp_query-from>514</Hsp_query-from>
      <Hsp_query-to>731</Hsp_query-to>
      <Hsp_hit-from>19340534</Hsp_hit-from>
      <Hsp_hit-to>19340317</Hsp_hit-to>
      <Hsp_query-frame>1</Hsp_query-frame>
      <Hsp_hit-frame>-1</Hsp_hit-frame>
      <Hsp_identity>149</Hsp_identity>
      <Hsp_positive>149</Hsp_positive>
      <Hsp_gaps>2</Hsp_gaps>
      <Hsp_align-len>219</Hsp_align-len>
      <Hsp_qseq>AAAACGACTGGTACTTCTTCAGCCACAAGGACAAGAAGTATCCAACCGGGACCAGGACGAACCGGGCAACAGTCGCTGGATTCTGGAAAGCTACCGG-ACGTGACAAAATCATCTGCAGTTGTGTCCGGAGAATTGGACTGAGGAAGACACTCGTGTTCTACAAAGGAAGAGCTCCTCACGGTCAGAAATCCGACTGGATCATGCATGAGTATCGCCTC</Hsp_qseq>
      <Hsp_hseq>AAAAAGAATGGTATTTTTTTAGTCCTAGGGATAGAAAATATCCAAACGGGTCAAGACCTAACCGGGTTGCCGGATCGGGTTATTGGAAAGCTACGGGTACG-GATAAAATAATCTCGACGGAAGGACAAAGAGTTGGTATTAAAAAAGCTTTGGTGTTTTACATCGGAAAAGCTCCTAAAGGTACTAAAACCAATTGGATCATGCATGAGTATCGTCTC</Hsp_hseq>
      <Hsp_midline>|||| || ||||| || || || |  | ||| |  || ||||||| |||| | ||  | |||||||   | |   | || |  ||||||||||| || ||| || ||||| ||||  |     |  |  ||| ||||  | |  ||  |  | ||||| ||||  |||| ||||||| | |||   ||| || | |||||||||||||||||||| |||</Hsp_midline>
    </Hsp>
    <Hsp>
      <Hsp_num>11</Hsp_num>
      <Hsp_bit-score>71.6177</Hsp_bit-score>
      <Hsp_score>78</Hsp_score>
      <Hsp_evalue>3.76858e-07</Hsp_evalue>
      <Hsp_query-from>519</Hsp_query-from>
      <Hsp_query-to>731</Hsp_query-to>
      <Hsp_hit-from>19893406</Hsp_hit-from>
      <Hsp_hit-to>19893194</Hsp_hit-to>
      <Hsp_query-frame>1</Hsp_query-frame>
      <Hsp_hit-frame>-1</Hsp_hit-frame>
      <Hsp_identity>152</Hsp_identity>
      <Hsp_positive>152</Hsp_positive>
      <Hsp_gaps>16</Hsp_gaps>
      <Hsp_align-len>221</Hsp_align-len>
      <Hsp_qseq>GACTGGTACTTCTTCAGCCACAAGG-ACAAGAAGTATCCAACCGGGACCAGGACGAACCGGGCAACAGTCGCTGGATTCTGGAAAGCTACCGGACGTGACAAAATCATCTGCAGTTGTGTC--CGGAGA-----ATTGGACTGAGGAAGACACTCGTGTTCTACAAAGGAAGAGCTCCTCACGGTCAGAAATCCGACTGGATCATGCATGAGTATCGCCTC</Hsp_qseq>
      <Hsp_hseq>GAATGGTACTTTTACAGC-ACAAGGGATAAGAAGTATCCAAATGGCTCTAGGACGAACCGTGCGACCCGAGCGGGTTACTGGAAGGCCACGGG----GA-AAGATC--GTACAGTAGAATCAAAGAAGATGAAGATGGGAATGAAGAAGACACTGGTTTATTATAGAGGAAGGGCTCCTCATGGCCTTCGTACTAATTGGGTCATGCATGAATATCGTCTC</Hsp_hseq>
      <Hsp_midline>|| |||||||| | |||| |||||| | |||||||||||||  ||  | ||||||||||| || ||    || || | |||||| || || ||    || || |||   | |||| |  ||   | |||     || ||| ||| ||||||||| || |  || | |||||| |||||||| || |      |  | ||| |||||||||| ||||| |||</Hsp_midline>
    </Hsp>
    <Hsp>
      <Hsp_num>12</Hsp_num>
      <Hsp_bit-score>70.716</Hsp_bit-score>
      <Hsp_score>77</Hsp_score>
      <Hsp_evalue>1.31536e-06</Hsp_evalue>
      <Hsp_query-from>516</Hsp_query-from>
      <Hsp_query-to>721</Hsp_query-to>
      <Hsp_hit-from>20568656</Hsp_hit-from>
      <Hsp_hit-to>20568451</Hsp_hit-to>
      <Hsp_query-frame>1</Hsp_query-frame>
      <Hsp_hit-frame>-1</Hsp_hit-frame>
      <Hsp_identity>139</Hsp_identity>
      <Hsp_positive>139</Hsp_positive>
      <Hsp_gaps>0</Hsp_gaps>
      <Hsp_align-len>206</Hsp_align-len>
      <Hsp_qseq>AACGACTGGTACTTCTTCAGCCACAAGGACAAGAAGTATCCAACCGGGACCAGGACGAACCGGGCAACAGTCGCTGGATTCTGGAAAGCTACCGGACGTGACAAAATCATCTGCAGTTGTGTCCGGAGAATTGGACTGAGGAAGACACTCGTGTTCTACAAAGGAAGAGCTCCTCACGGTCAGAAATCCGACTGGATCATGCATGA</Hsp_qseq>
      <Hsp_hseq>AAGGATTGGTATTTCTACAGCCAAAGAGACCGAAAATACGCGACGGGGCTGAGAACTAACCGAGCAACGGCCACCGGATATTGGAAAGCCACCGGCAAAGACAGAACCATTCTAAGAAAGGGTAAGCTAGTTGGGATGAGGAAGACATTGGTTTTCTATCAAGGTCGAGCTCCTCGAGGCCGTAAAACCGATTGGGTCATGCACGA</Hsp_hseq>
      <Hsp_midline>|| || ||||| |||| |||||| |  |||   || ||  | || |||   || || ||||| ||||| | | | ||||  |||||||| |||||    |||| || |||    ||    |    |  | ||||  ||||||||||| | || |||||  ||||  |||||||||  || |  ||| |||| ||| ||||||| ||</Hsp_midline>
    </Hsp>
    <Hsp>
      <Hsp_num>13</Hsp_num>
      <Hsp_bit-score>69.8143</Hsp_bit-score>
      <Hsp_score>76</Hsp_score>
      <Hsp_evalue>1.31536e-06</Hsp_evalue>
      <Hsp_query-from>251</Hsp_query-from>
      <Hsp_query-to>383</Hsp_query-to>
      <Hsp_hit-from>19893728</Hsp_hit-from>
      <Hsp_hit-to>19893596</Hsp_hit-to>
      <Hsp_query-frame>1</Hsp_query-frame>
      <Hsp_hit-frame>-1</Hsp_hit-frame>
      <Hsp_identity>95</Hsp_identity>
      <Hsp_positive>95</Hsp_positive>
      <Hsp_gaps>0</Hsp_gaps>
      <Hsp_align-len>133</Hsp_align-len>
      <Hsp_qseq>TGCCTCCAGGTTTCAGATTCCATCCCACCGAAGAAGAACTTCTCCATTACTATCTCCGTAAGAAAGTTAACTCTCAAAAGATCGATCTTGATGTCATTCGTGAAGTTGATCTAAACAAGCTTGAGCCTTGGGA</Hsp_qseq>
      <Hsp_hseq>TGCCTCCAGGATTCAGGTTTCATCCCACTGATGAAGAACTGGTGGCTTACTATCTTGATAGGAAGGTCAACGGCCAAGCCATTGAGCTCGAGATCATCCCAGAAGTTGATCTTTATAAATGCGAGCCATGGGA</Hsp_hseq>
      <Hsp_midline>|||||||||| ||||| || |||||||| || ||||||||  |   |||||||||   || ||| || |||   |||   || || || ||  |||| |  |||||||||||  | ||    ||||| |||||</Hsp_midline>
    </Hsp>
    <Hsp>
      <Hsp_num>14</Hsp_num>
      <Hsp_bit-score>63.5025</Hsp_bit-score>
      <Hsp_score>69</Hsp_score>
      <Hsp_evalue>0.000195217</Hsp_evalue>
      <Hsp_query-from>516</Hsp_query-from>
      <Hsp_query-to>736</Hsp_query-to>
      <Hsp_hit-from>267694</Hsp_hit-from>
      <Hsp_hit-to>267911</Hsp_hit-to>
      <Hsp_query-frame>1</Hsp_query-frame>
      <Hsp_hit-frame>1</Hsp_hit-frame>
      <Hsp_identity>148</Hsp_identity>
      <Hsp_positive>148</Hsp_positive>
      <Hsp_gaps>5</Hsp_gaps>
      <Hsp_align-len>222</Hsp_align-len>
      <Hsp_qseq>AACGACTGGTACTTCTTCAGCCACAAGGACAAGAAGTATCCAACCGGGACCAGGACGAACCGGGCAACAGTCGCTGGATTCTGGAAAGCTACCGGACGTGACAAAATCATCTG-CAGTTGTGTCCGGAGAATTGGACTGAGGAAGACACTCGTGTTCTACAAAGGAAGAGCTCCTCACGGTCAGAAATCCGACTGGATCATGCATGAGTATCGCCTCGACGA</Hsp_qseq>
      <Hsp_hseq>AAGGAATGGTACTTCTTCTCTCCCAGGGACAGAAAATATCCCAACGGTTCGCGTCCTAACCGGTCCGCTGGTTCTGGTTACTGGAAAGCTACCGGAGCTGATAAACCGATCGGACTACCTAAACCGG----TCGGAATTAAGAAAGCTCTTGTTTTCTACGCCGGCAAAGCTCCAAAGGGAGAGAAAACCAATTGGATCATGCACGAGTACCGTCTCGCCGA</Hsp_hseq>
      <Hsp_midline>|| || ||||||||||||   | || |||||  || ||||| | |||  |  |  | |||||| |  | |   |||| | ||||||||||||||||  ||| |||   ||| | |        ||||    | ||| | | |||  | || || ||||||   || | ||||||  | ||  ||||| || | ||||||||||| ||||| || |||| |||</Hsp_midline>
    </Hsp>
    <Hsp>
      <Hsp_num>15</Hsp_num>
      <Hsp_bit-score>62.6008</Hsp_bit-score>
      <Hsp_score>68</Hsp_score>
      <Hsp_evalue>0.000195217</Hsp_evalue>
      <Hsp_query-from>646</Hsp_query-from>
      <Hsp_query-to>724</Hsp_query-to>
      <Hsp_hit-from>12603259</Hsp_hit-from>
      <Hsp_hit-to>12603337</Hsp_hit-to>
      <Hsp_query-frame>1</Hsp_query-frame>
      <Hsp_hit-frame>1</Hsp_hit-frame>
      <Hsp_identity>61</Hsp_identity>
      <Hsp_positive>61</Hsp_positive>
      <Hsp_gaps>0</Hsp_gaps>
      <Hsp_align-len>79</Hsp_align-len>
      <Hsp_qseq>TTGGACTGAGGAAGACACTCGTGTTCTACAAAGGAAGAGCTCCTCACGGTCAGAAATCCGACTGGATCATGCATGAGTA</Hsp_qseq>
      <Hsp_hseq>TTGGACTCAAGAAGACTCTTGTTTTCTATAGAGGTCGTGCTCCTAATGGTGAGAGAACTGACTGGGTGATGCATGAGTA</Hsp_hseq>
      <Hsp_midline>||||||| | |||||| || || ||||| | |||  | |||||| | ||| ||| | | |||||| | |||||||||||</Hsp_midline>
    </Hsp>
    <Hsp>
      <Hsp_num>16</Hsp_num>
      <Hsp_bit-score>59.8958</Hsp_bit-score>
      <Hsp_score>65</Hsp_score>
      <Hsp_evalue>0.00237823</Hsp_evalue>
      <Hsp_query-from>549</Hsp_query-from>
      <Hsp_query-to>732</Hsp_query-to>
      <Hsp_hit-from>28723732</Hsp_hit-from>
      <Hsp_hit-to>28723912</Hsp_hit-to>
      <Hsp_query-frame>1</Hsp_query-frame>
      <Hsp_hit-frame>1</Hsp_hit-frame>
      <Hsp_identity>125</Hsp_identity>
      <Hsp_positive>125</Hsp_positive>
      <Hsp_gaps>5</Hsp_gaps>
      <Hsp_align-len>185</Hsp_align-len>
      <Hsp_qseq>AAGTATCCAACCGGGACCAGGACGAACCGGGCAACAGTCGCTGGATTCTGGAAAGCTACCGGACGTGACAAAATCATCTGCAGTTGT-GTCCGGAGAATTGGACTGAGGAAGACACTCGTGTTCTACAAAGGAAGAGCTCCTCACGGTCAGAAATCCGACTGGATCATGCATGAGTATCGCCTCG</Hsp_qseq>
      <Hsp_hseq>AAGTATCCAAACGGTTCAAGACCCAACCGTGCAGCTGGTACTGGATATTGGAAAGCTACCGGAGCTGATAAACCAATAGGTCGTCCTAAACCGG----TTGGTATTAAGAAGGCTCTAGTGTTTTACTCGGGAAAACCTCCAAATGGAGAGAAAACCAATTGGATTATGCACGAATACCGGCTCG</Hsp_hseq>
      <Hsp_midline>|||||||||| |||  | ||  | ||||| ||| | |   ||||||  |||||||||||||||  ||| |||   ||  |  ||  |   ||||    ||||  | | |||| | || ||||| |||   |||| | ||||  | ||  ||||| || | ||||| ||||| || || || ||||</Hsp_midline>
    </Hsp>
    <Hsp>
      <Hsp_num>17</Hsp_num>
      <Hsp_bit-score>52.6823</Hsp_bit-score>
      <Hsp_score>57</Hsp_score>
      <Hsp_evalue>0.352961</Hsp_evalue>
      <Hsp_query-from>251</Hsp_query-from>
      <Hsp_query-to>306</Hsp_query-to>
      <Hsp_hit-from>267447</Hsp_hit-from>
      <Hsp_hit-to>267502</Hsp_hit-to>
      <Hsp_query-frame>1</Hsp_query-frame>
      <Hsp_hit-frame>1</Hsp_hit-frame>
      <Hsp_identity>45</Hsp_identity>
      <Hsp_positive>45</Hsp_positive>
      <Hsp_gaps>0</Hsp_gaps>
      <Hsp_align-len>56</Hsp_align-len>
      <Hsp_qseq>TGCCTCCAGGTTTCAGATTCCATCCCACCGAAGAAGAACTTCTCCATTACTATCTC</Hsp_qseq>
      <Hsp_hseq>TGCCTCCAGGTTTCCGATTTCACCCTACCGATGAAGAGCTTGTCATGCACTATCTC</Hsp_hseq>
      <Hsp_midline>|||||||||||||| |||| || || ||||| ||||| ||| ||    ||||||||</Hsp_midline>
    </Hsp>
    <Hsp>
      <Hsp_num>18</Hsp_num>
      <Hsp_bit-score>48.1739</Hsp_bit-score>
      <Hsp_score>52</Hsp_score>
      <Hsp_evalue>4.29995</Hsp_evalue>
      <Hsp_query-from>251</Hsp_query-from>
      <Hsp_query-to>306</Hsp_query-to>
      <Hsp_hit-from>24124199</Hsp_hit-from>
      <Hsp_hit-to>24124144</Hsp_hit-to>
      <Hsp_query-frame>1</Hsp_query-frame>
      <Hsp_hit-frame>-1</Hsp_hit-frame>
      <Hsp_identity>44</Hsp_identity>
      <Hsp_positive>44</Hsp_positive>
      <Hsp_gaps>0</Hsp_gaps>
      <Hsp_align-len>56</Hsp_align-len>
      <Hsp_qseq>TGCCTCCAGGTTTCAGATTCCATCCCACCGAAGAAGAACTTCTCCATTACTATCTC</Hsp_qseq>
      <Hsp_hseq>TGCCTCCAGGTTTCCGGTTTCATCCAACAGACGAAGAGCTTGTCATATACTACCTC</Hsp_hseq>
      <Hsp_midline>|||||||||||||| | || ||||| || || ||||| ||| ||   ||||| |||</Hsp_midline>
    </Hsp>
  </Hit_hsps>
</Hit>
<Hit>
  <Hit_num>7</Hit_num>
  <Hit_id>gi|1572541209|emb|LR215052.1|</Hit_id>
  <Hit_def>Arabidopsis thaliana genome assembly, chromosome: 1</Hit_def>
  <Hit_accession>LR215052</Hit_accession>
  <Hit_len>30045930</Hit_len>
  <Hit_hsps>
    <Hsp>
      <Hsp_num>1</Hsp_num>
      <Hsp_bit-score>3470.07</Hsp_bit-score>
      <Hsp_score>3847</Hsp_score>
      <Hsp_evalue>0</Hsp_evalue>
      <Hsp_query-from>1</Hsp_query-from>
      <Hsp_query-to>1926</Hsp_query-to>
      <Hsp_hit-from>11976194</Hsp_hit-from>
      <Hsp_hit-to>11974269</Hsp_hit-to>
      <Hsp_query-frame>1</Hsp_query-frame>
      <Hsp_hit-frame>-1</Hsp_hit-frame>
      <Hsp_identity>1925</Hsp_identity>
      <Hsp_positive>1925</Hsp_positive>
      <Hsp_gaps>0</Hsp_gaps>
      <Hsp_align-len>1926</Hsp_align-len>
      <Hsp_qseq>AAAGACACTTTAATGCATGAACTTCTTTGTTTAAATAACAATTTCCCCCTTTTGGGGGCTATGTCTCGTCGAGTCCTACCACCATTATAAATTATCTCATCGTTTGCTTTCTTTTTTTTAAGTTGTAACCATTTCCACTCGTAATCATACAACTTCTCTACTCTTCTAGAGCAAAAACCCAAAAATATATTGCTATCTTCGTTAATGGCTGATAATAAGGTCAATCTTTCGATTAATGGACAATCAAAAGTGCCTCCAGGTTTCAGATTCCATCCCACCGAAGAAGAACTTCTCCATTACTATCTCCGTAAGAAAGTTAACTCTCAAAAGATCGATCTTGATGTCATTCGTGAAGTTGATCTAAACAAGCTTGAGCCTTGGGATATTCAAGGTTAAACCCTAAATATGAAAAAAAACTCTTTCATTTCTACGAACTCTCTATTTCTTTGTTCTTTATTTTTGAACCATTTTGGTATGCAAATGCAGAGGAATGTAGAATCGGTTCAACGCCACAAAACGACTGGTACTTCTTCAGCCACAAGGACAAGAAGTATCCAACCGGGACCAGGACGAACCGGGCAACAGTCGCTGGATTCTGGAAAGCTACCGGACGTGACAAAATCATCTGCAGTTGTGTCCGGAGAATTGGACTGAGGAAGACACTCGTGTTCTACAAAGGAAGAGCTCCTCACGGTCAGAAATCCGACTGGATCATGCATGAGTATCGCCTCGACGATACTCCAATGTCTAATGTAAGTATATATAGCAATCATCAATTTGCAGTTTAGGTTAGAATAAACAAATTACAAACTTATAGTCAAAGAATTAGCTAGATTCGTTTCATGCTATAAAAGGTTTTGGTTCATTTAGTACGCACTAGAGCCTTCTTTTAGCATCTGCAATTAAAGTAATCGAACATGATTCTCTGAGTTACAATAAGATAATTTCTTATGAAATTAACACATCATATATACATTTATATAAAAAGATTTTTTCACAAGGCTTAAAATAGTTTAACACGGCTCTACAAACAATACGTAGTTAACTAGTTATGGTTGCATATCCAAAAGAAAAACCAACATAAAAGATTTTTTTTTTTGTTTCAAAATAAAAGTTGCATTTTTACATCATCAAGATTTAATCATCTCTTATTGCATTTCATAAGATCGATTTGTGTTCCATTATCAGGGCTATGCTGATGTTGTTACAGAAGATCCAATGAGCTATAACGAAGAAGGTTGGGTGGTATGTCGAGTGTTCAGGAAGAAGAACTATCAAAAGATTGACGATTGTCCTAAAATCACTCTATCTTCTTTACCTGATGACACGGAGGAAGAGAAGGGGCCCACCTTTCACAACACTCAAAACGTTACCGGTTTAGACCATGTTCTTCTCTACATGGACCGTACCGGTTCTAACATTTGCATGCCCGAGAGCCAAACAACGACTCAACATCAAGATGATGTCTTATTCATGCAACTCCCAAGTCTTGAGACACCTAAATCCGAGAGCCCGGTCGACCAAAGTTTCCTGACTCCAAGCAAACTCGATTTCTCTCCCGTTCAAGAGAAGATAACCGAAAGACCGGTTTGCAGCAACTGGGCTAGTCTTGACCGGCTCGTAGCTTGGCAATTGAACAATGGTCATCATAATCCGTGTCATCGTAAGAGTTTTGATGAAGAAGAAGAAAATGGTGATACTATGATGCAGCGATGGGATCTTCATTGGAATAATGATGATAATGTTGATCTTTGGAGTAGTTTCACTGAGTCTTCTTCGTCTTTAGACCCACTTCTTCATTTATCTGTATGATTATCTATACATACACATACACAAAATATAAAATAAAGTTTGTTAAAAAATGTCTCATGTTCTATTGATAGTACGTCTTGATTTTGGGGTTTAACATTTGTTAATGGTGGAGGG</Hsp_qseq>
      <Hsp_hseq>AAAGACACTTTAATGCATGAACTTCTTTGTTTAAATAACAATTTCCCCCTTTTGGGGGCTATGTCTCGTCGAGTCCTACCACCATTATAAATTATCTCATCGTTTGCTTTCTTTTTTTTAAGTTGTAACCATTTCCACTCGTAATCATACAACTTCTCTACTCTTCTAGAGCAAAAACCCAAAAATATATTGCTATCTTCGTTAATGGCTGATAATAAGGTCAATCTTTCGATTAATGGACAATCAAAAGTGCCTCCAGGTTTCAGATTCCATCCCACCGAAGAAGAACTTCTCCATTACTATCTCCGTAAGAAAGTTAACTCTCAAAAGATCGATCTTGATGTCATTCGTGAAGTTGATCTAAACAAGCTTGAGCCTTGGGATATTCAAGGTTAAACCCTAAATATGAAAAAAAACTCTTTCATTTCTACGAACTCTCTATTTCTTTGTTCTTTATTTTTGAACCATTTTGGTATGCAAATGCAGAGGAATGTAGAATCGGTTCAACGCCACAAAACGACTGGTACTTCTTCAGCCACAAGGACAAGAAGTATCCAACCGGGACCAGGACGAACCGGGCAACAGTCGCTGGATTCTGGAAAGCTACCGGACGTGACAAAATCATCTGCAGTTGTGTCCGGAGAATTGGACTGAGGAAGACACTCGTGTTCTACAAAGGAAGAGCTCCTCACGGTCAGAAATCCGACTGGATCATGCATGAGTATCGCCTCGACGATACTCCAATGTCTAATGTAAGTATATATAGCAATCATCAATTTGCAGTTTAGGTTAGAATAAACAAATTACAAACTTATAGTCAAAGAATTAGCTAGATTCGTTTCATGCTATAAAAGGTTTTGGTTCATTTAGTACGCACTAGAGCCTTCTTTTAGCATCTGCAATTAAAGTAATCGAACATGATTCTCTGAGTTACAATAAGATAATTTCTTATGAAATTAACACATCATATATACATTTATATAAAAAGATTTTTTCACAAGGCTTAAAATAGTTTAACACGGCTCTACAAACAATACGTAGTTAACTAGTTATGGTTGCATATCCAAAAGAAAAACCAACATAAAAGATTTTTTTTTTTGTTTCAAAATAAAAGTTGCATTTTTACATCATCAAGATTTAATCATCTCTTATTGCATTTCATAAGATCGATTTGTGTTCCATTATCAGGGCTATGCTGATGTTGTTACAGAAGATCCAATGAGCTATAACGAAGAAGGTTGGGTGGTATGTCGAGTGTTCAGGAAGAAGAACTATCAAAAGATTGACGATTGTCCTAAAATCACTCTATCTTCTTTACCTGATGACACGGAGGAAGAGAAGAGGCCCACCTTTCACAACACTCAAAACGTTACCGGTTTAGACCATGTTCTTCTCTACATGGACCGTACCGGTTCTAACATTTGCATGCCCGAGAGCCAAACAACGACTCAACATCAAGATGATGTCTTATTCATGCAACTCCCAAGTCTTGAGACACCTAAATCCGAGAGCCCGGTCGACCAAAGTTTCCTGACTCCAAGCAAACTCGATTTCTCTCCCGTTCAAGAGAAGATAACCGAAAGACCGGTTTGCAGCAACTGGGCTAGTCTTGACCGGCTCGTAGCTTGGCAATTGAACAATGGTCATCATAATCCGTGTCATCGTAAGAGTTTTGATGAAGAAGAAGAAAATGGTGATACTATGATGCAGCGATGGGATCTTCATTGGAATAATGATGATAATGTTGATCTTTGGAGTAGTTTCACTGAGTCTTCTTCGTCTTTAGACCCACTTCTTCATTTATCTGTATGATTATCTATACATACACATACACAAAATATAAAATAAAGTTTGTTAAAAAATGTCTCATGTTCTATTGATAGTACGTCTTGATTTTGGGGTTTAACATTTGTTAATGGTGGAGGG</Hsp_hseq>
      <Hsp_midline>||||||||||||||||||||||||||||||||||||||||||||||||||||||||||||||||||||||||||||||||||||||||||||||||||||||||||||||||||||||||||||||||||||||||||||||||||||||||||||||||||||||||||||||||||||||||||||||||||||||||||||||||||||||||||||||||||||||||||||||||||||||||||||||||||||||||||||||||||||||||||||||||||||||||||||||||||||||||||||||||||||||||||||||||||||||||||||||||||||||||||||||||||||||||||||||||||||||||||||||||||||||||||||||||||||||||||||||||||||||||||||||||||||||||||||||||||||||||||||||||||||||||||||||||||||||||||||||||||||||||||||||||||||||||||||||||||||||||||||||||||||||||||||||||||||||||||||||||||||||||||||||||||||||||||||||||||||||||||||||||||||||||||||||||||||||||||||||||||||||||||||||||||||||||||||||||||||||||||||||||||||||||||||||||||||||||||||||||||||||||||||||||||||||||||||||||||||||||||||||||||||||||||||||||||||||||||||||||||||||||||||||||||||||||||||||||||||||||||||||||||||||||||||||||||||||||||||||||||||||||||||||||||||||||||||||||||||||||||||||||||||||||||||||||||||||||||||||||||||||||||||||||||||||||||||||||||||||||||||||||||||||||||||||||||||||||||||||||||||||||||||||||||||||||||||||||||||||||||||||||||||||||||||||||||||||||||||||||||||||||||||||||||||||||||||||||||||||||||||||||||||||||||||||||||||||||||||||||||||||||||||||||||||||||||||||||||||||||||||||||||||||||||||||||||||||||||||||||||||||||||||||||||||||||||||| ||||||||||||||||||||||||||||||||||||||||||||||||||||||||||||||||||||||||||||||||||||||||||||||||||||||||||||||||||||||||||||||||||||||||||||||||||||||||||||||||||||||||||||||||||||||||||||||||||||||||||||||||||||||||||||||||||||||||||||||||||||||||||||||||||||||||||||||||||||||||||||||||||||||||||||||||||||||||||||||||||||||||||||||||||||||||||||||||||||||||||||||||||||||||||||||||||||||||||||||||||||||||||||||||||||||||||||||||||||||||||||||||||||||||||||||||||||||||||||||||||||||||||||||||||||||||||||||||||||||||||||||||||||||||||||||||||||||||||||||||||||||||||||||||||||||||</Hsp_midline>
    </Hsp>
    <Hsp>
      <Hsp_num>2</Hsp_num>
      <Hsp_bit-score>198.755</Hsp_bit-score>
      <Hsp_score>219</Hsp_score>
      <Hsp_evalue>3.76193e-45</Hsp_evalue>
      <Hsp_query-from>250</Hsp_query-from>
      <Hsp_query-to>765</Hsp_query-to>
      <Hsp_hit-from>12189112</Hsp_hit-from>
      <Hsp_hit-to>12189624</Hsp_hit-to>
      <Hsp_query-frame>1</Hsp_query-frame>
      <Hsp_hit-frame>1</Hsp_hit-frame>
      <Hsp_identity>361</Hsp_identity>
      <Hsp_positive>361</Hsp_positive>
      <Hsp_gaps>15</Hsp_gaps>
      <Hsp_align-len>522</Hsp_align-len>
      <Hsp_qseq>GTGCCTCCAGGTTTCAGATTCCATCCCACCGAAGAAGAACTTCTCCATTACTATCTCCGTAAGAAAGTTAACTCTCAAAAGATCGATCTTGATGTCATTCGTGAAGTTGATCTAAACAAGCTTGAGCCTTGGGATATTCAAGGTTAAACCCTAAATATGAAAAAAAACTCTTTCATTTCTACGAACTCTCTATTTCTTTGTTCTTTATTTTTGAAC--CATTTTGGTAT-GCAAATGCAGAGGAATGTAGAATCGGTTCAACGCCACAAAACGACTGGTACTTCTTCAGCCACAAGGACAAGAAGTATCCAACCGGGACCAGGACGAACCGGGCAACAGTCGCTGGATTCTGGAAAGCTACCGGACGTGACAAAATCATCTGCAGTTGTGTCCGGAGAATTGGACTGAGGAAGACACTCGTGTTCTACAAAGGAAGAGCTCCTCACGGTCAGAAATCCGACTGGATCATGCATGAGTATCGCCTCGACGATACTCCA-ATG--TCTAATGTAAGTATATATA</Hsp_qseq>
      <Hsp_hseq>GTACCGCCTGGTTTTCGGTTTCATCCAACGGACGAAGAACTTCTTCATTACTACTTGAAGAAGAAGATTTCTTATGAAAAGTTTGAGATGGAAGTCATCAAAGAGGTTGATTTGAACAAGATTGAGCCGTGGGATTTACAAGGTACGTTCTTT--TATTAATAATACATATACGAT-----CCAATCCTCTAGTTATAT--TAGATACTATACAAAAGCATTTTTTTTTTGTTTTTGTAGATAGATGCAAAATAGGATCAACGCCACAAAATGAGTGGTATTTCTTCAGCCACAAGGATAGGAAATATCCGACAGGGTCAAGGACAAACCGTGCAACCCACTCCGGTTTTTGGAAGGCGACAGGACGTGACAAATGCATAAGAAATTCTTACAAGAAGATCGGCATGAGGAAGACTCTTGTATTCTACAAAGGAAGAGCTCCTCATGGCCAAAAGACAGATTGGATCATGCACGAGTACCGTATCGAAGACACTGAAGATGACCCTTGTGTATGTATATATA</Hsp_hseq>
      <Hsp_midline>|| || || |||||  | || ||||| || || ||||||||||| ||||||||  |    |||||  ||   | | ||||| | ||  | || |||||    || |||||| | |||||| ||||||| |||||| | ||||||     | |   ||| || || |  | |   ||     | ||  ||||| || | |  |   || | |  ||   ||||||  | | |    || |||   ||| | ||| || |||||||||||||| || ||||| ||||||||||||||||| | ||| ||||| || ||| | ||||| ||||| |||||   | | || || ||||| || || ||||||||||||  |||  | | || |  |  ||  || ||  |||||||||| || || ||||||||||||||||||||||| || || ||  | || ||||||||||| ||||| ||  |||| || |||  | |||   ||  |||| |||||||||</Hsp_midline>
    </Hsp>
    <Hsp>
      <Hsp_num>3</Hsp_num>
      <Hsp_bit-score>189.738</Hsp_bit-score>
      <Hsp_score>209</Hsp_score>
      <Hsp_evalue>1.94873e-42</Hsp_evalue>
      <Hsp_query-from>481</Hsp_query-from>
      <Hsp_query-to>738</Hsp_query-to>
      <Hsp_hit-from>29572702</Hsp_hit-from>
      <Hsp_hit-to>29572442</Hsp_hit-to>
      <Hsp_query-frame>1</Hsp_query-frame>
      <Hsp_hit-frame>-1</Hsp_hit-frame>
      <Hsp_identity>201</Hsp_identity>
      <Hsp_positive>201</Hsp_positive>
      <Hsp_gaps>5</Hsp_gaps>
      <Hsp_align-len>262</Hsp_align-len>
      <Hsp_qseq>ATGCAGAGGAATGTAGAATCGGTTCAACGCCACAAAACGACTGGTACTTCTTCAGCCACAAGGACAAGAAGTATCCAACCGGGACCAGGACGAACCGGGCAACAGTCGCTGGATTCTGGAAAGCTACCGGACGTGACAAA---AT-CATCTGCAGTTGTGTCCGGAGAATTGGACTGAGGAAGACACTCGTGTTCTACAAAGGAAGAGCTCCTCACGGTCAGAAATCCGACTGGATCATGCATGAGTATCGCCTCGACGATA</Hsp_qseq>
      <Hsp_hseq>ATGTAGAGAAATGCAGAATCGGGTCGGGTCCTCAAAACGAGTGGTATTTCTTTAGCCACAAGGACAAGAAATATCCGACTGGGACCCGAACGAACCGGGCGACAGCAGCCGGGTTCTGGAAAGCTACTGGTAGAGACAAATCCATACATCT-CAACAGCTCCAAGAAGATTGGACTTCGTAAGACTCTTGTCTTCTACACTGGTCGTGCTCCTCATGGCCAAAAAACCGAATGGATCATGCACGAATATCGCTTGGACGATA</Hsp_hseq>
      <Hsp_midline>||| |||| |||| |||||||| ||    || |||||||| ||||| ||||| ||||||||||||||||| ||||| || |||||| | ||||||||||| ||||  || || |||||||||||||| ||  | ||||||   || ||||| ||   |   |  ||  ||||||||  | ||||| || || |||||||  ||  | |||||||| || || ||| |||| ||||||||||| || |||||| | |||||||</Hsp_midline>
    </Hsp>
    <Hsp>
      <Hsp_num>4</Hsp_num>
      <Hsp_bit-score>126.62</Hsp_bit-score>
      <Hsp_score>139</Hsp_score>
      <Hsp_evalue>1.95045e-23</Hsp_evalue>
      <Hsp_query-from>513</Hsp_query-from>
      <Hsp_query-to>730</Hsp_query-to>
      <Hsp_hit-from>26686088</Hsp_hit-from>
      <Hsp_hit-to>26686305</Hsp_hit-to>
      <Hsp_query-frame>1</Hsp_query-frame>
      <Hsp_hit-frame>1</Hsp_hit-frame>
      <Hsp_identity>165</Hsp_identity>
      <Hsp_positive>165</Hsp_positive>
      <Hsp_gaps>14</Hsp_gaps>
      <Hsp_align-len>225</Hsp_align-len>
      <Hsp_qseq>CAAAACGACTGGTACTTCTTCAGCCACAAGGACAAGAAGTATCCAACCGGGACCAGGACGAACCGGGCAACAGTCGCTGGATTCTGGAAAGCTACCGGACGTGACAA-----AATCATC-TGCAGTTGTGTCCGGAGAATTGGACTGAGGAAGACACTCGTGTTCTACAAAGGAAGAGCTCCTCACGGTCAGAAA-TCCGACTGGATCATGCATGAGTATCGCCT</Hsp_qseq>
      <Hsp_hseq>CAAAACGAATGGTACTTCTTTAGTCATAAGGACAGGAAGTACCCGACCGGGACTAGGACCAACCGAGCCACTGCGGCTGGGTTCTGGAAAGCCACGGGTAGAGACAAGGCGGTACTATCAAAGAACAGTGTC------ATCGGAATGCGGAAGACACTTGTCTACTACAAGGGTCGAGCTCCTAATGG-AAGAAAGTCCGATTGGATCATGCACGAATACCGTCT</Hsp_hseq>
      <Hsp_midline>|||||||| ||||||||||| || || ||||||| |||||| || |||||||| ||||| ||||| || || |  ||||| ||||||||||| || ||  | |||||      |  |||    |   |||||      || ||| || |||||||||| || | |||||| ||  |||||||| | ||  ||||| ||||| ||||||||||| || || || ||</Hsp_midline>
    </Hsp>
    <Hsp>
      <Hsp_num>5</Hsp_num>
      <Hsp_bit-score>125.719</Hsp_bit-score>
      <Hsp_score>138</Hsp_score>
      <Hsp_evalue>1.95045e-23</Hsp_evalue>
      <Hsp_query-from>519</Hsp_query-from>
      <Hsp_query-to>728</Hsp_query-to>
      <Hsp_hit-from>4170432</Hsp_hit-from>
      <Hsp_hit-to>4170223</Hsp_hit-to>
      <Hsp_query-frame>1</Hsp_query-frame>
      <Hsp_hit-frame>-1</Hsp_hit-frame>
      <Hsp_identity>156</Hsp_identity>
      <Hsp_positive>156</Hsp_positive>
      <Hsp_gaps>4</Hsp_gaps>
      <Hsp_align-len>212</Hsp_align-len>
      <Hsp_qseq>GACTGGTACTTCTTCAGCCACAAGGACAAGAAGTATCCAACCGGGACCAGGACGAACCGGGCAACAGTCGCTGGATTCTGGAAAGCTACCGGACGTGACAAAATCATCTGCAGTTGTGTC--CGGAGAATTGGACTGAGGAAGACACTCGTGTTCTACAAAGGAAGAGCTCCTCACGGTCAGAAATCCGACTGGATCATGCATGAGTATCGC</Hsp_qseq>
      <Hsp_hseq>GATTGGTACTTCTTTAGCCATAAAGACAAGAAGTATCCCACAGGGACTCGAACCAATAGAGCAACAAAAGCAGGGTTTTGGAAAGCCACCGGAAGAGATAAGGCTATCT--ATTTGAGGCATAGTCTAATTGGCATGAGGAAAACACTTGTGTTTTACAAGGGAAGAGCCCCAAATGGACAAAAGTCTGATTGGATCATGCACGAATACCGC</Hsp_hseq>
      <Hsp_midline>|| ||||||||||| ||||| || |||||||||||||| || |||||  | || ||  | ||||||   || || || |||||||| |||||| | || ||    ||||  | ||| | |   |   ||||||  ||||||| ||||| ||||| ||||| |||||||| ||  | || || || || || ||||||||||| || || |||</Hsp_midline>
    </Hsp>
    <Hsp>
      <Hsp_num>6</Hsp_num>
      <Hsp_bit-score>120.309</Hsp_bit-score>
      <Hsp_score>132</Hsp_score>
      <Hsp_evalue>8.29352e-22</Hsp_evalue>
      <Hsp_query-from>518</Hsp_query-from>
      <Hsp_query-to>728</Hsp_query-to>
      <Hsp_hit-from>22807903</Hsp_hit-from>
      <Hsp_hit-to>22807693</Hsp_hit-to>
      <Hsp_query-frame>1</Hsp_query-frame>
      <Hsp_hit-frame>-1</Hsp_hit-frame>
      <Hsp_identity>153</Hsp_identity>
      <Hsp_positive>153</Hsp_positive>
      <Hsp_gaps>0</Hsp_gaps>
      <Hsp_align-len>211</Hsp_align-len>
      <Hsp_qseq>CGACTGGTACTTCTTCAGCCACAAGGACAAGAAGTATCCAACCGGGACCAGGACGAACCGGGCAACAGTCGCTGGATTCTGGAAAGCTACCGGACGTGACAAAATCATCTGCAGTTGTGTCCGGAGAATTGGACTGAGGAAGACACTCGTGTTCTACAAAGGAAGAGCTCCTCACGGTCAGAAATCCGACTGGATCATGCATGAGTATCGC</Hsp_qseq>
      <Hsp_hseq>CGAATGGTACTTCTTTAGTCATAAAGACAAGAAGTATCCCACGGGAACTCGAACCAATAGAGCCACGAAAGCAGGATTTTGGAAAGCCACTGGAAGAGACAAGGCTATATATATAAGACATAGTCTTATCGGTATGAGGAAAACACTTGTGTTTTACAAAGGAAGAGCCCCAAATGGTCAGAAATCCGATTGGATCATGCACGAATATCGC</Hsp_hseq>
      <Hsp_midline>||| ||||||||||| || || || |||||||||||||| || || ||  | || ||  | || ||    || ||||| |||||||| || ||| | |||||    || |  |   |     |    || ||  ||||||| ||||| ||||| |||||||||||||| ||  | |||||||||||||| ||||||||||| || ||||||</Hsp_midline>
    </Hsp>
    <Hsp>
      <Hsp_num>7</Hsp_num>
      <Hsp_bit-score>94.1598</Hsp_bit-score>
      <Hsp_score>103</Hsp_score>
      <Hsp_evalue>1.15282e-13</Hsp_evalue>
      <Hsp_query-from>514</Hsp_query-from>
      <Hsp_query-to>737</Hsp_query-to>
      <Hsp_hit-from>25721557</Hsp_hit-from>
      <Hsp_hit-to>25721780</Hsp_hit-to>
      <Hsp_query-frame>1</Hsp_query-frame>
      <Hsp_hit-frame>1</Hsp_hit-frame>
      <Hsp_identity>155</Hsp_identity>
      <Hsp_positive>155</Hsp_positive>
      <Hsp_gaps>0</Hsp_gaps>
      <Hsp_align-len>224</Hsp_align-len>
      <Hsp_qseq>AAAACGACTGGTACTTCTTCAGCCACAAGGACAAGAAGTATCCAACCGGGACCAGGACGAACCGGGCAACAGTCGCTGGATTCTGGAAAGCTACCGGACGTGACAAAATCATCTGCAGTTGTGTCCGGAGAATTGGACTGAGGAAGACACTCGTGTTCTACAAAGGAAGAGCTCCTCACGGTCAGAAATCCGACTGGATCATGCATGAGTATCGCCTCGACGAT</Hsp_qseq>
      <Hsp_hseq>AAAATGAGTGGTATTTCTTCAGCCCTAGAGAAAGAAAATATCCAAACGGAGTCAGACCAAACCGGGCAGCTGTTTCCGGTTATTGGAAAGCAACCGGTACAGACAAAGCCATTCACAGCGGTTCAAGTAACGTAGGTGTCAAGAAAGCTCTAGTCTTCTACAAAGGTAGACCTCCTAAAGGAATCAAAACTGACTGGATCATGCATGAGTATCGTCTCCATGAT</Hsp_hseq>
      <Hsp_midline>|||| || ||||| ||||||||||  |  || |  || ||||||| |||   |||  | ||||||||| | ||  | || |  |||||||| |||||    ||||||  |||   |||  ||    | |   | ||  | | |||  | || || ||||||||||| ||| ||||| | ||    ||| | ||||||||||||||||||||||| ||| | |||</Hsp_midline>
    </Hsp>
    <Hsp>
      <Hsp_num>8</Hsp_num>
      <Hsp_bit-score>89.6514</Hsp_bit-score>
      <Hsp_score>98</Hsp_score>
      <Hsp_evalue>1.40442e-12</Hsp_evalue>
      <Hsp_query-from>519</Hsp_query-from>
      <Hsp_query-to>733</Hsp_query-to>
      <Hsp_hit-from>28294685</Hsp_hit-from>
      <Hsp_hit-to>28294465</Hsp_hit-to>
      <Hsp_query-frame>1</Hsp_query-frame>
      <Hsp_hit-frame>-1</Hsp_hit-frame>
      <Hsp_identity>153</Hsp_identity>
      <Hsp_positive>153</Hsp_positive>
      <Hsp_gaps>6</Hsp_gaps>
      <Hsp_align-len>221</Hsp_align-len>
      <Hsp_qseq>GACTGGTACTTCTTCAGCCACAAGGACAAGAAGTATCCAACCGGGACCAGGACGAACCGGGCAACAGTCGCTGGATTCTGGAAAGCTACCGGACGTGACAA---AATCATCT---GCAGTTGTGTCCGGAGAATTGGACTGAGGAAGACACTCGTGTTCTACAAAGGAAGAGCTCCTCACGGTCAGAAATCCGACTGGATCATGCATGAGTATCGCCTCGA</Hsp_qseq>
      <Hsp_hseq>GAGTGGTACTTTTATAGTCTAAGGGACAGGAAATATCCGACAGGTTTGAGGACTAACAGAGCAACTACTGCTGGATACTGGAAAGCTACCGGCAAAGATAAGGAAGTCTTCTCCGGCGGAGGAGGACAGCTTGTTGGGATGAAGAAGACGTTGGTGTTCTACAAAGGTAGGGCTCCACGTGGCCTCAAGACTAAGTGGGTCATGCATGAGTATCGCCTCGA</Hsp_hseq>
      <Hsp_midline>|| |||||||| |  || |  | ||||| ||| ||||| || ||    ||||| ||| | |||||    ||||||| |||||||||||||||    || ||   | || |||   || |  | |  | |    ||||  ||| ||||||  | |||||||||||||| || ||||| |  || |  ||  |  | ||| ||||||||||||||||||||||</Hsp_midline>
    </Hsp>
    <Hsp>
      <Hsp_num>9</Hsp_num>
      <Hsp_bit-score>87.848</Hsp_bit-score>
      <Hsp_score>96</Hsp_score>
      <Hsp_evalue>4.9019e-12</Hsp_evalue>
      <Hsp_query-from>250</Hsp_query-from>
      <Hsp_query-to>397</Hsp_query-to>
      <Hsp_hit-from>29573543</Hsp_hit-from>
      <Hsp_hit-to>29573396</Hsp_hit-to>
      <Hsp_query-frame>1</Hsp_query-frame>
      <Hsp_hit-frame>-1</Hsp_hit-frame>
      <Hsp_identity>108</Hsp_identity>
      <Hsp_positive>108</Hsp_positive>
      <Hsp_gaps>0</Hsp_gaps>
      <Hsp_align-len>148</Hsp_align-len>
      <Hsp_qseq>GTGCCTCCAGGTTTCAGATTCCATCCCACCGAAGAAGAACTTCTCCATTACTATCTCCGTAAGAAAGTTAACTCTCAAAAGATCGATCTTGATGTCATTCGTGAAGTTGATCTAAACAAGCTTGAGCCTTGGGATATTCAAGGTTAAA</Hsp_qseq>
      <Hsp_hseq>GTGCCTCCGGGATTCCGGTTTCATCCAACGGAGGAGGAGCTTCTTTACTATTACCTCAAGAAGAAGGTTTCTTATGAACCAATTGATTTAGATGTAATTAGAGAAGTTGATCTCAACAAGCTGGAACCTTGGGAACTTAAAGGTAAAA</Hsp_hseq>
      <Hsp_midline>|||||||| || ||| | || ||||| || || || || |||||  | || || |||   ||||| |||   | | ||   || ||| | ||||| ||| | ||||||||||| |||||||| || ||||||||  || ||||| |||</Hsp_midline>
    </Hsp>
    <Hsp>
      <Hsp_num>10</Hsp_num>
      <Hsp_bit-score>73.4211</Hsp_bit-score>
      <Hsp_score>80</Hsp_score>
      <Hsp_evalue>1.07972e-07</Hsp_evalue>
      <Hsp_query-from>514</Hsp_query-from>
      <Hsp_query-to>731</Hsp_query-to>
      <Hsp_hit-from>19348797</Hsp_hit-from>
      <Hsp_hit-to>19348580</Hsp_hit-to>
      <Hsp_query-frame>1</Hsp_query-frame>
      <Hsp_hit-frame>-1</Hsp_hit-frame>
      <Hsp_identity>149</Hsp_identity>
      <Hsp_positive>149</Hsp_positive>
      <Hsp_gaps>2</Hsp_gaps>
      <Hsp_align-len>219</Hsp_align-len>
      <Hsp_qseq>AAAACGACTGGTACTTCTTCAGCCACAAGGACAAGAAGTATCCAACCGGGACCAGGACGAACCGGGCAACAGTCGCTGGATTCTGGAAAGCTACCGG-ACGTGACAAAATCATCTGCAGTTGTGTCCGGAGAATTGGACTGAGGAAGACACTCGTGTTCTACAAAGGAAGAGCTCCTCACGGTCAGAAATCCGACTGGATCATGCATGAGTATCGCCTC</Hsp_qseq>
      <Hsp_hseq>AAAAAGAATGGTATTTTTTTAGTCCTAGGGATAGAAAATATCCAAACGGGTCAAGACCTAACCGGGTTGCCGGATCGGGTTATTGGAAAGCTACGGGTACG-GATAAAATAATCTCGACGGAAGGACAAAGAGTTGGTATTAAAAAAGCTTTGGTGTTTTACATCGGAAAAGCTCCTAAAGGTACTAAAACCAATTGGATCATGCATGAGTATCGTCTC</Hsp_hseq>
      <Hsp_midline>|||| || ||||| || || || |  | ||| |  || ||||||| |||| | ||  | |||||||   | |   | || |  ||||||||||| || ||| || ||||| ||||  |     |  |  ||| ||||  | |  ||  |  | ||||| ||||  |||| ||||||| | |||   ||| || | |||||||||||||||||||| |||</Hsp_midline>
    </Hsp>
    <Hsp>
      <Hsp_num>11</Hsp_num>
      <Hsp_bit-score>71.6177</Hsp_bit-score>
      <Hsp_score>78</Hsp_score>
      <Hsp_evalue>3.76858e-07</Hsp_evalue>
      <Hsp_query-from>519</Hsp_query-from>
      <Hsp_query-to>731</Hsp_query-to>
      <Hsp_hit-from>19901669</Hsp_hit-from>
      <Hsp_hit-to>19901457</Hsp_hit-to>
      <Hsp_query-frame>1</Hsp_query-frame>
      <Hsp_hit-frame>-1</Hsp_hit-frame>
      <Hsp_identity>152</Hsp_identity>
      <Hsp_positive>152</Hsp_positive>
      <Hsp_gaps>16</Hsp_gaps>
      <Hsp_align-len>221</Hsp_align-len>
      <Hsp_qseq>GACTGGTACTTCTTCAGCCACAAGG-ACAAGAAGTATCCAACCGGGACCAGGACGAACCGGGCAACAGTCGCTGGATTCTGGAAAGCTACCGGACGTGACAAAATCATCTGCAGTTGTGTC--CGGAGA-----ATTGGACTGAGGAAGACACTCGTGTTCTACAAAGGAAGAGCTCCTCACGGTCAGAAATCCGACTGGATCATGCATGAGTATCGCCTC</Hsp_qseq>
      <Hsp_hseq>GAATGGTACTTTTACAGC-ACAAGGGATAAGAAGTATCCAAATGGCTCTAGGACGAACCGTGCGACCCGAGCGGGTTACTGGAAGGCCACGGG----GA-AAGATC--GTACAGTAGAATCAAAGAAGATGAAGATGGGAATGAAGAAGACACTGGTTTATTATAGAGGAAGGGCTCCTCATGGCCTTCGTACTAATTGGGTCATGCATGAATATCGTCTC</Hsp_hseq>
      <Hsp_midline>|| |||||||| | |||| |||||| | |||||||||||||  ||  | ||||||||||| || ||    || || | |||||| || || ||    || || |||   | |||| |  ||   | |||     || ||| ||| ||||||||| || |  || | |||||| |||||||| || |      |  | ||| |||||||||| ||||| |||</Hsp_midline>
    </Hsp>
    <Hsp>
      <Hsp_num>12</Hsp_num>
      <Hsp_bit-score>70.716</Hsp_bit-score>
      <Hsp_score>77</Hsp_score>
      <Hsp_evalue>1.31536e-06</Hsp_evalue>
      <Hsp_query-from>516</Hsp_query-from>
      <Hsp_query-to>721</Hsp_query-to>
      <Hsp_hit-from>20576919</Hsp_hit-from>
      <Hsp_hit-to>20576714</Hsp_hit-to>
      <Hsp_query-frame>1</Hsp_query-frame>
      <Hsp_hit-frame>-1</Hsp_hit-frame>
      <Hsp_identity>139</Hsp_identity>
      <Hsp_positive>139</Hsp_positive>
      <Hsp_gaps>0</Hsp_gaps>
      <Hsp_align-len>206</Hsp_align-len>
      <Hsp_qseq>AACGACTGGTACTTCTTCAGCCACAAGGACAAGAAGTATCCAACCGGGACCAGGACGAACCGGGCAACAGTCGCTGGATTCTGGAAAGCTACCGGACGTGACAAAATCATCTGCAGTTGTGTCCGGAGAATTGGACTGAGGAAGACACTCGTGTTCTACAAAGGAAGAGCTCCTCACGGTCAGAAATCCGACTGGATCATGCATGA</Hsp_qseq>
      <Hsp_hseq>AAGGATTGGTATTTCTACAGCCAAAGAGACCGAAAATACGCGACGGGGCTGAGAACTAACCGAGCAACGGCCACCGGATATTGGAAAGCCACCGGCAAAGACAGAACCATTCTAAGAAAGGGTAAGCTAGTTGGGATGAGGAAGACATTGGTTTTCTATCAAGGTCGAGCTCCTCGAGGCCGTAAAACCGATTGGGTCATGCACGA</Hsp_hseq>
      <Hsp_midline>|| || ||||| |||| |||||| |  |||   || ||  | || |||   || || ||||| ||||| | | | ||||  |||||||| |||||    |||| || |||    ||    |    |  | ||||  ||||||||||| | || |||||  ||||  |||||||||  || |  ||| |||| ||| ||||||| ||</Hsp_midline>
    </Hsp>
    <Hsp>
      <Hsp_num>13</Hsp_num>
      <Hsp_bit-score>69.8143</Hsp_bit-score>
      <Hsp_score>76</Hsp_score>
      <Hsp_evalue>1.31536e-06</Hsp_evalue>
      <Hsp_query-from>251</Hsp_query-from>
      <Hsp_query-to>383</Hsp_query-to>
      <Hsp_hit-from>19901991</Hsp_hit-from>
      <Hsp_hit-to>19901859</Hsp_hit-to>
      <Hsp_query-frame>1</Hsp_query-frame>
      <Hsp_hit-frame>-1</Hsp_hit-frame>
      <Hsp_identity>95</Hsp_identity>
      <Hsp_positive>95</Hsp_positive>
      <Hsp_gaps>0</Hsp_gaps>
      <Hsp_align-len>133</Hsp_align-len>
      <Hsp_qseq>TGCCTCCAGGTTTCAGATTCCATCCCACCGAAGAAGAACTTCTCCATTACTATCTCCGTAAGAAAGTTAACTCTCAAAAGATCGATCTTGATGTCATTCGTGAAGTTGATCTAAACAAGCTTGAGCCTTGGGA</Hsp_qseq>
      <Hsp_hseq>TGCCTCCAGGATTCAGGTTTCATCCCACTGATGAAGAACTGGTGGCTTACTATCTTGATAGGAAGGTCAACGGCCAAGCCATTGAGCTCGAGATCATCCCAGAAGTTGATCTTTATAAATGCGAGCCATGGGA</Hsp_hseq>
      <Hsp_midline>|||||||||| ||||| || |||||||| || ||||||||  |   |||||||||   || ||| || |||   |||   || || || ||  |||| |  |||||||||||  | ||    ||||| |||||</Hsp_midline>
    </Hsp>
    <Hsp>
      <Hsp_num>14</Hsp_num>
      <Hsp_bit-score>63.5025</Hsp_bit-score>
      <Hsp_score>69</Hsp_score>
      <Hsp_evalue>0.000195217</Hsp_evalue>
      <Hsp_query-from>516</Hsp_query-from>
      <Hsp_query-to>736</Hsp_query-to>
      <Hsp_hit-from>260537</Hsp_hit-from>
      <Hsp_hit-to>260754</Hsp_hit-to>
      <Hsp_query-frame>1</Hsp_query-frame>
      <Hsp_hit-frame>1</Hsp_hit-frame>
      <Hsp_identity>148</Hsp_identity>
      <Hsp_positive>148</Hsp_positive>
      <Hsp_gaps>5</Hsp_gaps>
      <Hsp_align-len>222</Hsp_align-len>
      <Hsp_qseq>AACGACTGGTACTTCTTCAGCCACAAGGACAAGAAGTATCCAACCGGGACCAGGACGAACCGGGCAACAGTCGCTGGATTCTGGAAAGCTACCGGACGTGACAAAATCATCTG-CAGTTGTGTCCGGAGAATTGGACTGAGGAAGACACTCGTGTTCTACAAAGGAAGAGCTCCTCACGGTCAGAAATCCGACTGGATCATGCATGAGTATCGCCTCGACGA</Hsp_qseq>
      <Hsp_hseq>AAGGAATGGTACTTCTTCTCTCCCAGGGACAGAAAATATCCCAACGGTTCGCGTCCTAACCGGTCCGCTGGTTCTGGTTACTGGAAAGCTACCGGAGCTGATAAACCGATCGGACTACCTAAACCGG----TCGGAATTAAGAAAGCTCTTGTTTTCTACGCCGGCAAAGCTCCAAAGGGAGAGAAAACCAATTGGATCATGCACGAGTACCGTCTCGCCGA</Hsp_hseq>
      <Hsp_midline>|| || ||||||||||||   | || |||||  || ||||| | |||  |  |  | |||||| |  | |   |||| | ||||||||||||||||  ||| |||   ||| | |        ||||    | ||| | | |||  | || || ||||||   || | ||||||  | ||  ||||| || | ||||||||||| ||||| || |||| |||</Hsp_midline>
    </Hsp>
    <Hsp>
      <Hsp_num>15</Hsp_num>
      <Hsp_bit-score>62.6008</Hsp_bit-score>
      <Hsp_score>68</Hsp_score>
      <Hsp_evalue>0.000195217</Hsp_evalue>
      <Hsp_query-from>646</Hsp_query-from>
      <Hsp_query-to>724</Hsp_query-to>
      <Hsp_hit-from>12644900</Hsp_hit-from>
      <Hsp_hit-to>12644978</Hsp_hit-to>
      <Hsp_query-frame>1</Hsp_query-frame>
      <Hsp_hit-frame>1</Hsp_hit-frame>
      <Hsp_identity>61</Hsp_identity>
      <Hsp_positive>61</Hsp_positive>
      <Hsp_gaps>0</Hsp_gaps>
      <Hsp_align-len>79</Hsp_align-len>
      <Hsp_qseq>TTGGACTGAGGAAGACACTCGTGTTCTACAAAGGAAGAGCTCCTCACGGTCAGAAATCCGACTGGATCATGCATGAGTA</Hsp_qseq>
      <Hsp_hseq>TTGGACTCAAGAAGACTCTTGTTTTCTATAGAGGTCGTGCTCCTAATGGTGAGAGAACTGACTGGGTGATGCATGAGTA</Hsp_hseq>
      <Hsp_midline>||||||| | |||||| || || ||||| | |||  | |||||| | ||| ||| | | |||||| | |||||||||||</Hsp_midline>
    </Hsp>
    <Hsp>
      <Hsp_num>16</Hsp_num>
      <Hsp_bit-score>59.8958</Hsp_bit-score>
      <Hsp_score>65</Hsp_score>
      <Hsp_evalue>0.00237823</Hsp_evalue>
      <Hsp_query-from>549</Hsp_query-from>
      <Hsp_query-to>732</Hsp_query-to>
      <Hsp_hit-from>28731995</Hsp_hit-from>
      <Hsp_hit-to>28732175</Hsp_hit-to>
      <Hsp_query-frame>1</Hsp_query-frame>
      <Hsp_hit-frame>1</Hsp_hit-frame>
      <Hsp_identity>125</Hsp_identity>
      <Hsp_positive>125</Hsp_positive>
      <Hsp_gaps>5</Hsp_gaps>
      <Hsp_align-len>185</Hsp_align-len>
      <Hsp_qseq>AAGTATCCAACCGGGACCAGGACGAACCGGGCAACAGTCGCTGGATTCTGGAAAGCTACCGGACGTGACAAAATCATCTGCAGTTGT-GTCCGGAGAATTGGACTGAGGAAGACACTCGTGTTCTACAAAGGAAGAGCTCCTCACGGTCAGAAATCCGACTGGATCATGCATGAGTATCGCCTCG</Hsp_qseq>
      <Hsp_hseq>AAGTATCCAAACGGTTCAAGACCCAACCGTGCAGCTGGTACTGGATATTGGAAAGCTACCGGAGCTGATAAACCAATAGGTCGTCCTAAACCGG----TTGGTATTAAGAAGGCTCTAGTGTTTTACTCGGGAAAACCTCCAAATGGAGAGAAAACCAATTGGATTATGCACGAATACCGGCTCG</Hsp_hseq>
      <Hsp_midline>|||||||||| |||  | ||  | ||||| ||| | |   ||||||  |||||||||||||||  ||| |||   ||  |  ||  |   ||||    ||||  | | |||| | || ||||| |||   |||| | ||||  | ||  ||||| || | ||||| ||||| || || || ||||</Hsp_midline>
    </Hsp>
    <Hsp>
      <Hsp_num>17</Hsp_num>
      <Hsp_bit-score>52.6823</Hsp_bit-score>
      <Hsp_score>57</Hsp_score>
      <Hsp_evalue>0.352961</Hsp_evalue>
      <Hsp_query-from>251</Hsp_query-from>
      <Hsp_query-to>306</Hsp_query-to>
      <Hsp_hit-from>260290</Hsp_hit-from>
      <Hsp_hit-to>260345</Hsp_hit-to>
      <Hsp_query-frame>1</Hsp_query-frame>
      <Hsp_hit-frame>1</Hsp_hit-frame>
      <Hsp_identity>45</Hsp_identity>
      <Hsp_positive>45</Hsp_positive>
      <Hsp_gaps>0</Hsp_gaps>
      <Hsp_align-len>56</Hsp_align-len>
      <Hsp_qseq>TGCCTCCAGGTTTCAGATTCCATCCCACCGAAGAAGAACTTCTCCATTACTATCTC</Hsp_qseq>
      <Hsp_hseq>TGCCTCCAGGTTTCCGATTTCACCCTACCGATGAAGAGCTTGTCATGCACTATCTC</Hsp_hseq>
      <Hsp_midline>|||||||||||||| |||| || || ||||| ||||| ||| ||    ||||||||</Hsp_midline>
    </Hsp>
    <Hsp>
      <Hsp_num>18</Hsp_num>
      <Hsp_bit-score>48.1739</Hsp_bit-score>
      <Hsp_score>52</Hsp_score>
      <Hsp_evalue>4.29995</Hsp_evalue>
      <Hsp_query-from>251</Hsp_query-from>
      <Hsp_query-to>306</Hsp_query-to>
      <Hsp_hit-from>24132462</Hsp_hit-from>
      <Hsp_hit-to>24132407</Hsp_hit-to>
      <Hsp_query-frame>1</Hsp_query-frame>
      <Hsp_hit-frame>-1</Hsp_hit-frame>
      <Hsp_identity>44</Hsp_identity>
      <Hsp_positive>44</Hsp_positive>
      <Hsp_gaps>0</Hsp_gaps>
      <Hsp_align-len>56</Hsp_align-len>
      <Hsp_qseq>TGCCTCCAGGTTTCAGATTCCATCCCACCGAAGAAGAACTTCTCCATTACTATCTC</Hsp_qseq>
      <Hsp_hseq>TGCCTCCAGGTTTCCGGTTTCATCCAACAGACGAAGAGCTTGTCATATACTACCTC</Hsp_hseq>
      <Hsp_midline>|||||||||||||| | || ||||| || || ||||| ||| ||   ||||| |||</Hsp_midline>
    </Hsp>
  </Hit_hsps>
</Hit>
<Hit>
  <Hit_num>8</Hit_num>
  <Hit_id>gi|1862939932|emb|LR797807.1|</Hit_id>
  <Hit_def>Arabidopsis thaliana genome assembly, chromosome: 1</Hit_def>
  <Hit_accession>LR797807</Hit_accession>
  <Hit_len>30871886</Hit_len>
  <Hit_hsps>
    <Hsp>
      <Hsp_num>1</Hsp_num>
      <Hsp_bit-score>3470.07</Hsp_bit-score>
      <Hsp_score>3847</Hsp_score>
      <Hsp_evalue>0</Hsp_evalue>
      <Hsp_query-from>1</Hsp_query-from>
      <Hsp_query-to>1926</Hsp_query-to>
      <Hsp_hit-from>11912220</Hsp_hit-from>
      <Hsp_hit-to>11910295</Hsp_hit-to>
      <Hsp_query-frame>1</Hsp_query-frame>
      <Hsp_hit-frame>-1</Hsp_hit-frame>
      <Hsp_identity>1925</Hsp_identity>
      <Hsp_positive>1925</Hsp_positive>
      <Hsp_gaps>0</Hsp_gaps>
      <Hsp_align-len>1926</Hsp_align-len>
      <Hsp_qseq>AAAGACACTTTAATGCATGAACTTCTTTGTTTAAATAACAATTTCCCCCTTTTGGGGGCTATGTCTCGTCGAGTCCTACCACCATTATAAATTATCTCATCGTTTGCTTTCTTTTTTTTAAGTTGTAACCATTTCCACTCGTAATCATACAACTTCTCTACTCTTCTAGAGCAAAAACCCAAAAATATATTGCTATCTTCGTTAATGGCTGATAATAAGGTCAATCTTTCGATTAATGGACAATCAAAAGTGCCTCCAGGTTTCAGATTCCATCCCACCGAAGAAGAACTTCTCCATTACTATCTCCGTAAGAAAGTTAACTCTCAAAAGATCGATCTTGATGTCATTCGTGAAGTTGATCTAAACAAGCTTGAGCCTTGGGATATTCAAGGTTAAACCCTAAATATGAAAAAAAACTCTTTCATTTCTACGAACTCTCTATTTCTTTGTTCTTTATTTTTGAACCATTTTGGTATGCAAATGCAGAGGAATGTAGAATCGGTTCAACGCCACAAAACGACTGGTACTTCTTCAGCCACAAGGACAAGAAGTATCCAACCGGGACCAGGACGAACCGGGCAACAGTCGCTGGATTCTGGAAAGCTACCGGACGTGACAAAATCATCTGCAGTTGTGTCCGGAGAATTGGACTGAGGAAGACACTCGTGTTCTACAAAGGAAGAGCTCCTCACGGTCAGAAATCCGACTGGATCATGCATGAGTATCGCCTCGACGATACTCCAATGTCTAATGTAAGTATATATAGCAATCATCAATTTGCAGTTTAGGTTAGAATAAACAAATTACAAACTTATAGTCAAAGAATTAGCTAGATTCGTTTCATGCTATAAAAGGTTTTGGTTCATTTAGTACGCACTAGAGCCTTCTTTTAGCATCTGCAATTAAAGTAATCGAACATGATTCTCTGAGTTACAATAAGATAATTTCTTATGAAATTAACACATCATATATACATTTATATAAAAAGATTTTTTCACAAGGCTTAAAATAGTTTAACACGGCTCTACAAACAATACGTAGTTAACTAGTTATGGTTGCATATCCAAAAGAAAAACCAACATAAAAGATTTTTTTTTTTGTTTCAAAATAAAAGTTGCATTTTTACATCATCAAGATTTAATCATCTCTTATTGCATTTCATAAGATCGATTTGTGTTCCATTATCAGGGCTATGCTGATGTTGTTACAGAAGATCCAATGAGCTATAACGAAGAAGGTTGGGTGGTATGTCGAGTGTTCAGGAAGAAGAACTATCAAAAGATTGACGATTGTCCTAAAATCACTCTATCTTCTTTACCTGATGACACGGAGGAAGAGAAGGGGCCCACCTTTCACAACACTCAAAACGTTACCGGTTTAGACCATGTTCTTCTCTACATGGACCGTACCGGTTCTAACATTTGCATGCCCGAGAGCCAAACAACGACTCAACATCAAGATGATGTCTTATTCATGCAACTCCCAAGTCTTGAGACACCTAAATCCGAGAGCCCGGTCGACCAAAGTTTCCTGACTCCAAGCAAACTCGATTTCTCTCCCGTTCAAGAGAAGATAACCGAAAGACCGGTTTGCAGCAACTGGGCTAGTCTTGACCGGCTCGTAGCTTGGCAATTGAACAATGGTCATCATAATCCGTGTCATCGTAAGAGTTTTGATGAAGAAGAAGAAAATGGTGATACTATGATGCAGCGATGGGATCTTCATTGGAATAATGATGATAATGTTGATCTTTGGAGTAGTTTCACTGAGTCTTCTTCGTCTTTAGACCCACTTCTTCATTTATCTGTATGATTATCTATACATACACATACACAAAATATAAAATAAAGTTTGTTAAAAAATGTCTCATGTTCTATTGATAGTACGTCTTGATTTTGGGGTTTAACATTTGTTAATGGTGGAGGG</Hsp_qseq>
      <Hsp_hseq>AAAGACACTTTAATGCATGAACTTCTTTGTTTAAATAACAATTTCCCCCTTTTGGGGGCTATGTCTCGTCGAGTCCTACCACCATTATAAATTATCTCATCGTTTGCTTTCTTTTTTTTAAGTTGTAACCATTTCCACTCGTAATCATACAACTTCTCTACTCTTCTAGAGCAAAAACCCAAAAATATATTGCTATCTTCGTTAATGGCTGATAATAAGGTCAATCTTTCGATTAATGGACAATCAAAAGTGCCTCCAGGTTTCAGATTCCATCCCACCGAAGAAGAACTTCTCCATTACTATCTCCGTAAGAAAGTTAACTCTCAAAAGATCGATCTTGATGTCATTCGTGAAGTTGATCTAAACAAGCTTGAGCCTTGGGATATTCAAGGTTAAACCCTAAATATGAAAAAAAACTCTTTCATTTCTACGAACTCTCTATTTCTTTGTTCTTTATTTTTGAACCATTTTGGTATGCAAATGCAGAGGAATGTAGAATCGGTTCAACGCCACAAAACGACTGGTACTTCTTCAGCCACAAGGACAAGAAGTATCCAACCGGGACCAGGACGAACCGGGCAACAGTCGCTGGATTCTGGAAAGCTACCGGACGTGACAAAATCATCTGCAGTTGTGTCCGGAGAATTGGACTGAGGAAGACACTCGTGTTCTACAAAGGAAGAGCTCCTCACGGTCAGAAATCCGACTGGATCATGCATGAGTATCGCCTCGACGATACTCCAATGTCTAATGTAAGTATATATAGCAATCATCAATTTGCAGTTTAGGTTAGAATAAACAAATTACAAACTTATAGTCAAAGAATTAGCTAGATTCGTTTCATGCTATAAAAGGTTTTGGTTCATTTAGTACGCACTAGAGCCTTCTTTTAGCATCTGCAATTAAAGTAATCGAACATGATTCTCTGAGTTACAATAAGATAATTTCTTATGAAATTAACACATCATATATACATTTATATAAAAAGATTTTTTCACAAGGCTTAAAATAGTTTAACACGGCTCTACAAACAATACGTAGTTAACTAGTTATGGTTGCATATCCAAAAGAAAAACCAACATAAAAGATTTTTTTTTTTGTTTCAAAATAAAAGTTGCATTTTTACATCATCAAGATTTAATCATCTCTTATTGCATTTCATAAGATCGATTTGTGTTCCATTATCAGGGCTATGCTGATGTTGTTACAGAAGATCCAATGAGCTATAACGAAGAAGGTTGGGTGGTATGTCGAGTGTTCAGGAAGAAGAACTATCAAAAGATTGACGATTGTCCTAAAATCACTCTATCTTCTTTACCTGATGACACGGAGGAAGAGAAGAGGCCCACCTTTCACAACACTCAAAACGTTACCGGTTTAGACCATGTTCTTCTCTACATGGACCGTACCGGTTCTAACATTTGCATGCCCGAGAGCCAAACAACGACTCAACATCAAGATGATGTCTTATTCATGCAACTCCCAAGTCTTGAGACACCTAAATCCGAGAGCCCGGTCGACCAAAGTTTCCTGACTCCAAGCAAACTCGATTTCTCTCCCGTTCAAGAGAAGATAACCGAAAGACCGGTTTGCAGCAACTGGGCTAGTCTTGACCGGCTCGTAGCTTGGCAATTGAACAATGGTCATCATAATCCGTGTCATCGTAAGAGTTTTGATGAAGAAGAAGAAAATGGTGATACTATGATGCAGCGATGGGATCTTCATTGGAATAATGATGATAATGTTGATCTTTGGAGTAGTTTCACTGAGTCTTCTTCGTCTTTAGACCCACTTCTTCATTTATCTGTATGATTATCTATACATACACATACACAAAATATAAAATAAAGTTTGTTAAAAAATGTCTCATGTTCTATTGATAGTACGTCTTGATTTTGGGGTTTAACATTTGTTAATGGTGGAGGG</Hsp_hseq>
      <Hsp_midline>||||||||||||||||||||||||||||||||||||||||||||||||||||||||||||||||||||||||||||||||||||||||||||||||||||||||||||||||||||||||||||||||||||||||||||||||||||||||||||||||||||||||||||||||||||||||||||||||||||||||||||||||||||||||||||||||||||||||||||||||||||||||||||||||||||||||||||||||||||||||||||||||||||||||||||||||||||||||||||||||||||||||||||||||||||||||||||||||||||||||||||||||||||||||||||||||||||||||||||||||||||||||||||||||||||||||||||||||||||||||||||||||||||||||||||||||||||||||||||||||||||||||||||||||||||||||||||||||||||||||||||||||||||||||||||||||||||||||||||||||||||||||||||||||||||||||||||||||||||||||||||||||||||||||||||||||||||||||||||||||||||||||||||||||||||||||||||||||||||||||||||||||||||||||||||||||||||||||||||||||||||||||||||||||||||||||||||||||||||||||||||||||||||||||||||||||||||||||||||||||||||||||||||||||||||||||||||||||||||||||||||||||||||||||||||||||||||||||||||||||||||||||||||||||||||||||||||||||||||||||||||||||||||||||||||||||||||||||||||||||||||||||||||||||||||||||||||||||||||||||||||||||||||||||||||||||||||||||||||||||||||||||||||||||||||||||||||||||||||||||||||||||||||||||||||||||||||||||||||||||||||||||||||||||||||||||||||||||||||||||||||||||||||||||||||||||||||||||||||||||||||||||||||||||||||||||||||||||||||||||||||||||||||||||||||||||||||||||||||||||||||||||||||||||||||||||||||||||||||||||||||||||||||||||||||| ||||||||||||||||||||||||||||||||||||||||||||||||||||||||||||||||||||||||||||||||||||||||||||||||||||||||||||||||||||||||||||||||||||||||||||||||||||||||||||||||||||||||||||||||||||||||||||||||||||||||||||||||||||||||||||||||||||||||||||||||||||||||||||||||||||||||||||||||||||||||||||||||||||||||||||||||||||||||||||||||||||||||||||||||||||||||||||||||||||||||||||||||||||||||||||||||||||||||||||||||||||||||||||||||||||||||||||||||||||||||||||||||||||||||||||||||||||||||||||||||||||||||||||||||||||||||||||||||||||||||||||||||||||||||||||||||||||||||||||||||||||||||||||||||||||||||</Hsp_midline>
    </Hsp>
    <Hsp>
      <Hsp_num>2</Hsp_num>
      <Hsp_bit-score>201.46</Hsp_bit-score>
      <Hsp_score>222</Hsp_score>
      <Hsp_evalue>3.08798e-46</Hsp_evalue>
      <Hsp_query-from>250</Hsp_query-from>
      <Hsp_query-to>765</Hsp_query-to>
      <Hsp_hit-from>12128560</Hsp_hit-from>
      <Hsp_hit-to>12129073</Hsp_hit-to>
      <Hsp_query-frame>1</Hsp_query-frame>
      <Hsp_hit-frame>1</Hsp_hit-frame>
      <Hsp_identity>362</Hsp_identity>
      <Hsp_positive>362</Hsp_positive>
      <Hsp_gaps>16</Hsp_gaps>
      <Hsp_align-len>523</Hsp_align-len>
      <Hsp_qseq>GTGCCTCCAGGTTTCAGATTCCATCCCACCGAAGAAGAACTTCTCCATTACTATCTCCGTAAGAAAGTTAACTCTCAAAAGATCGATCTTGATGTCATTCGTGAAGTTGATCTAAACAAGCTTGAGCCTTGGGATATTCAAGGTTAAACCCTAAATATGAAAAAAAACTCTTTCATTTCTACGAACTCTCTATTTCTTTGTTCTTTATTTTTGAAC--CATTTTGGTAT--GCAAATGCAGAGGAATGTAGAATCGGTTCAACGCCACAAAACGACTGGTACTTCTTCAGCCACAAGGACAAGAAGTATCCAACCGGGACCAGGACGAACCGGGCAACAGTCGCTGGATTCTGGAAAGCTACCGGACGTGACAAAATCATCTGCAGTTGTGTCCGGAGAATTGGACTGAGGAAGACACTCGTGTTCTACAAAGGAAGAGCTCCTCACGGTCAGAAATCCGACTGGATCATGCATGAGTATCGCCTCGACGATACTCCA-ATG--TCTAATGTAAGTATATATA</Hsp_qseq>
      <Hsp_hseq>GTACCGCCTGGTTTTCGGTTTCATCCAACGGACGAAGAACTTCTTCATTACTACTTGAAGAAGAAGATTTCTTATGAAAAGTTTGAGATGGAAGTCATCAAAGAGGTTGATTTGAACAAGATTGAGCCGTGGGATTTACAAGGTACGTTCTTT--TATTAATAATACATATACGAT-----CCAATCCTCTAGTTATAT--TAGATACTATACAAAAGCATTTTTGTTTTTGTTTTTGTAGATAGATGCAAAATAGGATCAACGCCACAAAATGAGTGGTATTTCTTCAGCCACAAGGATAGGAAATATCCGACAGGGTCAAGGACAAACCGTGCAACCCACTCCGGTTTTTGGAAGGCGACAGGACGTGACAAATGCATAAGAAATTCTTACAAGAAGATCGGCATGAGGAAGACTCTTGTATTCTACAAAGGAAGAGCTCCTCATGGCCAAAAGACAGATTGGATCATGCACGAGTACCGTATCGAAGACACTGAAGATGACCCTTGTGTATGTATATATA</Hsp_hseq>
      <Hsp_midline>|| || || |||||  | || ||||| || || ||||||||||| ||||||||  |    |||||  ||   | | ||||| | ||  | || |||||    || |||||| | |||||| ||||||| |||||| | ||||||     | |   ||| || || |  | |   ||     | ||  ||||| || | |  |   || | |  ||   |||||| || |  |    || |||   ||| | ||| || |||||||||||||| || ||||| ||||||||||||||||| | ||| ||||| || ||| | ||||| ||||| |||||   | | || || ||||| || || ||||||||||||  |||  | | || |  |  ||  || ||  |||||||||| || || ||||||||||||||||||||||| || || ||  | || ||||||||||| ||||| ||  |||| || |||  | |||   ||  |||| |||||||||</Hsp_midline>
    </Hsp>
    <Hsp>
      <Hsp_num>3</Hsp_num>
      <Hsp_bit-score>189.738</Hsp_bit-score>
      <Hsp_score>209</Hsp_score>
      <Hsp_evalue>1.94873e-42</Hsp_evalue>
      <Hsp_query-from>481</Hsp_query-from>
      <Hsp_query-to>738</Hsp_query-to>
      <Hsp_hit-from>30385667</Hsp_hit-from>
      <Hsp_hit-to>30385407</Hsp_hit-to>
      <Hsp_query-frame>1</Hsp_query-frame>
      <Hsp_hit-frame>-1</Hsp_hit-frame>
      <Hsp_identity>201</Hsp_identity>
      <Hsp_positive>201</Hsp_positive>
      <Hsp_gaps>5</Hsp_gaps>
      <Hsp_align-len>262</Hsp_align-len>
      <Hsp_qseq>ATGCAGAGGAATGTAGAATCGGTTCAACGCCACAAAACGACTGGTACTTCTTCAGCCACAAGGACAAGAAGTATCCAACCGGGACCAGGACGAACCGGGCAACAGTCGCTGGATTCTGGAAAGCTACCGGACGTGACAAA---AT-CATCTGCAGTTGTGTCCGGAGAATTGGACTGAGGAAGACACTCGTGTTCTACAAAGGAAGAGCTCCTCACGGTCAGAAATCCGACTGGATCATGCATGAGTATCGCCTCGACGATA</Hsp_qseq>
      <Hsp_hseq>ATGTAGAGAAATGCAGAATCGGGTCGGGTCCTCAAAACGAGTGGTATTTCTTTAGCCACAAGGACAAGAAATATCCGACTGGGACCCGAACGAACCGGGCGACAGCAGCCGGGTTCTGGAAAGCTACTGGTAGAGACAAATCCATACATCT-CAACAGCTCCAAGAAGATTGGACTTCGTAAGACTCTTGTCTTCTACACTGGTCGTGCTCCTCATGGCCAAAAAACCGAATGGATCATGCACGAATATCGCTTGGACGATA</Hsp_hseq>
      <Hsp_midline>||| |||| |||| |||||||| ||    || |||||||| ||||| ||||| ||||||||||||||||| ||||| || |||||| | ||||||||||| ||||  || || |||||||||||||| ||  | ||||||   || ||||| ||   |   |  ||  ||||||||  | ||||| || || |||||||  ||  | |||||||| || || ||| |||| ||||||||||| || |||||| | |||||||</Hsp_midline>
    </Hsp>
    <Hsp>
      <Hsp_num>4</Hsp_num>
      <Hsp_bit-score>126.62</Hsp_bit-score>
      <Hsp_score>139</Hsp_score>
      <Hsp_evalue>1.95045e-23</Hsp_evalue>
      <Hsp_query-from>513</Hsp_query-from>
      <Hsp_query-to>730</Hsp_query-to>
      <Hsp_hit-from>27514522</Hsp_hit-from>
      <Hsp_hit-to>27514739</Hsp_hit-to>
      <Hsp_query-frame>1</Hsp_query-frame>
      <Hsp_hit-frame>1</Hsp_hit-frame>
      <Hsp_identity>165</Hsp_identity>
      <Hsp_positive>165</Hsp_positive>
      <Hsp_gaps>14</Hsp_gaps>
      <Hsp_align-len>225</Hsp_align-len>
      <Hsp_qseq>CAAAACGACTGGTACTTCTTCAGCCACAAGGACAAGAAGTATCCAACCGGGACCAGGACGAACCGGGCAACAGTCGCTGGATTCTGGAAAGCTACCGGACGTGACAA-----AATCATC-TGCAGTTGTGTCCGGAGAATTGGACTGAGGAAGACACTCGTGTTCTACAAAGGAAGAGCTCCTCACGGTCAGAAA-TCCGACTGGATCATGCATGAGTATCGCCT</Hsp_qseq>
      <Hsp_hseq>CAAAACGAATGGTACTTCTTTAGTCATAAGGACAGGAAGTACCCGACCGGGACTAGGACCAACCGAGCCACTGCGGCTGGGTTCTGGAAAGCCACGGGTAGAGACAAGGCGGTACTATCAAAGAACAGTGTC------ATCGGAATGCGGAAGACACTTGTCTACTACAAGGGTCGAGCTCCTAATGG-AAGAAAGTCCGATTGGATCATGCACGAATACCGTCT</Hsp_hseq>
      <Hsp_midline>|||||||| ||||||||||| || || ||||||| |||||| || |||||||| ||||| ||||| || || |  ||||| ||||||||||| || ||  | |||||      |  |||    |   |||||      || ||| || |||||||||| || | |||||| ||  |||||||| | ||  ||||| ||||| ||||||||||| || || || ||</Hsp_midline>
    </Hsp>
    <Hsp>
      <Hsp_num>5</Hsp_num>
      <Hsp_bit-score>125.719</Hsp_bit-score>
      <Hsp_score>138</Hsp_score>
      <Hsp_evalue>1.95045e-23</Hsp_evalue>
      <Hsp_query-from>519</Hsp_query-from>
      <Hsp_query-to>728</Hsp_query-to>
      <Hsp_hit-from>4159491</Hsp_hit-from>
      <Hsp_hit-to>4159282</Hsp_hit-to>
      <Hsp_query-frame>1</Hsp_query-frame>
      <Hsp_hit-frame>-1</Hsp_hit-frame>
      <Hsp_identity>156</Hsp_identity>
      <Hsp_positive>156</Hsp_positive>
      <Hsp_gaps>4</Hsp_gaps>
      <Hsp_align-len>212</Hsp_align-len>
      <Hsp_qseq>GACTGGTACTTCTTCAGCCACAAGGACAAGAAGTATCCAACCGGGACCAGGACGAACCGGGCAACAGTCGCTGGATTCTGGAAAGCTACCGGACGTGACAAAATCATCTGCAGTTGTGTC--CGGAGAATTGGACTGAGGAAGACACTCGTGTTCTACAAAGGAAGAGCTCCTCACGGTCAGAAATCCGACTGGATCATGCATGAGTATCGC</Hsp_qseq>
      <Hsp_hseq>GATTGGTACTTCTTTAGCCATAAAGACAAGAAGTATCCCACAGGGACTCGAACCAATAGAGCAACAAAAGCAGGGTTTTGGAAAGCCACCGGAAGAGATAAGGCTATCT--ATTTGAGGCATAGTCTAATTGGCATGAGGAAAACACTTGTGTTTTACAAGGGAAGAGCCCCAAATGGACAAAAGTCTGATTGGATCATGCACGAATACCGC</Hsp_hseq>
      <Hsp_midline>|| ||||||||||| ||||| || |||||||||||||| || |||||  | || ||  | ||||||   || || || |||||||| |||||| | || ||    ||||  | ||| | |   |   ||||||  ||||||| ||||| ||||| ||||| |||||||| ||  | || || || || || ||||||||||| || || |||</Hsp_midline>
    </Hsp>
    <Hsp>
      <Hsp_num>6</Hsp_num>
      <Hsp_bit-score>120.309</Hsp_bit-score>
      <Hsp_score>132</Hsp_score>
      <Hsp_evalue>8.29352e-22</Hsp_evalue>
      <Hsp_query-from>518</Hsp_query-from>
      <Hsp_query-to>728</Hsp_query-to>
      <Hsp_hit-from>23647081</Hsp_hit-from>
      <Hsp_hit-to>23646871</Hsp_hit-to>
      <Hsp_query-frame>1</Hsp_query-frame>
      <Hsp_hit-frame>-1</Hsp_hit-frame>
      <Hsp_identity>153</Hsp_identity>
      <Hsp_positive>153</Hsp_positive>
      <Hsp_gaps>0</Hsp_gaps>
      <Hsp_align-len>211</Hsp_align-len>
      <Hsp_qseq>CGACTGGTACTTCTTCAGCCACAAGGACAAGAAGTATCCAACCGGGACCAGGACGAACCGGGCAACAGTCGCTGGATTCTGGAAAGCTACCGGACGTGACAAAATCATCTGCAGTTGTGTCCGGAGAATTGGACTGAGGAAGACACTCGTGTTCTACAAAGGAAGAGCTCCTCACGGTCAGAAATCCGACTGGATCATGCATGAGTATCGC</Hsp_qseq>
      <Hsp_hseq>CGAATGGTACTTCTTTAGTCATAAAGACAAGAAGTATCCCACGGGAACTCGAACCAATAGAGCCACGAAAGCAGGATTTTGGAAAGCCACTGGAAGAGACAAGGCTATATATATAAGACATAGTCTTATCGGTATGAGGAAAACACTTGTGTTTTACAAAGGAAGAGCCCCAAATGGTCAGAAATCCGATTGGATCATGCACGAATATCGC</Hsp_hseq>
      <Hsp_midline>||| ||||||||||| || || || |||||||||||||| || || ||  | || ||  | || ||    || ||||| |||||||| || ||| | |||||    || |  |   |     |    || ||  ||||||| ||||| ||||| |||||||||||||| ||  | |||||||||||||| ||||||||||| || ||||||</Hsp_midline>
    </Hsp>
    <Hsp>
      <Hsp_num>7</Hsp_num>
      <Hsp_bit-score>94.1598</Hsp_bit-score>
      <Hsp_score>103</Hsp_score>
      <Hsp_evalue>1.15282e-13</Hsp_evalue>
      <Hsp_query-from>514</Hsp_query-from>
      <Hsp_query-to>737</Hsp_query-to>
      <Hsp_hit-from>26556672</Hsp_hit-from>
      <Hsp_hit-to>26556895</Hsp_hit-to>
      <Hsp_query-frame>1</Hsp_query-frame>
      <Hsp_hit-frame>1</Hsp_hit-frame>
      <Hsp_identity>155</Hsp_identity>
      <Hsp_positive>155</Hsp_positive>
      <Hsp_gaps>0</Hsp_gaps>
      <Hsp_align-len>224</Hsp_align-len>
      <Hsp_qseq>AAAACGACTGGTACTTCTTCAGCCACAAGGACAAGAAGTATCCAACCGGGACCAGGACGAACCGGGCAACAGTCGCTGGATTCTGGAAAGCTACCGGACGTGACAAAATCATCTGCAGTTGTGTCCGGAGAATTGGACTGAGGAAGACACTCGTGTTCTACAAAGGAAGAGCTCCTCACGGTCAGAAATCCGACTGGATCATGCATGAGTATCGCCTCGACGAT</Hsp_qseq>
      <Hsp_hseq>AAAATGAGTGGTATTTCTTCAGCCCTAGAGAAAGAAAATATCCAAACGGAGTCAGACCAAACCGGGCAGCTGTTTCCGGTTATTGGAAAGCAACCGGTACAGACAAAGCCATTCACAGCGGTTCAAGTAACGTAGGTGTCAAGAAAGCTCTAGTCTTCTACAAAGGTAGACCTCCTAAAGGAATCAAAACTGACTGGATCATGCATGAGTATCGTCTCCATGAT</Hsp_hseq>
      <Hsp_midline>|||| || ||||| ||||||||||  |  || |  || ||||||| |||   |||  | ||||||||| | ||  | || |  |||||||| |||||    ||||||  |||   |||  ||    | |   | ||  | | |||  | || || ||||||||||| ||| ||||| | ||    ||| | ||||||||||||||||||||||| ||| | |||</Hsp_midline>
    </Hsp>
    <Hsp>
      <Hsp_num>8</Hsp_num>
      <Hsp_bit-score>94.1598</Hsp_bit-score>
      <Hsp_score>103</Hsp_score>
      <Hsp_evalue>1.15282e-13</Hsp_evalue>
      <Hsp_query-from>519</Hsp_query-from>
      <Hsp_query-to>733</Hsp_query-to>
      <Hsp_hit-from>29103951</Hsp_hit-from>
      <Hsp_hit-to>29103731</Hsp_hit-to>
      <Hsp_query-frame>1</Hsp_query-frame>
      <Hsp_hit-frame>-1</Hsp_hit-frame>
      <Hsp_identity>154</Hsp_identity>
      <Hsp_positive>154</Hsp_positive>
      <Hsp_gaps>6</Hsp_gaps>
      <Hsp_align-len>221</Hsp_align-len>
      <Hsp_qseq>GACTGGTACTTCTTCAGCCACAAGGACAAGAAGTATCCAACCGGGACCAGGACGAACCGGGCAACAGTCGCTGGATTCTGGAAAGCTACCGGACGTGACAA---AATCATCT---GCAGTTGTGTCCGGAGAATTGGACTGAGGAAGACACTCGTGTTCTACAAAGGAAGAGCTCCTCACGGTCAGAAATCCGACTGGATCATGCATGAGTATCGCCTCGA</Hsp_qseq>
      <Hsp_hseq>GAGTGGTACTTTTATAGTCTAAGGGACAGGAAATATCCGACAGGTTTGAGGACTAACAGAGCAACTACTGCTGGATACTGGAAAGCTACCGGAAAAGATAAGGAAGTCTTCTCCGGCGGAGGAGGACAGCTTGTTGGGATGAAGAAGACGTTGGTGTTCTACAAAGGTAGGGCTCCACGTGGCCTCAAGACTAAGTGGGTCATGCATGAGTATCGCCTCGA</Hsp_hseq>
      <Hsp_midline>|| |||||||| |  || |  | ||||| ||| ||||| || ||    ||||| ||| | |||||    ||||||| ||||||||||||||||   || ||   | || |||   || |  | |  | |    ||||  ||| ||||||  | |||||||||||||| || ||||| |  || |  ||  |  | ||| ||||||||||||||||||||||</Hsp_midline>
    </Hsp>
    <Hsp>
      <Hsp_num>9</Hsp_num>
      <Hsp_bit-score>87.848</Hsp_bit-score>
      <Hsp_score>96</Hsp_score>
      <Hsp_evalue>4.9019e-12</Hsp_evalue>
      <Hsp_query-from>250</Hsp_query-from>
      <Hsp_query-to>397</Hsp_query-to>
      <Hsp_hit-from>30386509</Hsp_hit-from>
      <Hsp_hit-to>30386362</Hsp_hit-to>
      <Hsp_query-frame>1</Hsp_query-frame>
      <Hsp_hit-frame>-1</Hsp_hit-frame>
      <Hsp_identity>108</Hsp_identity>
      <Hsp_positive>108</Hsp_positive>
      <Hsp_gaps>0</Hsp_gaps>
      <Hsp_align-len>148</Hsp_align-len>
      <Hsp_qseq>GTGCCTCCAGGTTTCAGATTCCATCCCACCGAAGAAGAACTTCTCCATTACTATCTCCGTAAGAAAGTTAACTCTCAAAAGATCGATCTTGATGTCATTCGTGAAGTTGATCTAAACAAGCTTGAGCCTTGGGATATTCAAGGTTAAA</Hsp_qseq>
      <Hsp_hseq>GTGCCTCCGGGATTCCGGTTTCATCCAACGGAGGAGGAGCTTCTTTACTATTACCTCAAGAAGAAGGTTTCTTATGAACCAATTGATTTAGATGTAATTAGAGAAGTTGATCTCAACAAGCTGGAACCTTGGGAACTTAAAGGTAAAA</Hsp_hseq>
      <Hsp_midline>|||||||| || ||| | || ||||| || || || || |||||  | || || |||   ||||| |||   | | ||   || ||| | ||||| ||| | ||||||||||| |||||||| || ||||||||  || ||||| |||</Hsp_midline>
    </Hsp>
    <Hsp>
      <Hsp_num>10</Hsp_num>
      <Hsp_bit-score>73.4211</Hsp_bit-score>
      <Hsp_score>80</Hsp_score>
      <Hsp_evalue>1.07972e-07</Hsp_evalue>
      <Hsp_query-from>514</Hsp_query-from>
      <Hsp_query-to>731</Hsp_query-to>
      <Hsp_hit-from>20086022</Hsp_hit-from>
      <Hsp_hit-to>20085805</Hsp_hit-to>
      <Hsp_query-frame>1</Hsp_query-frame>
      <Hsp_hit-frame>-1</Hsp_hit-frame>
      <Hsp_identity>149</Hsp_identity>
      <Hsp_positive>149</Hsp_positive>
      <Hsp_gaps>2</Hsp_gaps>
      <Hsp_align-len>219</Hsp_align-len>
      <Hsp_qseq>AAAACGACTGGTACTTCTTCAGCCACAAGGACAAGAAGTATCCAACCGGGACCAGGACGAACCGGGCAACAGTCGCTGGATTCTGGAAAGCTACCGG-ACGTGACAAAATCATCTGCAGTTGTGTCCGGAGAATTGGACTGAGGAAGACACTCGTGTTCTACAAAGGAAGAGCTCCTCACGGTCAGAAATCCGACTGGATCATGCATGAGTATCGCCTC</Hsp_qseq>
      <Hsp_hseq>AAAAAGAATGGTATTTTTTTAGTCCTAGGGATAGAAAATATCCAAACGGGTCAAGACCTAACCGGGTTGCCGGATCGGGTTATTGGAAAGCTACGGGTACG-GATAAAATAATCTCGACGGAAGGACAAAGAGTTGGTATTAAAAAAGCTTTGGTGTTTTACATCGGAAAAGCTCCTAAAGGTACTAAAACCAATTGGATCATGCATGAGTATCGTCTC</Hsp_hseq>
      <Hsp_midline>|||| || ||||| || || || |  | ||| |  || ||||||| |||| | ||  | |||||||   | |   | || |  ||||||||||| || ||| || ||||| ||||  |     |  |  ||| ||||  | |  ||  |  | ||||| ||||  |||| ||||||| | |||   ||| || | |||||||||||||||||||| |||</Hsp_midline>
    </Hsp>
    <Hsp>
      <Hsp_num>11</Hsp_num>
      <Hsp_bit-score>71.6177</Hsp_bit-score>
      <Hsp_score>78</Hsp_score>
      <Hsp_evalue>3.76858e-07</Hsp_evalue>
      <Hsp_query-from>519</Hsp_query-from>
      <Hsp_query-to>731</Hsp_query-to>
      <Hsp_hit-from>21159752</Hsp_hit-from>
      <Hsp_hit-to>21159540</Hsp_hit-to>
      <Hsp_query-frame>1</Hsp_query-frame>
      <Hsp_hit-frame>-1</Hsp_hit-frame>
      <Hsp_identity>152</Hsp_identity>
      <Hsp_positive>152</Hsp_positive>
      <Hsp_gaps>16</Hsp_gaps>
      <Hsp_align-len>221</Hsp_align-len>
      <Hsp_qseq>GACTGGTACTTCTTCAGCCACAAGG-ACAAGAAGTATCCAACCGGGACCAGGACGAACCGGGCAACAGTCGCTGGATTCTGGAAAGCTACCGGACGTGACAAAATCATCTGCAGTTGTGTC--CGGAGA-----ATTGGACTGAGGAAGACACTCGTGTTCTACAAAGGAAGAGCTCCTCACGGTCAGAAATCCGACTGGATCATGCATGAGTATCGCCTC</Hsp_qseq>
      <Hsp_hseq>GAATGGTACTTTTACAGC-ACAAGGGATAAGAAGTATCCAAATGGCTCTAGGACGAACCGTGCGACCCGAGCGGGTTACTGGAAGGCCACGGG----GA-AAGATC--GTACAGTAGAATCAAAGAAGATGAAGATGGGAATGAAGAAGACACTGGTTTATTATAGAGGAAGGGCTCCTCATGGCCTTCGTACTAATTGGGTCATGCATGAATATCGTCTC</Hsp_hseq>
      <Hsp_midline>|| |||||||| | |||| |||||| | |||||||||||||  ||  | ||||||||||| || ||    || || | |||||| || || ||    || || |||   | |||| |  ||   | |||     || ||| ||| ||||||||| || |  || | |||||| |||||||| || |      |  | ||| |||||||||| ||||| |||</Hsp_midline>
    </Hsp>
    <Hsp>
      <Hsp_num>12</Hsp_num>
      <Hsp_bit-score>70.716</Hsp_bit-score>
      <Hsp_score>77</Hsp_score>
      <Hsp_evalue>1.31536e-06</Hsp_evalue>
      <Hsp_query-from>516</Hsp_query-from>
      <Hsp_query-to>721</Hsp_query-to>
      <Hsp_hit-from>21065727</Hsp_hit-from>
      <Hsp_hit-to>21065522</Hsp_hit-to>
      <Hsp_query-frame>1</Hsp_query-frame>
      <Hsp_hit-frame>-1</Hsp_hit-frame>
      <Hsp_identity>139</Hsp_identity>
      <Hsp_positive>139</Hsp_positive>
      <Hsp_gaps>0</Hsp_gaps>
      <Hsp_align-len>206</Hsp_align-len>
      <Hsp_qseq>AACGACTGGTACTTCTTCAGCCACAAGGACAAGAAGTATCCAACCGGGACCAGGACGAACCGGGCAACAGTCGCTGGATTCTGGAAAGCTACCGGACGTGACAAAATCATCTGCAGTTGTGTCCGGAGAATTGGACTGAGGAAGACACTCGTGTTCTACAAAGGAAGAGCTCCTCACGGTCAGAAATCCGACTGGATCATGCATGA</Hsp_qseq>
      <Hsp_hseq>AAGGATTGGTATTTCTACAGCCAAAGAGACCGAAAATACGCGACGGGGCTGAGAACTAACCGAGCAACGGCCACCGGATATTGGAAAGCCACCGGCAAAGACAGAACCATTCTAAGAAAGGGTAAGCTAGTTGGGATGAGGAAGACATTGGTTTTCTATCAAGGTCGAGCTCCTCGAGGCCGTAAAACCGATTGGGTCATGCACGA</Hsp_hseq>
      <Hsp_midline>|| || ||||| |||| |||||| |  |||   || ||  | || |||   || || ||||| ||||| | | | ||||  |||||||| |||||    |||| || |||    ||    |    |  | ||||  ||||||||||| | || |||||  ||||  |||||||||  || |  ||| |||| ||| ||||||| ||</Hsp_midline>
    </Hsp>
    <Hsp>
      <Hsp_num>13</Hsp_num>
      <Hsp_bit-score>69.8143</Hsp_bit-score>
      <Hsp_score>76</Hsp_score>
      <Hsp_evalue>1.31536e-06</Hsp_evalue>
      <Hsp_query-from>251</Hsp_query-from>
      <Hsp_query-to>383</Hsp_query-to>
      <Hsp_hit-from>21160076</Hsp_hit-from>
      <Hsp_hit-to>21159944</Hsp_hit-to>
      <Hsp_query-frame>1</Hsp_query-frame>
      <Hsp_hit-frame>-1</Hsp_hit-frame>
      <Hsp_identity>95</Hsp_identity>
      <Hsp_positive>95</Hsp_positive>
      <Hsp_gaps>0</Hsp_gaps>
      <Hsp_align-len>133</Hsp_align-len>
      <Hsp_qseq>TGCCTCCAGGTTTCAGATTCCATCCCACCGAAGAAGAACTTCTCCATTACTATCTCCGTAAGAAAGTTAACTCTCAAAAGATCGATCTTGATGTCATTCGTGAAGTTGATCTAAACAAGCTTGAGCCTTGGGA</Hsp_qseq>
      <Hsp_hseq>TGCCTCCAGGATTCAGGTTTCATCCCACTGATGAAGAACTGGTGGCTTACTATCTTGATAGGAAGGTCAACGGCCAAGCCATTGAGCTCGAGATCATCCCAGAAGTTGATCTTTATAAATGCGAGCCATGGGA</Hsp_hseq>
      <Hsp_midline>|||||||||| ||||| || |||||||| || ||||||||  |   |||||||||   || ||| || |||   |||   || || || ||  |||| |  |||||||||||  | ||    ||||| |||||</Hsp_midline>
    </Hsp>
    <Hsp>
      <Hsp_num>14</Hsp_num>
      <Hsp_bit-score>63.5025</Hsp_bit-score>
      <Hsp_score>69</Hsp_score>
      <Hsp_evalue>0.000195217</Hsp_evalue>
      <Hsp_query-from>516</Hsp_query-from>
      <Hsp_query-to>736</Hsp_query-to>
      <Hsp_hit-from>269593</Hsp_hit-from>
      <Hsp_hit-to>269810</Hsp_hit-to>
      <Hsp_query-frame>1</Hsp_query-frame>
      <Hsp_hit-frame>1</Hsp_hit-frame>
      <Hsp_identity>148</Hsp_identity>
      <Hsp_positive>148</Hsp_positive>
      <Hsp_gaps>5</Hsp_gaps>
      <Hsp_align-len>222</Hsp_align-len>
      <Hsp_qseq>AACGACTGGTACTTCTTCAGCCACAAGGACAAGAAGTATCCAACCGGGACCAGGACGAACCGGGCAACAGTCGCTGGATTCTGGAAAGCTACCGGACGTGACAAAATCATCTG-CAGTTGTGTCCGGAGAATTGGACTGAGGAAGACACTCGTGTTCTACAAAGGAAGAGCTCCTCACGGTCAGAAATCCGACTGGATCATGCATGAGTATCGCCTCGACGA</Hsp_qseq>
      <Hsp_hseq>AAGGAATGGTACTTCTTCTCTCCCAGGGACAGAAAATATCCCAACGGTTCGCGTCCTAACCGGTCCGCTGGTTCTGGTTACTGGAAAGCTACCGGAGCTGATAAACCGATCGGACTACCTAAACCGG----TCGGAATTAAGAAAGCTCTTGTTTTCTACGCCGGCAAAGCTCCAAAGGGAGAGAAAACCAATTGGATCATGCACGAGTACCGTCTCGCCGA</Hsp_hseq>
      <Hsp_midline>|| || ||||||||||||   | || |||||  || ||||| | |||  |  |  | |||||| |  | |   |||| | ||||||||||||||||  ||| |||   ||| | |        ||||    | ||| | | |||  | || || ||||||   || | ||||||  | ||  ||||| || | ||||||||||| ||||| || |||| |||</Hsp_midline>
    </Hsp>
    <Hsp>
      <Hsp_num>15</Hsp_num>
      <Hsp_bit-score>62.6008</Hsp_bit-score>
      <Hsp_score>68</Hsp_score>
      <Hsp_evalue>0.000195217</Hsp_evalue>
      <Hsp_query-from>646</Hsp_query-from>
      <Hsp_query-to>724</Hsp_query-to>
      <Hsp_hit-from>12530979</Hsp_hit-from>
      <Hsp_hit-to>12531057</Hsp_hit-to>
      <Hsp_query-frame>1</Hsp_query-frame>
      <Hsp_hit-frame>1</Hsp_hit-frame>
      <Hsp_identity>61</Hsp_identity>
      <Hsp_positive>61</Hsp_positive>
      <Hsp_gaps>0</Hsp_gaps>
      <Hsp_align-len>79</Hsp_align-len>
      <Hsp_qseq>TTGGACTGAGGAAGACACTCGTGTTCTACAAAGGAAGAGCTCCTCACGGTCAGAAATCCGACTGGATCATGCATGAGTA</Hsp_qseq>
      <Hsp_hseq>TTGGACTCAAGAAGACTCTTGTTTTCTATAGAGGTCGTGCTCCTAATGGTGAGAGAACTGACTGGGTGATGCATGAGTA</Hsp_hseq>
      <Hsp_midline>||||||| | |||||| || || ||||| | |||  | |||||| | ||| ||| | | |||||| | |||||||||||</Hsp_midline>
    </Hsp>
    <Hsp>
      <Hsp_num>16</Hsp_num>
      <Hsp_bit-score>59.8958</Hsp_bit-score>
      <Hsp_score>65</Hsp_score>
      <Hsp_evalue>0.00237823</Hsp_evalue>
      <Hsp_query-from>549</Hsp_query-from>
      <Hsp_query-to>732</Hsp_query-to>
      <Hsp_hit-from>29533633</Hsp_hit-from>
      <Hsp_hit-to>29533813</Hsp_hit-to>
      <Hsp_query-frame>1</Hsp_query-frame>
      <Hsp_hit-frame>1</Hsp_hit-frame>
      <Hsp_identity>125</Hsp_identity>
      <Hsp_positive>125</Hsp_positive>
      <Hsp_gaps>5</Hsp_gaps>
      <Hsp_align-len>185</Hsp_align-len>
      <Hsp_qseq>AAGTATCCAACCGGGACCAGGACGAACCGGGCAACAGTCGCTGGATTCTGGAAAGCTACCGGACGTGACAAAATCATCTGCAGTTGT-GTCCGGAGAATTGGACTGAGGAAGACACTCGTGTTCTACAAAGGAAGAGCTCCTCACGGTCAGAAATCCGACTGGATCATGCATGAGTATCGCCTCG</Hsp_qseq>
      <Hsp_hseq>AAGTATCCAAACGGTTCAAGACCCAACCGTGCAGCTGGTACTGGATATTGGAAAGCTACCGGAGCTGATAAACCAATAGGTCGTCCTAAACCGG----TTGGTATTAAGAAGGCTCTAGTGTTTTACTCGGGAAAACCTCCAAATGGAGAGAAAACCAATTGGATTATGCACGAATACCGGCTCG</Hsp_hseq>
      <Hsp_midline>|||||||||| |||  | ||  | ||||| ||| | |   ||||||  |||||||||||||||  ||| |||   ||  |  ||  |   ||||    ||||  | | |||| | || ||||| |||   |||| | ||||  | ||  ||||| || | ||||| ||||| || || || ||||</Hsp_midline>
    </Hsp>
    <Hsp>
      <Hsp_num>17</Hsp_num>
      <Hsp_bit-score>52.6823</Hsp_bit-score>
      <Hsp_score>57</Hsp_score>
      <Hsp_evalue>0.352961</Hsp_evalue>
      <Hsp_query-from>251</Hsp_query-from>
      <Hsp_query-to>306</Hsp_query-to>
      <Hsp_hit-from>269346</Hsp_hit-from>
      <Hsp_hit-to>269401</Hsp_hit-to>
      <Hsp_query-frame>1</Hsp_query-frame>
      <Hsp_hit-frame>1</Hsp_hit-frame>
      <Hsp_identity>45</Hsp_identity>
      <Hsp_positive>45</Hsp_positive>
      <Hsp_gaps>0</Hsp_gaps>
      <Hsp_align-len>56</Hsp_align-len>
      <Hsp_qseq>TGCCTCCAGGTTTCAGATTCCATCCCACCGAAGAAGAACTTCTCCATTACTATCTC</Hsp_qseq>
      <Hsp_hseq>TGCCTCCAGGTTTCCGATTTCACCCTACCGATGAAGAGCTTGTCATGCACTATCTC</Hsp_hseq>
      <Hsp_midline>|||||||||||||| |||| || || ||||| ||||| ||| ||    ||||||||</Hsp_midline>
    </Hsp>
    <Hsp>
      <Hsp_num>18</Hsp_num>
      <Hsp_bit-score>48.1739</Hsp_bit-score>
      <Hsp_score>52</Hsp_score>
      <Hsp_evalue>4.29995</Hsp_evalue>
      <Hsp_query-from>251</Hsp_query-from>
      <Hsp_query-to>306</Hsp_query-to>
      <Hsp_hit-from>24940293</Hsp_hit-from>
      <Hsp_hit-to>24940238</Hsp_hit-to>
      <Hsp_query-frame>1</Hsp_query-frame>
      <Hsp_hit-frame>-1</Hsp_hit-frame>
      <Hsp_identity>44</Hsp_identity>
      <Hsp_positive>44</Hsp_positive>
      <Hsp_gaps>0</Hsp_gaps>
      <Hsp_align-len>56</Hsp_align-len>
      <Hsp_qseq>TGCCTCCAGGTTTCAGATTCCATCCCACCGAAGAAGAACTTCTCCATTACTATCTC</Hsp_qseq>
      <Hsp_hseq>TGCCTCCAGGTTTCCGGTTTCATCCAACAGACGAAGAGCTTGTCATATACTACCTC</Hsp_hseq>
      <Hsp_midline>|||||||||||||| | || ||||| || || ||||| ||| ||   ||||| |||</Hsp_midline>
    </Hsp>
  </Hit_hsps>
</Hit>
<Hit>
  <Hit_num>9</Hit_num>
  <Hit_id>gi|1862939917|emb|LR797792.1|</Hit_id>
  <Hit_def>Arabidopsis thaliana genome assembly, chromosome: 1</Hit_def>
  <Hit_accession>LR797792</Hit_accession>
  <Hit_len>29520718</Hit_len>
  <Hit_hsps>
    <Hsp>
      <Hsp_num>1</Hsp_num>
      <Hsp_bit-score>3470.07</Hsp_bit-score>
      <Hsp_score>3847</Hsp_score>
      <Hsp_evalue>0</Hsp_evalue>
      <Hsp_query-from>1</Hsp_query-from>
      <Hsp_query-to>1926</Hsp_query-to>
      <Hsp_hit-from>11989796</Hsp_hit-from>
      <Hsp_hit-to>11987871</Hsp_hit-to>
      <Hsp_query-frame>1</Hsp_query-frame>
      <Hsp_hit-frame>-1</Hsp_hit-frame>
      <Hsp_identity>1925</Hsp_identity>
      <Hsp_positive>1925</Hsp_positive>
      <Hsp_gaps>0</Hsp_gaps>
      <Hsp_align-len>1926</Hsp_align-len>
      <Hsp_qseq>AAAGACACTTTAATGCATGAACTTCTTTGTTTAAATAACAATTTCCCCCTTTTGGGGGCTATGTCTCGTCGAGTCCTACCACCATTATAAATTATCTCATCGTTTGCTTTCTTTTTTTTAAGTTGTAACCATTTCCACTCGTAATCATACAACTTCTCTACTCTTCTAGAGCAAAAACCCAAAAATATATTGCTATCTTCGTTAATGGCTGATAATAAGGTCAATCTTTCGATTAATGGACAATCAAAAGTGCCTCCAGGTTTCAGATTCCATCCCACCGAAGAAGAACTTCTCCATTACTATCTCCGTAAGAAAGTTAACTCTCAAAAGATCGATCTTGATGTCATTCGTGAAGTTGATCTAAACAAGCTTGAGCCTTGGGATATTCAAGGTTAAACCCTAAATATGAAAAAAAACTCTTTCATTTCTACGAACTCTCTATTTCTTTGTTCTTTATTTTTGAACCATTTTGGTATGCAAATGCAGAGGAATGTAGAATCGGTTCAACGCCACAAAACGACTGGTACTTCTTCAGCCACAAGGACAAGAAGTATCCAACCGGGACCAGGACGAACCGGGCAACAGTCGCTGGATTCTGGAAAGCTACCGGACGTGACAAAATCATCTGCAGTTGTGTCCGGAGAATTGGACTGAGGAAGACACTCGTGTTCTACAAAGGAAGAGCTCCTCACGGTCAGAAATCCGACTGGATCATGCATGAGTATCGCCTCGACGATACTCCAATGTCTAATGTAAGTATATATAGCAATCATCAATTTGCAGTTTAGGTTAGAATAAACAAATTACAAACTTATAGTCAAAGAATTAGCTAGATTCGTTTCATGCTATAAAAGGTTTTGGTTCATTTAGTACGCACTAGAGCCTTCTTTTAGCATCTGCAATTAAAGTAATCGAACATGATTCTCTGAGTTACAATAAGATAATTTCTTATGAAATTAACACATCATATATACATTTATATAAAAAGATTTTTTCACAAGGCTTAAAATAGTTTAACACGGCTCTACAAACAATACGTAGTTAACTAGTTATGGTTGCATATCCAAAAGAAAAACCAACATAAAAGATTTTTTTTTTTGTTTCAAAATAAAAGTTGCATTTTTACATCATCAAGATTTAATCATCTCTTATTGCATTTCATAAGATCGATTTGTGTTCCATTATCAGGGCTATGCTGATGTTGTTACAGAAGATCCAATGAGCTATAACGAAGAAGGTTGGGTGGTATGTCGAGTGTTCAGGAAGAAGAACTATCAAAAGATTGACGATTGTCCTAAAATCACTCTATCTTCTTTACCTGATGACACGGAGGAAGAGAAGGGGCCCACCTTTCACAACACTCAAAACGTTACCGGTTTAGACCATGTTCTTCTCTACATGGACCGTACCGGTTCTAACATTTGCATGCCCGAGAGCCAAACAACGACTCAACATCAAGATGATGTCTTATTCATGCAACTCCCAAGTCTTGAGACACCTAAATCCGAGAGCCCGGTCGACCAAAGTTTCCTGACTCCAAGCAAACTCGATTTCTCTCCCGTTCAAGAGAAGATAACCGAAAGACCGGTTTGCAGCAACTGGGCTAGTCTTGACCGGCTCGTAGCTTGGCAATTGAACAATGGTCATCATAATCCGTGTCATCGTAAGAGTTTTGATGAAGAAGAAGAAAATGGTGATACTATGATGCAGCGATGGGATCTTCATTGGAATAATGATGATAATGTTGATCTTTGGAGTAGTTTCACTGAGTCTTCTTCGTCTTTAGACCCACTTCTTCATTTATCTGTATGATTATCTATACATACACATACACAAAATATAAAATAAAGTTTGTTAAAAAATGTCTCATGTTCTATTGATAGTACGTCTTGATTTTGGGGTTTAACATTTGTTAATGGTGGAGGG</Hsp_qseq>
      <Hsp_hseq>AAAGACACTTTAATGCATGAACTTCTTTGTTTAAATAACAATTTCCCCCTTTTGGGGGCTATGTCTCGTCGAGTCCTACCACCATTATAAATTATCTCATCGTTTGCTTTCTTTTTTTTAAGTTGTAACCATTTCCACTCGTAATCATACAACTTCTCTACTCTTCTAGAGCAAAAACCCAAAAATATATTGCTATCTTCGTTAATGGCTGATAATAAGGTCAATCTTTCGATTAATGGACAATCAAAAGTGCCTCCAGGTTTCAGATTCCATCCCACCGAAGAAGAACTTCTCCATTACTATCTCCGTAAGAAAGTTAACTCTCAAAAGATCGATCTTGATGTCATTCGTGAAGTTGATCTAAACAAGCTTGAGCCTTGGGATATTCAAGGTTAAACCCTAAATATGAAAAAAAACTCTTTCATTTCTACGAACTCTCTATTTCTTTGTTCTTTATTTTTGAACCATTTTGGTATGCAAATGCAGAGGAATGTAGAATCGGTTCAACGCCACAAAACGACTGGTACTTCTTCAGCCACAAGGACAAGAAGTATCCAACCGGGACCAGGACGAACCGGGCAACAGTCGCTGGATTCTGGAAAGCTACCGGACGTGACAAAATCATCTGCAGTTGTGTCCGGAGAATTGGACTGAGGAAGACACTCGTGTTCTACAAAGGAAGAGCTCCTCACGGTCAGAAATCCGACTGGATCATGCATGAGTATCGCCTCGACGATACTCCAATGTCTAATGTAAGTATATATAGCAATCATCAATTTGCAGTTTAGGTTAGAATAAACAAATTACAAACTTATAGTCAAAGAATTAGCTAGATTCGTTTCATGCTATAAAAGGTTTTGGTTCATTTAGTACGCACTAGAGCCTTCTTTTAGCATCTGCAATTAAAGTAATCGAACATGATTCTCTGAGTTACAATAAGATAATTTCTTATGAAATTAACACATCATATATACATTTATATAAAAAGATTTTTTCACAAGGCTTAAAATAGTTTAACACGGCTCTACAAACAATACGTAGTTAACTAGTTATGGTTGCATATCCAAAAGAAAAACCAACATAAAAGATTTTTTTTTTTGTTTCAAAATAAAAGTTGCATTTTTACATCATCAAGATTTAATCATCTCTTATTGCATTTCATAAGATCGATTTGTGTTCCATTATCAGGGCTATGCTGATGTTGTTACAGAAGATCCAATGAGCTATAACGAAGAAGGTTGGGTGGTATGTCGAGTGTTCAGGAAGAAGAACTATCAAAAGATTGACGATTGTCCTAAAATCACTCTATCTTCTTTACCTGATGACACGGAGGAAGAGAAGAGGCCCACCTTTCACAACACTCAAAACGTTACCGGTTTAGACCATGTTCTTCTCTACATGGACCGTACCGGTTCTAACATTTGCATGCCCGAGAGCCAAACAACGACTCAACATCAAGATGATGTCTTATTCATGCAACTCCCAAGTCTTGAGACACCTAAATCCGAGAGCCCGGTCGACCAAAGTTTCCTGACTCCAAGCAAACTCGATTTCTCTCCCGTTCAAGAGAAGATAACCGAAAGACCGGTTTGCAGCAACTGGGCTAGTCTTGACCGGCTCGTAGCTTGGCAATTGAACAATGGTCATCATAATCCGTGTCATCGTAAGAGTTTTGATGAAGAAGAAGAAAATGGTGATACTATGATGCAGCGATGGGATCTTCATTGGAATAATGATGATAATGTTGATCTTTGGAGTAGTTTCACTGAGTCTTCTTCGTCTTTAGACCCACTTCTTCATTTATCTGTATGATTATCTATACATACACATACACAAAATATAAAATAAAGTTTGTTAAAAAATGTCTCATGTTCTATTGATAGTACGTCTTGATTTTGGGGTTTAACATTTGTTAATGGTGGAGGG</Hsp_hseq>
      <Hsp_midline>||||||||||||||||||||||||||||||||||||||||||||||||||||||||||||||||||||||||||||||||||||||||||||||||||||||||||||||||||||||||||||||||||||||||||||||||||||||||||||||||||||||||||||||||||||||||||||||||||||||||||||||||||||||||||||||||||||||||||||||||||||||||||||||||||||||||||||||||||||||||||||||||||||||||||||||||||||||||||||||||||||||||||||||||||||||||||||||||||||||||||||||||||||||||||||||||||||||||||||||||||||||||||||||||||||||||||||||||||||||||||||||||||||||||||||||||||||||||||||||||||||||||||||||||||||||||||||||||||||||||||||||||||||||||||||||||||||||||||||||||||||||||||||||||||||||||||||||||||||||||||||||||||||||||||||||||||||||||||||||||||||||||||||||||||||||||||||||||||||||||||||||||||||||||||||||||||||||||||||||||||||||||||||||||||||||||||||||||||||||||||||||||||||||||||||||||||||||||||||||||||||||||||||||||||||||||||||||||||||||||||||||||||||||||||||||||||||||||||||||||||||||||||||||||||||||||||||||||||||||||||||||||||||||||||||||||||||||||||||||||||||||||||||||||||||||||||||||||||||||||||||||||||||||||||||||||||||||||||||||||||||||||||||||||||||||||||||||||||||||||||||||||||||||||||||||||||||||||||||||||||||||||||||||||||||||||||||||||||||||||||||||||||||||||||||||||||||||||||||||||||||||||||||||||||||||||||||||||||||||||||||||||||||||||||||||||||||||||||||||||||||||||||||||||||||||||||||||||||||||||||||||||||||||||||||| ||||||||||||||||||||||||||||||||||||||||||||||||||||||||||||||||||||||||||||||||||||||||||||||||||||||||||||||||||||||||||||||||||||||||||||||||||||||||||||||||||||||||||||||||||||||||||||||||||||||||||||||||||||||||||||||||||||||||||||||||||||||||||||||||||||||||||||||||||||||||||||||||||||||||||||||||||||||||||||||||||||||||||||||||||||||||||||||||||||||||||||||||||||||||||||||||||||||||||||||||||||||||||||||||||||||||||||||||||||||||||||||||||||||||||||||||||||||||||||||||||||||||||||||||||||||||||||||||||||||||||||||||||||||||||||||||||||||||||||||||||||||||||||||||||||||||</Hsp_midline>
    </Hsp>
    <Hsp>
      <Hsp_num>2</Hsp_num>
      <Hsp_bit-score>198.755</Hsp_bit-score>
      <Hsp_score>219</Hsp_score>
      <Hsp_evalue>3.76193e-45</Hsp_evalue>
      <Hsp_query-from>250</Hsp_query-from>
      <Hsp_query-to>765</Hsp_query-to>
      <Hsp_hit-from>12202728</Hsp_hit-from>
      <Hsp_hit-to>12203240</Hsp_hit-to>
      <Hsp_query-frame>1</Hsp_query-frame>
      <Hsp_hit-frame>1</Hsp_hit-frame>
      <Hsp_identity>361</Hsp_identity>
      <Hsp_positive>361</Hsp_positive>
      <Hsp_gaps>15</Hsp_gaps>
      <Hsp_align-len>522</Hsp_align-len>
      <Hsp_qseq>GTGCCTCCAGGTTTCAGATTCCATCCCACCGAAGAAGAACTTCTCCATTACTATCTCCGTAAGAAAGTTAACTCTCAAAAGATCGATCTTGATGTCATTCGTGAAGTTGATCTAAACAAGCTTGAGCCTTGGGATATTCAAGGTTAAACCCTAAATATGAAAAAAAACTCTTTCATTTCTACGAACTCTCTATTTCTTTGTTCTTTATTTTTGAAC--CATTTTGGTAT-GCAAATGCAGAGGAATGTAGAATCGGTTCAACGCCACAAAACGACTGGTACTTCTTCAGCCACAAGGACAAGAAGTATCCAACCGGGACCAGGACGAACCGGGCAACAGTCGCTGGATTCTGGAAAGCTACCGGACGTGACAAAATCATCTGCAGTTGTGTCCGGAGAATTGGACTGAGGAAGACACTCGTGTTCTACAAAGGAAGAGCTCCTCACGGTCAGAAATCCGACTGGATCATGCATGAGTATCGCCTCGACGATACTCCA-ATG--TCTAATGTAAGTATATATA</Hsp_qseq>
      <Hsp_hseq>GTACCGCCTGGTTTTCGGTTTCATCCAACGGACGAAGAACTTCTTCATTACTACTTGAAGAAGAAGATTTCTTATGAAAAGTTTGAGATGGAAGTCATCAAAGAGGTTGATTTGAACAAGATTGAGCCGTGGGATTTACAAGGTACGTTCTTT--TATTAATAATACATATACGAT-----CCAATCCTCTAGTTATAT--TAGATACTATACAAAAGCATTTTTTTTTTGTTTTTGTAGATAGATGCAAAATAGGATCAACGCCACAAAATGAGTGGTATTTCTTCAGCCACAAGGATAGGAAATATCCGACAGGGTCAAGGACAAACCGTGCAACCCACTCCGGTTTTTGGAAGGCGACAGGACGTGACAAATGCATAAGAAATTCTTACAAGAAGATCGGCATGAGGAAGACTCTTGTATTCTACAAAGGAAGAGCTCCTCATGGCCAAAAGACAGATTGGATCATGCACGAGTACCGTATCGAAGACACTGAAGATGACCCTTGTGTATGTATATATA</Hsp_hseq>
      <Hsp_midline>|| || || |||||  | || ||||| || || ||||||||||| ||||||||  |    |||||  ||   | | ||||| | ||  | || |||||    || |||||| | |||||| ||||||| |||||| | ||||||     | |   ||| || || |  | |   ||     | ||  ||||| || | |  |   || | |  ||   ||||||  | | |    || |||   ||| | ||| || |||||||||||||| || ||||| ||||||||||||||||| | ||| ||||| || ||| | ||||| ||||| |||||   | | || || ||||| || || ||||||||||||  |||  | | || |  |  ||  || ||  |||||||||| || || ||||||||||||||||||||||| || || ||  | || ||||||||||| ||||| ||  |||| || |||  | |||   ||  |||| |||||||||</Hsp_midline>
    </Hsp>
    <Hsp>
      <Hsp_num>3</Hsp_num>
      <Hsp_bit-score>189.738</Hsp_bit-score>
      <Hsp_score>209</Hsp_score>
      <Hsp_evalue>1.94873e-42</Hsp_evalue>
      <Hsp_query-from>481</Hsp_query-from>
      <Hsp_query-to>738</Hsp_query-to>
      <Hsp_hit-from>29036750</Hsp_hit-from>
      <Hsp_hit-to>29036490</Hsp_hit-to>
      <Hsp_query-frame>1</Hsp_query-frame>
      <Hsp_hit-frame>-1</Hsp_hit-frame>
      <Hsp_identity>201</Hsp_identity>
      <Hsp_positive>201</Hsp_positive>
      <Hsp_gaps>5</Hsp_gaps>
      <Hsp_align-len>262</Hsp_align-len>
      <Hsp_qseq>ATGCAGAGGAATGTAGAATCGGTTCAACGCCACAAAACGACTGGTACTTCTTCAGCCACAAGGACAAGAAGTATCCAACCGGGACCAGGACGAACCGGGCAACAGTCGCTGGATTCTGGAAAGCTACCGGACGTGACAAA---AT-CATCTGCAGTTGTGTCCGGAGAATTGGACTGAGGAAGACACTCGTGTTCTACAAAGGAAGAGCTCCTCACGGTCAGAAATCCGACTGGATCATGCATGAGTATCGCCTCGACGATA</Hsp_qseq>
      <Hsp_hseq>ATGTAGAGAAATGCAGAATCGGGTCGGGTCCTCAAAACGAGTGGTATTTCTTTAGCCACAAGGACAAGAAATATCCGACTGGGACCCGAACGAACCGGGCGACAGCAGCCGGGTTCTGGAAAGCTACTGGTAGAGACAAATCCATACATCT-CAACAGCTCCAAGAAGATTGGACTTCGTAAGACTCTTGTCTTCTACACTGGTCGTGCTCCTCATGGCCAAAAAACCGAATGGATCATGCACGAATATCGCTTGGACGATA</Hsp_hseq>
      <Hsp_midline>||| |||| |||| |||||||| ||    || |||||||| ||||| ||||| ||||||||||||||||| ||||| || |||||| | ||||||||||| ||||  || || |||||||||||||| ||  | ||||||   || ||||| ||   |   |  ||  ||||||||  | ||||| || || |||||||  ||  | |||||||| || || ||| |||| ||||||||||| || |||||| | |||||||</Hsp_midline>
    </Hsp>
    <Hsp>
      <Hsp_num>4</Hsp_num>
      <Hsp_bit-score>126.62</Hsp_bit-score>
      <Hsp_score>139</Hsp_score>
      <Hsp_evalue>1.95045e-23</Hsp_evalue>
      <Hsp_query-from>513</Hsp_query-from>
      <Hsp_query-to>730</Hsp_query-to>
      <Hsp_hit-from>26150007</Hsp_hit-from>
      <Hsp_hit-to>26150224</Hsp_hit-to>
      <Hsp_query-frame>1</Hsp_query-frame>
      <Hsp_hit-frame>1</Hsp_hit-frame>
      <Hsp_identity>165</Hsp_identity>
      <Hsp_positive>165</Hsp_positive>
      <Hsp_gaps>14</Hsp_gaps>
      <Hsp_align-len>225</Hsp_align-len>
      <Hsp_qseq>CAAAACGACTGGTACTTCTTCAGCCACAAGGACAAGAAGTATCCAACCGGGACCAGGACGAACCGGGCAACAGTCGCTGGATTCTGGAAAGCTACCGGACGTGACAA-----AATCATC-TGCAGTTGTGTCCGGAGAATTGGACTGAGGAAGACACTCGTGTTCTACAAAGGAAGAGCTCCTCACGGTCAGAAA-TCCGACTGGATCATGCATGAGTATCGCCT</Hsp_qseq>
      <Hsp_hseq>CAAAACGAATGGTACTTCTTTAGTCATAAGGACAGGAAGTACCCGACCGGGACTAGGACCAACCGAGCCACTGCGGCTGGGTTCTGGAAAGCCACGGGTAGAGACAAGGCGGTACTATCAAAGAACAGTGTC------ATCGGAATGCGGAAGACACTTGTCTACTACAAGGGTCGAGCTCCTAATGG-AAGAAAGTCCGATTGGATCATGCACGAATACCGTCT</Hsp_hseq>
      <Hsp_midline>|||||||| ||||||||||| || || ||||||| |||||| || |||||||| ||||| ||||| || || |  ||||| ||||||||||| || ||  | |||||      |  |||    |   |||||      || ||| || |||||||||| || | |||||| ||  |||||||| | ||  ||||| ||||| ||||||||||| || || || ||</Hsp_midline>
    </Hsp>
    <Hsp>
      <Hsp_num>5</Hsp_num>
      <Hsp_bit-score>125.719</Hsp_bit-score>
      <Hsp_score>138</Hsp_score>
      <Hsp_evalue>1.95045e-23</Hsp_evalue>
      <Hsp_query-from>519</Hsp_query-from>
      <Hsp_query-to>728</Hsp_query-to>
      <Hsp_hit-from>4182942</Hsp_hit-from>
      <Hsp_hit-to>4182733</Hsp_hit-to>
      <Hsp_query-frame>1</Hsp_query-frame>
      <Hsp_hit-frame>-1</Hsp_hit-frame>
      <Hsp_identity>156</Hsp_identity>
      <Hsp_positive>156</Hsp_positive>
      <Hsp_gaps>4</Hsp_gaps>
      <Hsp_align-len>212</Hsp_align-len>
      <Hsp_qseq>GACTGGTACTTCTTCAGCCACAAGGACAAGAAGTATCCAACCGGGACCAGGACGAACCGGGCAACAGTCGCTGGATTCTGGAAAGCTACCGGACGTGACAAAATCATCTGCAGTTGTGTC--CGGAGAATTGGACTGAGGAAGACACTCGTGTTCTACAAAGGAAGAGCTCCTCACGGTCAGAAATCCGACTGGATCATGCATGAGTATCGC</Hsp_qseq>
      <Hsp_hseq>GATTGGTACTTCTTTAGCCATAAAGACAAGAAGTATCCCACAGGGACTCGAACCAATAGAGCAACAAAAGCAGGGTTTTGGAAAGCCACCGGAAGAGATAAGGCTATCT--ATTTGAGGCATAGTCTAATTGGCATGAGGAAAACACTTGTGTTTTACAAGGGAAGAGCCCCAAATGGACAAAAGTCTGATTGGATCATGCACGAATACCGC</Hsp_hseq>
      <Hsp_midline>|| ||||||||||| ||||| || |||||||||||||| || |||||  | || ||  | ||||||   || || || |||||||| |||||| | || ||    ||||  | ||| | |   |   ||||||  ||||||| ||||| ||||| ||||| |||||||| ||  | || || || || || ||||||||||| || || |||</Hsp_midline>
    </Hsp>
    <Hsp>
      <Hsp_num>6</Hsp_num>
      <Hsp_bit-score>120.309</Hsp_bit-score>
      <Hsp_score>132</Hsp_score>
      <Hsp_evalue>8.29352e-22</Hsp_evalue>
      <Hsp_query-from>518</Hsp_query-from>
      <Hsp_query-to>728</Hsp_query-to>
      <Hsp_hit-from>22271834</Hsp_hit-from>
      <Hsp_hit-to>22271624</Hsp_hit-to>
      <Hsp_query-frame>1</Hsp_query-frame>
      <Hsp_hit-frame>-1</Hsp_hit-frame>
      <Hsp_identity>153</Hsp_identity>
      <Hsp_positive>153</Hsp_positive>
      <Hsp_gaps>0</Hsp_gaps>
      <Hsp_align-len>211</Hsp_align-len>
      <Hsp_qseq>CGACTGGTACTTCTTCAGCCACAAGGACAAGAAGTATCCAACCGGGACCAGGACGAACCGGGCAACAGTCGCTGGATTCTGGAAAGCTACCGGACGTGACAAAATCATCTGCAGTTGTGTCCGGAGAATTGGACTGAGGAAGACACTCGTGTTCTACAAAGGAAGAGCTCCTCACGGTCAGAAATCCGACTGGATCATGCATGAGTATCGC</Hsp_qseq>
      <Hsp_hseq>CGAATGGTACTTCTTTAGTCATAAAGACAAGAAGTATCCCACGGGAACTCGAACCAATAGAGCCACGAAAGCAGGATTTTGGAAAGCCACTGGAAGAGACAAGGCTATATATATAAGACATAGTCTTATCGGTATGAGGAAAACACTTGTGTTTTACAAAGGAAGAGCCCCAAATGGTCAGAAATCCGATTGGATCATGCACGAATATCGC</Hsp_hseq>
      <Hsp_midline>||| ||||||||||| || || || |||||||||||||| || || ||  | || ||  | || ||    || ||||| |||||||| || ||| | |||||    || |  |   |     |    || ||  ||||||| ||||| ||||| |||||||||||||| ||  | |||||||||||||| ||||||||||| || ||||||</Hsp_midline>
    </Hsp>
    <Hsp>
      <Hsp_num>7</Hsp_num>
      <Hsp_bit-score>94.1598</Hsp_bit-score>
      <Hsp_score>103</Hsp_score>
      <Hsp_evalue>1.15282e-13</Hsp_evalue>
      <Hsp_query-from>514</Hsp_query-from>
      <Hsp_query-to>737</Hsp_query-to>
      <Hsp_hit-from>25185427</Hsp_hit-from>
      <Hsp_hit-to>25185650</Hsp_hit-to>
      <Hsp_query-frame>1</Hsp_query-frame>
      <Hsp_hit-frame>1</Hsp_hit-frame>
      <Hsp_identity>155</Hsp_identity>
      <Hsp_positive>155</Hsp_positive>
      <Hsp_gaps>0</Hsp_gaps>
      <Hsp_align-len>224</Hsp_align-len>
      <Hsp_qseq>AAAACGACTGGTACTTCTTCAGCCACAAGGACAAGAAGTATCCAACCGGGACCAGGACGAACCGGGCAACAGTCGCTGGATTCTGGAAAGCTACCGGACGTGACAAAATCATCTGCAGTTGTGTCCGGAGAATTGGACTGAGGAAGACACTCGTGTTCTACAAAGGAAGAGCTCCTCACGGTCAGAAATCCGACTGGATCATGCATGAGTATCGCCTCGACGAT</Hsp_qseq>
      <Hsp_hseq>AAAATGAGTGGTATTTCTTCAGCCCTAGAGAAAGAAAATATCCAAACGGAGTCAGACCAAACCGGGCAGCTGTTTCCGGTTATTGGAAAGCAACCGGTACAGACAAAGCCATTCACAGCGGTTCAAGTAACGTAGGTGTCAAGAAAGCTCTAGTCTTCTACAAAGGTAGACCTCCTAAAGGAATCAAAACTGACTGGATCATGCATGAGTATCGTCTCCATGAT</Hsp_hseq>
      <Hsp_midline>|||| || ||||| ||||||||||  |  || |  || ||||||| |||   |||  | ||||||||| | ||  | || |  |||||||| |||||    ||||||  |||   |||  ||    | |   | ||  | | |||  | || || ||||||||||| ||| ||||| | ||    ||| | ||||||||||||||||||||||| ||| | |||</Hsp_midline>
    </Hsp>
    <Hsp>
      <Hsp_num>8</Hsp_num>
      <Hsp_bit-score>89.6514</Hsp_bit-score>
      <Hsp_score>98</Hsp_score>
      <Hsp_evalue>1.40442e-12</Hsp_evalue>
      <Hsp_query-from>519</Hsp_query-from>
      <Hsp_query-to>733</Hsp_query-to>
      <Hsp_hit-from>27758675</Hsp_hit-from>
      <Hsp_hit-to>27758455</Hsp_hit-to>
      <Hsp_query-frame>1</Hsp_query-frame>
      <Hsp_hit-frame>-1</Hsp_hit-frame>
      <Hsp_identity>153</Hsp_identity>
      <Hsp_positive>153</Hsp_positive>
      <Hsp_gaps>6</Hsp_gaps>
      <Hsp_align-len>221</Hsp_align-len>
      <Hsp_qseq>GACTGGTACTTCTTCAGCCACAAGGACAAGAAGTATCCAACCGGGACCAGGACGAACCGGGCAACAGTCGCTGGATTCTGGAAAGCTACCGGACGTGACAA---AATCATCT---GCAGTTGTGTCCGGAGAATTGGACTGAGGAAGACACTCGTGTTCTACAAAGGAAGAGCTCCTCACGGTCAGAAATCCGACTGGATCATGCATGAGTATCGCCTCGA</Hsp_qseq>
      <Hsp_hseq>GAGTGGTACTTTTATAGTCTAAGGGACAGGAAATATCCGACAGGTTTGAGGACTAACAGAGCAACTACTGCTGGATACTGGAAAGCTACCGGCAAAGATAAGGAAGTCTTCTCCGGCGGAGGAGGACAGCTTGTTGGGATGAAGAAGACGTTGGTGTTCTACAAAGGTAGGGCTCCACGTGGCCTCAAGACTAAGTGGGTCATGCATGAGTATCGCCTCGA</Hsp_hseq>
      <Hsp_midline>|| |||||||| |  || |  | ||||| ||| ||||| || ||    ||||| ||| | |||||    ||||||| |||||||||||||||    || ||   | || |||   || |  | |  | |    ||||  ||| ||||||  | |||||||||||||| || ||||| |  || |  ||  |  | ||| ||||||||||||||||||||||</Hsp_midline>
    </Hsp>
    <Hsp>
      <Hsp_num>9</Hsp_num>
      <Hsp_bit-score>87.848</Hsp_bit-score>
      <Hsp_score>96</Hsp_score>
      <Hsp_evalue>4.9019e-12</Hsp_evalue>
      <Hsp_query-from>250</Hsp_query-from>
      <Hsp_query-to>397</Hsp_query-to>
      <Hsp_hit-from>29037591</Hsp_hit-from>
      <Hsp_hit-to>29037444</Hsp_hit-to>
      <Hsp_query-frame>1</Hsp_query-frame>
      <Hsp_hit-frame>-1</Hsp_hit-frame>
      <Hsp_identity>108</Hsp_identity>
      <Hsp_positive>108</Hsp_positive>
      <Hsp_gaps>0</Hsp_gaps>
      <Hsp_align-len>148</Hsp_align-len>
      <Hsp_qseq>GTGCCTCCAGGTTTCAGATTCCATCCCACCGAAGAAGAACTTCTCCATTACTATCTCCGTAAGAAAGTTAACTCTCAAAAGATCGATCTTGATGTCATTCGTGAAGTTGATCTAAACAAGCTTGAGCCTTGGGATATTCAAGGTTAAA</Hsp_qseq>
      <Hsp_hseq>GTGCCTCCGGGATTCCGGTTTCATCCAACGGAGGAGGAGCTTCTTTACTATTACCTCAAGAAGAAGGTTTCTTATGAACCAATTGATTTAGATGTAATTAGAGAAGTTGATCTCAACAAGCTGGAACCTTGGGAACTTAAAGGTAAAA</Hsp_hseq>
      <Hsp_midline>|||||||| || ||| | || ||||| || || || || |||||  | || || |||   ||||| |||   | | ||   || ||| | ||||| ||| | ||||||||||| |||||||| || ||||||||  || ||||| |||</Hsp_midline>
    </Hsp>
    <Hsp>
      <Hsp_num>10</Hsp_num>
      <Hsp_bit-score>73.4211</Hsp_bit-score>
      <Hsp_score>80</Hsp_score>
      <Hsp_evalue>1.07972e-07</Hsp_evalue>
      <Hsp_query-from>514</Hsp_query-from>
      <Hsp_query-to>731</Hsp_query-to>
      <Hsp_hit-from>18812493</Hsp_hit-from>
      <Hsp_hit-to>18812276</Hsp_hit-to>
      <Hsp_query-frame>1</Hsp_query-frame>
      <Hsp_hit-frame>-1</Hsp_hit-frame>
      <Hsp_identity>149</Hsp_identity>
      <Hsp_positive>149</Hsp_positive>
      <Hsp_gaps>2</Hsp_gaps>
      <Hsp_align-len>219</Hsp_align-len>
      <Hsp_qseq>AAAACGACTGGTACTTCTTCAGCCACAAGGACAAGAAGTATCCAACCGGGACCAGGACGAACCGGGCAACAGTCGCTGGATTCTGGAAAGCTACCGG-ACGTGACAAAATCATCTGCAGTTGTGTCCGGAGAATTGGACTGAGGAAGACACTCGTGTTCTACAAAGGAAGAGCTCCTCACGGTCAGAAATCCGACTGGATCATGCATGAGTATCGCCTC</Hsp_qseq>
      <Hsp_hseq>AAAAAGAATGGTATTTTTTTAGTCCTAGGGATAGAAAATATCCAAACGGGTCAAGACCTAACCGGGTTGCCGGATCGGGTTATTGGAAAGCTACGGGTACG-GATAAAATAATCTCGACGGAAGGACAAAGAGTTGGTATTAAAAAAGCTTTGGTGTTTTACATCGGAAAAGCTCCTAAAGGTACTAAAACCAATTGGATCATGCATGAGTATCGTCTC</Hsp_hseq>
      <Hsp_midline>|||| || ||||| || || || |  | ||| |  || ||||||| |||| | ||  | |||||||   | |   | || |  ||||||||||| || ||| || ||||| ||||  |     |  |  ||| ||||  | |  ||  |  | ||||| ||||  |||| ||||||| | |||   ||| || | |||||||||||||||||||| |||</Hsp_midline>
    </Hsp>
    <Hsp>
      <Hsp_num>11</Hsp_num>
      <Hsp_bit-score>71.6177</Hsp_bit-score>
      <Hsp_score>78</Hsp_score>
      <Hsp_evalue>3.76858e-07</Hsp_evalue>
      <Hsp_query-from>519</Hsp_query-from>
      <Hsp_query-to>731</Hsp_query-to>
      <Hsp_hit-from>19365420</Hsp_hit-from>
      <Hsp_hit-to>19365208</Hsp_hit-to>
      <Hsp_query-frame>1</Hsp_query-frame>
      <Hsp_hit-frame>-1</Hsp_hit-frame>
      <Hsp_identity>152</Hsp_identity>
      <Hsp_positive>152</Hsp_positive>
      <Hsp_gaps>16</Hsp_gaps>
      <Hsp_align-len>221</Hsp_align-len>
      <Hsp_qseq>GACTGGTACTTCTTCAGCCACAAGG-ACAAGAAGTATCCAACCGGGACCAGGACGAACCGGGCAACAGTCGCTGGATTCTGGAAAGCTACCGGACGTGACAAAATCATCTGCAGTTGTGTC--CGGAGA-----ATTGGACTGAGGAAGACACTCGTGTTCTACAAAGGAAGAGCTCCTCACGGTCAGAAATCCGACTGGATCATGCATGAGTATCGCCTC</Hsp_qseq>
      <Hsp_hseq>GAATGGTACTTTTACAGC-ACAAGGGATAAGAAGTATCCAAATGGCTCTAGGACGAACCGTGCGACCCGAGCGGGTTACTGGAAGGCCACGGG----GA-AAGATC--GTACAGTAGAATCAAAGAAGATGAAGATGGGAATGAAGAAGACACTGGTTTATTATAGAGGAAGGGCTCCTCATGGCCTTCGTACTAATTGGGTCATGCATGAATATCGTCTC</Hsp_hseq>
      <Hsp_midline>|| |||||||| | |||| |||||| | |||||||||||||  ||  | ||||||||||| || ||    || || | |||||| || || ||    || || |||   | |||| |  ||   | |||     || ||| ||| ||||||||| || |  || | |||||| |||||||| || |      |  | ||| |||||||||| ||||| |||</Hsp_midline>
    </Hsp>
    <Hsp>
      <Hsp_num>12</Hsp_num>
      <Hsp_bit-score>70.716</Hsp_bit-score>
      <Hsp_score>77</Hsp_score>
      <Hsp_evalue>1.31536e-06</Hsp_evalue>
      <Hsp_query-from>516</Hsp_query-from>
      <Hsp_query-to>721</Hsp_query-to>
      <Hsp_hit-from>20040698</Hsp_hit-from>
      <Hsp_hit-to>20040493</Hsp_hit-to>
      <Hsp_query-frame>1</Hsp_query-frame>
      <Hsp_hit-frame>-1</Hsp_hit-frame>
      <Hsp_identity>139</Hsp_identity>
      <Hsp_positive>139</Hsp_positive>
      <Hsp_gaps>0</Hsp_gaps>
      <Hsp_align-len>206</Hsp_align-len>
      <Hsp_qseq>AACGACTGGTACTTCTTCAGCCACAAGGACAAGAAGTATCCAACCGGGACCAGGACGAACCGGGCAACAGTCGCTGGATTCTGGAAAGCTACCGGACGTGACAAAATCATCTGCAGTTGTGTCCGGAGAATTGGACTGAGGAAGACACTCGTGTTCTACAAAGGAAGAGCTCCTCACGGTCAGAAATCCGACTGGATCATGCATGA</Hsp_qseq>
      <Hsp_hseq>AAGGATTGGTATTTCTACAGCCAAAGAGACCGAAAATACGCGACGGGGCTGAGAACTAACCGAGCAACGGCCACCGGATATTGGAAAGCCACCGGCAAAGACAGAACCATTCTAAGAAAGGGTAAGCTAGTTGGGATGAGGAAGACATTGGTTTTCTATCAAGGTCGAGCTCCTCGAGGCCGTAAAACCGATTGGGTCATGCACGA</Hsp_hseq>
      <Hsp_midline>|| || ||||| |||| |||||| |  |||   || ||  | || |||   || || ||||| ||||| | | | ||||  |||||||| |||||    |||| || |||    ||    |    |  | ||||  ||||||||||| | || |||||  ||||  |||||||||  || |  ||| |||| ||| ||||||| ||</Hsp_midline>
    </Hsp>
    <Hsp>
      <Hsp_num>13</Hsp_num>
      <Hsp_bit-score>69.8143</Hsp_bit-score>
      <Hsp_score>76</Hsp_score>
      <Hsp_evalue>1.31536e-06</Hsp_evalue>
      <Hsp_query-from>251</Hsp_query-from>
      <Hsp_query-to>383</Hsp_query-to>
      <Hsp_hit-from>19365742</Hsp_hit-from>
      <Hsp_hit-to>19365610</Hsp_hit-to>
      <Hsp_query-frame>1</Hsp_query-frame>
      <Hsp_hit-frame>-1</Hsp_hit-frame>
      <Hsp_identity>95</Hsp_identity>
      <Hsp_positive>95</Hsp_positive>
      <Hsp_gaps>0</Hsp_gaps>
      <Hsp_align-len>133</Hsp_align-len>
      <Hsp_qseq>TGCCTCCAGGTTTCAGATTCCATCCCACCGAAGAAGAACTTCTCCATTACTATCTCCGTAAGAAAGTTAACTCTCAAAAGATCGATCTTGATGTCATTCGTGAAGTTGATCTAAACAAGCTTGAGCCTTGGGA</Hsp_qseq>
      <Hsp_hseq>TGCCTCCAGGATTCAGGTTTCATCCCACTGATGAAGAACTGGTGGCTTACTATCTTGATAGGAAGGTCAACGGCCAAGCCATTGAGCTCGAGATCATCCCAGAAGTTGATCTTTATAAATGCGAGCCATGGGA</Hsp_hseq>
      <Hsp_midline>|||||||||| ||||| || |||||||| || ||||||||  |   |||||||||   || ||| || |||   |||   || || || ||  |||| |  |||||||||||  | ||    ||||| |||||</Hsp_midline>
    </Hsp>
    <Hsp>
      <Hsp_num>14</Hsp_num>
      <Hsp_bit-score>63.5025</Hsp_bit-score>
      <Hsp_score>69</Hsp_score>
      <Hsp_evalue>0.000195217</Hsp_evalue>
      <Hsp_query-from>516</Hsp_query-from>
      <Hsp_query-to>736</Hsp_query-to>
      <Hsp_hit-from>273152</Hsp_hit-from>
      <Hsp_hit-to>273369</Hsp_hit-to>
      <Hsp_query-frame>1</Hsp_query-frame>
      <Hsp_hit-frame>1</Hsp_hit-frame>
      <Hsp_identity>148</Hsp_identity>
      <Hsp_positive>148</Hsp_positive>
      <Hsp_gaps>5</Hsp_gaps>
      <Hsp_align-len>222</Hsp_align-len>
      <Hsp_qseq>AACGACTGGTACTTCTTCAGCCACAAGGACAAGAAGTATCCAACCGGGACCAGGACGAACCGGGCAACAGTCGCTGGATTCTGGAAAGCTACCGGACGTGACAAAATCATCTG-CAGTTGTGTCCGGAGAATTGGACTGAGGAAGACACTCGTGTTCTACAAAGGAAGAGCTCCTCACGGTCAGAAATCCGACTGGATCATGCATGAGTATCGCCTCGACGA</Hsp_qseq>
      <Hsp_hseq>AAGGAATGGTACTTCTTCTCTCCCAGGGACAGAAAATATCCCAACGGTTCGCGTCCTAACCGGTCCGCTGGTTCTGGTTACTGGAAAGCTACCGGAGCTGATAAACCGATCGGACTACCTAAACCGG----TCGGAATTAAGAAAGCTCTTGTTTTCTACGCCGGCAAAGCTCCAAAGGGAGAGAAAACCAATTGGATCATGCACGAGTACCGTCTCGCCGA</Hsp_hseq>
      <Hsp_midline>|| || ||||||||||||   | || |||||  || ||||| | |||  |  |  | |||||| |  | |   |||| | ||||||||||||||||  ||| |||   ||| | |        ||||    | ||| | | |||  | || || ||||||   || | ||||||  | ||  ||||| || | ||||||||||| ||||| || |||| |||</Hsp_midline>
    </Hsp>
    <Hsp>
      <Hsp_num>15</Hsp_num>
      <Hsp_bit-score>62.6008</Hsp_bit-score>
      <Hsp_score>68</Hsp_score>
      <Hsp_evalue>0.000195217</Hsp_evalue>
      <Hsp_query-from>646</Hsp_query-from>
      <Hsp_query-to>724</Hsp_query-to>
      <Hsp_hit-from>12658542</Hsp_hit-from>
      <Hsp_hit-to>12658620</Hsp_hit-to>
      <Hsp_query-frame>1</Hsp_query-frame>
      <Hsp_hit-frame>1</Hsp_hit-frame>
      <Hsp_identity>61</Hsp_identity>
      <Hsp_positive>61</Hsp_positive>
      <Hsp_gaps>0</Hsp_gaps>
      <Hsp_align-len>79</Hsp_align-len>
      <Hsp_qseq>TTGGACTGAGGAAGACACTCGTGTTCTACAAAGGAAGAGCTCCTCACGGTCAGAAATCCGACTGGATCATGCATGAGTA</Hsp_qseq>
      <Hsp_hseq>TTGGACTCAAGAAGACTCTTGTTTTCTATAGAGGTCGTGCTCCTAATGGTGAGAGAACTGACTGGGTGATGCATGAGTA</Hsp_hseq>
      <Hsp_midline>||||||| | |||||| || || ||||| | |||  | |||||| | ||| ||| | | |||||| | |||||||||||</Hsp_midline>
    </Hsp>
    <Hsp>
      <Hsp_num>16</Hsp_num>
      <Hsp_bit-score>59.8958</Hsp_bit-score>
      <Hsp_score>65</Hsp_score>
      <Hsp_evalue>0.00237823</Hsp_evalue>
      <Hsp_query-from>549</Hsp_query-from>
      <Hsp_query-to>732</Hsp_query-to>
      <Hsp_hit-from>28195999</Hsp_hit-from>
      <Hsp_hit-to>28196179</Hsp_hit-to>
      <Hsp_query-frame>1</Hsp_query-frame>
      <Hsp_hit-frame>1</Hsp_hit-frame>
      <Hsp_identity>125</Hsp_identity>
      <Hsp_positive>125</Hsp_positive>
      <Hsp_gaps>5</Hsp_gaps>
      <Hsp_align-len>185</Hsp_align-len>
      <Hsp_qseq>AAGTATCCAACCGGGACCAGGACGAACCGGGCAACAGTCGCTGGATTCTGGAAAGCTACCGGACGTGACAAAATCATCTGCAGTTGT-GTCCGGAGAATTGGACTGAGGAAGACACTCGTGTTCTACAAAGGAAGAGCTCCTCACGGTCAGAAATCCGACTGGATCATGCATGAGTATCGCCTCG</Hsp_qseq>
      <Hsp_hseq>AAGTATCCAAACGGTTCAAGACCCAACCGTGCAGCTGGTACTGGATATTGGAAAGCTACCGGAGCTGATAAACCAATAGGTCGTCCTAAACCGG----TTGGTATTAAGAAGGCTCTAGTGTTTTACTCGGGAAAACCTCCAAATGGAGAGAAAACCAATTGGATTATGCACGAATACCGGCTCG</Hsp_hseq>
      <Hsp_midline>|||||||||| |||  | ||  | ||||| ||| | |   ||||||  |||||||||||||||  ||| |||   ||  |  ||  |   ||||    ||||  | | |||| | || ||||| |||   |||| | ||||  | ||  ||||| || | ||||| ||||| || || || ||||</Hsp_midline>
    </Hsp>
    <Hsp>
      <Hsp_num>17</Hsp_num>
      <Hsp_bit-score>52.6823</Hsp_bit-score>
      <Hsp_score>57</Hsp_score>
      <Hsp_evalue>0.352961</Hsp_evalue>
      <Hsp_query-from>251</Hsp_query-from>
      <Hsp_query-to>306</Hsp_query-to>
      <Hsp_hit-from>272905</Hsp_hit-from>
      <Hsp_hit-to>272960</Hsp_hit-to>
      <Hsp_query-frame>1</Hsp_query-frame>
      <Hsp_hit-frame>1</Hsp_hit-frame>
      <Hsp_identity>45</Hsp_identity>
      <Hsp_positive>45</Hsp_positive>
      <Hsp_gaps>0</Hsp_gaps>
      <Hsp_align-len>56</Hsp_align-len>
      <Hsp_qseq>TGCCTCCAGGTTTCAGATTCCATCCCACCGAAGAAGAACTTCTCCATTACTATCTC</Hsp_qseq>
      <Hsp_hseq>TGCCTCCAGGTTTCCGATTTCACCCTACCGATGAAGAGCTTGTCATGCACTATCTC</Hsp_hseq>
      <Hsp_midline>|||||||||||||| |||| || || ||||| ||||| ||| ||    ||||||||</Hsp_midline>
    </Hsp>
    <Hsp>
      <Hsp_num>18</Hsp_num>
      <Hsp_bit-score>48.1739</Hsp_bit-score>
      <Hsp_score>52</Hsp_score>
      <Hsp_evalue>4.29995</Hsp_evalue>
      <Hsp_query-from>251</Hsp_query-from>
      <Hsp_query-to>306</Hsp_query-to>
      <Hsp_hit-from>23596248</Hsp_hit-from>
      <Hsp_hit-to>23596193</Hsp_hit-to>
      <Hsp_query-frame>1</Hsp_query-frame>
      <Hsp_hit-frame>-1</Hsp_hit-frame>
      <Hsp_identity>44</Hsp_identity>
      <Hsp_positive>44</Hsp_positive>
      <Hsp_gaps>0</Hsp_gaps>
      <Hsp_align-len>56</Hsp_align-len>
      <Hsp_qseq>TGCCTCCAGGTTTCAGATTCCATCCCACCGAAGAAGAACTTCTCCATTACTATCTC</Hsp_qseq>
      <Hsp_hseq>TGCCTCCAGGTTTCCGGTTTCATCCAACAGACGAAGAGCTTGTCATATACTACCTC</Hsp_hseq>
      <Hsp_midline>|||||||||||||| | || ||||| || || ||||| ||| ||   ||||| |||</Hsp_midline>
    </Hsp>
  </Hit_hsps>
</Hit>
<Hit>
  <Hit_num>10</Hit_num>
  <Hit_id>gi|1731305552|emb|LR699765.1|</Hit_id>
  <Hit_def>Arabidopsis thaliana genome assembly, chromosome: 1</Hit_def>
  <Hit_accession>LR699765</Hit_accession>
  <Hit_len>29179729</Hit_len>
  <Hit_hsps>
    <Hsp>
      <Hsp_num>1</Hsp_num>
      <Hsp_bit-score>3461.95</Hsp_bit-score>
      <Hsp_score>3838</Hsp_score>
      <Hsp_evalue>0</Hsp_evalue>
      <Hsp_query-from>1</Hsp_query-from>
      <Hsp_query-to>1926</Hsp_query-to>
      <Hsp_hit-from>11694548</Hsp_hit-from>
      <Hsp_hit-to>11692624</Hsp_hit-to>
      <Hsp_query-frame>1</Hsp_query-frame>
      <Hsp_hit-frame>-1</Hsp_hit-frame>
      <Hsp_identity>1924</Hsp_identity>
      <Hsp_positive>1924</Hsp_positive>
      <Hsp_gaps>1</Hsp_gaps>
      <Hsp_align-len>1926</Hsp_align-len>
      <Hsp_qseq>AAAGACACTTTAATGCATGAACTTCTTTGTTTAAATAACAATTTCCCCCTTTTGGGGGCTATGTCTCGTCGAGTCCTACCACCATTATAAATTATCTCATCGTTTGCTTTCTTTTTTTTAAGTTGTAACCATTTCCACTCGTAATCATACAACTTCTCTACTCTTCTAGAGCAAAAACCCAAAAATATATTGCTATCTTCGTTAATGGCTGATAATAAGGTCAATCTTTCGATTAATGGACAATCAAAAGTGCCTCCAGGTTTCAGATTCCATCCCACCGAAGAAGAACTTCTCCATTACTATCTCCGTAAGAAAGTTAACTCTCAAAAGATCGATCTTGATGTCATTCGTGAAGTTGATCTAAACAAGCTTGAGCCTTGGGATATTCAAGGTTAAACCCTAAATATGAAAAAAAACTCTTTCATTTCTACGAACTCTCTATTTCTTTGTTCTTTATTTTTGAACCATTTTGGTATGCAAATGCAGAGGAATGTAGAATCGGTTCAACGCCACAAAACGACTGGTACTTCTTCAGCCACAAGGACAAGAAGTATCCAACCGGGACCAGGACGAACCGGGCAACAGTCGCTGGATTCTGGAAAGCTACCGGACGTGACAAAATCATCTGCAGTTGTGTCCGGAGAATTGGACTGAGGAAGACACTCGTGTTCTACAAAGGAAGAGCTCCTCACGGTCAGAAATCCGACTGGATCATGCATGAGTATCGCCTCGACGATACTCCAATGTCTAATGTAAGTATATATAGCAATCATCAATTTGCAGTTTAGGTTAGAATAAACAAATTACAAACTTATAGTCAAAGAATTAGCTAGATTCGTTTCATGCTATAAAAGGTTTTGGTTCATTTAGTACGCACTAGAGCCTTCTTTTAGCATCTGCAATTAAAGTAATCGAACATGATTCTCTGAGTTACAATAAGATAATTTCTTATGAAATTAACACATCATATATACATTTATATAAAAAGATTTTTTCACAAGGCTTAAAATAGTTTAACACGGCTCTACAAACAATACGTAGTTAACTAGTTATGGTTGCATATCCAAAAGAAAAACCAACATAAAAGATTTTTTTTTTTGTTTCAAAATAAAAGTTGCATTTTTACATCATCAAGATTTAATCATCTCTTATTGCATTTCATAAGATCGATTTGTGTTCCATTATCAGGGCTATGCTGATGTTGTTACAGAAGATCCAATGAGCTATAACGAAGAAGGTTGGGTGGTATGTCGAGTGTTCAGGAAGAAGAACTATCAAAAGATTGACGATTGTCCTAAAATCACTCTATCTTCTTTACCTGATGACACGGAGGAAGAGAAGGGGCCCACCTTTCACAACACTCAAAACGTTACCGGTTTAGACCATGTTCTTCTCTACATGGACCGTACCGGTTCTAACATTTGCATGCCCGAGAGCCAAACAACGACTCAACATCAAGATGATGTCTTATTCATGCAACTCCCAAGTCTTGAGACACCTAAATCCGAGAGCCCGGTCGACCAAAGTTTCCTGACTCCAAGCAAACTCGATTTCTCTCCCGTTCAAGAGAAGATAACCGAAAGACCGGTTTGCAGCAACTGGGCTAGTCTTGACCGGCTCGTAGCTTGGCAATTGAACAATGGTCATCATAATCCGTGTCATCGTAAGAGTTTTGATGAAGAAGAAGAAAATGGTGATACTATGATGCAGCGATGGGATCTTCATTGGAATAATGATGATAATGTTGATCTTTGGAGTAGTTTCACTGAGTCTTCTTCGTCTTTAGACCCACTTCTTCATTTATCTGTATGATTATCTATACATACACATACACAAAATATAAAATAAAGTTTGTTAAAAAATGTCTCATGTTCTATTGATAGTACGTCTTGATTTTGGGGTTTAACATTTGTTAATGGTGGAGGG</Hsp_qseq>
      <Hsp_hseq>AAAGACACTTTAATGCATGAACTTCTTTGTTTAAATAACAATTTCCCCCTTTTGGGGGCTATGTCTCGTCGAGTCCTACCACCATTATAAATTATCTCATCGTTTGCTTTCTTTTTTTTAAGTTGTAACCATTTCCACTCGTAATCATACAACTTCTCTACTCTTCTAGAGCAAAAACCCAAAAATATATTGCTATCTTCGTTAATGGCTGATAATAAGGTCAATCTTTCGATTAATGGACAATCAAAAGTGCCTCCAGGTTTCAGATTCCATCCCACCGAAGAAGAACTTCTCCATTACTATCTCCGTAAGAAAGTTAACTCTCAAAAGATCGATCTTGATGTCATTCGTGAAGTTGATCTAAACAAGCTTGAGCCTTGGGATATTCAAGGTTAAACCCTAAATATGAAAAAAAACTCTTTCATTTCTACGAACTCTCTATTTCTTTGTTCTTTATTTTTGAACCATTTTGGTATGCAAATGCAGAGGAATGTAGAATCGGTTCAACGCCACAAAACGACTGGTACTTCTTCAGCCACAAGGACAAGAAGTATCCAACCGGGACCAGGACGAACCGGGCAACAGTCGCTGGATTCTGGAAAGCTACCGGACGTGACAAAATCATCTGCAGTTGTGTCCGGAGAATTGGACTGAGGAAGACACTCGTGTTCTACAAAGGAAGAGCTCCTCACGGTCAGAAATCCGACTGGATCATGCATGAGTATCGCCTCGACGATACTCCAATGTCTAATGTAAGTATATATAGCAATCATCAATTTGCAGTTTAGGTTAGAATAAACAAATTACAAACTTATAGTCAAAGAATTAGCTAGATTCGTTTCATGCTATAAAAGGTTTTGGTTCATTTAGTACGCACTAGAGCCTTCTTTTAGCATCTGCAATTAAAGTAATCGAACATGATTCTCTGAGTTACAATAAGATAATTTCTTATGAAATTAACACATCATATATACATTTATATAAAAAGATTTTTTCACAAGGCTTAAAATAGTTTAACACGGCTCTACAAACAATACGTAGTTAACTAGTTATGGTTGCATATCCAAAAGAAAAACCAACATAAAAGA-TTTTTTTTTTGTTTCAAAATAAAAGTTGCATTTTTACATCATCAAGATTTAATCATCTCTTATTGCATTTCATAAGATCGATTTGTGTTCCATTATCAGGGCTATGCTGATGTTGTTACAGAAGATCCAATGAGCTATAACGAAGAAGGTTGGGTGGTATGTCGAGTGTTCAGGAAGAAGAACTATCAAAAGATTGACGATTGTCCTAAAATCACTCTATCTTCTTTACCTGATGACACGGAGGAAGAGAAGAGGCCCACCTTTCACAACACTCAAAACGTTACCGGTTTAGACCATGTTCTTCTCTACATGGACCGTACCGGTTCTAACATTTGCATGCCCGAGAGCCAAACAACGACTCAACATCAAGATGATGTCTTATTCATGCAACTCCCAAGTCTTGAGACACCTAAATCCGAGAGCCCGGTCGACCAAAGTTTCCTGACTCCAAGCAAACTCGATTTCTCTCCCGTTCAAGAGAAGATAACCGAAAGACCGGTTTGCAGCAACTGGGCTAGTCTTGACCGGCTCGTAGCTTGGCAATTGAACAATGGTCATCATAATCCGTGTCATCGTAAGAGTTTTGATGAAGAAGAAGAAAATGGTGATACTATGATGCAGCGATGGGATCTTCATTGGAATAATGATGATAATGTTGATCTTTGGAGTAGTTTCACTGAGTCTTCTTCGTCTTTAGACCCACTTCTTCATTTATCTGTATGATTATCTATACATACACATACACAAAATATAAAATAAAGTTTGTTAAAAAATGTCTCATGTTCTATTGATAGTACGTCTTGATTTTGGGGTTTAACATTTGTTAATGGTGGAGGG</Hsp_hseq>
      <Hsp_midline>|||||||||||||||||||||||||||||||||||||||||||||||||||||||||||||||||||||||||||||||||||||||||||||||||||||||||||||||||||||||||||||||||||||||||||||||||||||||||||||||||||||||||||||||||||||||||||||||||||||||||||||||||||||||||||||||||||||||||||||||||||||||||||||||||||||||||||||||||||||||||||||||||||||||||||||||||||||||||||||||||||||||||||||||||||||||||||||||||||||||||||||||||||||||||||||||||||||||||||||||||||||||||||||||||||||||||||||||||||||||||||||||||||||||||||||||||||||||||||||||||||||||||||||||||||||||||||||||||||||||||||||||||||||||||||||||||||||||||||||||||||||||||||||||||||||||||||||||||||||||||||||||||||||||||||||||||||||||||||||||||||||||||||||||||||||||||||||||||||||||||||||||||||||||||||||||||||||||||||||||||||||||||||||||||||||||||||||||||||||||||||||||||||||||||||||||||||||||||||||||||||||||||||||||||||||||||||||||||||||||||||||||||||||||||||||||||||||||||||||||||||||||||||||||||||||||||||||||||||||||||||||||||||||||||||||||||||||||||||||||||||||||||||||||||||||||||||||||||||||||||||||||||||||||||||||||||||||||||||||||||||||||||||||||||||||||||||||||||||||||||||||||| |||||||||||||||||||||||||||||||||||||||||||||||||||||||||||||||||||||||||||||||||||||||||||||||||||||||||||||||||||||||||||||||||||||||||||||||||||||||||||||||||||||||||||||||||||||||||||||||||||||||||||||||||||||||||||||||||||||||||||||||||||||||||||| ||||||||||||||||||||||||||||||||||||||||||||||||||||||||||||||||||||||||||||||||||||||||||||||||||||||||||||||||||||||||||||||||||||||||||||||||||||||||||||||||||||||||||||||||||||||||||||||||||||||||||||||||||||||||||||||||||||||||||||||||||||||||||||||||||||||||||||||||||||||||||||||||||||||||||||||||||||||||||||||||||||||||||||||||||||||||||||||||||||||||||||||||||||||||||||||||||||||||||||||||||||||||||||||||||||||||||||||||||||||||||||||||||||||||||||||||||||||||||||||||||||||||||||||||||||||||||||||||||||||||||||||||||||||||||||||||||||||||||||||||||||||||||||||||||||||||</Hsp_midline>
    </Hsp>
    <Hsp>
      <Hsp_num>2</Hsp_num>
      <Hsp_bit-score>198.755</Hsp_bit-score>
      <Hsp_score>219</Hsp_score>
      <Hsp_evalue>3.76193e-45</Hsp_evalue>
      <Hsp_query-from>250</Hsp_query-from>
      <Hsp_query-to>765</Hsp_query-to>
      <Hsp_hit-from>11907500</Hsp_hit-from>
      <Hsp_hit-to>11908012</Hsp_hit-to>
      <Hsp_query-frame>1</Hsp_query-frame>
      <Hsp_hit-frame>1</Hsp_hit-frame>
      <Hsp_identity>361</Hsp_identity>
      <Hsp_positive>361</Hsp_positive>
      <Hsp_gaps>15</Hsp_gaps>
      <Hsp_align-len>522</Hsp_align-len>
      <Hsp_qseq>GTGCCTCCAGGTTTCAGATTCCATCCCACCGAAGAAGAACTTCTCCATTACTATCTCCGTAAGAAAGTTAACTCTCAAAAGATCGATCTTGATGTCATTCGTGAAGTTGATCTAAACAAGCTTGAGCCTTGGGATATTCAAGGTTAAACCCTAAATATGAAAAAAAACTCTTTCATTTCTACGAACTCTCTATTTCTTTGTTCTTTATTTTTGAAC--CATTTTGGTAT-GCAAATGCAGAGGAATGTAGAATCGGTTCAACGCCACAAAACGACTGGTACTTCTTCAGCCACAAGGACAAGAAGTATCCAACCGGGACCAGGACGAACCGGGCAACAGTCGCTGGATTCTGGAAAGCTACCGGACGTGACAAAATCATCTGCAGTTGTGTCCGGAGAATTGGACTGAGGAAGACACTCGTGTTCTACAAAGGAAGAGCTCCTCACGGTCAGAAATCCGACTGGATCATGCATGAGTATCGCCTCGACGATACTCCA-ATG--TCTAATGTAAGTATATATA</Hsp_qseq>
      <Hsp_hseq>GTACCGCCTGGTTTTCGGTTTCATCCAACGGACGAAGAACTTCTTCATTACTACTTGAAGAAGAAGATTTCTTATGAAAAGTTTGAGATGGAAGTCATCAAAGAGGTTGATTTGAACAAGATTGAGCCGTGGGATTTACAAGGTACGTTCTTT--TATTAATAATACATATACGAT-----CCAATCCTCTAGTTATAT--TAGATACTATACAAAAGCATTTTTTTTTTGTTTTTGTAGATAGATGCAAAATAGGATCAACGCCACAAAATGAGTGGTATTTCTTCAGCCACAAGGATAGGAAATATCCGACAGGGTCAAGGACAAACCGTGCAACCCACTCCGGTTTTTGGAAGGCGACAGGACGTGACAAATGCATAAGAAATTCTTACAAGAAGATCGGCATGAGGAAGACTCTTGTATTCTACAAAGGAAGAGCTCCTCATGGCCAAAAGACAGATTGGATCATGCACGAGTACCGTATCGAAGACACTGAAGATGACCCTTGTGTATGTATATATA</Hsp_hseq>
      <Hsp_midline>|| || || |||||  | || ||||| || || ||||||||||| ||||||||  |    |||||  ||   | | ||||| | ||  | || |||||    || |||||| | |||||| ||||||| |||||| | ||||||     | |   ||| || || |  | |   ||     | ||  ||||| || | |  |   || | |  ||   ||||||  | | |    || |||   ||| | ||| || |||||||||||||| || ||||| ||||||||||||||||| | ||| ||||| || ||| | ||||| ||||| |||||   | | || || ||||| || || ||||||||||||  |||  | | || |  |  ||  || ||  |||||||||| || || ||||||||||||||||||||||| || || ||  | || ||||||||||| ||||| ||  |||| || |||  | |||   ||  |||| |||||||||</Hsp_midline>
    </Hsp>
    <Hsp>
      <Hsp_num>3</Hsp_num>
      <Hsp_bit-score>189.738</Hsp_bit-score>
      <Hsp_score>209</Hsp_score>
      <Hsp_evalue>1.94873e-42</Hsp_evalue>
      <Hsp_query-from>481</Hsp_query-from>
      <Hsp_query-to>738</Hsp_query-to>
      <Hsp_hit-from>28694280</Hsp_hit-from>
      <Hsp_hit-to>28694020</Hsp_hit-to>
      <Hsp_query-frame>1</Hsp_query-frame>
      <Hsp_hit-frame>-1</Hsp_hit-frame>
      <Hsp_identity>201</Hsp_identity>
      <Hsp_positive>201</Hsp_positive>
      <Hsp_gaps>5</Hsp_gaps>
      <Hsp_align-len>262</Hsp_align-len>
      <Hsp_qseq>ATGCAGAGGAATGTAGAATCGGTTCAACGCCACAAAACGACTGGTACTTCTTCAGCCACAAGGACAAGAAGTATCCAACCGGGACCAGGACGAACCGGGCAACAGTCGCTGGATTCTGGAAAGCTACCGGACGTGACAAA---AT-CATCTGCAGTTGTGTCCGGAGAATTGGACTGAGGAAGACACTCGTGTTCTACAAAGGAAGAGCTCCTCACGGTCAGAAATCCGACTGGATCATGCATGAGTATCGCCTCGACGATA</Hsp_qseq>
      <Hsp_hseq>ATGTAGAGAAATGCAGAATCGGGTCGGGTCCTCAAAACGAGTGGTATTTCTTTAGCCACAAGGACAAGAAATATCCGACTGGGACCCGAACGAACCGGGCGACAGCAGCCGGGTTCTGGAAAGCTACTGGTAGAGACAAATCCATACATCT-CAACAGCTCCAAGAAGATTGGACTTCGTAAGACTCTTGTCTTCTACACTGGTCGTGCTCCTCATGGCCAAAAAACCGAATGGATCATGCACGAATATCGCTTGGACGATA</Hsp_hseq>
      <Hsp_midline>||| |||| |||| |||||||| ||    || |||||||| ||||| ||||| ||||||||||||||||| ||||| || |||||| | ||||||||||| ||||  || || |||||||||||||| ||  | ||||||   || ||||| ||   |   |  ||  ||||||||  | ||||| || || |||||||  ||  | |||||||| || || ||| |||| ||||||||||| || |||||| | |||||||</Hsp_midline>
    </Hsp>
    <Hsp>
      <Hsp_num>4</Hsp_num>
      <Hsp_bit-score>126.62</Hsp_bit-score>
      <Hsp_score>139</Hsp_score>
      <Hsp_evalue>1.95045e-23</Hsp_evalue>
      <Hsp_query-from>513</Hsp_query-from>
      <Hsp_query-to>730</Hsp_query-to>
      <Hsp_hit-from>25790122</Hsp_hit-from>
      <Hsp_hit-to>25790339</Hsp_hit-to>
      <Hsp_query-frame>1</Hsp_query-frame>
      <Hsp_hit-frame>1</Hsp_hit-frame>
      <Hsp_identity>165</Hsp_identity>
      <Hsp_positive>165</Hsp_positive>
      <Hsp_gaps>14</Hsp_gaps>
      <Hsp_align-len>225</Hsp_align-len>
      <Hsp_qseq>CAAAACGACTGGTACTTCTTCAGCCACAAGGACAAGAAGTATCCAACCGGGACCAGGACGAACCGGGCAACAGTCGCTGGATTCTGGAAAGCTACCGGACGTGACAA-----AATCATC-TGCAGTTGTGTCCGGAGAATTGGACTGAGGAAGACACTCGTGTTCTACAAAGGAAGAGCTCCTCACGGTCAGAAA-TCCGACTGGATCATGCATGAGTATCGCCT</Hsp_qseq>
      <Hsp_hseq>CAAAACGAATGGTACTTCTTTAGTCATAAGGACAGGAAGTACCCGACCGGGACTAGGACCAACCGAGCCACTGCGGCTGGGTTCTGGAAAGCCACGGGTAGAGACAAGGCGGTACTATCAAAGAACAGTGTC------ATCGGAATGCGGAAGACACTTGTCTACTACAAGGGTCGAGCTCCTAATGG-AAGAAAGTCCGATTGGATCATGCACGAATACCGTCT</Hsp_hseq>
      <Hsp_midline>|||||||| ||||||||||| || || ||||||| |||||| || |||||||| ||||| ||||| || || |  ||||| ||||||||||| || ||  | |||||      |  |||    |   |||||      || ||| || |||||||||| || | |||||| ||  |||||||| | ||  ||||| ||||| ||||||||||| || || || ||</Hsp_midline>
    </Hsp>
    <Hsp>
      <Hsp_num>5</Hsp_num>
      <Hsp_bit-score>125.719</Hsp_bit-score>
      <Hsp_score>138</Hsp_score>
      <Hsp_evalue>1.95045e-23</Hsp_evalue>
      <Hsp_query-from>519</Hsp_query-from>
      <Hsp_query-to>728</Hsp_query-to>
      <Hsp_hit-from>4139194</Hsp_hit-from>
      <Hsp_hit-to>4138985</Hsp_hit-to>
      <Hsp_query-frame>1</Hsp_query-frame>
      <Hsp_hit-frame>-1</Hsp_hit-frame>
      <Hsp_identity>156</Hsp_identity>
      <Hsp_positive>156</Hsp_positive>
      <Hsp_gaps>4</Hsp_gaps>
      <Hsp_align-len>212</Hsp_align-len>
      <Hsp_qseq>GACTGGTACTTCTTCAGCCACAAGGACAAGAAGTATCCAACCGGGACCAGGACGAACCGGGCAACAGTCGCTGGATTCTGGAAAGCTACCGGACGTGACAAAATCATCTGCAGTTGTGTC--CGGAGAATTGGACTGAGGAAGACACTCGTGTTCTACAAAGGAAGAGCTCCTCACGGTCAGAAATCCGACTGGATCATGCATGAGTATCGC</Hsp_qseq>
      <Hsp_hseq>GATTGGTACTTCTTTAGCCATAAAGACAAGAAGTATCCCACAGGGACTCGAACCAATAGAGCAACAAAAGCAGGGTTTTGGAAAGCCACCGGAAGAGATAAGGCTATCT--ATTTGAGGCATAGTCTAATTGGCATGAGGAAAACACTTGTGTTTTACAAGGGAAGAGCCCCAAATGGACAAAAGTCTGATTGGATCATGCACGAATACCGC</Hsp_hseq>
      <Hsp_midline>|| ||||||||||| ||||| || |||||||||||||| || |||||  | || ||  | ||||||   || || || |||||||| |||||| | || ||    ||||  | ||| | |   |   ||||||  ||||||| ||||| ||||| ||||| |||||||| ||  | || || || || || ||||||||||| || || |||</Hsp_midline>
    </Hsp>
    <Hsp>
      <Hsp_num>6</Hsp_num>
      <Hsp_bit-score>120.309</Hsp_bit-score>
      <Hsp_score>132</Hsp_score>
      <Hsp_evalue>8.29352e-22</Hsp_evalue>
      <Hsp_query-from>518</Hsp_query-from>
      <Hsp_query-to>728</Hsp_query-to>
      <Hsp_hit-from>21913050</Hsp_hit-from>
      <Hsp_hit-to>21912840</Hsp_hit-to>
      <Hsp_query-frame>1</Hsp_query-frame>
      <Hsp_hit-frame>-1</Hsp_hit-frame>
      <Hsp_identity>153</Hsp_identity>
      <Hsp_positive>153</Hsp_positive>
      <Hsp_gaps>0</Hsp_gaps>
      <Hsp_align-len>211</Hsp_align-len>
      <Hsp_qseq>CGACTGGTACTTCTTCAGCCACAAGGACAAGAAGTATCCAACCGGGACCAGGACGAACCGGGCAACAGTCGCTGGATTCTGGAAAGCTACCGGACGTGACAAAATCATCTGCAGTTGTGTCCGGAGAATTGGACTGAGGAAGACACTCGTGTTCTACAAAGGAAGAGCTCCTCACGGTCAGAAATCCGACTGGATCATGCATGAGTATCGC</Hsp_qseq>
      <Hsp_hseq>CGAATGGTACTTCTTTAGTCATAAAGACAAGAAGTATCCCACGGGAACTCGAACCAATAGAGCCACGAAAGCAGGATTTTGGAAAGCCACTGGAAGAGACAAGGCTATATATATAAGACATAGTCTTATCGGTATGAGGAAAACACTTGTGTTTTACAAAGGAAGAGCCCCAAATGGTCAGAAATCCGATTGGATCATGCACGAATATCGC</Hsp_hseq>
      <Hsp_midline>||| ||||||||||| || || || |||||||||||||| || || ||  | || ||  | || ||    || ||||| |||||||| || ||| | |||||    || |  |   |     |    || ||  ||||||| ||||| ||||| |||||||||||||| ||  | |||||||||||||| ||||||||||| || ||||||</Hsp_midline>
    </Hsp>
    <Hsp>
      <Hsp_num>7</Hsp_num>
      <Hsp_bit-score>94.1598</Hsp_bit-score>
      <Hsp_score>103</Hsp_score>
      <Hsp_evalue>1.15282e-13</Hsp_evalue>
      <Hsp_query-from>514</Hsp_query-from>
      <Hsp_query-to>737</Hsp_query-to>
      <Hsp_hit-from>24832004</Hsp_hit-from>
      <Hsp_hit-to>24832227</Hsp_hit-to>
      <Hsp_query-frame>1</Hsp_query-frame>
      <Hsp_hit-frame>1</Hsp_hit-frame>
      <Hsp_identity>155</Hsp_identity>
      <Hsp_positive>155</Hsp_positive>
      <Hsp_gaps>0</Hsp_gaps>
      <Hsp_align-len>224</Hsp_align-len>
      <Hsp_qseq>AAAACGACTGGTACTTCTTCAGCCACAAGGACAAGAAGTATCCAACCGGGACCAGGACGAACCGGGCAACAGTCGCTGGATTCTGGAAAGCTACCGGACGTGACAAAATCATCTGCAGTTGTGTCCGGAGAATTGGACTGAGGAAGACACTCGTGTTCTACAAAGGAAGAGCTCCTCACGGTCAGAAATCCGACTGGATCATGCATGAGTATCGCCTCGACGAT</Hsp_qseq>
      <Hsp_hseq>AAAATGAGTGGTATTTCTTCAGCCCTAGAGAAAGAAAATATCCAAACGGAGTCAGACCAAACCGGGCAGCTGTTTCCGGTTATTGGAAAGCAACCGGTACAGACAAAGCCATTCACAGCGGTTCAAGTAACGTAGGTGTCAAGAAAGCTCTAGTCTTCTACAAAGGTAGACCTCCTAAAGGAATCAAAACTGACTGGATCATGCATGAGTATCGTCTCCATGAT</Hsp_hseq>
      <Hsp_midline>|||| || ||||| ||||||||||  |  || |  || ||||||| |||   |||  | ||||||||| | ||  | || |  |||||||| |||||    ||||||  |||   |||  ||    | |   | ||  | | |||  | || || ||||||||||| ||| ||||| | ||    ||| | ||||||||||||||||||||||| ||| | |||</Hsp_midline>
    </Hsp>
    <Hsp>
      <Hsp_num>8</Hsp_num>
      <Hsp_bit-score>94.1598</Hsp_bit-score>
      <Hsp_score>103</Hsp_score>
      <Hsp_evalue>1.15282e-13</Hsp_evalue>
      <Hsp_query-from>519</Hsp_query-from>
      <Hsp_query-to>733</Hsp_query-to>
      <Hsp_hit-from>27409927</Hsp_hit-from>
      <Hsp_hit-to>27409707</Hsp_hit-to>
      <Hsp_query-frame>1</Hsp_query-frame>
      <Hsp_hit-frame>-1</Hsp_hit-frame>
      <Hsp_identity>154</Hsp_identity>
      <Hsp_positive>154</Hsp_positive>
      <Hsp_gaps>6</Hsp_gaps>
      <Hsp_align-len>221</Hsp_align-len>
      <Hsp_qseq>GACTGGTACTTCTTCAGCCACAAGGACAAGAAGTATCCAACCGGGACCAGGACGAACCGGGCAACAGTCGCTGGATTCTGGAAAGCTACCGGACGTGACAA---AATCATCT---GCAGTTGTGTCCGGAGAATTGGACTGAGGAAGACACTCGTGTTCTACAAAGGAAGAGCTCCTCACGGTCAGAAATCCGACTGGATCATGCATGAGTATCGCCTCGA</Hsp_qseq>
      <Hsp_hseq>GAGTGGTACTTTTATAGTCTAAGGGACAGGAAATATCCGACAGGTTTGAGGACTAACAGAGCAACTACTGCTGGATACTGGAAAGCTACCGGAAAAGATAAGGAAGTCTTCTCCGGCGGAGGAGGACAGCTTGTTGGGATGAAGAAGACGTTGGTGTTCTACAAAGGTAGGGCTCCACGTGGCCTCAAGACTAAGTGGGTCATGCATGAGTATCGCCTCGA</Hsp_hseq>
      <Hsp_midline>|| |||||||| |  || |  | ||||| ||| ||||| || ||    ||||| ||| | |||||    ||||||| ||||||||||||||||   || ||   | || |||   || |  | |  | |    ||||  ||| ||||||  | |||||||||||||| || ||||| |  || |  ||  |  | ||| ||||||||||||||||||||||</Hsp_midline>
    </Hsp>
    <Hsp>
      <Hsp_num>9</Hsp_num>
      <Hsp_bit-score>87.848</Hsp_bit-score>
      <Hsp_score>96</Hsp_score>
      <Hsp_evalue>4.9019e-12</Hsp_evalue>
      <Hsp_query-from>250</Hsp_query-from>
      <Hsp_query-to>397</Hsp_query-to>
      <Hsp_hit-from>28695121</Hsp_hit-from>
      <Hsp_hit-to>28694974</Hsp_hit-to>
      <Hsp_query-frame>1</Hsp_query-frame>
      <Hsp_hit-frame>-1</Hsp_hit-frame>
      <Hsp_identity>108</Hsp_identity>
      <Hsp_positive>108</Hsp_positive>
      <Hsp_gaps>0</Hsp_gaps>
      <Hsp_align-len>148</Hsp_align-len>
      <Hsp_qseq>GTGCCTCCAGGTTTCAGATTCCATCCCACCGAAGAAGAACTTCTCCATTACTATCTCCGTAAGAAAGTTAACTCTCAAAAGATCGATCTTGATGTCATTCGTGAAGTTGATCTAAACAAGCTTGAGCCTTGGGATATTCAAGGTTAAA</Hsp_qseq>
      <Hsp_hseq>GTGCCTCCGGGATTCCGGTTTCATCCAACGGAGGAGGAGCTTCTTTACTATTACCTCAAGAAGAAGGTTTCTTATGAACCAATTGATTTAGATGTAATTAGAGAAGTTGATCTCAACAAGCTGGAACCTTGGGAACTTAAAGGTAAAA</Hsp_hseq>
      <Hsp_midline>|||||||| || ||| | || ||||| || || || || |||||  | || || |||   ||||| |||   | | ||   || ||| | ||||| ||| | ||||||||||| |||||||| || ||||||||  || ||||| |||</Hsp_midline>
    </Hsp>
    <Hsp>
      <Hsp_num>10</Hsp_num>
      <Hsp_bit-score>73.4211</Hsp_bit-score>
      <Hsp_score>80</Hsp_score>
      <Hsp_evalue>1.07972e-07</Hsp_evalue>
      <Hsp_query-from>514</Hsp_query-from>
      <Hsp_query-to>731</Hsp_query-to>
      <Hsp_hit-from>18486127</Hsp_hit-from>
      <Hsp_hit-to>18485910</Hsp_hit-to>
      <Hsp_query-frame>1</Hsp_query-frame>
      <Hsp_hit-frame>-1</Hsp_hit-frame>
      <Hsp_identity>149</Hsp_identity>
      <Hsp_positive>149</Hsp_positive>
      <Hsp_gaps>2</Hsp_gaps>
      <Hsp_align-len>219</Hsp_align-len>
      <Hsp_qseq>AAAACGACTGGTACTTCTTCAGCCACAAGGACAAGAAGTATCCAACCGGGACCAGGACGAACCGGGCAACAGTCGCTGGATTCTGGAAAGCTACCGG-ACGTGACAAAATCATCTGCAGTTGTGTCCGGAGAATTGGACTGAGGAAGACACTCGTGTTCTACAAAGGAAGAGCTCCTCACGGTCAGAAATCCGACTGGATCATGCATGAGTATCGCCTC</Hsp_qseq>
      <Hsp_hseq>AAAAAGAATGGTATTTTTTTAGTCCTAGGGATAGAAAATATCCAAACGGGTCAAGACCTAACCGGGTTGCCGGATCGGGTTATTGGAAAGCTACGGGTACG-GATAAAATAATCTCGACGGAAGGACAAAGAGTTGGTATTAAAAAAGCTTTGGTGTTTTACATCGGAAAAGCTCCTAAAGGTACTAAAACCAATTGGATCATGCATGAGTATCGTCTC</Hsp_hseq>
      <Hsp_midline>|||| || ||||| || || || |  | ||| |  || ||||||| |||| | ||  | |||||||   | |   | || |  ||||||||||| || ||| || ||||| ||||  |     |  |  ||| ||||  | |  ||  |  | ||||| ||||  |||| ||||||| | |||   ||| || | |||||||||||||||||||| |||</Hsp_midline>
    </Hsp>
    <Hsp>
      <Hsp_num>11</Hsp_num>
      <Hsp_bit-score>71.6177</Hsp_bit-score>
      <Hsp_score>78</Hsp_score>
      <Hsp_evalue>3.76858e-07</Hsp_evalue>
      <Hsp_query-from>519</Hsp_query-from>
      <Hsp_query-to>731</Hsp_query-to>
      <Hsp_hit-from>19038708</Hsp_hit-from>
      <Hsp_hit-to>19038496</Hsp_hit-to>
      <Hsp_query-frame>1</Hsp_query-frame>
      <Hsp_hit-frame>-1</Hsp_hit-frame>
      <Hsp_identity>152</Hsp_identity>
      <Hsp_positive>152</Hsp_positive>
      <Hsp_gaps>16</Hsp_gaps>
      <Hsp_align-len>221</Hsp_align-len>
      <Hsp_qseq>GACTGGTACTTCTTCAGCCACAAGG-ACAAGAAGTATCCAACCGGGACCAGGACGAACCGGGCAACAGTCGCTGGATTCTGGAAAGCTACCGGACGTGACAAAATCATCTGCAGTTGTGTC--CGGAGA-----ATTGGACTGAGGAAGACACTCGTGTTCTACAAAGGAAGAGCTCCTCACGGTCAGAAATCCGACTGGATCATGCATGAGTATCGCCTC</Hsp_qseq>
      <Hsp_hseq>GAATGGTACTTTTACAGC-ACAAGGGATAAGAAGTATCCAAATGGCTCTAGGACGAACCGTGCGACCCGAGCGGGTTACTGGAAGGCCACGGG----GA-AAGATC--GTACAGTAGAATCAAAGAAGATGAAGATGGGAATGAAGAAGACACTGGTTTATTATAGAGGAAGGGCTCCTCATGGCCTTCGTACTAATTGGGTCATGCATGAATATCGTCTC</Hsp_hseq>
      <Hsp_midline>|| |||||||| | |||| |||||| | |||||||||||||  ||  | ||||||||||| || ||    || || | |||||| || || ||    || || |||   | |||| |  ||   | |||     || ||| ||| ||||||||| || |  || | |||||| |||||||| || |      |  | ||| |||||||||| ||||| |||</Hsp_midline>
    </Hsp>
    <Hsp>
      <Hsp_num>12</Hsp_num>
      <Hsp_bit-score>70.716</Hsp_bit-score>
      <Hsp_score>77</Hsp_score>
      <Hsp_evalue>1.31536e-06</Hsp_evalue>
      <Hsp_query-from>516</Hsp_query-from>
      <Hsp_query-to>721</Hsp_query-to>
      <Hsp_hit-from>19722792</Hsp_hit-from>
      <Hsp_hit-to>19722587</Hsp_hit-to>
      <Hsp_query-frame>1</Hsp_query-frame>
      <Hsp_hit-frame>-1</Hsp_hit-frame>
      <Hsp_identity>139</Hsp_identity>
      <Hsp_positive>139</Hsp_positive>
      <Hsp_gaps>0</Hsp_gaps>
      <Hsp_align-len>206</Hsp_align-len>
      <Hsp_qseq>AACGACTGGTACTTCTTCAGCCACAAGGACAAGAAGTATCCAACCGGGACCAGGACGAACCGGGCAACAGTCGCTGGATTCTGGAAAGCTACCGGACGTGACAAAATCATCTGCAGTTGTGTCCGGAGAATTGGACTGAGGAAGACACTCGTGTTCTACAAAGGAAGAGCTCCTCACGGTCAGAAATCCGACTGGATCATGCATGA</Hsp_qseq>
      <Hsp_hseq>AAGGATTGGTATTTCTACAGCCAAAGAGACCGAAAATACGCGACGGGGCTGAGAACTAACCGAGCAACGGCCACCGGATATTGGAAAGCCACCGGCAAAGACAGAACCATTCTAAGAAAGGGTAAGCTAGTTGGGATGAGGAAGACATTGGTTTTCTATCAAGGTCGAGCTCCTCGAGGCCGTAAAACCGATTGGGTCATGCACGA</Hsp_hseq>
      <Hsp_midline>|| || ||||| |||| |||||| |  |||   || ||  | || |||   || || ||||| ||||| | | | ||||  |||||||| |||||    |||| || |||    ||    |    |  | ||||  ||||||||||| | || |||||  ||||  |||||||||  || |  ||| |||| ||| ||||||| ||</Hsp_midline>
    </Hsp>
    <Hsp>
      <Hsp_num>13</Hsp_num>
      <Hsp_bit-score>69.8143</Hsp_bit-score>
      <Hsp_score>76</Hsp_score>
      <Hsp_evalue>1.31536e-06</Hsp_evalue>
      <Hsp_query-from>251</Hsp_query-from>
      <Hsp_query-to>383</Hsp_query-to>
      <Hsp_hit-from>19039028</Hsp_hit-from>
      <Hsp_hit-to>19038896</Hsp_hit-to>
      <Hsp_query-frame>1</Hsp_query-frame>
      <Hsp_hit-frame>-1</Hsp_hit-frame>
      <Hsp_identity>95</Hsp_identity>
      <Hsp_positive>95</Hsp_positive>
      <Hsp_gaps>0</Hsp_gaps>
      <Hsp_align-len>133</Hsp_align-len>
      <Hsp_qseq>TGCCTCCAGGTTTCAGATTCCATCCCACCGAAGAAGAACTTCTCCATTACTATCTCCGTAAGAAAGTTAACTCTCAAAAGATCGATCTTGATGTCATTCGTGAAGTTGATCTAAACAAGCTTGAGCCTTGGGA</Hsp_qseq>
      <Hsp_hseq>TGCCTCCAGGATTCAGGTTTCATCCCACTGATGAAGAACTGGTGGCTTACTATCTTGATAGGAAGGTCAACGGCCAAGCCATTGAGCTCGAGATCATCCCAGAAGTTGATCTTTATAAATGCGAGCCATGGGA</Hsp_hseq>
      <Hsp_midline>|||||||||| ||||| || |||||||| || ||||||||  |   |||||||||   || ||| || |||   |||   || || || ||  |||| |  |||||||||||  | ||    ||||| |||||</Hsp_midline>
    </Hsp>
    <Hsp>
      <Hsp_num>14</Hsp_num>
      <Hsp_bit-score>63.5025</Hsp_bit-score>
      <Hsp_score>69</Hsp_score>
      <Hsp_evalue>0.000195217</Hsp_evalue>
      <Hsp_query-from>516</Hsp_query-from>
      <Hsp_query-to>736</Hsp_query-to>
      <Hsp_hit-from>268325</Hsp_hit-from>
      <Hsp_hit-to>268542</Hsp_hit-to>
      <Hsp_query-frame>1</Hsp_query-frame>
      <Hsp_hit-frame>1</Hsp_hit-frame>
      <Hsp_identity>148</Hsp_identity>
      <Hsp_positive>148</Hsp_positive>
      <Hsp_gaps>5</Hsp_gaps>
      <Hsp_align-len>222</Hsp_align-len>
      <Hsp_qseq>AACGACTGGTACTTCTTCAGCCACAAGGACAAGAAGTATCCAACCGGGACCAGGACGAACCGGGCAACAGTCGCTGGATTCTGGAAAGCTACCGGACGTGACAAAATCATCTG-CAGTTGTGTCCGGAGAATTGGACTGAGGAAGACACTCGTGTTCTACAAAGGAAGAGCTCCTCACGGTCAGAAATCCGACTGGATCATGCATGAGTATCGCCTCGACGA</Hsp_qseq>
      <Hsp_hseq>AAGGAATGGTACTTCTTCTCTCCCAGGGACAGAAAATATCCCAACGGTTCGCGTCCTAACCGGTCCGCTGGTTCTGGTTACTGGAAAGCTACCGGAGCTGATAAACCGATCGGACTACCTAAACCGG----TCGGAATTAAGAAAGCTCTTGTTTTCTACGCCGGCAAAGCTCCAAAGGGAGAGAAAACCAATTGGATCATGCACGAGTACCGTCTCGCCGA</Hsp_hseq>
      <Hsp_midline>|| || ||||||||||||   | || |||||  || ||||| | |||  |  |  | |||||| |  | |   |||| | ||||||||||||||||  ||| |||   ||| | |        ||||    | ||| | | |||  | || || ||||||   || | ||||||  | ||  ||||| || | ||||||||||| ||||| || |||| |||</Hsp_midline>
    </Hsp>
    <Hsp>
      <Hsp_num>15</Hsp_num>
      <Hsp_bit-score>62.6008</Hsp_bit-score>
      <Hsp_score>68</Hsp_score>
      <Hsp_evalue>0.000195217</Hsp_evalue>
      <Hsp_query-from>646</Hsp_query-from>
      <Hsp_query-to>724</Hsp_query-to>
      <Hsp_hit-from>12282168</Hsp_hit-from>
      <Hsp_hit-to>12282246</Hsp_hit-to>
      <Hsp_query-frame>1</Hsp_query-frame>
      <Hsp_hit-frame>1</Hsp_hit-frame>
      <Hsp_identity>61</Hsp_identity>
      <Hsp_positive>61</Hsp_positive>
      <Hsp_gaps>0</Hsp_gaps>
      <Hsp_align-len>79</Hsp_align-len>
      <Hsp_qseq>TTGGACTGAGGAAGACACTCGTGTTCTACAAAGGAAGAGCTCCTCACGGTCAGAAATCCGACTGGATCATGCATGAGTA</Hsp_qseq>
      <Hsp_hseq>TTGGACTCAAGAAGACTCTTGTTTTCTATAGAGGTCGTGCTCCTAATGGTGAGAGAACTGACTGGGTGATGCATGAGTA</Hsp_hseq>
      <Hsp_midline>||||||| | |||||| || || ||||| | |||  | |||||| | ||| ||| | | |||||| | |||||||||||</Hsp_midline>
    </Hsp>
    <Hsp>
      <Hsp_num>16</Hsp_num>
      <Hsp_bit-score>59.8958</Hsp_bit-score>
      <Hsp_score>65</Hsp_score>
      <Hsp_evalue>0.00237823</Hsp_evalue>
      <Hsp_query-from>549</Hsp_query-from>
      <Hsp_query-to>732</Hsp_query-to>
      <Hsp_hit-from>27854250</Hsp_hit-from>
      <Hsp_hit-to>27854430</Hsp_hit-to>
      <Hsp_query-frame>1</Hsp_query-frame>
      <Hsp_hit-frame>1</Hsp_hit-frame>
      <Hsp_identity>125</Hsp_identity>
      <Hsp_positive>125</Hsp_positive>
      <Hsp_gaps>5</Hsp_gaps>
      <Hsp_align-len>185</Hsp_align-len>
      <Hsp_qseq>AAGTATCCAACCGGGACCAGGACGAACCGGGCAACAGTCGCTGGATTCTGGAAAGCTACCGGACGTGACAAAATCATCTGCAGTTGT-GTCCGGAGAATTGGACTGAGGAAGACACTCGTGTTCTACAAAGGAAGAGCTCCTCACGGTCAGAAATCCGACTGGATCATGCATGAGTATCGCCTCG</Hsp_qseq>
      <Hsp_hseq>AAGTATCCAAACGGTTCAAGACCCAACCGTGCAGCTGGTACTGGATATTGGAAAGCTACCGGAGCTGATAAACCAATAGGTCGTCCTAAACCGG----TTGGTATTAAGAAGGCTCTAGTGTTTTACTCGGGAAAACCTCCAAATGGAGAGAAAACCAATTGGATTATGCACGAATACCGGCTCG</Hsp_hseq>
      <Hsp_midline>|||||||||| |||  | ||  | ||||| ||| | |   ||||||  |||||||||||||||  ||| |||   ||  |  ||  |   ||||    ||||  | | |||| | || ||||| |||   |||| | ||||  | ||  ||||| || | ||||| ||||| || || || ||||</Hsp_midline>
    </Hsp>
    <Hsp>
      <Hsp_num>17</Hsp_num>
      <Hsp_bit-score>52.6823</Hsp_bit-score>
      <Hsp_score>57</Hsp_score>
      <Hsp_evalue>0.352961</Hsp_evalue>
      <Hsp_query-from>251</Hsp_query-from>
      <Hsp_query-to>306</Hsp_query-to>
      <Hsp_hit-from>268078</Hsp_hit-from>
      <Hsp_hit-to>268133</Hsp_hit-to>
      <Hsp_query-frame>1</Hsp_query-frame>
      <Hsp_hit-frame>1</Hsp_hit-frame>
      <Hsp_identity>45</Hsp_identity>
      <Hsp_positive>45</Hsp_positive>
      <Hsp_gaps>0</Hsp_gaps>
      <Hsp_align-len>56</Hsp_align-len>
      <Hsp_qseq>TGCCTCCAGGTTTCAGATTCCATCCCACCGAAGAAGAACTTCTCCATTACTATCTC</Hsp_qseq>
      <Hsp_hseq>TGCCTCCAGGTTTCCGATTTCACCCTACCGATGAAGAGCTTGTCATGCACTATCTC</Hsp_hseq>
      <Hsp_midline>|||||||||||||| |||| || || ||||| ||||| ||| ||    ||||||||</Hsp_midline>
    </Hsp>
    <Hsp>
      <Hsp_num>18</Hsp_num>
      <Hsp_bit-score>50.8789</Hsp_bit-score>
      <Hsp_score>55</Hsp_score>
      <Hsp_evalue>1.23195</Hsp_evalue>
      <Hsp_query-from>253</Hsp_query-from>
      <Hsp_query-to>393</Hsp_query-to>
      <Hsp_hit-from>11588217</Hsp_hit-from>
      <Hsp_hit-to>11588357</Hsp_hit-to>
      <Hsp_query-frame>1</Hsp_query-frame>
      <Hsp_hit-frame>1</Hsp_hit-frame>
      <Hsp_identity>98</Hsp_identity>
      <Hsp_positive>98</Hsp_positive>
      <Hsp_gaps>4</Hsp_gaps>
      <Hsp_align-len>143</Hsp_align-len>
      <Hsp_qseq>CCTCCAGGTTTCAGATTCCATCCCACCGAAGAAGAACTTCTCCATTACTATCTCCGT--AAGAAAGTTAACTCTCAAAAGATCGATCTTGATGTCATTCGTGAAGTTGATCTAAACAAGCTTGAGCCTTGGGATATTCAAGGT</Hsp_qseq>
      <Hsp_hseq>CCACCTGGTTTCAGATTTCATCCAACAGATGAAGAACTTGTAGGTTATTACCTGCATAGAAGAAACGAAGGGCT--TGAGATCGAGCTTGAAATAATCCCATTAATGGACTTATACAAGTTTGATCCTTGGGAACTTCCAGGT</Hsp_hseq>
      <Hsp_midline>|| || ||||||||||| ||||| || || ||||||||| |   ||| || || | |  ||||||   |   ||    ||||||| |||||  | || |    | | ||  || ||||| |||| ||||||||  ||| ||||</Hsp_midline>
    </Hsp>
    <Hsp>
      <Hsp_num>19</Hsp_num>
      <Hsp_bit-score>48.1739</Hsp_bit-score>
      <Hsp_score>52</Hsp_score>
      <Hsp_evalue>4.29995</Hsp_evalue>
      <Hsp_query-from>251</Hsp_query-from>
      <Hsp_query-to>306</Hsp_query-to>
      <Hsp_hit-from>23214003</Hsp_hit-from>
      <Hsp_hit-to>23213948</Hsp_hit-to>
      <Hsp_query-frame>1</Hsp_query-frame>
      <Hsp_hit-frame>-1</Hsp_hit-frame>
      <Hsp_identity>44</Hsp_identity>
      <Hsp_positive>44</Hsp_positive>
      <Hsp_gaps>0</Hsp_gaps>
      <Hsp_align-len>56</Hsp_align-len>
      <Hsp_qseq>TGCCTCCAGGTTTCAGATTCCATCCCACCGAAGAAGAACTTCTCCATTACTATCTC</Hsp_qseq>
      <Hsp_hseq>TGCCTCCAGGTTTCCGGTTTCATCCAACAGACGAAGAGCTTGTCATATACTACCTC</Hsp_hseq>
      <Hsp_midline>|||||||||||||| | || ||||| || || ||||| ||| ||   ||||| |||</Hsp_midline>
    </Hsp>
  </Hit_hsps>
</Hit>
<Hit>
  <Hit_num>11</Hit_num>
  <Hit_id>gi|1862939922|emb|LR797797.1|</Hit_id>
  <Hit_def>Arabidopsis thaliana genome assembly, chromosome: 1</Hit_def>
  <Hit_accession>LR797797</Hit_accession>
  <Hit_len>29567036</Hit_len>
  <Hit_hsps>
    <Hsp>
      <Hsp_num>1</Hsp_num>
      <Hsp_bit-score>3424.98</Hsp_bit-score>
      <Hsp_score>3797</Hsp_score>
      <Hsp_evalue>0</Hsp_evalue>
      <Hsp_query-from>1</Hsp_query-from>
      <Hsp_query-to>1926</Hsp_query-to>
      <Hsp_hit-from>11825585</Hsp_hit-from>
      <Hsp_hit-to>11823653</Hsp_hit-to>
      <Hsp_query-frame>1</Hsp_query-frame>
      <Hsp_hit-frame>-1</Hsp_hit-frame>
      <Hsp_identity>1920</Hsp_identity>
      <Hsp_positive>1920</Hsp_positive>
      <Hsp_gaps>9</Hsp_gaps>
      <Hsp_align-len>1934</Hsp_align-len>
      <Hsp_qseq>AAAGACACTTTAATGCATGAACTTCTTTGTTTAAATAACAATTTCCCCCTTTTGGGGGCTATGTCTCGTCGAGTCCTACCACCATTATAAATTATCTCATCGTTTGCTTTCTTTTTTTTAAGTTGTAACCATTTCCACTCGTAATCATACAACTTCTCTACTCTTCTAGAGCAAAAACCCAAAAATATATTGCTATCTTCGTTAATGGCTGATAATAAGGTCAATCTTTCGATTAATGGACAATCAAAAGTGCCTCCAGGTTTCAGATTCCATCCCACCGAAGAAGAACTTCTCCATTACTATCTCCGTAAGAAAGTTAACTCTCAAAAGATCGATCTTGATGTCATTCGTGAAGTTGATCTAAACAAGCTTGAGCCTTGGGATATTCAAGGTTAAACCCTAAATATGAAAAAAAACTCTTTCATTTCTACGAACTCTCTATTTCTTTGTTCTTTATTTTTGAACCATTTTGGTATGCAAATGCAGAGGAATGTAGAATCGGTTCAACGCCACAAAACGACTGGTACTTCTTCAGCCACAAGGACAAGAAGTATCCAACCGGGACCAGGACGAACCGGGCAACAGTCGCTGGATTCTGGAAAGCTACCGGACGTGACAAAATCATCTGCAGTTGTGTCCGGAGAATTGGACTGAGGAAGACACTCGTGTTCTACAAAGGAAGAGCTCCTCACGGTCAGAAATCCGACTGGATCATGCATGAGTATCGCCTCGACGATACTCCAATGTCTAATGTAAGTATATATAGCAATCATCAATTTGCAGTTTAGGTTAGAATAAACAAATTACAAACTTATAGTCAAAGAATTAGCTAGATTCGTTTCATGCTATAAAAGGTTTTGGTTCATTTAGTACGCACTAGAGCCTTCTTTTAGCATCTGCAATTAAAGTAATCGAACATGATTCTCTGAGTTACAATAAGATAATTTCTTATGAAATTAACACATCATATATACATTTATATAAAAAGATTTTTTCACAAGGCTTAAAATAGTTTAACACGGCTCTACAAACAATACGTAGTTAACTAGTTATGGTTGCATATCCAAAAGAAAAACCAACATAAAAGATTTTTTTTTTTGTTTCAAAATAAAAGTTGCATTTTTACATCATCAAGATTTAATCATCTCTTATTGCATTTCATAAGATCGATTTGTGTTCCATTATCAGGGCTATGCTGATGTTGTTACAGAAGATCCAATGAGCTATAACGAAGAAGGTTGGGTGGTATGTCGAGTGTTCAGGAAGAAGAACTATCAAAAGATTGACGATTGTCCTAAAATCACTCTATCTTCTTTACCTGATGACACGGAGGAAGAGAAGGGGCCCACCTTTCACAACACTCAAAACGTTACCGGTTTAGACCATGTTCTTCTCTACATGGACCGTACCGGTTCTAACATTTGCATGCCCGAGAGCCAAACAACGACTCAACATCAAGATGATGTCTTATTCATGCAACTCCCAAGTCTTGAGACACCTAAATCCGAGAGCCCGGTCGACCAAAGTTTCCTGACTCCAAGCAAACTCGATTTCTCTCCCGTTCAAGAGAAGATAACCGAAAGACCGGTTTGCAGCAACTGGGCTAGTCTTGACCGGCTCGTAGCTTGGCAATTGAACAATGGTCATCATAATCCGTGTCATCGTAAGAGTTTTGATGAAGAAGAAGAAAATGGTGATACTATGATGCAGCGATGGGATCTTCATTGGAATAATGATGATAATGTTGATCTTTGGAGTAGTTTCACTGAGTCTTCTTCGTCTTTAGACCCACTTCTTCATTTATCTGTATGATTATCTA--------TACATACACATACACAAAATATAAAATAAAGTTTGTTAAAAAATGTCTCATGTTCTATTGATAGTACGTCTTGATTTTGGGGTTTAACATTTGTTAATGGTGGAGGG</Hsp_qseq>
      <Hsp_hseq>AAAGACACTTTAATGCATGAACTTCTTTGTTTAAATAACAATTTCCCCCTTTTGGGGGCTATGTCTCGTCGAGTCCTACCACCATTATAAATTATCTCATCGTTTGCTTTCTTTTTTTTAAGTTGTAACCATTTCCACTCGTAATCATACAACTTCTCTACTCTTCTAGAGCAAAAACCCAAAAATACATTGCTATCTTCGTTAATGGCTGATAATAAGGTCAATCTTTCGATTAATGGACAATCAAAAGTGCCTCCAGGTTTCAGATTCCATCCCACCGAAGAAGAACTTCTCCATTACTATCTCCGTAAGAAAGTTAACTCTCAAAAGATCGATCTTGATGTCATTCGTGAAGTTGATCTAAACAAGCTTGAGCCTTGGGATATTCAAGGTTAAACCCTAAATATGAAAAAAA-CTCTTTCATTTCTACGAACTCTCTATTTCTTTGTTCTTTATTTTTGAACCATTTTGGTATGCAAATGCAGAGGAATGTAGAATCGGTTCAACGCCACAGAACGACTGGTACTTCTTCAGCCACAAGGACAAGAAGTATCCAACCGGGACCAGGACGAACCGGGCAACAGTCGCTGGATTCTGGAAAGCTACCGGACGTGACAAAATCATCTGCAGTTGTGTCCGGAGAATTGGACTGAGGAAGACACTCGTGTTCTACAAAGGAAGAGCTCCTCACGGTCAGAAATCCGACTGGATCATGCATGAGTATCGCCTCGACGATACTCCAATGTCTAATGTAAGTATATATAGCAATCATCAATTTGCAGTTTAGGTTAGAATAAACAAATTACAAACTTATAGTCAAAGAATTAGCTAGATTCGTTTCATGCTATAAAAGGTTTTGGTTCATTTAGTACGCACTAGAGCCTTCTTTTAGCATCTGCAATTAAAGTAATCGAACATGATTCTCTGAGTTACAATAAGATAATTTCTTATGAAATTAACACATCATATATACATTTATATAAAAAGTTTTTTTCACAAGGCTTAAAATAGTTTAACACGGCTCTACAAACAATACGTAGTTAACTAGTTATGGTTGCATATCCAAAAGAAAAACCAACATAAAAGATTTTTTTTTTTGTTTCAAAATAAAAGTTGCATTTTTACATCATCAAGATTTAATCATCTCTTATTGCATTTCATAAGATCGATTTGTGTTCCATTATCAGGGCTATGCTGATGTTGTTACAGAAGATCCAATGAGCTATAACGAAGAAGGTTGGGTGGTATGTCGAGTGTTCAGGAAGAAGAACTATCAAAAGATTGACGATTGTCCTAAAATCACTCTATCTTCTTTACCTGATGACACGGAGGAAGAGAAGAGGCCCACCTTTCACAACACTCAAAATGTTACCGGTTTAGACCATGTTCTTCTCTACATGGACCGTACCGGTTCTAACATTTGCATGCCCGAGAGCCAAACAACGACTCAACATCAAGATGATGTCTTATTCATGCAACTCCCAAGTCTTGAGACACCTAAATCCGAGAGCCCGGTCGACCAAAGTTTCCTGACTCCAAGCAAACTCGATTTCTCTCCCGTTCAAGAGAAGATAACCGAAAGACCGGTTTGCAGCAACTGGGCTAGTCTTGACCGGCTCGTAGCTTGGCAATTGAACAATGGTCATCATAATCCGTGTCATCGTAAGAGTTTTGATGAAGAAGAAGAAAATGGTGATACTATGATGCAGCGATGGGATCTTCATTGGAATAATGATGATAATGTTGATCTTTGGAGTAGTTTCACTGAGTCTTCTTCGTCTTTAGACCCACTTCTTCATTTATCTGTATGATTATCTATACAAATATACATACACATACACAAAATATAAAATAAAGTTTGTTAAAAAATGTCTCATGTTCTATTGATAGTACGTCTTGATTTTGGGGTTTAACATTTGTTAATGGTGGAGGG</Hsp_hseq>
      <Hsp_midline>||||||||||||||||||||||||||||||||||||||||||||||||||||||||||||||||||||||||||||||||||||||||||||||||||||||||||||||||||||||||||||||||||||||||||||||||||||||||||||||||||||||||||||||||||||||||||| ||||||||||||||||||||||||||||||||||||||||||||||||||||||||||||||||||||||||||||||||||||||||||||||||||||||||||||||||||||||||||||||||||||||||||||||||||||||||||||||||||||||||||||||||||||||||||||||||||||||||||||||||||||||||||||||||||| |||||||||||||||||||||||||||||||||||||||||||||||||||||||||||||||||||||||||||||||||||||||||||||||||| ||||||||||||||||||||||||||||||||||||||||||||||||||||||||||||||||||||||||||||||||||||||||||||||||||||||||||||||||||||||||||||||||||||||||||||||||||||||||||||||||||||||||||||||||||||||||||||||||||||||||||||||||||||||||||||||||||||||||||||||||||||||||||||||||||||||||||||||||||||||||||||||||||||||||||||||||||||||||||||||||||||||||||||||||||||||||||||||||||||||||||||||||||||||||||||||||||||||||||||||||||||||||||||||||||||||||||||||||||||||||||||||||||||||||||||||||||||||||| |||||||||||||||||||||||||||||||||||||||||||||||||||||||||||||||||||||||||||||||||||||||||||||||||||||||||||||||||||||||||||||||||||||||||||||||||||||||||||||||||||||||||||||||||||||||||||||||||||||||||||||||||||||||||||||||||||||||||||||||||||||||||||||||||||||||||||||||||||||||||||||||||||||||||||||||||||||||||||||||||||||||||||||||||||||||||||||||| ||||||||||||||||||||||||| |||||||||||||||||||||||||||||||||||||||||||||||||||||||||||||||||||||||||||||||||||||||||||||||||||||||||||||||||||||||||||||||||||||||||||||||||||||||||||||||||||||||||||||||||||||||||||||||||||||||||||||||||||||||||||||||||||||||||||||||||||||||||||||||||||||||||||||||||||||||||||||||||||||||||||||||||||||||||||||||||||||||||||||||||||||||||||||||||||||||||||||||||||||||||||||||||||||||||||||||||||||||||||||||||||||||||||||||||||||||||||||||||||        |||||||||||||||||||||||||||||||||||||||||||||||||||||||||||||||||||||||||||||||||||||||||||||||||||||||||||</Hsp_midline>
    </Hsp>
    <Hsp>
      <Hsp_num>2</Hsp_num>
      <Hsp_bit-score>194.247</Hsp_bit-score>
      <Hsp_score>214</Hsp_score>
      <Hsp_evalue>4.58297e-44</Hsp_evalue>
      <Hsp_query-from>491</Hsp_query-from>
      <Hsp_query-to>765</Hsp_query-to>
      <Hsp_hit-from>12019858</Hsp_hit-from>
      <Hsp_hit-to>12020135</Hsp_hit-to>
      <Hsp_query-frame>1</Hsp_query-frame>
      <Hsp_hit-frame>1</Hsp_hit-frame>
      <Hsp_identity>211</Hsp_identity>
      <Hsp_positive>211</Hsp_positive>
      <Hsp_gaps>3</Hsp_gaps>
      <Hsp_align-len>278</Hsp_align-len>
      <Hsp_qseq>ATGTAGAATCGGTTCAACGCCACAAAACGACTGGTACTTCTTCAGCCACAAGGACAAGAAGTATCCAACCGGGACCAGGACGAACCGGGCAACAGTCGCTGGATTCTGGAAAGCTACCGGACGTGACAAAATCATCTGCAGTTGTGTCCGGAGAATTGGACTGAGGAAGACACTCGTGTTCTACAAAGGAAGAGCTCCTCACGGTCAGAAATCCGACTGGATCATGCATGAGTATCGCCTCGACGATACTCCA-ATG--TCTAATGTAAGTATATATA</Hsp_qseq>
      <Hsp_hseq>ATGCAAAATAGGATCAACGCCACAAAATGAGTGGTATTTCTTCAGCCACAAGGATAGGAAATATCCGACAGGGTCAAGGACAAACCGTGCAACCCACTCCGGTTTTTGGAAGGCGACAGGACGTGACAAATGCATAAGAAATTCTTACAAGAAGATCGGCATGAGGAAGACTCTTGTATTCTACAAAGGAAGAGCTCCTCATGGCCAAAAGACAGATTGGATCATGCACGAGTACCGTATCGAAGACACTGAAGATGACCCTTGTGTATGTATATATA</Hsp_hseq>
      <Hsp_midline>||| | ||| || |||||||||||||| || ||||| ||||||||||||||||| | ||| ||||| || ||| | ||||| ||||| |||||   | | || || ||||| || || ||||||||||||  |||  | | || |  |  ||  || ||  |||||||||| || || ||||||||||||||||||||||| || || ||  | || ||||||||||| ||||| ||  |||| || |||  | |||   ||  |||| |||||||||</Hsp_midline>
    </Hsp>
    <Hsp>
      <Hsp_num>3</Hsp_num>
      <Hsp_bit-score>185.23</Hsp_bit-score>
      <Hsp_score>204</Hsp_score>
      <Hsp_evalue>2.37404e-41</Hsp_evalue>
      <Hsp_query-from>481</Hsp_query-from>
      <Hsp_query-to>738</Hsp_query-to>
      <Hsp_hit-from>29082039</Hsp_hit-from>
      <Hsp_hit-to>29081779</Hsp_hit-to>
      <Hsp_query-frame>1</Hsp_query-frame>
      <Hsp_hit-frame>-1</Hsp_hit-frame>
      <Hsp_identity>200</Hsp_identity>
      <Hsp_positive>200</Hsp_positive>
      <Hsp_gaps>5</Hsp_gaps>
      <Hsp_align-len>262</Hsp_align-len>
      <Hsp_qseq>ATGCAGAGGAATGTAGAATCGGTTCAACGCCACAAAACGACTGGTACTTCTTCAGCCACAAGGACAAGAAGTATCCAACCGGGACCAGGACGAACCGGGCAACAGTCGCTGGATTCTGGAAAGCTACCGGACGTGACAAA---AT-CATCTGCAGTTGTGTCCGGAGAATTGGACTGAGGAAGACACTCGTGTTCTACAAAGGAAGAGCTCCTCACGGTCAGAAATCCGACTGGATCATGCATGAGTATCGCCTCGACGATA</Hsp_qseq>
      <Hsp_hseq>ATGTAGAGAAATGCAGAATCGGGTCGGGTCCTCAAAACGAGTGGTATTTCTTTAGCCACAAGGACAAGAAATATCCGACTGGGACCCGAACGAACCGGGCGACAGCAGCCGGGTTCTGGAAAGCTACTGGTAGAGACAAATCCATACATCT-CAACAGCTCCAAGAAGATTGGACTTCGTAAGACTCTTGTCTTCTACACTGGTCGTGCTCCTCATGGCCAAAAAACAGAATGGATCATGCACGAATATCGCTTGGACGATA</Hsp_hseq>
      <Hsp_midline>||| |||| |||| |||||||| ||    || |||||||| ||||| ||||| ||||||||||||||||| ||||| || |||||| | ||||||||||| ||||  || || |||||||||||||| ||  | ||||||   || ||||| ||   |   |  ||  ||||||||  | ||||| || || |||||||  ||  | |||||||| || || ||| | || ||||||||||| || |||||| | |||||||</Hsp_midline>
    </Hsp>
    <Hsp>
      <Hsp_num>4</Hsp_num>
      <Hsp_bit-score>128.424</Hsp_bit-score>
      <Hsp_score>141</Hsp_score>
      <Hsp_evalue>5.58813e-24</Hsp_evalue>
      <Hsp_query-from>513</Hsp_query-from>
      <Hsp_query-to>731</Hsp_query-to>
      <Hsp_hit-from>26174864</Hsp_hit-from>
      <Hsp_hit-to>26175082</Hsp_hit-to>
      <Hsp_query-frame>1</Hsp_query-frame>
      <Hsp_hit-frame>1</Hsp_hit-frame>
      <Hsp_identity>166</Hsp_identity>
      <Hsp_positive>166</Hsp_positive>
      <Hsp_gaps>14</Hsp_gaps>
      <Hsp_align-len>226</Hsp_align-len>
      <Hsp_qseq>CAAAACGACTGGTACTTCTTCAGCCACAAGGACAAGAAGTATCCAACCGGGACCAGGACGAACCGGGCAACAGTCGCTGGATTCTGGAAAGCTACCGGACGTGACAA-----AATCATC-TGCAGTTGTGTCCGGAGAATTGGACTGAGGAAGACACTCGTGTTCTACAAAGGAAGAGCTCCTCACGGTCAGAAA-TCCGACTGGATCATGCATGAGTATCGCCTC</Hsp_qseq>
      <Hsp_hseq>CAAAACGAGTGGTACTTCTTTAGTCATAAGGACAGGAAGTACCCTACCGGGACTAGGACCAACCGAGCCACTGCGGCTGGGTTCTGGAAAGCCACGGGTAGAGACAAGGCGGTACTATCAAAAAACAGTGTC------ATCGGAATGCGGAAGACACTTGTCTACTACAAGGGTCGAGCTCCTAATGG-AAGAAAGTCCGATTGGATCATGCACGAATACCGTCTC</Hsp_hseq>
      <Hsp_midline>|||||||| ||||||||||| || || ||||||| |||||| || |||||||| ||||| ||||| || || |  ||||| ||||||||||| || ||  | |||||      |  |||    |   |||||      || ||| || |||||||||| || | |||||| ||  |||||||| | ||  ||||| ||||| ||||||||||| || || || |||</Hsp_midline>
    </Hsp>
    <Hsp>
      <Hsp_num>5</Hsp_num>
      <Hsp_bit-score>125.719</Hsp_bit-score>
      <Hsp_score>138</Hsp_score>
      <Hsp_evalue>1.95045e-23</Hsp_evalue>
      <Hsp_query-from>519</Hsp_query-from>
      <Hsp_query-to>728</Hsp_query-to>
      <Hsp_hit-from>4185045</Hsp_hit-from>
      <Hsp_hit-to>4184836</Hsp_hit-to>
      <Hsp_query-frame>1</Hsp_query-frame>
      <Hsp_hit-frame>-1</Hsp_hit-frame>
      <Hsp_identity>156</Hsp_identity>
      <Hsp_positive>156</Hsp_positive>
      <Hsp_gaps>4</Hsp_gaps>
      <Hsp_align-len>212</Hsp_align-len>
      <Hsp_qseq>GACTGGTACTTCTTCAGCCACAAGGACAAGAAGTATCCAACCGGGACCAGGACGAACCGGGCAACAGTCGCTGGATTCTGGAAAGCTACCGGACGTGACAAAATCATCTGCAGTTGTGTC--CGGAGAATTGGACTGAGGAAGACACTCGTGTTCTACAAAGGAAGAGCTCCTCACGGTCAGAAATCCGACTGGATCATGCATGAGTATCGC</Hsp_qseq>
      <Hsp_hseq>GATTGGTACTTCTTTAGCCATAAAGACAAGAAGTATCCCACAGGGACTCGAACCAATAGAGCAACAAAAGCAGGGTTTTGGAAAGCCACCGGAAGAGATAAGGCTATCT--ATTTGAGGCATAGTCTAATTGGCATGAGGAAAACACTTGTGTTTTACAAGGGAAGAGCCCCAAATGGACAAAAGTCTGATTGGATCATGCACGAATACCGC</Hsp_hseq>
      <Hsp_midline>|| ||||||||||| ||||| || |||||||||||||| || |||||  | || ||  | ||||||   || || || |||||||| |||||| | || ||    ||||  | ||| | |   |   ||||||  ||||||| ||||| ||||| ||||| |||||||| ||  | || || || || || ||||||||||| || || |||</Hsp_midline>
    </Hsp>
    <Hsp>
      <Hsp_num>6</Hsp_num>
      <Hsp_bit-score>120.309</Hsp_bit-score>
      <Hsp_score>132</Hsp_score>
      <Hsp_evalue>8.29352e-22</Hsp_evalue>
      <Hsp_query-from>518</Hsp_query-from>
      <Hsp_query-to>728</Hsp_query-to>
      <Hsp_hit-from>22297126</Hsp_hit-from>
      <Hsp_hit-to>22296916</Hsp_hit-to>
      <Hsp_query-frame>1</Hsp_query-frame>
      <Hsp_hit-frame>-1</Hsp_hit-frame>
      <Hsp_identity>153</Hsp_identity>
      <Hsp_positive>153</Hsp_positive>
      <Hsp_gaps>0</Hsp_gaps>
      <Hsp_align-len>211</Hsp_align-len>
      <Hsp_qseq>CGACTGGTACTTCTTCAGCCACAAGGACAAGAAGTATCCAACCGGGACCAGGACGAACCGGGCAACAGTCGCTGGATTCTGGAAAGCTACCGGACGTGACAAAATCATCTGCAGTTGTGTCCGGAGAATTGGACTGAGGAAGACACTCGTGTTCTACAAAGGAAGAGCTCCTCACGGTCAGAAATCCGACTGGATCATGCATGAGTATCGC</Hsp_qseq>
      <Hsp_hseq>CGAATGGTACTTCTTTAGTCATAAAGACAAGAAGTATCCCACGGGAACTCGAACCAATAGAGCCACGAAAGCAGGATTTTGGAAAGCCACTGGAAGAGACAAGGCTATATATATAAGACATAGTCTTATCGGTATGAGGAAAACACTTGTGTTTTACAAAGGAAGAGCCCCAAATGGTCAGAAATCCGATTGGATCATGCACGAATATCGC</Hsp_hseq>
      <Hsp_midline>||| ||||||||||| || || || |||||||||||||| || || ||  | || ||  | || ||    || ||||| |||||||| || ||| | |||||    || |  |   |     |    || ||  ||||||| ||||| ||||| |||||||||||||| ||  | |||||||||||||| ||||||||||| || ||||||</Hsp_midline>
    </Hsp>
    <Hsp>
      <Hsp_num>7</Hsp_num>
      <Hsp_bit-score>94.1598</Hsp_bit-score>
      <Hsp_score>103</Hsp_score>
      <Hsp_evalue>1.15282e-13</Hsp_evalue>
      <Hsp_query-from>514</Hsp_query-from>
      <Hsp_query-to>737</Hsp_query-to>
      <Hsp_hit-from>25224713</Hsp_hit-from>
      <Hsp_hit-to>25224936</Hsp_hit-to>
      <Hsp_query-frame>1</Hsp_query-frame>
      <Hsp_hit-frame>1</Hsp_hit-frame>
      <Hsp_identity>155</Hsp_identity>
      <Hsp_positive>155</Hsp_positive>
      <Hsp_gaps>0</Hsp_gaps>
      <Hsp_align-len>224</Hsp_align-len>
      <Hsp_qseq>AAAACGACTGGTACTTCTTCAGCCACAAGGACAAGAAGTATCCAACCGGGACCAGGACGAACCGGGCAACAGTCGCTGGATTCTGGAAAGCTACCGGACGTGACAAAATCATCTGCAGTTGTGTCCGGAGAATTGGACTGAGGAAGACACTCGTGTTCTACAAAGGAAGAGCTCCTCACGGTCAGAAATCCGACTGGATCATGCATGAGTATCGCCTCGACGAT</Hsp_qseq>
      <Hsp_hseq>AAAATGAGTGGTATTTCTTCAGCCCTAGAGAAAGAAAATATCCAAACGGAGTCAGACCAAACCGGGCAGCTGTTTCCGGTTATTGGAAAGCAACCGGTACAGACAAAGCCATTCACAGCGGTTCAAGTAACGTAGGTGTCAAGAAAGCTCTAGTCTTCTACAAAGGTAGACCTCCTAAAGGAATCAAAACTGACTGGATCATGCATGAGTATCGTCTCCATGAT</Hsp_hseq>
      <Hsp_midline>|||| || ||||| ||||||||||  |  || |  || ||||||| |||   |||  | ||||||||| | ||  | || |  |||||||| |||||    ||||||  |||   |||  ||    | |   | ||  | | |||  | || || ||||||||||| ||| ||||| | ||    ||| | ||||||||||||||||||||||| ||| | |||</Hsp_midline>
    </Hsp>
    <Hsp>
      <Hsp_num>8</Hsp_num>
      <Hsp_bit-score>89.6514</Hsp_bit-score>
      <Hsp_score>98</Hsp_score>
      <Hsp_evalue>1.40442e-12</Hsp_evalue>
      <Hsp_query-from>519</Hsp_query-from>
      <Hsp_query-to>733</Hsp_query-to>
      <Hsp_hit-from>27799863</Hsp_hit-from>
      <Hsp_hit-to>27799643</Hsp_hit-to>
      <Hsp_query-frame>1</Hsp_query-frame>
      <Hsp_hit-frame>-1</Hsp_hit-frame>
      <Hsp_identity>153</Hsp_identity>
      <Hsp_positive>153</Hsp_positive>
      <Hsp_gaps>6</Hsp_gaps>
      <Hsp_align-len>221</Hsp_align-len>
      <Hsp_qseq>GACTGGTACTTCTTCAGCCACAAGGACAAGAAGTATCCAACCGGGACCAGGACGAACCGGGCAACAGTCGCTGGATTCTGGAAAGCTACCGGACGTGACAA---AATCATCT---GCAGTTGTGTCCGGAGAATTGGACTGAGGAAGACACTCGTGTTCTACAAAGGAAGAGCTCCTCACGGTCAGAAATCCGACTGGATCATGCATGAGTATCGCCTCGA</Hsp_qseq>
      <Hsp_hseq>GAGTGGTACTTTTATAGTCTAAGGGACAGGAAATATCCGACAGGTTTGAGGACTAACAGAGCAACTACTGCTGGATACTGGAAAGCTACCGGCAAAGATAAGGAAGTCTTCTCCGGCGGAGGAGGACAGCTTGTTGGGATGAAGAAGACGTTGGTGTTCTACAAAGGTAGGGCTCCACGTGGCCTCAAGACTAAGTGGGTCATGCATGAGTATCGCCTCGA</Hsp_hseq>
      <Hsp_midline>|| |||||||| |  || |  | ||||| ||| ||||| || ||    ||||| ||| | |||||    ||||||| |||||||||||||||    || ||   | || |||   || |  | |  | |    ||||  ||| ||||||  | |||||||||||||| || ||||| |  || |  ||  |  | ||| ||||||||||||||||||||||</Hsp_midline>
    </Hsp>
    <Hsp>
      <Hsp_num>9</Hsp_num>
      <Hsp_bit-score>87.848</Hsp_bit-score>
      <Hsp_score>96</Hsp_score>
      <Hsp_evalue>4.9019e-12</Hsp_evalue>
      <Hsp_query-from>250</Hsp_query-from>
      <Hsp_query-to>397</Hsp_query-to>
      <Hsp_hit-from>29082880</Hsp_hit-from>
      <Hsp_hit-to>29082733</Hsp_hit-to>
      <Hsp_query-frame>1</Hsp_query-frame>
      <Hsp_hit-frame>-1</Hsp_hit-frame>
      <Hsp_identity>108</Hsp_identity>
      <Hsp_positive>108</Hsp_positive>
      <Hsp_gaps>0</Hsp_gaps>
      <Hsp_align-len>148</Hsp_align-len>
      <Hsp_qseq>GTGCCTCCAGGTTTCAGATTCCATCCCACCGAAGAAGAACTTCTCCATTACTATCTCCGTAAGAAAGTTAACTCTCAAAAGATCGATCTTGATGTCATTCGTGAAGTTGATCTAAACAAGCTTGAGCCTTGGGATATTCAAGGTTAAA</Hsp_qseq>
      <Hsp_hseq>GTGCCTCCGGGATTCCGGTTTCATCCAACGGAGGAGGAGCTTCTTTACTATTACCTCAAGAAGAAGGTTTCTTATGAACCAATTGATTTAGATGTAATTAGAGAAGTTGATCTCAACAAGCTGGAACCTTGGGAACTTAAAGGTAAAA</Hsp_hseq>
      <Hsp_midline>|||||||| || ||| | || ||||| || || || || |||||  | || || |||   ||||| |||   | | ||   || ||| | ||||| ||| | ||||||||||| |||||||| || ||||||||  || ||||| |||</Hsp_midline>
    </Hsp>
    <Hsp>
      <Hsp_num>10</Hsp_num>
      <Hsp_bit-score>76.1261</Hsp_bit-score>
      <Hsp_score>83</Hsp_score>
      <Hsp_evalue>3.09344e-08</Hsp_evalue>
      <Hsp_query-from>250</Hsp_query-from>
      <Hsp_query-to>393</Hsp_query-to>
      <Hsp_hit-from>12019623</Hsp_hit-from>
      <Hsp_hit-to>12019766</Hsp_hit-to>
      <Hsp_query-frame>1</Hsp_query-frame>
      <Hsp_hit-frame>1</Hsp_hit-frame>
      <Hsp_identity>103</Hsp_identity>
      <Hsp_positive>103</Hsp_positive>
      <Hsp_gaps>0</Hsp_gaps>
      <Hsp_align-len>144</Hsp_align-len>
      <Hsp_qseq>GTGCCTCCAGGTTTCAGATTCCATCCCACCGAAGAAGAACTTCTCCATTACTATCTCCGTAAGAAAGTTAACTCTCAAAAGATCGATCTTGATGTCATTCGTGAAGTTGATCTAAACAAGCTTGAGCCTTGGGATATTCAAGGT</Hsp_qseq>
      <Hsp_hseq>GTACCGCCTGGTTTTCGGTTTCATCCAACGGACGAAGAACTTCTTCATTACTACTTGAAGAAGAAGATTTCTTATGAAAAGTTTGAGATGGAAGTCATCAAAGAGGTTGATTTGAACAAGATTGAGCCGTGGGATTTACAAGGT</Hsp_hseq>
      <Hsp_midline>|| || || |||||  | || ||||| || || ||||||||||| ||||||||  |    |||||  ||   | | ||||| | ||  | || |||||    || |||||| | |||||| ||||||| |||||| | ||||||</Hsp_midline>
    </Hsp>
    <Hsp>
      <Hsp_num>11</Hsp_num>
      <Hsp_bit-score>71.6177</Hsp_bit-score>
      <Hsp_score>78</Hsp_score>
      <Hsp_evalue>3.76858e-07</Hsp_evalue>
      <Hsp_query-from>519</Hsp_query-from>
      <Hsp_query-to>731</Hsp_query-to>
      <Hsp_hit-from>19893960</Hsp_hit-from>
      <Hsp_hit-to>19893748</Hsp_hit-to>
      <Hsp_query-frame>1</Hsp_query-frame>
      <Hsp_hit-frame>-1</Hsp_hit-frame>
      <Hsp_identity>152</Hsp_identity>
      <Hsp_positive>152</Hsp_positive>
      <Hsp_gaps>16</Hsp_gaps>
      <Hsp_align-len>221</Hsp_align-len>
      <Hsp_qseq>GACTGGTACTTCTTCAGCCACAAGG-ACAAGAAGTATCCAACCGGGACCAGGACGAACCGGGCAACAGTCGCTGGATTCTGGAAAGCTACCGGACGTGACAAAATCATCTGCAGTTGTGTC--CGGAGA-----ATTGGACTGAGGAAGACACTCGTGTTCTACAAAGGAAGAGCTCCTCACGGTCAGAAATCCGACTGGATCATGCATGAGTATCGCCTC</Hsp_qseq>
      <Hsp_hseq>GAATGGTACTTTTACAGC-ACAAGGGATAAGAAGTATCCAAATGGCTCTAGGACGAACCGTGCGACCCGAGCGGGTTACTGGAAGGCCACGGG----GA-AAGATC--GTACAGTAGAATCAAAGAAGATGAAGATGGGAATGAAGAAGACACTGGTTTATTATAGAGGAAGGGCTCCTCATGGCCTTCGTACTAATTGGGTCATGCATGAATATCGTCTC</Hsp_hseq>
      <Hsp_midline>|| |||||||| | |||| |||||| | |||||||||||||  ||  | ||||||||||| || ||    || || | |||||| || || ||    || || |||   | |||| |  ||   | |||     || ||| ||| ||||||||| || |  || | |||||| |||||||| || |      |  | ||| |||||||||| ||||| |||</Hsp_midline>
    </Hsp>
    <Hsp>
      <Hsp_num>12</Hsp_num>
      <Hsp_bit-score>70.716</Hsp_bit-score>
      <Hsp_score>77</Hsp_score>
      <Hsp_evalue>1.31536e-06</Hsp_evalue>
      <Hsp_query-from>516</Hsp_query-from>
      <Hsp_query-to>721</Hsp_query-to>
      <Hsp_hit-from>19796412</Hsp_hit-from>
      <Hsp_hit-to>19796207</Hsp_hit-to>
      <Hsp_query-frame>1</Hsp_query-frame>
      <Hsp_hit-frame>-1</Hsp_hit-frame>
      <Hsp_identity>139</Hsp_identity>
      <Hsp_positive>139</Hsp_positive>
      <Hsp_gaps>0</Hsp_gaps>
      <Hsp_align-len>206</Hsp_align-len>
      <Hsp_qseq>AACGACTGGTACTTCTTCAGCCACAAGGACAAGAAGTATCCAACCGGGACCAGGACGAACCGGGCAACAGTCGCTGGATTCTGGAAAGCTACCGGACGTGACAAAATCATCTGCAGTTGTGTCCGGAGAATTGGACTGAGGAAGACACTCGTGTTCTACAAAGGAAGAGCTCCTCACGGTCAGAAATCCGACTGGATCATGCATGA</Hsp_qseq>
      <Hsp_hseq>AAGGATTGGTATTTCTACAGCCAAAGAGACCGAAAATACGCGACGGGGCTGAGAACTAACCGAGCAACGGCCACCGGATATTGGAAAGCCACCGGCAAAGACAGAACCATTCTAAGAAAGGGTAAGCTAGTTGGGATGAGGAAGACATTGGTTTTCTATCAAGGTCGAGCTCCTCGAGGCCGTAAAACCGATTGGGTCATGCACGA</Hsp_hseq>
      <Hsp_midline>|| || ||||| |||| |||||| |  |||   || ||  | || |||   || || ||||| ||||| | | | ||||  |||||||| |||||    |||| || |||    ||    |    |  | ||||  ||||||||||| | || |||||  ||||  |||||||||  || |  ||| |||| ||| ||||||| ||</Hsp_midline>
    </Hsp>
    <Hsp>
      <Hsp_num>13</Hsp_num>
      <Hsp_bit-score>69.8143</Hsp_bit-score>
      <Hsp_score>76</Hsp_score>
      <Hsp_evalue>1.31536e-06</Hsp_evalue>
      <Hsp_query-from>251</Hsp_query-from>
      <Hsp_query-to>383</Hsp_query-to>
      <Hsp_hit-from>19894284</Hsp_hit-from>
      <Hsp_hit-to>19894152</Hsp_hit-to>
      <Hsp_query-frame>1</Hsp_query-frame>
      <Hsp_hit-frame>-1</Hsp_hit-frame>
      <Hsp_identity>95</Hsp_identity>
      <Hsp_positive>95</Hsp_positive>
      <Hsp_gaps>0</Hsp_gaps>
      <Hsp_align-len>133</Hsp_align-len>
      <Hsp_qseq>TGCCTCCAGGTTTCAGATTCCATCCCACCGAAGAAGAACTTCTCCATTACTATCTCCGTAAGAAAGTTAACTCTCAAAAGATCGATCTTGATGTCATTCGTGAAGTTGATCTAAACAAGCTTGAGCCTTGGGA</Hsp_qseq>
      <Hsp_hseq>TGCCTCCAGGATTCAGGTTTCATCCCACTGATGAAGAACTGGTGGCTTACTATCTTGATAGGAAGGTCAACGGCCAAGCCATTGAGCTCGAGATCATCCCAGAAGTTGATCTTTATAAATGCGAGCCATGGGA</Hsp_hseq>
      <Hsp_midline>|||||||||| ||||| || |||||||| || ||||||||  |   |||||||||   || ||| || |||   |||   || || || ||  |||| |  |||||||||||  | ||    ||||| |||||</Hsp_midline>
    </Hsp>
    <Hsp>
      <Hsp_num>14</Hsp_num>
      <Hsp_bit-score>68.9126</Hsp_bit-score>
      <Hsp_score>75</Hsp_score>
      <Hsp_evalue>4.59107e-06</Hsp_evalue>
      <Hsp_query-from>514</Hsp_query-from>
      <Hsp_query-to>731</Hsp_query-to>
      <Hsp_hit-from>18863641</Hsp_hit-from>
      <Hsp_hit-to>18863424</Hsp_hit-to>
      <Hsp_query-frame>1</Hsp_query-frame>
      <Hsp_hit-frame>-1</Hsp_hit-frame>
      <Hsp_identity>148</Hsp_identity>
      <Hsp_positive>148</Hsp_positive>
      <Hsp_gaps>2</Hsp_gaps>
      <Hsp_align-len>219</Hsp_align-len>
      <Hsp_qseq>AAAACGACTGGTACTTCTTCAGCCACAAGGACAAGAAGTATCCAACCGGGACCAGGACGAACCGGGCAACAGTCGCTGGATTCTGGAAAGCTACCGG-ACGTGACAAAATCATCTGCAGTTGTGTCCGGAGAATTGGACTGAGGAAGACACTCGTGTTCTACAAAGGAAGAGCTCCTCACGGTCAGAAATCCGACTGGATCATGCATGAGTATCGCCTC</Hsp_qseq>
      <Hsp_hseq>AAAAAGAATGGTATTTTTTTAGTCCTAGGGATAGAAAATATCCAAACGGGTCAAGACCTAACAGGGTTGCCGGATCGGGTTATTGGAAAGCTACGGGTACG-GATAAAATAATCTCGACGGAAGGACAAAGAGTTGGTATTAAAAAAGCTTTGGTGTTTTACATCGGAAAAGCTCCTAAAGGTACTAAAACCAATTGGATCATGCATGAGTATCGTCTC</Hsp_hseq>
      <Hsp_midline>|||| || ||||| || || || |  | ||| |  || ||||||| |||| | ||  | ||| |||   | |   | || |  ||||||||||| || ||| || ||||| ||||  |     |  |  ||| ||||  | |  ||  |  | ||||| ||||  |||| ||||||| | |||   ||| || | |||||||||||||||||||| |||</Hsp_midline>
    </Hsp>
    <Hsp>
      <Hsp_num>15</Hsp_num>
      <Hsp_bit-score>63.5025</Hsp_bit-score>
      <Hsp_score>69</Hsp_score>
      <Hsp_evalue>0.000195217</Hsp_evalue>
      <Hsp_query-from>516</Hsp_query-from>
      <Hsp_query-to>736</Hsp_query-to>
      <Hsp_hit-from>273338</Hsp_hit-from>
      <Hsp_hit-to>273555</Hsp_hit-to>
      <Hsp_query-frame>1</Hsp_query-frame>
      <Hsp_hit-frame>1</Hsp_hit-frame>
      <Hsp_identity>148</Hsp_identity>
      <Hsp_positive>148</Hsp_positive>
      <Hsp_gaps>5</Hsp_gaps>
      <Hsp_align-len>222</Hsp_align-len>
      <Hsp_qseq>AACGACTGGTACTTCTTCAGCCACAAGGACAAGAAGTATCCAACCGGGACCAGGACGAACCGGGCAACAGTCGCTGGATTCTGGAAAGCTACCGGACGTGACAAAATCATCTG-CAGTTGTGTCCGGAGAATTGGACTGAGGAAGACACTCGTGTTCTACAAAGGAAGAGCTCCTCACGGTCAGAAATCCGACTGGATCATGCATGAGTATCGCCTCGACGA</Hsp_qseq>
      <Hsp_hseq>AAGGAATGGTACTTCTTCTCTCCCAGGGACAGAAAATATCCCAACGGTTCGCGTCCTAACCGGTCCGCTGGTTCTGGTTACTGGAAAGCTACCGGAGCTGATAAACCGATCGGACTACCTAAACCGG----TCGGAATTAAGAAAGCTCTTGTTTTCTACGCCGGCAAAGCTCCAAAGGGAGAGAAAACCAATTGGATCATGCACGAGTACCGTCTCGCCGA</Hsp_hseq>
      <Hsp_midline>|| || ||||||||||||   | || |||||  || ||||| | |||  |  |  | |||||| |  | |   |||| | ||||||||||||||||  ||| |||   ||| | |        ||||    | ||| | | |||  | || || ||||||   || | ||||||  | ||  ||||| || | ||||||||||| ||||| || |||| |||</Hsp_midline>
    </Hsp>
    <Hsp>
      <Hsp_num>16</Hsp_num>
      <Hsp_bit-score>62.6008</Hsp_bit-score>
      <Hsp_score>68</Hsp_score>
      <Hsp_evalue>0.000195217</Hsp_evalue>
      <Hsp_query-from>646</Hsp_query-from>
      <Hsp_query-to>724</Hsp_query-to>
      <Hsp_hit-from>12503094</Hsp_hit-from>
      <Hsp_hit-to>12503172</Hsp_hit-to>
      <Hsp_query-frame>1</Hsp_query-frame>
      <Hsp_hit-frame>1</Hsp_hit-frame>
      <Hsp_identity>61</Hsp_identity>
      <Hsp_positive>61</Hsp_positive>
      <Hsp_gaps>0</Hsp_gaps>
      <Hsp_align-len>79</Hsp_align-len>
      <Hsp_qseq>TTGGACTGAGGAAGACACTCGTGTTCTACAAAGGAAGAGCTCCTCACGGTCAGAAATCCGACTGGATCATGCATGAGTA</Hsp_qseq>
      <Hsp_hseq>TTGGACTCAAGAAGACTCTTGTTTTCTATAGAGGTCGTGCTCCTAATGGTGAGAGAACTGACTGGGTGATGCATGAGTA</Hsp_hseq>
      <Hsp_midline>||||||| | |||||| || || ||||| | |||  | |||||| | ||| ||| | | |||||| | |||||||||||</Hsp_midline>
    </Hsp>
    <Hsp>
      <Hsp_num>17</Hsp_num>
      <Hsp_bit-score>59.8958</Hsp_bit-score>
      <Hsp_score>65</Hsp_score>
      <Hsp_evalue>0.00237823</Hsp_evalue>
      <Hsp_query-from>549</Hsp_query-from>
      <Hsp_query-to>732</Hsp_query-to>
      <Hsp_hit-from>28231378</Hsp_hit-from>
      <Hsp_hit-to>28231558</Hsp_hit-to>
      <Hsp_query-frame>1</Hsp_query-frame>
      <Hsp_hit-frame>1</Hsp_hit-frame>
      <Hsp_identity>125</Hsp_identity>
      <Hsp_positive>125</Hsp_positive>
      <Hsp_gaps>5</Hsp_gaps>
      <Hsp_align-len>185</Hsp_align-len>
      <Hsp_qseq>AAGTATCCAACCGGGACCAGGACGAACCGGGCAACAGTCGCTGGATTCTGGAAAGCTACCGGACGTGACAAAATCATCTGCAGTTGT-GTCCGGAGAATTGGACTGAGGAAGACACTCGTGTTCTACAAAGGAAGAGCTCCTCACGGTCAGAAATCCGACTGGATCATGCATGAGTATCGCCTCG</Hsp_qseq>
      <Hsp_hseq>AAGTATCCAAACGGTTCAAGACCCAACCGTGCAGCTGGTACTGGATATTGGAAAGCTACCGGAGCTGATAAACCAATAGGTCGTCCTAAACCGG----TTGGTATTAAGAAGGCTCTAGTGTTTTACTCGGGAAAACCTCCAAATGGAGAGAAAACCAATTGGATTATGCACGAATACCGGCTCG</Hsp_hseq>
      <Hsp_midline>|||||||||| |||  | ||  | ||||| ||| | |   ||||||  |||||||||||||||  ||| |||   ||  |  ||  |   ||||    ||||  | | |||| | || ||||| |||   |||| | ||||  | ||  ||||| || | ||||| ||||| || || || ||||</Hsp_midline>
    </Hsp>
    <Hsp>
      <Hsp_num>18</Hsp_num>
      <Hsp_bit-score>52.6823</Hsp_bit-score>
      <Hsp_score>57</Hsp_score>
      <Hsp_evalue>0.352961</Hsp_evalue>
      <Hsp_query-from>251</Hsp_query-from>
      <Hsp_query-to>306</Hsp_query-to>
      <Hsp_hit-from>273091</Hsp_hit-from>
      <Hsp_hit-to>273146</Hsp_hit-to>
      <Hsp_query-frame>1</Hsp_query-frame>
      <Hsp_hit-frame>1</Hsp_hit-frame>
      <Hsp_identity>45</Hsp_identity>
      <Hsp_positive>45</Hsp_positive>
      <Hsp_gaps>0</Hsp_gaps>
      <Hsp_align-len>56</Hsp_align-len>
      <Hsp_qseq>TGCCTCCAGGTTTCAGATTCCATCCCACCGAAGAAGAACTTCTCCATTACTATCTC</Hsp_qseq>
      <Hsp_hseq>TGCCTCCAGGTTTCCGATTTCACCCTACCGATGAAGAGCTTGTCATGCACTATCTC</Hsp_hseq>
      <Hsp_midline>|||||||||||||| |||| || || ||||| ||||| ||| ||    ||||||||</Hsp_midline>
    </Hsp>
    <Hsp>
      <Hsp_num>19</Hsp_num>
      <Hsp_bit-score>48.1739</Hsp_bit-score>
      <Hsp_score>52</Hsp_score>
      <Hsp_evalue>4.29995</Hsp_evalue>
      <Hsp_query-from>251</Hsp_query-from>
      <Hsp_query-to>306</Hsp_query-to>
      <Hsp_hit-from>23611444</Hsp_hit-from>
      <Hsp_hit-to>23611389</Hsp_hit-to>
      <Hsp_query-frame>1</Hsp_query-frame>
      <Hsp_hit-frame>-1</Hsp_hit-frame>
      <Hsp_identity>44</Hsp_identity>
      <Hsp_positive>44</Hsp_positive>
      <Hsp_gaps>0</Hsp_gaps>
      <Hsp_align-len>56</Hsp_align-len>
      <Hsp_qseq>TGCCTCCAGGTTTCAGATTCCATCCCACCGAAGAAGAACTTCTCCATTACTATCTC</Hsp_qseq>
      <Hsp_hseq>TGCCTCCAGGTTTCCGGTTTCATCCAACAGACGAAGAGCTTGTCATATACTACCTC</Hsp_hseq>
      <Hsp_midline>|||||||||||||| | || ||||| || || ||||| ||| ||   ||||| |||</Hsp_midline>
    </Hsp>
  </Hit_hsps>
</Hit>
<Hit>
  <Hit_num>12</Hit_num>
  <Hit_id>gi|1862939927|emb|LR797802.1|</Hit_id>
  <Hit_def>Arabidopsis thaliana genome assembly, chromosome: 1</Hit_def>
  <Hit_accession>LR797802</Hit_accession>
  <Hit_len>29915687</Hit_len>
  <Hit_hsps>
    <Hsp>
      <Hsp_num>1</Hsp_num>
      <Hsp_bit-score>3406.95</Hsp_bit-score>
      <Hsp_score>3777</Hsp_score>
      <Hsp_evalue>0</Hsp_evalue>
      <Hsp_query-from>1</Hsp_query-from>
      <Hsp_query-to>1926</Hsp_query-to>
      <Hsp_hit-from>11804112</Hsp_hit-from>
      <Hsp_hit-to>11802189</Hsp_hit-to>
      <Hsp_query-frame>1</Hsp_query-frame>
      <Hsp_hit-frame>-1</Hsp_hit-frame>
      <Hsp_identity>1915</Hsp_identity>
      <Hsp_positive>1915</Hsp_positive>
      <Hsp_gaps>6</Hsp_gaps>
      <Hsp_align-len>1928</Hsp_align-len>
      <Hsp_qseq>AAAGACACTTTAATGCATGAACTTCTTTGTTTAAATAACAATTTCCCCCTTTTGGGGGCTATGTCTCGTCGAGTCCTACCACCATTATAAATTATCTCATCGTTTGCTTTCTTTTTTTTAAGTTGTAACCATTTCCACTCGTAATCATACAACTTCTCTACTCTTCTAGAGCAAAAACCCAAAAATATATTGCTATCTTCGTTAATGGCTGATAATAAGGTCAATCTTTCGATTAATGGACAATCAAAAGTGCCTCCAGGTTTCAGATTCCATCCCACCGAAGAAGAACTTCTCCATTACTATCTCCGTAAGAAAGTTAACTCTCAAAAGATCGATCTTGATGTCATTCGTGAAGTTGATCTAAACAAGCTTGAGCCTTGGGATATTCAAGGTTAAACCCTAAATATGAAAAAAAACTCTTTCATTTCTACGAACTCTCTATTTCTTTGTTCTTTATTTTTGAACCATTTTGGTATGCAAATGCAGAGGAATGTAGAATCGGTTCAACGCCACAAAACGACTGGTACTTCTTCAGCCACAAGGACAAGAAGTATCCAACCGGGACCAGGACGAACCGGGCAACAGTCGCTGGATTCTGGAAAGCTACCGGACGTGACAAAATCATCTGCAGTTGTGTCCGGAGAATTGGACTGAGGAAGACACTCGTGTTCTACAAAGGAAGAGCTCCTCACGGTCAGAAATCCGACTGGATCATGCATGAGTATCGCCTCGACGATACTCCAATGTCTAATGTAAGTATATATAGCAATCATCAATTTGCAGTTTAGGTTAGAATAAACAAATTACAAACTTATAGTCAAAGAATTAGCTAGATTCGTTTCATGCTATAAAAGGTTTTGGTTCATTTAGTACGCACTAGAGCCTTCTTTTAGCATCTGCAATTAAAGTAATCGAACATGATTCTCTGAGTTACAATAAGATAATTTCTTATGAAATTAACACATCATATATACATTTATATAAAAAGATTTTTTCACAAGGCTTAAAATAGTTTAACACGGCTCTACAAACAATACGTAGTTAACTAGTTATGGTTGCATATCCAAAAGAAAAACCAACATAAAAGATTTTTTTTTTT-GTTTCAAAATAAAAGTTGCATTTTTACATCATCAAGATTTAATCATCTCTTATTGCATTTCATAAGATCGATTTGTGTTCCATTATCAGGGCTATGCTGATGTTGTTACAGAAGATCCAATGAGCTATAACGAAGAAGGTTGGGTGGTATGTCGAGTGTTCAGGAAGAAGAACTATCAAAAGATTGACGATTGTCCTAAAATCACTCTATCTTCTTTACCTGATGACACGGAGGAAGAGAAGGGGCCCACCTTTCACAACACTCAAAACGTTACCGGTTTAGACCATGTTCTTCTCTACATGGACCGTACCGGTTCTAACATTTGCATGCCCGAGAGCCAAACAACGACTCAACATCAAGATGATGTCTTATTCATGCAACTCCCAAGTCTTGAGACACCTAAATCCGAGAGCCCGGTCGACCAAAGTTTCCTGACTCCAAGCAAACTCGATTTCTCTCCCGTTCAAGAGAAGATAACCGAAAGACCGGTTTGCAGCAACTGGGCTAGTCTTGACCGGCTCGTAGCTTGGCAATTGAACAATGGTCATCATAATCCGTGTCATCGTAAGAGTTTTGATGAAGAAGAAGAAAATGGTGATACTATGATGCAGCGATGGGATCTTCATTGGAATAATGATGATAATGTTGATCTTTGGAGTAGTTTCACTGAGTCTTCTTCGTCTTTAGACCCACTTCTTCATTTATCTGTATGATTATCTATACATACACATACACAAAATATAAAATAAAGTTTGTTAA-AAAATGTCTCATGTTCTATTGATAGTACGTCTTGATTTTGGGGTTTAACATTTGTTAATGGTGGAGGG</Hsp_qseq>
      <Hsp_hseq>AAAGACACTTTAATGCATGAACTTCTTTGTTTAAATAATAATTTCCCCCTTTTGGGGGCTATGTCTCGTCGAGTCCTACCACCATTATAAATTATCTCATCGTTTGCTTTCTTTTTTTTAAGCTGTAACCATTTCCACTCGTAATCATACAACTTCTCTACTCTTCTAGAGCAAAAACCCAAAAATATATTGCTATCTTCGTTAATGGCTGATAATAAGGTCAATCTTTCGATTAATGGACAATCAAAAGTGCCTCCAGGTTTCAGATTCCATCCCACCGAAGAAGAACTTCTCCATTACTATCTCCGTAAGAAAGTTAACTCTCAAAAGATCGATCTTGATGTCATTCGTGAAGTTGATCTAAACAAGCTTGAGCCTTGGGATATTCAAGGTTAAACCCTAAATATGAAAAAA--CTCTTTCATTTCTACAAACTCTCT--TTCTTTGTTCTTTATTTTTGAACCATTTTGGTATGGAAATGCAGAGGAATGTAGAATCGGTTCAACGCCACAAAACGACTGGTACTTCTTCAGCCACAAGGACAAGAAGTATCCAACCGGGACCAGGACGAACCGGGCAACAGTCGCTGGATTCTGGAAAGCTACCGGACGTGACAAAATCATCTGCAGTTGTGTCCGGAGAATTGGACTGAGGAAGACACTCGTGTTCTACAAAGGAAGAGCTCCTCACGGTCAGAAATCCGACTGGATCATGCATGAGTATCGCCTCGACGATACTCCAATGTCTAATGTAAGTATATATAGCAATCATCAATTTGCAGTTTAGGTTAGAATAAACAAATTACAAACTTATAGTCAAAGAATTAGCTAGATTCGTTTCATGCTATAAAAGGTTTTGGTTCATTTAGTACGCACTAGAGCCTTCTTTTAGCATCTGCAATTAAAGTAATCGAACATGATTCTCTGAGTTACAATAAGATAATTTCTTATGAAATTAACACATCATATATACATTTATATAAAAAGATTTTTTCACAAGGCTTAAAATAGTTTAACACGGCTCTACAAACAATACGTAGTTAACTAGTTATGGTTGCATATCCAAAAGAAAAACCAACATAAAAGATTTTTTTTTTTTGTTTCAAAATAAAAGTTGCATTTTTACATCATCAAGATTTAATCATCTCTTATTGCATTTCATAAGATCGATTTGTGTTCCATTATCAGGGCTATGCTGATGTTGTTACAGAAGATCCAATGAGCTATAACGAAGAAGGTTGGGTGGTATGTCGAGTGTTCAGGAAGAAGAACTATCAAAAGATTGACGATTGTCCTAAAATCACTCTATCTTCTTTACCTGATGACACGGAGGAAGAGAAGAGGCCCACCTTTCACAACACTCAAAATGTTACCGGTTTAGACCATGTTCTTCTCTACATGGACCGTACCGGTTCTAACATTTGCATGCCCGAGAGCCAAACAACGACTCAACATCAAGATGATGTCTTATTCATGCAACTCCCAAGTCTTGAGACACCTAAATCCGAGAGCCCGGTCGACCAAAGTTTCCTGACTCCAAGCAAACTCGATTTCTCTCCCGTTCAAGAGAAGATAACCGAAAGACCGGTTTGCAGCAACTGGGCTAGTCTTGACCGGCTCGTAGCTTGGCAATTGAACAATGGTCATCATAATCCGTGTCATCGTAAGAGTTTTGATGAAGAAGAAGAAAATGGTGATACTATGATGCAGCGATGGGATCTTCATTGGAATAATGATGATAATGTTGATCTTTGGAGTAGTTTCACTGAGTCTTCTTCGTCTTTAGACCCACTTCTTCATTTATCTGTATGATTATCTATACATACACATACACAAAATATAAAATAAAGTTTGTTAAAAAAATGTCTCATGTTCTATTGATAGTACATCTTGATTTTGGGGTTTAACATTTGTTAATGGTGGAGGG</Hsp_hseq>
      <Hsp_midline>|||||||||||||||||||||||||||||||||||||| ||||||||||||||||||||||||||||||||||||||||||||||||||||||||||||||||||||||||||||||||||| |||||||||||||||||||||||||||||||||||||||||||||||||||||||||||||||||||||||||||||||||||||||||||||||||||||||||||||||||||||||||||||||||||||||||||||||||||||||||||||||||||||||||||||||||||||||||||||||||||||||||||||||||||||||||||||||||||||||||||||||||||||||||||||||||||||||||||||||||||||||||||||||||||  ||||||||||||||| ||||||||  ||||||||||||||||||||||||||||||||||| ||||||||||||||||||||||||||||||||||||||||||||||||||||||||||||||||||||||||||||||||||||||||||||||||||||||||||||||||||||||||||||||||||||||||||||||||||||||||||||||||||||||||||||||||||||||||||||||||||||||||||||||||||||||||||||||||||||||||||||||||||||||||||||||||||||||||||||||||||||||||||||||||||||||||||||||||||||||||||||||||||||||||||||||||||||||||||||||||||||||||||||||||||||||||||||||||||||||||||||||||||||||||||||||||||||||||||||||||||||||||||||||||||||||||||||||||||||||||||||||||||||||||||||||||||||||||||||||||||||||||||||||||||||||||||||||||||||||||||||||||||||||||||||||||||||||||||||||||||||||||||||||||||||||||||||| |||||||||||||||||||||||||||||||||||||||||||||||||||||||||||||||||||||||||||||||||||||||||||||||||||||||||||||||||||||||||||||||||||||||||||||||||||||||||||||||||||||||||||||||||||||||||||||||||||||||||||||||||||||||||||||||||||||||||||||||||| ||||||||||||||||||||||||| |||||||||||||||||||||||||||||||||||||||||||||||||||||||||||||||||||||||||||||||||||||||||||||||||||||||||||||||||||||||||||||||||||||||||||||||||||||||||||||||||||||||||||||||||||||||||||||||||||||||||||||||||||||||||||||||||||||||||||||||||||||||||||||||||||||||||||||||||||||||||||||||||||||||||||||||||||||||||||||||||||||||||||||||||||||||||||||||||||||||||||||||||||||||||||||||||||||||||||||||||||||||||||||||||||||||||||||||||||||||||||||||||||||||||||||||||||||||||||||||||||||||||| |||||||||||||||||||||||||||| |||||||||||||||||||||||||||||||||||||||</Hsp_midline>
    </Hsp>
    <Hsp>
      <Hsp_num>2</Hsp_num>
      <Hsp_bit-score>198.755</Hsp_bit-score>
      <Hsp_score>219</Hsp_score>
      <Hsp_evalue>3.76193e-45</Hsp_evalue>
      <Hsp_query-from>250</Hsp_query-from>
      <Hsp_query-to>765</Hsp_query-to>
      <Hsp_hit-from>12004041</Hsp_hit-from>
      <Hsp_hit-to>12004553</Hsp_hit-to>
      <Hsp_query-frame>1</Hsp_query-frame>
      <Hsp_hit-frame>1</Hsp_hit-frame>
      <Hsp_identity>361</Hsp_identity>
      <Hsp_positive>361</Hsp_positive>
      <Hsp_gaps>15</Hsp_gaps>
      <Hsp_align-len>522</Hsp_align-len>
      <Hsp_qseq>GTGCCTCCAGGTTTCAGATTCCATCCCACCGAAGAAGAACTTCTCCATTACTATCTCCGTAAGAAAGTTAACTCTCAAAAGATCGATCTTGATGTCATTCGTGAAGTTGATCTAAACAAGCTTGAGCCTTGGGATATTCAAGGTTAAACCCTAAATATGAAAAAAAACTCTTTCATTTCTACGAACTCTCTATTTCTTTGTTCTTTATTTTTGAAC--CATTTTGGTAT-GCAAATGCAGAGGAATGTAGAATCGGTTCAACGCCACAAAACGACTGGTACTTCTTCAGCCACAAGGACAAGAAGTATCCAACCGGGACCAGGACGAACCGGGCAACAGTCGCTGGATTCTGGAAAGCTACCGGACGTGACAAAATCATCTGCAGTTGTGTCCGGAGAATTGGACTGAGGAAGACACTCGTGTTCTACAAAGGAAGAGCTCCTCACGGTCAGAAATCCGACTGGATCATGCATGAGTATCGCCTCGACGATACTCCA-ATG--TCTAATGTAAGTATATATA</Hsp_qseq>
      <Hsp_hseq>GTACCGCCTGGTTTTCGGTTTCATCCAACGGACGAAGAACTTCTTCATTACTACTTGAAGAAGAAGATTTCTTATGAAAAGTTTGAGATGGAAGTCATCAAAGAGGTTGATTTGAACAAGATTGAGCCGTGGGATTTACAAGGTACGTTCTTT--TATTAATAATACATATACGAT-----CCAATCCTCTAGTTATAT--TAGATACTATTCAAAAGCATTTTTTTTTTGTTTTTGTAGGTAGATGCAAAATAGGATCAACGCCACAAAATGAGTGGTATTTCTTCAGCCACAAGGATAGGAAATATCCGACAGGGTCAAGGACAAACCGTGCAACCCACTCCGGTTTTTGGAAGGCGACAGGACGTGACAAATGCATAAGAAATTCTTACAAGAAGATCGGCATGAGGAAGACTCTTGTATTCTACAAAGGAAGAGCTCCTCATGGCCAAAAGACAGATTGGATCATGCACGAGTACCGTATCGAAGACACTGAAGATGACCCTTGTGTATGTATATATA</Hsp_hseq>
      <Hsp_midline>|| || || |||||  | || ||||| || || ||||||||||| ||||||||  |    |||||  ||   | | ||||| | ||  | || |||||    || |||||| | |||||| ||||||| |||||| | ||||||     | |   ||| || || |  | |   ||     | ||  ||||| || | |  |   || | || ||   ||||||  | | |    || ||    ||| | ||| || |||||||||||||| || ||||| ||||||||||||||||| | ||| ||||| || ||| | ||||| ||||| |||||   | | || || ||||| || || ||||||||||||  |||  | | || |  |  ||  || ||  |||||||||| || || ||||||||||||||||||||||| || || ||  | || ||||||||||| ||||| ||  |||| || |||  | |||   ||  |||| |||||||||</Hsp_midline>
    </Hsp>
    <Hsp>
      <Hsp_num>3</Hsp_num>
      <Hsp_bit-score>189.738</Hsp_bit-score>
      <Hsp_score>209</Hsp_score>
      <Hsp_evalue>1.94873e-42</Hsp_evalue>
      <Hsp_query-from>481</Hsp_query-from>
      <Hsp_query-to>738</Hsp_query-to>
      <Hsp_hit-from>29442335</Hsp_hit-from>
      <Hsp_hit-to>29442075</Hsp_hit-to>
      <Hsp_query-frame>1</Hsp_query-frame>
      <Hsp_hit-frame>-1</Hsp_hit-frame>
      <Hsp_identity>201</Hsp_identity>
      <Hsp_positive>201</Hsp_positive>
      <Hsp_gaps>5</Hsp_gaps>
      <Hsp_align-len>262</Hsp_align-len>
      <Hsp_qseq>ATGCAGAGGAATGTAGAATCGGTTCAACGCCACAAAACGACTGGTACTTCTTCAGCCACAAGGACAAGAAGTATCCAACCGGGACCAGGACGAACCGGGCAACAGTCGCTGGATTCTGGAAAGCTACCGGACGTGACAAA---AT-CATCTGCAGTTGTGTCCGGAGAATTGGACTGAGGAAGACACTCGTGTTCTACAAAGGAAGAGCTCCTCACGGTCAGAAATCCGACTGGATCATGCATGAGTATCGCCTCGACGATA</Hsp_qseq>
      <Hsp_hseq>ATGTAGAGAAATGCAGAATCGGGTCGGGTCCTCAAAACGAGTGGTATTTCTTTAGCCACAAGGACAAGAAATATCCGACTGGGACCCGAACGAACCGGGCGACAGCAGCCGGGTTCTGGAAAGCTACTGGTAGAGACAAATCCATACATCT-CAACAGCTCCAAGAAGATTGGACTTCGTAAGACTCTTGTCTTCTACACTGGTCGTGCTCCTCATGGCCAAAAAACCGAATGGATCATGCACGAATATCGCTTGGACGATA</Hsp_hseq>
      <Hsp_midline>||| |||| |||| |||||||| ||    || |||||||| ||||| ||||| ||||||||||||||||| ||||| || |||||| | ||||||||||| ||||  || || |||||||||||||| ||  | ||||||   || ||||| ||   |   |  ||  ||||||||  | ||||| || || |||||||  ||  | |||||||| || || ||| |||| ||||||||||| || |||||| | |||||||</Hsp_midline>
    </Hsp>
    <Hsp>
      <Hsp_num>4</Hsp_num>
      <Hsp_bit-score>126.62</Hsp_bit-score>
      <Hsp_score>139</Hsp_score>
      <Hsp_evalue>1.95045e-23</Hsp_evalue>
      <Hsp_query-from>513</Hsp_query-from>
      <Hsp_query-to>730</Hsp_query-to>
      <Hsp_hit-from>26534877</Hsp_hit-from>
      <Hsp_hit-to>26535094</Hsp_hit-to>
      <Hsp_query-frame>1</Hsp_query-frame>
      <Hsp_hit-frame>1</Hsp_hit-frame>
      <Hsp_identity>165</Hsp_identity>
      <Hsp_positive>165</Hsp_positive>
      <Hsp_gaps>14</Hsp_gaps>
      <Hsp_align-len>225</Hsp_align-len>
      <Hsp_qseq>CAAAACGACTGGTACTTCTTCAGCCACAAGGACAAGAAGTATCCAACCGGGACCAGGACGAACCGGGCAACAGTCGCTGGATTCTGGAAAGCTACCGGACGTGACAA-----AATCATC-TGCAGTTGTGTCCGGAGAATTGGACTGAGGAAGACACTCGTGTTCTACAAAGGAAGAGCTCCTCACGGTCAGAAA-TCCGACTGGATCATGCATGAGTATCGCCT</Hsp_qseq>
      <Hsp_hseq>CAAAACGAATGGTACTTCTTTAGTCATAAGGACAGGAAGTACCCGACCGGGACTAGGACCAACCGAGCCACTGCGGCTGGGTTCTGGAAAGCCACGGGTAGAGACAAGGCGGTACTATCAAAGAACAGTGTC------ATCGGAATGCGGAAGACACTTGTCTACTACAAGGGTCGAGCTCCTAATGG-AAGAAAGTCCGATTGGATCATGCACGAATACCGTCT</Hsp_hseq>
      <Hsp_midline>|||||||| ||||||||||| || || ||||||| |||||| || |||||||| ||||| ||||| || || |  ||||| ||||||||||| || ||  | |||||      |  |||    |   |||||      || ||| || |||||||||| || | |||||| ||  |||||||| | ||  ||||| ||||| ||||||||||| || || || ||</Hsp_midline>
    </Hsp>
    <Hsp>
      <Hsp_num>5</Hsp_num>
      <Hsp_bit-score>125.719</Hsp_bit-score>
      <Hsp_score>138</Hsp_score>
      <Hsp_evalue>1.95045e-23</Hsp_evalue>
      <Hsp_query-from>519</Hsp_query-from>
      <Hsp_query-to>728</Hsp_query-to>
      <Hsp_hit-from>4140902</Hsp_hit-from>
      <Hsp_hit-to>4140693</Hsp_hit-to>
      <Hsp_query-frame>1</Hsp_query-frame>
      <Hsp_hit-frame>-1</Hsp_hit-frame>
      <Hsp_identity>156</Hsp_identity>
      <Hsp_positive>156</Hsp_positive>
      <Hsp_gaps>4</Hsp_gaps>
      <Hsp_align-len>212</Hsp_align-len>
      <Hsp_qseq>GACTGGTACTTCTTCAGCCACAAGGACAAGAAGTATCCAACCGGGACCAGGACGAACCGGGCAACAGTCGCTGGATTCTGGAAAGCTACCGGACGTGACAAAATCATCTGCAGTTGTGTC--CGGAGAATTGGACTGAGGAAGACACTCGTGTTCTACAAAGGAAGAGCTCCTCACGGTCAGAAATCCGACTGGATCATGCATGAGTATCGC</Hsp_qseq>
      <Hsp_hseq>GATTGGTACTTCTTTAGCCATAAAGACAAGAAGTATCCCACAGGGACTCGAACCAATAGAGCAACAAAAGCAGGGTTTTGGAAAGCCACCGGAAGAGATAAGGCTATCT--ATTTGAGGCATAGTCTAATTGGCATGAGGAAAACACTTGTGTTTTACAAGGGAAGAGCCCCAAATGGACAAAAGTCTGATTGGATCATGCACGAATACCGC</Hsp_hseq>
      <Hsp_midline>|| ||||||||||| ||||| || |||||||||||||| || |||||  | || ||  | ||||||   || || || |||||||| |||||| | || ||    ||||  | ||| | |   |   ||||||  ||||||| ||||| ||||| ||||| |||||||| ||  | || || || || || ||||||||||| || || |||</Hsp_midline>
    </Hsp>
    <Hsp>
      <Hsp_num>6</Hsp_num>
      <Hsp_bit-score>115.8</Hsp_bit-score>
      <Hsp_score>127</Hsp_score>
      <Hsp_evalue>3.52649e-20</Hsp_evalue>
      <Hsp_query-from>518</Hsp_query-from>
      <Hsp_query-to>728</Hsp_query-to>
      <Hsp_hit-from>22665737</Hsp_hit-from>
      <Hsp_hit-to>22665527</Hsp_hit-to>
      <Hsp_query-frame>1</Hsp_query-frame>
      <Hsp_hit-frame>-1</Hsp_hit-frame>
      <Hsp_identity>152</Hsp_identity>
      <Hsp_positive>152</Hsp_positive>
      <Hsp_gaps>0</Hsp_gaps>
      <Hsp_align-len>211</Hsp_align-len>
      <Hsp_qseq>CGACTGGTACTTCTTCAGCCACAAGGACAAGAAGTATCCAACCGGGACCAGGACGAACCGGGCAACAGTCGCTGGATTCTGGAAAGCTACCGGACGTGACAAAATCATCTGCAGTTGTGTCCGGAGAATTGGACTGAGGAAGACACTCGTGTTCTACAAAGGAAGAGCTCCTCACGGTCAGAAATCCGACTGGATCATGCATGAGTATCGC</Hsp_qseq>
      <Hsp_hseq>CGAATGGTACTTCTTTAGTCATAAAGACAAGAAGTATCCCACGGGAACTCGAACCAATAGAGCCACGAAAGTAGGATTTTGGAAAGCCACTGGAAGAGACAAGGCTATATATATAAGACATAGTCTTATCGGTATGAGGAAAACACTTGTGTTTTACAAAGGAAGAGCCCCAAATGGTCAGAAATCCGATTGGATCATGCACGAATATCGC</Hsp_hseq>
      <Hsp_midline>||| ||||||||||| || || || |||||||||||||| || || ||  | || ||  | || ||    |  ||||| |||||||| || ||| | |||||    || |  |   |     |    || ||  ||||||| ||||| ||||| |||||||||||||| ||  | |||||||||||||| ||||||||||| || ||||||</Hsp_midline>
    </Hsp>
    <Hsp>
      <Hsp_num>7</Hsp_num>
      <Hsp_bit-score>98.6682</Hsp_bit-score>
      <Hsp_score>108</Hsp_score>
      <Hsp_evalue>2.71117e-15</Hsp_evalue>
      <Hsp_query-from>514</Hsp_query-from>
      <Hsp_query-to>731</Hsp_query-to>
      <Hsp_hit-from>25586121</Hsp_hit-from>
      <Hsp_hit-to>25586338</Hsp_hit-to>
      <Hsp_query-frame>1</Hsp_query-frame>
      <Hsp_hit-frame>1</Hsp_hit-frame>
      <Hsp_identity>156</Hsp_identity>
      <Hsp_positive>156</Hsp_positive>
      <Hsp_gaps>6</Hsp_gaps>
      <Hsp_align-len>221</Hsp_align-len>
      <Hsp_qseq>AAAACGACTGGTACTTCTTCAGCCACAAGGACAAGAAGTATCCAACCGGGACCAGGACGAACCGGGCAACAGTCGCTGGATTCTGGAAAGCTACCGGACGTGACAAAATCATCTGCAGTTGTGTCCGGAGAA---TTGGACTGAGGAAGACACTCGTGTTCTACAAAGGAAGAGCTCCTCACGGTCAGAAATCCGACTGGATCATGCATGAGTATCGCCTC</Hsp_qseq>
      <Hsp_hseq>AAAATGAGTGGTATTTCTTCAGCCCTAGAGAAAGAAAATATCCAAACGGAGTCAGACCAAACCGGGCAGCTGTTTCCGGTTATTGGAAAGCAACCGGTACAGACAAAGCCATTCACAGCGGT-TC--GAGTAACGTAGGTGTCAAGAAAGCTCTCGTCTTCTACAAAGGTAGACCTCCTAAAGGAATCAAAACTGACTGGATCATGCATGAGTATCGTCTC</Hsp_hseq>
      <Hsp_midline>|||| || ||||| ||||||||||  |  || |  || ||||||| |||   |||  | ||||||||| | ||  | || |  |||||||| |||||    ||||||  |||   |||  || ||  ||| |   | ||  | | |||  | ||||| ||||||||||| ||| ||||| | ||    ||| | ||||||||||||||||||||||| |||</Hsp_midline>
    </Hsp>
    <Hsp>
      <Hsp_num>8</Hsp_num>
      <Hsp_bit-score>89.6514</Hsp_bit-score>
      <Hsp_score>98</Hsp_score>
      <Hsp_evalue>1.40442e-12</Hsp_evalue>
      <Hsp_query-from>519</Hsp_query-from>
      <Hsp_query-to>733</Hsp_query-to>
      <Hsp_hit-from>28165658</Hsp_hit-from>
      <Hsp_hit-to>28165438</Hsp_hit-to>
      <Hsp_query-frame>1</Hsp_query-frame>
      <Hsp_hit-frame>-1</Hsp_hit-frame>
      <Hsp_identity>153</Hsp_identity>
      <Hsp_positive>153</Hsp_positive>
      <Hsp_gaps>6</Hsp_gaps>
      <Hsp_align-len>221</Hsp_align-len>
      <Hsp_qseq>GACTGGTACTTCTTCAGCCACAAGGACAAGAAGTATCCAACCGGGACCAGGACGAACCGGGCAACAGTCGCTGGATTCTGGAAAGCTACCGGACGTGACAA---AATCATCT---GCAGTTGTGTCCGGAGAATTGGACTGAGGAAGACACTCGTGTTCTACAAAGGAAGAGCTCCTCACGGTCAGAAATCCGACTGGATCATGCATGAGTATCGCCTCGA</Hsp_qseq>
      <Hsp_hseq>GAGTGGTACTTTTATAGTCTAAGGGACAGGAAATATCCGACAGGTTTGAGGACTAACAGAGCAACTACTGCTGGATACTGGAAAGCTACCGGCAAAGATAAGGAAGTCTTCTCCGGCGGAGGAGGACAGCTTGTTGGGATGAAGAAGACGTTGGTGTTCTACAAAGGTAGGGCTCCACGTGGCCTCAAGACTAAGTGGGTCATGCATGAGTATCGCCTCGA</Hsp_hseq>
      <Hsp_midline>|| |||||||| |  || |  | ||||| ||| ||||| || ||    ||||| ||| | |||||    ||||||| |||||||||||||||    || ||   | || |||   || |  | |  | |    ||||  ||| ||||||  | |||||||||||||| || ||||| |  || |  ||  |  | ||| ||||||||||||||||||||||</Hsp_midline>
    </Hsp>
    <Hsp>
      <Hsp_num>9</Hsp_num>
      <Hsp_bit-score>87.848</Hsp_bit-score>
      <Hsp_score>96</Hsp_score>
      <Hsp_evalue>4.9019e-12</Hsp_evalue>
      <Hsp_query-from>250</Hsp_query-from>
      <Hsp_query-to>397</Hsp_query-to>
      <Hsp_hit-from>29443172</Hsp_hit-from>
      <Hsp_hit-to>29443025</Hsp_hit-to>
      <Hsp_query-frame>1</Hsp_query-frame>
      <Hsp_hit-frame>-1</Hsp_hit-frame>
      <Hsp_identity>108</Hsp_identity>
      <Hsp_positive>108</Hsp_positive>
      <Hsp_gaps>0</Hsp_gaps>
      <Hsp_align-len>148</Hsp_align-len>
      <Hsp_qseq>GTGCCTCCAGGTTTCAGATTCCATCCCACCGAAGAAGAACTTCTCCATTACTATCTCCGTAAGAAAGTTAACTCTCAAAAGATCGATCTTGATGTCATTCGTGAAGTTGATCTAAACAAGCTTGAGCCTTGGGATATTCAAGGTTAAA</Hsp_qseq>
      <Hsp_hseq>GTGCCTCCGGGATTCCGGTTTCATCCAACGGAGGAGGAGCTTCTTTACTATTACCTCAAGAAGAAGGTTTCTTATGAACCAATTGATTTAGATGTAATTAGAGAAGTTGATCTCAACAAGCTGGAACCTTGGGAACTTAAAGGTAAAA</Hsp_hseq>
      <Hsp_midline>|||||||| || ||| | || ||||| || || || || |||||  | || || |||   ||||| |||   | | ||   || ||| | ||||| ||| | ||||||||||| |||||||| || ||||||||  || ||||| |||</Hsp_midline>
    </Hsp>
    <Hsp>
      <Hsp_num>10</Hsp_num>
      <Hsp_bit-score>73.4211</Hsp_bit-score>
      <Hsp_score>80</Hsp_score>
      <Hsp_evalue>1.07972e-07</Hsp_evalue>
      <Hsp_query-from>514</Hsp_query-from>
      <Hsp_query-to>731</Hsp_query-to>
      <Hsp_hit-from>19140088</Hsp_hit-from>
      <Hsp_hit-to>19139871</Hsp_hit-to>
      <Hsp_query-frame>1</Hsp_query-frame>
      <Hsp_hit-frame>-1</Hsp_hit-frame>
      <Hsp_identity>149</Hsp_identity>
      <Hsp_positive>149</Hsp_positive>
      <Hsp_gaps>2</Hsp_gaps>
      <Hsp_align-len>219</Hsp_align-len>
      <Hsp_qseq>AAAACGACTGGTACTTCTTCAGCCACAAGGACAAGAAGTATCCAACCGGGACCAGGACGAACCGGGCAACAGTCGCTGGATTCTGGAAAGCTACCGG-ACGTGACAAAATCATCTGCAGTTGTGTCCGGAGAATTGGACTGAGGAAGACACTCGTGTTCTACAAAGGAAGAGCTCCTCACGGTCAGAAATCCGACTGGATCATGCATGAGTATCGCCTC</Hsp_qseq>
      <Hsp_hseq>AAAAAGAATGGTATTTTTTTAGTCCTAGGGATAGAAAATATCCAAACGGGTCAAGACCTAACCGGGTTGCCGGATCGGGTTATTGGAAAGCTACGGGTACG-GATAAAATAATCTCGACGGAAGGACAAAGAGTTGGTATTAAAAAAGCTTTGGTGTTTTACATCGGAAAAGCTCCTAAAGGTACTAAAACCAATTGGATCATGCATGAGTATCGTCTC</Hsp_hseq>
      <Hsp_midline>|||| || ||||| || || || |  | ||| |  || ||||||| |||| | ||  | |||||||   | |   | || |  ||||||||||| || ||| || ||||| ||||  |     |  |  ||| ||||  | |  ||  |  | ||||| ||||  |||| ||||||| | |||   ||| || | |||||||||||||||||||| |||</Hsp_midline>
    </Hsp>
    <Hsp>
      <Hsp_num>11</Hsp_num>
      <Hsp_bit-score>71.6177</Hsp_bit-score>
      <Hsp_score>78</Hsp_score>
      <Hsp_evalue>3.76858e-07</Hsp_evalue>
      <Hsp_query-from>519</Hsp_query-from>
      <Hsp_query-to>731</Hsp_query-to>
      <Hsp_hit-from>19695204</Hsp_hit-from>
      <Hsp_hit-to>19694992</Hsp_hit-to>
      <Hsp_query-frame>1</Hsp_query-frame>
      <Hsp_hit-frame>-1</Hsp_hit-frame>
      <Hsp_identity>152</Hsp_identity>
      <Hsp_positive>152</Hsp_positive>
      <Hsp_gaps>16</Hsp_gaps>
      <Hsp_align-len>221</Hsp_align-len>
      <Hsp_qseq>GACTGGTACTTCTTCAGCCACAAGG-ACAAGAAGTATCCAACCGGGACCAGGACGAACCGGGCAACAGTCGCTGGATTCTGGAAAGCTACCGGACGTGACAAAATCATCTGCAGTTGTGTC--CGGAGA-----ATTGGACTGAGGAAGACACTCGTGTTCTACAAAGGAAGAGCTCCTCACGGTCAGAAATCCGACTGGATCATGCATGAGTATCGCCTC</Hsp_qseq>
      <Hsp_hseq>GAATGGTACTTTTACAGC-ACAAGGGATAAGAAGTATCCAAATGGCTCTAGGACGAACCGTGCGACCCGAGCGGGTTACTGGAAGGCCACGGG----GA-AAGATC--GTACAGTAGAATCAAAGAAGATGAAGATGGGAATGAAGAAGACACTGGTTTATTATAGAGGAAGGGCTCCTCATGGCCTTCGTACTAATTGGGTCATGCATGAATATCGTCTC</Hsp_hseq>
      <Hsp_midline>|| |||||||| | |||| |||||| | |||||||||||||  ||  | ||||||||||| || ||    || || | |||||| || || ||    || || |||   | |||| |  ||   | |||     || ||| ||| ||||||||| || |  || | |||||| |||||||| || |      |  | ||| |||||||||| ||||| |||</Hsp_midline>
    </Hsp>
    <Hsp>
      <Hsp_num>12</Hsp_num>
      <Hsp_bit-score>70.716</Hsp_bit-score>
      <Hsp_score>77</Hsp_score>
      <Hsp_evalue>1.31536e-06</Hsp_evalue>
      <Hsp_query-from>516</Hsp_query-from>
      <Hsp_query-to>721</Hsp_query-to>
      <Hsp_hit-from>20390991</Hsp_hit-from>
      <Hsp_hit-to>20390786</Hsp_hit-to>
      <Hsp_query-frame>1</Hsp_query-frame>
      <Hsp_hit-frame>-1</Hsp_hit-frame>
      <Hsp_identity>139</Hsp_identity>
      <Hsp_positive>139</Hsp_positive>
      <Hsp_gaps>0</Hsp_gaps>
      <Hsp_align-len>206</Hsp_align-len>
      <Hsp_qseq>AACGACTGGTACTTCTTCAGCCACAAGGACAAGAAGTATCCAACCGGGACCAGGACGAACCGGGCAACAGTCGCTGGATTCTGGAAAGCTACCGGACGTGACAAAATCATCTGCAGTTGTGTCCGGAGAATTGGACTGAGGAAGACACTCGTGTTCTACAAAGGAAGAGCTCCTCACGGTCAGAAATCCGACTGGATCATGCATGA</Hsp_qseq>
      <Hsp_hseq>AAGGATTGGTATTTCTACAGCCAAAGAGACCGAAAATACGCGACGGGGCTGAGAACTAACCGAGCAACGGCCACCGGATATTGGAAAGCCACCGGCAAAGACAGAACCATTCTAAGAAAGGGTAAGCTAGTTGGGATGAGGAAGACATTGGTTTTCTATCAAGGTCGAGCTCCTCGAGGCCGTAAAACCGATTGGGTCATGCACGA</Hsp_hseq>
      <Hsp_midline>|| || ||||| |||| |||||| |  |||   || ||  | || |||   || || ||||| ||||| | | | ||||  |||||||| |||||    |||| || |||    ||    |    |  | ||||  ||||||||||| | || |||||  ||||  |||||||||  || |  ||| |||| ||| ||||||| ||</Hsp_midline>
    </Hsp>
    <Hsp>
      <Hsp_num>13</Hsp_num>
      <Hsp_bit-score>69.8143</Hsp_bit-score>
      <Hsp_score>76</Hsp_score>
      <Hsp_evalue>1.31536e-06</Hsp_evalue>
      <Hsp_query-from>251</Hsp_query-from>
      <Hsp_query-to>383</Hsp_query-to>
      <Hsp_hit-from>19695526</Hsp_hit-from>
      <Hsp_hit-to>19695394</Hsp_hit-to>
      <Hsp_query-frame>1</Hsp_query-frame>
      <Hsp_hit-frame>-1</Hsp_hit-frame>
      <Hsp_identity>95</Hsp_identity>
      <Hsp_positive>95</Hsp_positive>
      <Hsp_gaps>0</Hsp_gaps>
      <Hsp_align-len>133</Hsp_align-len>
      <Hsp_qseq>TGCCTCCAGGTTTCAGATTCCATCCCACCGAAGAAGAACTTCTCCATTACTATCTCCGTAAGAAAGTTAACTCTCAAAAGATCGATCTTGATGTCATTCGTGAAGTTGATCTAAACAAGCTTGAGCCTTGGGA</Hsp_qseq>
      <Hsp_hseq>TGCCTCCAGGATTCAGGTTTCATCCCACTGATGAAGAACTGGTGGCTTACTATCTTGATAGGAAGGTCAACGGCCAAGCCATTGAGCTCGAGATCATCCCAGAAGTTGATCTTTATAAATGCGAGCCATGGGA</Hsp_hseq>
      <Hsp_midline>|||||||||| ||||| || |||||||| || ||||||||  |   |||||||||   || ||| || |||   |||   || || || ||  |||| |  |||||||||||  | ||    ||||| |||||</Hsp_midline>
    </Hsp>
    <Hsp>
      <Hsp_num>14</Hsp_num>
      <Hsp_bit-score>67.1093</Hsp_bit-score>
      <Hsp_score>73</Hsp_score>
      <Hsp_evalue>1.60244e-05</Hsp_evalue>
      <Hsp_query-from>253</Hsp_query-from>
      <Hsp_query-to>311</Hsp_query-to>
      <Hsp_hit-from>25585867</Hsp_hit-from>
      <Hsp_hit-to>25585925</Hsp_hit-to>
      <Hsp_query-frame>1</Hsp_query-frame>
      <Hsp_hit-frame>1</Hsp_hit-frame>
      <Hsp_identity>50</Hsp_identity>
      <Hsp_positive>50</Hsp_positive>
      <Hsp_gaps>0</Hsp_gaps>
      <Hsp_align-len>59</Hsp_align-len>
      <Hsp_qseq>CCTCCAGGTTTCAGATTCCATCCCACCGAAGAAGAACTTCTCCATTACTATCTCCGTAA</Hsp_qseq>
      <Hsp_hseq>CCTCCAGGGTTCAGATTTCATCCTACCGACGAAGAACTCATCGTTTACTATCTCCGAAA</Hsp_hseq>
      <Hsp_midline>|||||||| |||||||| ||||| ||||| ||||||||  ||  |||||||||||| ||</Hsp_midline>
    </Hsp>
    <Hsp>
      <Hsp_num>15</Hsp_num>
      <Hsp_bit-score>63.5025</Hsp_bit-score>
      <Hsp_score>69</Hsp_score>
      <Hsp_evalue>0.000195217</Hsp_evalue>
      <Hsp_query-from>516</Hsp_query-from>
      <Hsp_query-to>736</Hsp_query-to>
      <Hsp_hit-from>269636</Hsp_hit-from>
      <Hsp_hit-to>269853</Hsp_hit-to>
      <Hsp_query-frame>1</Hsp_query-frame>
      <Hsp_hit-frame>1</Hsp_hit-frame>
      <Hsp_identity>148</Hsp_identity>
      <Hsp_positive>148</Hsp_positive>
      <Hsp_gaps>5</Hsp_gaps>
      <Hsp_align-len>222</Hsp_align-len>
      <Hsp_qseq>AACGACTGGTACTTCTTCAGCCACAAGGACAAGAAGTATCCAACCGGGACCAGGACGAACCGGGCAACAGTCGCTGGATTCTGGAAAGCTACCGGACGTGACAAAATCATCTG-CAGTTGTGTCCGGAGAATTGGACTGAGGAAGACACTCGTGTTCTACAAAGGAAGAGCTCCTCACGGTCAGAAATCCGACTGGATCATGCATGAGTATCGCCTCGACGA</Hsp_qseq>
      <Hsp_hseq>AAGGAATGGTACTTCTTCTCTCCCAGGGACAGAAAATATCCCAACGGTTCGCGTCCTAACCGGTCCGCTGGTTCTGGTTACTGGAAAGCTACCGGAGCTGATAAACCGATCGGACTACCTAAACCGG----TCGGAATTAAGAAAGCTCTTGTTTTCTACGCCGGCAAAGCTCCAAAGGGAGAGAAAACCAATTGGATCATGCACGAGTACCGTCTCGCCGA</Hsp_hseq>
      <Hsp_midline>|| || ||||||||||||   | || |||||  || ||||| | |||  |  |  | |||||| |  | |   |||| | ||||||||||||||||  ||| |||   ||| | |        ||||    | ||| | | |||  | || || ||||||   || | ||||||  | ||  ||||| || | ||||||||||| ||||| || |||| |||</Hsp_midline>
    </Hsp>
    <Hsp>
      <Hsp_num>16</Hsp_num>
      <Hsp_bit-score>62.6008</Hsp_bit-score>
      <Hsp_score>68</Hsp_score>
      <Hsp_evalue>0.000195217</Hsp_evalue>
      <Hsp_query-from>646</Hsp_query-from>
      <Hsp_query-to>724</Hsp_query-to>
      <Hsp_hit-from>12497815</Hsp_hit-from>
      <Hsp_hit-to>12497893</Hsp_hit-to>
      <Hsp_query-frame>1</Hsp_query-frame>
      <Hsp_hit-frame>1</Hsp_hit-frame>
      <Hsp_identity>61</Hsp_identity>
      <Hsp_positive>61</Hsp_positive>
      <Hsp_gaps>0</Hsp_gaps>
      <Hsp_align-len>79</Hsp_align-len>
      <Hsp_qseq>TTGGACTGAGGAAGACACTCGTGTTCTACAAAGGAAGAGCTCCTCACGGTCAGAAATCCGACTGGATCATGCATGAGTA</Hsp_qseq>
      <Hsp_hseq>TTGGACTCAAGAAGACTCTTGTTTTCTATAGAGGTCGTGCTCCTAATGGTGAGAGAACTGACTGGGTGATGCATGAGTA</Hsp_hseq>
      <Hsp_midline>||||||| | |||||| || || ||||| | |||  | |||||| | ||| ||| | | |||||| | |||||||||||</Hsp_midline>
    </Hsp>
    <Hsp>
      <Hsp_num>17</Hsp_num>
      <Hsp_bit-score>59.8958</Hsp_bit-score>
      <Hsp_score>65</Hsp_score>
      <Hsp_evalue>0.00237823</Hsp_evalue>
      <Hsp_query-from>549</Hsp_query-from>
      <Hsp_query-to>732</Hsp_query-to>
      <Hsp_hit-from>28596946</Hsp_hit-from>
      <Hsp_hit-to>28597126</Hsp_hit-to>
      <Hsp_query-frame>1</Hsp_query-frame>
      <Hsp_hit-frame>1</Hsp_hit-frame>
      <Hsp_identity>125</Hsp_identity>
      <Hsp_positive>125</Hsp_positive>
      <Hsp_gaps>5</Hsp_gaps>
      <Hsp_align-len>185</Hsp_align-len>
      <Hsp_qseq>AAGTATCCAACCGGGACCAGGACGAACCGGGCAACAGTCGCTGGATTCTGGAAAGCTACCGGACGTGACAAAATCATCTGCAGTTGT-GTCCGGAGAATTGGACTGAGGAAGACACTCGTGTTCTACAAAGGAAGAGCTCCTCACGGTCAGAAATCCGACTGGATCATGCATGAGTATCGCCTCG</Hsp_qseq>
      <Hsp_hseq>AAGTATCCAAACGGTTCAAGACCCAACCGTGCAGCTGGTACTGGATATTGGAAAGCTACCGGAGCTGATAAACCAATAGGTCGTCCTAAACCGG----TTGGTATTAAGAAGGCTCTAGTGTTTTACTCGGGAAAACCTCCAAATGGAGAGAAAACCAATTGGATTATGCACGAATACCGGCTCG</Hsp_hseq>
      <Hsp_midline>|||||||||| |||  | ||  | ||||| ||| | |   ||||||  |||||||||||||||  ||| |||   ||  |  ||  |   ||||    ||||  | | |||| | || ||||| |||   |||| | ||||  | ||  ||||| || | ||||| ||||| || || || ||||</Hsp_midline>
    </Hsp>
    <Hsp>
      <Hsp_num>18</Hsp_num>
      <Hsp_bit-score>52.6823</Hsp_bit-score>
      <Hsp_score>57</Hsp_score>
      <Hsp_evalue>0.352961</Hsp_evalue>
      <Hsp_query-from>251</Hsp_query-from>
      <Hsp_query-to>306</Hsp_query-to>
      <Hsp_hit-from>269389</Hsp_hit-from>
      <Hsp_hit-to>269444</Hsp_hit-to>
      <Hsp_query-frame>1</Hsp_query-frame>
      <Hsp_hit-frame>1</Hsp_hit-frame>
      <Hsp_identity>45</Hsp_identity>
      <Hsp_positive>45</Hsp_positive>
      <Hsp_gaps>0</Hsp_gaps>
      <Hsp_align-len>56</Hsp_align-len>
      <Hsp_qseq>TGCCTCCAGGTTTCAGATTCCATCCCACCGAAGAAGAACTTCTCCATTACTATCTC</Hsp_qseq>
      <Hsp_hseq>TGCCTCCAGGTTTCCGATTTCACCCTACCGATGAAGAGCTTGTCATGCACTATCTC</Hsp_hseq>
      <Hsp_midline>|||||||||||||| |||| || || ||||| ||||| ||| ||    ||||||||</Hsp_midline>
    </Hsp>
    <Hsp>
      <Hsp_num>19</Hsp_num>
      <Hsp_bit-score>48.1739</Hsp_bit-score>
      <Hsp_score>52</Hsp_score>
      <Hsp_evalue>4.29995</Hsp_evalue>
      <Hsp_query-from>251</Hsp_query-from>
      <Hsp_query-to>306</Hsp_query-to>
      <Hsp_hit-from>23982516</Hsp_hit-from>
      <Hsp_hit-to>23982461</Hsp_hit-to>
      <Hsp_query-frame>1</Hsp_query-frame>
      <Hsp_hit-frame>-1</Hsp_hit-frame>
      <Hsp_identity>44</Hsp_identity>
      <Hsp_positive>44</Hsp_positive>
      <Hsp_gaps>0</Hsp_gaps>
      <Hsp_align-len>56</Hsp_align-len>
      <Hsp_qseq>TGCCTCCAGGTTTCAGATTCCATCCCACCGAAGAAGAACTTCTCCATTACTATCTC</Hsp_qseq>
      <Hsp_hseq>TGCCTCCAGGTTTCCGGTTTCATCCAACAGACGAAGAGCTTGTCATATACTACCTC</Hsp_hseq>
      <Hsp_midline>|||||||||||||| | || ||||| || || ||||| ||| ||   ||||| |||</Hsp_midline>
    </Hsp>
  </Hit_hsps>
</Hit>
<Hit>
  <Hit_num>13</Hit_num>
  <Hit_id>gi|1731305466|emb|LR699760.1|</Hit_id>
  <Hit_def>Arabidopsis thaliana genome assembly, chromosome: 1</Hit_def>
  <Hit_accession>LR699760</Hit_accession>
  <Hit_len>30222096</Hit_len>
  <Hit_hsps>
    <Hsp>
      <Hsp_num>1</Hsp_num>
      <Hsp_bit-score>3406.05</Hsp_bit-score>
      <Hsp_score>3776</Hsp_score>
      <Hsp_evalue>0</Hsp_evalue>
      <Hsp_query-from>1</Hsp_query-from>
      <Hsp_query-to>1926</Hsp_query-to>
      <Hsp_hit-from>11812569</Hsp_hit-from>
      <Hsp_hit-to>11810641</Hsp_hit-to>
      <Hsp_query-frame>1</Hsp_query-frame>
      <Hsp_hit-frame>-1</Hsp_hit-frame>
      <Hsp_identity>1917</Hsp_identity>
      <Hsp_positive>1917</Hsp_positive>
      <Hsp_gaps>13</Hsp_gaps>
      <Hsp_align-len>1934</Hsp_align-len>
      <Hsp_qseq>AAAGACACTTTAATGCATGAACTTCTTTGTTTAAATAACAATTTCCCCCTTTTGGGGGCTATGTCTCGTCGAGTCCTACCACCATTATAAATTATCTCATCGTTTGCTTTCTTTTTTTTAAGTTGTAACCATTTCCACTCGTAATCATACAACTTCTCTACTCTTCTAGAGCAAAAACCCAAAAATATATTGCTATCTTCGTTAATGGCTGATAATAAGGTCAATCTTTCGATTAATGGACAATCAAAAGTGCCTCCAGGTTTCAGATTCCATCCCACCGAAGAAGAACTTCTCCATTACTATCTCCGTAAGAAAGTTAACTCTCAAAAGATCGATCTTGATGTCATTCGTGAAGTTGATCTAAACAAGCTTGAGCCTTGGGATATTCAAGGTTAAACCCTAAATATGAAAAAAAACTCTTTCATTTCTACGAACTCTCTATTTCTTTGTTCTTTATTTTTGAACCATTTTGGTATGCAAATGCAGAGGAATGTAGAATCGGTTCAACGCCACAAAACGACTGGTACTTCTTCAGCCACAAGGACAAGAAGTATCCAACCGGGACCAGGACGAACCGGGCAACAGTCGCTGGATTCTGGAAAGCTACCGGACGTGACAAAATCATCTGCAGTTGTGTCCGGAGAATTGGACTGAGGAAGACACTCGTGTTCTACAAAGGAAGAGCTCCTCACGGTCAGAAATCCGACTGGATCATGCATGAGTATCGCCTCGACGATACTCCAATGTCTAATGTAAGTATATATAGCAATCATCAATTTGCAGTTTAGGTTAGAATAAACAAATTACAAACTTATAGTCAAAGAATTAGCTAGATTCGTTTCATGCTATAAAAGGTTTTGGTTCATTTAGTACGCACTAGAGCCTTCTTTTAGCATCTGCAATTAAAGTAATCGAACATGATTCTCTGAGTTACAATAAGATAATTTCTTATGAAATTAACACATCATATATACATTTATATAAAAAGATTTTTTCACAAGGCTTAAAATAGTTTAACACGGCTCTACAAACAATACGTAGTTAACTAGTTATGGTTGCATATCCAAAAGAAAAACCAACATAAAAGATTTTTTTTTTTGTTTCAAAATAAAAGTTGCATTTTTACATCATCAAGATTTAATCATCTCTTATTGCATTTCATAAGATCGATTTGTGTTCCATTATCAGGGCTATGCTGATGTTGTTACAGAAGATCCAATGAGCTATAACGAAGAAGGTTGGGTGGTATGTCGAGTGTTCAGGAAGAAGAACTATCAAAAGATTGACGATTGTCCTAAAATCACTCTATCTTCTTTACCTGATGACACGGAGGAAGAGAAGGGGCCCACCTTTCACAACACTCAAAACGTTACCGGTTTAGACCATGTTCTTCTCTACATGGACCGTACCGGTTCTAACATTTGCATGCCCGAGAGCCAAACAACGACTCAACATCAAGATGATGTCTTATTCATGCAACTCCCAAGTCTTGAGACACCTAAATCCGAGAGCCCGGTCGACCAAAGTTTCCTGACTCCAAGCAAACTCGATTTCTCTCCCGTTCAAGAGAAGATAACCGAAAGACCGGTTTGCAGCAACTGGGCTAGTCTTGACCGGCTCGTAGCTTGGCAATTGAACAATGGTCATCATAATCCGTGTCATCGTAAGAGTTTTGATGAAGAAGAAGAAAATGGTGATACTATGATGCAGCGATGGGATCTTCATTGGAATAATGATGATAATGTTGATCTTTGGAGTAGTTTCACTGAGTCTTCTTCGTCTTTAGACCCACTTCTTCATTTATCTGTATGATTATCTA--------TACATACACATACACAAAATATAAAATAAAGTTTGTTAAAAAATGTCTCATGTTCTATTGATAGTACGTCTTGATTTTGGGGTTTAACATTTGTTAATGGTGGAGGG</Hsp_qseq>
      <Hsp_hseq>AAAGACACTTTAATGCATGAACTTCTTTGTTTAAATAACAATTTCCCCCTTTTGGGGGCTATGTCTCGTCGAGTCCTACCACCATTATAAATTATCTCATCGTTTGCTTTCTTTTTTTTAAGTTGTAACCATTTCCACTCGTAATCAAACAACTTCTCTACTCTTCTAGAGCAAAAACCCAAAAATATATTGCTATCTTCGTTAATGGCTGATAATAAGGTCAATCTTTCGATTAATGGACAATCAAAAGTGCCTCCAGGTTTCAGATTCCATCCCACCGAAGAAGAACTTCTCCATTACTATCTCCGTAAGAAAGTTAACTCTCAAAAGATCGATCTTGATGTCATTCGTGAAGTTGATCTAAACAAGCTTGAGCCTTGGGATATTCAAGGTTAAACCCTAAATATGAAAAAA--CTCTTTCATTTCTACAAACTCTCT--TTCTTTGTTCTTTATTTTTGAACCATTTTGGTATGGAAATGCAGAGGAATGTAGAATCGGTTCAACGCCACAAAACGACTGGTACTTCTTCAGCCACAAGGACAAGAAGTATCCAACCGGGACCAGGACGAACCGGGCAACAGTCGCTGGATTCTGGAAAGCTACCGGACGTGACAAAATCATCTGCAGTTGTGTCCGGAGAATTGGACTGAGGAAGACACTCGTGTTCTACAAAGGAAGAGCTCCTCACGGTCAGAAATCCGACTGGATCATGCATGAGTATCGCCTCGACGATACTCCAATGTCTAATGTAAGTATATATAGCAATCATCAATTTGCAGTTTAGGTTAGAATAAACAAATTACAAACTTATAGTCAAAGAATTAGCTAGATTCGTTTCATGCTATAAAAGGTTTTGGTTCATTTAGTACGCACTAGAGCCTTCTTTTAGCATCTGCAATTAAAGTAATCGAACATGATTCTCTGAGTTACAATAAGATAATTTCTTATGAAATTAACACATCATATATACATTTATATAAAAAGATTTTTTCACAAGGCTTAAAATAGTTTAACACGGCTCTACAAACAATACGTAGTTAACTAGTTATGGTTGCATATCCAAAAGAAAAACCAACATAAAAGATTTTTTTTTT-GTTTCAAAATAAAAGTTGCATTTTTACATCATCAAGATTTAATCATCTCTTATTGCATTTCATAAGATCGATTTGTGTTCCATTATCAGGGCTATGCTGATGTTGTTACAGAAGATCCAATGAGCTATAACGAAGAAGGTTGGGTGGTATGTCGAGTGTTCAGGAAGAAGAACTATCAAAAGATTGACGATTGTCCTAAAATCACTCTATCTTCTTTACCTGATGACACGGAGGAAGAGAAGAGGCCCACCTTTCACAACACTCAAAACGTTACCGGTTTAGACCATGTTCTTCTCTACATGGACCGTACCGGTTCTAACATTTGCATGCCCGAGAGCCAAACAACGACTCAACATCAAGATGATGTCTTATTCATGCAACTCCCAAGTCTTGAGACACCTAAATCCGAGAGCCCGGTCGACCAAAGTTTCCTGACTCCAAGCAAACTCGATTTCTCTCCCGTTCAAGAGAAGATAACCGAAAGACCGGTTTGCAGCAACTGGGCTAGTCTTGACCGGCTCGTAGCTTGGCAATTGAACAATGGTCATCATAATCCGTGTCATCGTAAGAGTTTTGATGAAGAAGAAGAAAATGGTGATACTATGATGCAGCGATGGGATCTTCATTGGAATAATGATGATAATGTTGATCTTTGGAGTAGTTTCACTGAGTCTTCTTCGTCTTTAGACCCACTTCTTCATTTATCTGTATGATTATCTATACAAATATACATACACATACACAAAATATAAAATAAAGTTTGTTAAAAAATGTCTCATGTTCTATTGATAGTACGTCTTGATTTTGGGGTTTAACATTTGTTAATGGTGGAGGG</Hsp_hseq>
      <Hsp_midline>||||||||||||||||||||||||||||||||||||||||||||||||||||||||||||||||||||||||||||||||||||||||||||||||||||||||||||||||||||||||||||||||||||||||||||||||||| ||||||||||||||||||||||||||||||||||||||||||||||||||||||||||||||||||||||||||||||||||||||||||||||||||||||||||||||||||||||||||||||||||||||||||||||||||||||||||||||||||||||||||||||||||||||||||||||||||||||||||||||||||||||||||||||||||||||||||||||||||||||||||||||||||||||||||  ||||||||||||||| ||||||||  ||||||||||||||||||||||||||||||||||| |||||||||||||||||||||||||||||||||||||||||||||||||||||||||||||||||||||||||||||||||||||||||||||||||||||||||||||||||||||||||||||||||||||||||||||||||||||||||||||||||||||||||||||||||||||||||||||||||||||||||||||||||||||||||||||||||||||||||||||||||||||||||||||||||||||||||||||||||||||||||||||||||||||||||||||||||||||||||||||||||||||||||||||||||||||||||||||||||||||||||||||||||||||||||||||||||||||||||||||||||||||||||||||||||||||||||||||||||||||||||||||||||||||||||||||||||||||||||||||||||||||||||||||||||||||||||||||||||||||||||||||||||||||||||||||||||||||||||||||||||||||||||||||||||||||||||||||||||||||||||||||||||||||||||||| |||||||||||||||||||||||||||||||||||||||||||||||||||||||||||||||||||||||||||||||||||||||||||||||||||||||||||||||||||||||||||||||||||||||||||||||||||||||||||||||||||||||||||||||||||||||||||||||||||||||||||||||||||||||||||||||||||||||||||||||||| |||||||||||||||||||||||||||||||||||||||||||||||||||||||||||||||||||||||||||||||||||||||||||||||||||||||||||||||||||||||||||||||||||||||||||||||||||||||||||||||||||||||||||||||||||||||||||||||||||||||||||||||||||||||||||||||||||||||||||||||||||||||||||||||||||||||||||||||||||||||||||||||||||||||||||||||||||||||||||||||||||||||||||||||||||||||||||||||||||||||||||||||||||||||||||||||||||||||||||||||||||||||||||||||||||||||||||||||||||||||||||||||||||||||||||||||||||||||||||||        |||||||||||||||||||||||||||||||||||||||||||||||||||||||||||||||||||||||||||||||||||||||||||||||||||||||||||</Hsp_midline>
    </Hsp>
    <Hsp>
      <Hsp_num>2</Hsp_num>
      <Hsp_bit-score>194.247</Hsp_bit-score>
      <Hsp_score>214</Hsp_score>
      <Hsp_evalue>4.58297e-44</Hsp_evalue>
      <Hsp_query-from>491</Hsp_query-from>
      <Hsp_query-to>765</Hsp_query-to>
      <Hsp_hit-from>12012526</Hsp_hit-from>
      <Hsp_hit-to>12012803</Hsp_hit-to>
      <Hsp_query-frame>1</Hsp_query-frame>
      <Hsp_hit-frame>1</Hsp_hit-frame>
      <Hsp_identity>211</Hsp_identity>
      <Hsp_positive>211</Hsp_positive>
      <Hsp_gaps>3</Hsp_gaps>
      <Hsp_align-len>278</Hsp_align-len>
      <Hsp_qseq>ATGTAGAATCGGTTCAACGCCACAAAACGACTGGTACTTCTTCAGCCACAAGGACAAGAAGTATCCAACCGGGACCAGGACGAACCGGGCAACAGTCGCTGGATTCTGGAAAGCTACCGGACGTGACAAAATCATCTGCAGTTGTGTCCGGAGAATTGGACTGAGGAAGACACTCGTGTTCTACAAAGGAAGAGCTCCTCACGGTCAGAAATCCGACTGGATCATGCATGAGTATCGCCTCGACGATACTCCA-ATG--TCTAATGTAAGTATATATA</Hsp_qseq>
      <Hsp_hseq>ATGCAAAATAGGATCAACGCCACAAAATGAGTGGTATTTCTTCAGCCACAAGGATAGGAAATATCCGACAGGGTCAAGGACAAACCGTGCAACCCACTCCGGTTTTTGGAAGGCGACAGGACGTGACAAATGCATAAGAAATTCTTACAAGAAGATCGGCATGAGGAAGACTCTTGTATTCTACAAAGGAAGAGCTCCTCATGGCCAAAAGACAGATTGGATCATGCACGAGTACCGTATCGAAGACACTGAAGATGACCCTTGTGTATGTATATATA</Hsp_hseq>
      <Hsp_midline>||| | ||| || |||||||||||||| || ||||| ||||||||||||||||| | ||| ||||| || ||| | ||||| ||||| |||||   | | || || ||||| || || ||||||||||||  |||  | | || |  |  ||  || ||  |||||||||| || || ||||||||||||||||||||||| || || ||  | || ||||||||||| ||||| ||  |||| || |||  | |||   ||  |||| |||||||||</Hsp_midline>
    </Hsp>
    <Hsp>
      <Hsp_num>3</Hsp_num>
      <Hsp_bit-score>189.738</Hsp_bit-score>
      <Hsp_score>209</Hsp_score>
      <Hsp_evalue>1.94873e-42</Hsp_evalue>
      <Hsp_query-from>481</Hsp_query-from>
      <Hsp_query-to>738</Hsp_query-to>
      <Hsp_hit-from>29733301</Hsp_hit-from>
      <Hsp_hit-to>29733041</Hsp_hit-to>
      <Hsp_query-frame>1</Hsp_query-frame>
      <Hsp_hit-frame>-1</Hsp_hit-frame>
      <Hsp_identity>201</Hsp_identity>
      <Hsp_positive>201</Hsp_positive>
      <Hsp_gaps>5</Hsp_gaps>
      <Hsp_align-len>262</Hsp_align-len>
      <Hsp_qseq>ATGCAGAGGAATGTAGAATCGGTTCAACGCCACAAAACGACTGGTACTTCTTCAGCCACAAGGACAAGAAGTATCCAACCGGGACCAGGACGAACCGGGCAACAGTCGCTGGATTCTGGAAAGCTACCGGACGTGACAAA---AT-CATCTGCAGTTGTGTCCGGAGAATTGGACTGAGGAAGACACTCGTGTTCTACAAAGGAAGAGCTCCTCACGGTCAGAAATCCGACTGGATCATGCATGAGTATCGCCTCGACGATA</Hsp_qseq>
      <Hsp_hseq>ATGTAGAGAAATGCAGAATCGGGTCGGGTCCTCAAAACGAGTGGTATTTCTTTAGCCACAAGGACAAGAAATATCCGACTGGGACCCGAACGAACCGGGCGACAGCAGCCGGGTTCTGGAAAGCTACTGGTAGAGACAAATCCATACATCT-CAACAGCTCCAAGAAGATTGGACTTCGTAAGACTCTTGTCTTCTACACTGGTCGTGCTCCTCATGGCCAAAAAACCGAATGGATCATGCACGAATATCGCTTGGACGATA</Hsp_hseq>
      <Hsp_midline>||| |||| |||| |||||||| ||    || |||||||| ||||| ||||| ||||||||||||||||| ||||| || |||||| | ||||||||||| ||||  || || |||||||||||||| ||  | ||||||   || ||||| ||   |   |  ||  ||||||||  | ||||| || || |||||||  ||  | |||||||| || || ||| |||| ||||||||||| || |||||| | |||||||</Hsp_midline>
    </Hsp>
    <Hsp>
      <Hsp_num>4</Hsp_num>
      <Hsp_bit-score>128.424</Hsp_bit-score>
      <Hsp_score>141</Hsp_score>
      <Hsp_evalue>5.58813e-24</Hsp_evalue>
      <Hsp_query-from>513</Hsp_query-from>
      <Hsp_query-to>731</Hsp_query-to>
      <Hsp_hit-from>26816500</Hsp_hit-from>
      <Hsp_hit-to>26816718</Hsp_hit-to>
      <Hsp_query-frame>1</Hsp_query-frame>
      <Hsp_hit-frame>1</Hsp_hit-frame>
      <Hsp_identity>166</Hsp_identity>
      <Hsp_positive>166</Hsp_positive>
      <Hsp_gaps>14</Hsp_gaps>
      <Hsp_align-len>226</Hsp_align-len>
      <Hsp_qseq>CAAAACGACTGGTACTTCTTCAGCCACAAGGACAAGAAGTATCCAACCGGGACCAGGACGAACCGGGCAACAGTCGCTGGATTCTGGAAAGCTACCGGACGTGACAA-----AATCATC-TGCAGTTGTGTCCGGAGAATTGGACTGAGGAAGACACTCGTGTTCTACAAAGGAAGAGCTCCTCACGGTCAGAAA-TCCGACTGGATCATGCATGAGTATCGCCTC</Hsp_qseq>
      <Hsp_hseq>CAAAACGAGTGGTACTTCTTTAGTCATAAGGACAGGAAGTACCCTACCGGGACTAGGACCAACCGAGCCACTGCGGCTGGGTTCTGGAAAGCCACGGGTAGAGACAAGGCGGTACTATCAAAAAACAGTGTC------ATCGGAATGCGGAAGACACTTGTCTACTACAAGGGTCGAGCTCCTAATGG-AAGAAAGTCCGATTGGATCATGCACGAATACCGTCTC</Hsp_hseq>
      <Hsp_midline>|||||||| ||||||||||| || || ||||||| |||||| || |||||||| ||||| ||||| || || |  ||||| ||||||||||| || ||  | |||||      |  |||    |   |||||      || ||| || |||||||||| || | |||||| ||  |||||||| | ||  ||||| ||||| ||||||||||| || || || |||</Hsp_midline>
    </Hsp>
    <Hsp>
      <Hsp_num>5</Hsp_num>
      <Hsp_bit-score>125.719</Hsp_bit-score>
      <Hsp_score>138</Hsp_score>
      <Hsp_evalue>1.95045e-23</Hsp_evalue>
      <Hsp_query-from>519</Hsp_query-from>
      <Hsp_query-to>728</Hsp_query-to>
      <Hsp_hit-from>4192160</Hsp_hit-from>
      <Hsp_hit-to>4191951</Hsp_hit-to>
      <Hsp_query-frame>1</Hsp_query-frame>
      <Hsp_hit-frame>-1</Hsp_hit-frame>
      <Hsp_identity>156</Hsp_identity>
      <Hsp_positive>156</Hsp_positive>
      <Hsp_gaps>4</Hsp_gaps>
      <Hsp_align-len>212</Hsp_align-len>
      <Hsp_qseq>GACTGGTACTTCTTCAGCCACAAGGACAAGAAGTATCCAACCGGGACCAGGACGAACCGGGCAACAGTCGCTGGATTCTGGAAAGCTACCGGACGTGACAAAATCATCTGCAGTTGTGTC--CGGAGAATTGGACTGAGGAAGACACTCGTGTTCTACAAAGGAAGAGCTCCTCACGGTCAGAAATCCGACTGGATCATGCATGAGTATCGC</Hsp_qseq>
      <Hsp_hseq>GATTGGTACTTCTTTAGCCATAAAGACAAGAAGTATCCCACAGGGACTCGAACCAATAGAGCAACAAAAGCAGGGTTTTGGAAAGCCACCGGAAGAGATAAGGCTATCT--ATTTGAGGCATAGTCTAATTGGCATGAGGAAAACACTTGTGTTTTACAAGGGAAGAGCCCCAAATGGACAAAAGTCTGATTGGATCATGCACGAATACCGC</Hsp_hseq>
      <Hsp_midline>|| ||||||||||| ||||| || |||||||||||||| || |||||  | || ||  | ||||||   || || || |||||||| |||||| | || ||    ||||  | ||| | |   |   ||||||  ||||||| ||||| ||||| ||||| |||||||| ||  | || || || || || ||||||||||| || || |||</Hsp_midline>
    </Hsp>
    <Hsp>
      <Hsp_num>6</Hsp_num>
      <Hsp_bit-score>120.309</Hsp_bit-score>
      <Hsp_score>132</Hsp_score>
      <Hsp_evalue>8.29352e-22</Hsp_evalue>
      <Hsp_query-from>518</Hsp_query-from>
      <Hsp_query-to>728</Hsp_query-to>
      <Hsp_hit-from>22951348</Hsp_hit-from>
      <Hsp_hit-to>22951138</Hsp_hit-to>
      <Hsp_query-frame>1</Hsp_query-frame>
      <Hsp_hit-frame>-1</Hsp_hit-frame>
      <Hsp_identity>153</Hsp_identity>
      <Hsp_positive>153</Hsp_positive>
      <Hsp_gaps>0</Hsp_gaps>
      <Hsp_align-len>211</Hsp_align-len>
      <Hsp_qseq>CGACTGGTACTTCTTCAGCCACAAGGACAAGAAGTATCCAACCGGGACCAGGACGAACCGGGCAACAGTCGCTGGATTCTGGAAAGCTACCGGACGTGACAAAATCATCTGCAGTTGTGTCCGGAGAATTGGACTGAGGAAGACACTCGTGTTCTACAAAGGAAGAGCTCCTCACGGTCAGAAATCCGACTGGATCATGCATGAGTATCGC</Hsp_qseq>
      <Hsp_hseq>CGAATGGTACTTCTTTAGTCATAAAGACAAGAAGTATCCCACGGGAACTCGAACCAATAGAGCCACGAAAGCAGGATTTTGGAAAGCCACTGGAAGAGACAAGGCTATATATATAAGACATAGTCTTATCGGTATGAGGAAAACACTTGTGTTTTACAAAGGAAGAGCCCCAAATGGTCAGAAATCCGATTGGATCATGCACGAATATCGC</Hsp_hseq>
      <Hsp_midline>||| ||||||||||| || || || |||||||||||||| || || ||  | || ||  | || ||    || ||||| |||||||| || ||| | |||||    || |  |   |     |    || ||  ||||||| ||||| ||||| |||||||||||||| ||  | |||||||||||||| ||||||||||| || ||||||</Hsp_midline>
    </Hsp>
    <Hsp>
      <Hsp_num>7</Hsp_num>
      <Hsp_bit-score>100.472</Hsp_bit-score>
      <Hsp_score>110</Hsp_score>
      <Hsp_evalue>7.76762e-16</Hsp_evalue>
      <Hsp_query-from>514</Hsp_query-from>
      <Hsp_query-to>737</Hsp_query-to>
      <Hsp_hit-from>25863062</Hsp_hit-from>
      <Hsp_hit-to>25863285</Hsp_hit-to>
      <Hsp_query-frame>1</Hsp_query-frame>
      <Hsp_hit-frame>1</Hsp_hit-frame>
      <Hsp_identity>160</Hsp_identity>
      <Hsp_positive>160</Hsp_positive>
      <Hsp_gaps>6</Hsp_gaps>
      <Hsp_align-len>227</Hsp_align-len>
      <Hsp_qseq>AAAACGACTGGTACTTCTTCAGCCACAAGGACAAGAAGTATCCAACCGGGACCAGGACGAACCGGGCAACAGTCGCTGGATTCTGGAAAGCTACCGGACGTGACAAAATCATCTGCAGTTGTGTCCGGAGAA---TTGGACTGAGGAAGACACTCGTGTTCTACAAAGGAAGAGCTCCTCACGGTCAGAAATCCGACTGGATCATGCATGAGTATCGCCTCGACGAT</Hsp_qseq>
      <Hsp_hseq>AAAATGAGTGGTATTTCTTCAGCCCTAGAGAAAGAAAGTATCCAAACGGAGTCAGACCAAACCGAGCAGCTGTTTCCGGTTATTGGAAAGCAACCGGTACAGACAAAGCCATTCACAGCGGT-TC--GAGTAACGTAGGTGTCAAGAAAGCTCTCGTCTTCTACAAAGGTAGACCTCCTAAAGGAATCAAAACTGACTGGATCATGCATGAGTATCGTCTCCATGAT</Hsp_hseq>
      <Hsp_midline>|||| || ||||| ||||||||||  |  || |  |||||||||| |||   |||  | ||||| ||| | ||  | || |  |||||||| |||||    ||||||  |||   |||  || ||  ||| |   | ||  | | |||  | ||||| ||||||||||| ||| ||||| | ||    ||| | ||||||||||||||||||||||| ||| | |||</Hsp_midline>
    </Hsp>
    <Hsp>
      <Hsp_num>8</Hsp_num>
      <Hsp_bit-score>89.6514</Hsp_bit-score>
      <Hsp_score>98</Hsp_score>
      <Hsp_evalue>1.40442e-12</Hsp_evalue>
      <Hsp_query-from>519</Hsp_query-from>
      <Hsp_query-to>733</Hsp_query-to>
      <Hsp_hit-from>28453529</Hsp_hit-from>
      <Hsp_hit-to>28453309</Hsp_hit-to>
      <Hsp_query-frame>1</Hsp_query-frame>
      <Hsp_hit-frame>-1</Hsp_hit-frame>
      <Hsp_identity>153</Hsp_identity>
      <Hsp_positive>153</Hsp_positive>
      <Hsp_gaps>6</Hsp_gaps>
      <Hsp_align-len>221</Hsp_align-len>
      <Hsp_qseq>GACTGGTACTTCTTCAGCCACAAGGACAAGAAGTATCCAACCGGGACCAGGACGAACCGGGCAACAGTCGCTGGATTCTGGAAAGCTACCGGACGTGACAA---AATCATCT---GCAGTTGTGTCCGGAGAATTGGACTGAGGAAGACACTCGTGTTCTACAAAGGAAGAGCTCCTCACGGTCAGAAATCCGACTGGATCATGCATGAGTATCGCCTCGA</Hsp_qseq>
      <Hsp_hseq>GAGTGGTACTTTTATAGTCTAAGGGACAGGAAATATCCGACAGGTTTGAGGACTAACAGAGCAACTACTGCTGGATACTGGAAAGCTACCGGCAAAGATAAGGAAGTCTTCTCCGGCGGAGGAGGACAGCTTGTTGGGATGAAGAAGACGTTGGTGTTCTACAAAGGTAGGGCTCCACGTGGCCTCAAGACTAAGTGGGTCATGCATGAGTATCGCCTCGA</Hsp_hseq>
      <Hsp_midline>|| |||||||| |  || |  | ||||| ||| ||||| || ||    ||||| ||| | |||||    ||||||| |||||||||||||||    || ||   | || |||   || |  | |  | |    ||||  ||| ||||||  | |||||||||||||| || ||||| |  || |  ||  |  | ||| ||||||||||||||||||||||</Hsp_midline>
    </Hsp>
    <Hsp>
      <Hsp_num>9</Hsp_num>
      <Hsp_bit-score>87.848</Hsp_bit-score>
      <Hsp_score>96</Hsp_score>
      <Hsp_evalue>4.9019e-12</Hsp_evalue>
      <Hsp_query-from>250</Hsp_query-from>
      <Hsp_query-to>397</Hsp_query-to>
      <Hsp_hit-from>29734131</Hsp_hit-from>
      <Hsp_hit-to>29733984</Hsp_hit-to>
      <Hsp_query-frame>1</Hsp_query-frame>
      <Hsp_hit-frame>-1</Hsp_hit-frame>
      <Hsp_identity>108</Hsp_identity>
      <Hsp_positive>108</Hsp_positive>
      <Hsp_gaps>0</Hsp_gaps>
      <Hsp_align-len>148</Hsp_align-len>
      <Hsp_qseq>GTGCCTCCAGGTTTCAGATTCCATCCCACCGAAGAAGAACTTCTCCATTACTATCTCCGTAAGAAAGTTAACTCTCAAAAGATCGATCTTGATGTCATTCGTGAAGTTGATCTAAACAAGCTTGAGCCTTGGGATATTCAAGGTTAAA</Hsp_qseq>
      <Hsp_hseq>GTGCCTCCGGGATTCCGGTTTCATCCAACGGAGGAGGAGCTTCTTTACTATTACCTCAAGAAGAAGGTTTCTTATGAACCAATTGATTTAGATGTAATTAGAGAAGTTGATCTCAACAAGCTGGAACCTTGGGAACTTAAAGGTAAAA</Hsp_hseq>
      <Hsp_midline>|||||||| || ||| | || ||||| || || || || |||||  | || || |||   ||||| |||   | | ||   || ||| | ||||| ||| | ||||||||||| |||||||| || ||||||||  || ||||| |||</Hsp_midline>
    </Hsp>
    <Hsp>
      <Hsp_num>10</Hsp_num>
      <Hsp_bit-score>76.1261</Hsp_bit-score>
      <Hsp_score>83</Hsp_score>
      <Hsp_evalue>3.09344e-08</Hsp_evalue>
      <Hsp_query-from>250</Hsp_query-from>
      <Hsp_query-to>393</Hsp_query-to>
      <Hsp_hit-from>12012291</Hsp_hit-from>
      <Hsp_hit-to>12012434</Hsp_hit-to>
      <Hsp_query-frame>1</Hsp_query-frame>
      <Hsp_hit-frame>1</Hsp_hit-frame>
      <Hsp_identity>103</Hsp_identity>
      <Hsp_positive>103</Hsp_positive>
      <Hsp_gaps>0</Hsp_gaps>
      <Hsp_align-len>144</Hsp_align-len>
      <Hsp_qseq>GTGCCTCCAGGTTTCAGATTCCATCCCACCGAAGAAGAACTTCTCCATTACTATCTCCGTAAGAAAGTTAACTCTCAAAAGATCGATCTTGATGTCATTCGTGAAGTTGATCTAAACAAGCTTGAGCCTTGGGATATTCAAGGT</Hsp_qseq>
      <Hsp_hseq>GTACCGCCTGGTTTTCGGTTTCATCCAACGGACGAAGAACTTCTTCATTACTACTTGAAGAAGAAGATTTCTTATGAAAAGTTTGAGATGGAAGTCATCAAAGAGGTTGATTTGAACAAGATTGAGCCGTGGGATTTACAAGGT</Hsp_hseq>
      <Hsp_midline>|| || || |||||  | || ||||| || || ||||||||||| ||||||||  |    |||||  ||   | | ||||| | ||  | || |||||    || |||||| | |||||| ||||||| |||||| | ||||||</Hsp_midline>
    </Hsp>
    <Hsp>
      <Hsp_num>11</Hsp_num>
      <Hsp_bit-score>76.1261</Hsp_bit-score>
      <Hsp_score>83</Hsp_score>
      <Hsp_evalue>3.09344e-08</Hsp_evalue>
      <Hsp_query-from>519</Hsp_query-from>
      <Hsp_query-to>731</Hsp_query-to>
      <Hsp_hit-from>20557901</Hsp_hit-from>
      <Hsp_hit-to>20557689</Hsp_hit-to>
      <Hsp_query-frame>1</Hsp_query-frame>
      <Hsp_hit-frame>-1</Hsp_hit-frame>
      <Hsp_identity>153</Hsp_identity>
      <Hsp_positive>153</Hsp_positive>
      <Hsp_gaps>16</Hsp_gaps>
      <Hsp_align-len>221</Hsp_align-len>
      <Hsp_qseq>GACTGGTACTTCTTCAGCCACAAGG-ACAAGAAGTATCCAACCGGGACCAGGACGAACCGGGCAACAGTCGCTGGATTCTGGAAAGCTACCGGACGTGACAAAATCATCTGCAGTTGTGTC--CGGAGA-----ATTGGACTGAGGAAGACACTCGTGTTCTACAAAGGAAGAGCTCCTCACGGTCAGAAATCCGACTGGATCATGCATGAGTATCGCCTC</Hsp_qseq>
      <Hsp_hseq>GAATGGTACTTTTACAGC-ACAAGGGATAAGAAGTATCCAAATGGGTCTAGGACGAACCGTGCGACCCGAGCGGGTTACTGGAAGGCCACGGG----GA-AAGATC--GTACAGTAGAATCAAAGAAGATGAAGATGGGAATGAAGAAGACACTGGTTTATTATAGAGGAAGGGCTCCTCATGGCCTTCGTACTAATTGGGTCATGCATGAATATCGTCTC</Hsp_hseq>
      <Hsp_midline>|| |||||||| | |||| |||||| | |||||||||||||  ||| | ||||||||||| || ||    || || | |||||| || || ||    || || |||   | |||| |  ||   | |||     || ||| ||| ||||||||| || |  || | |||||| |||||||| || |      |  | ||| |||||||||| ||||| |||</Hsp_midline>
    </Hsp>
    <Hsp>
      <Hsp_num>12</Hsp_num>
      <Hsp_bit-score>73.4211</Hsp_bit-score>
      <Hsp_score>80</Hsp_score>
      <Hsp_evalue>1.07972e-07</Hsp_evalue>
      <Hsp_query-from>514</Hsp_query-from>
      <Hsp_query-to>731</Hsp_query-to>
      <Hsp_hit-from>19494145</Hsp_hit-from>
      <Hsp_hit-to>19493928</Hsp_hit-to>
      <Hsp_query-frame>1</Hsp_query-frame>
      <Hsp_hit-frame>-1</Hsp_hit-frame>
      <Hsp_identity>149</Hsp_identity>
      <Hsp_positive>149</Hsp_positive>
      <Hsp_gaps>2</Hsp_gaps>
      <Hsp_align-len>219</Hsp_align-len>
      <Hsp_qseq>AAAACGACTGGTACTTCTTCAGCCACAAGGACAAGAAGTATCCAACCGGGACCAGGACGAACCGGGCAACAGTCGCTGGATTCTGGAAAGCTACCGG-ACGTGACAAAATCATCTGCAGTTGTGTCCGGAGAATTGGACTGAGGAAGACACTCGTGTTCTACAAAGGAAGAGCTCCTCACGGTCAGAAATCCGACTGGATCATGCATGAGTATCGCCTC</Hsp_qseq>
      <Hsp_hseq>AAAAAGAATGGTATTTTTTTAGTCCTAGGGATAGAAAATATCCAAACGGGTCAAGACCTAACCGGGTTGCCGGATCGGGTTATTGGAAAGCTACGGGTACG-GATAAAATAATCTCGACGGAAGGACAAAGAGTTGGTATTAAAAAAGCTTTGGTGTTTTACATCGGAAAAGCTCCTAAAGGTACTAAAACCAATTGGATCATGCATGAGTATCGTCTC</Hsp_hseq>
      <Hsp_midline>|||| || ||||| || || || |  | ||| |  || ||||||| |||| | ||  | |||||||   | |   | || |  ||||||||||| || ||| || ||||| ||||  |     |  |  ||| ||||  | |  ||  |  | ||||| ||||  |||| ||||||| | |||   ||| || | |||||||||||||||||||| |||</Hsp_midline>
    </Hsp>
    <Hsp>
      <Hsp_num>13</Hsp_num>
      <Hsp_bit-score>70.716</Hsp_bit-score>
      <Hsp_score>77</Hsp_score>
      <Hsp_evalue>1.31536e-06</Hsp_evalue>
      <Hsp_query-from>516</Hsp_query-from>
      <Hsp_query-to>721</Hsp_query-to>
      <Hsp_hit-from>20463166</Hsp_hit-from>
      <Hsp_hit-to>20462961</Hsp_hit-to>
      <Hsp_query-frame>1</Hsp_query-frame>
      <Hsp_hit-frame>-1</Hsp_hit-frame>
      <Hsp_identity>139</Hsp_identity>
      <Hsp_positive>139</Hsp_positive>
      <Hsp_gaps>0</Hsp_gaps>
      <Hsp_align-len>206</Hsp_align-len>
      <Hsp_qseq>AACGACTGGTACTTCTTCAGCCACAAGGACAAGAAGTATCCAACCGGGACCAGGACGAACCGGGCAACAGTCGCTGGATTCTGGAAAGCTACCGGACGTGACAAAATCATCTGCAGTTGTGTCCGGAGAATTGGACTGAGGAAGACACTCGTGTTCTACAAAGGAAGAGCTCCTCACGGTCAGAAATCCGACTGGATCATGCATGA</Hsp_qseq>
      <Hsp_hseq>AAGGATTGGTATTTCTACAGCCAAAGAGACCGAAAATACGCGACGGGGCTGAGAACTAACCGAGCAACGGCCACCGGATATTGGAAAGCCACCGGCAAAGACAGAACCATTCTAAGAAAGGGTAAGCTAGTTGGGATGAGGAAGACATTGGTTTTCTATCAAGGTCGAGCTCCTCGAGGCCGTAAAACCGATTGGGTCATGCACGA</Hsp_hseq>
      <Hsp_midline>|| || ||||| |||| |||||| |  |||   || ||  | || |||   || || ||||| ||||| | | | ||||  |||||||| |||||    |||| || |||    ||    |    |  | ||||  ||||||||||| | || |||||  ||||  |||||||||  || |  ||| |||| ||| ||||||| ||</Hsp_midline>
    </Hsp>
    <Hsp>
      <Hsp_num>14</Hsp_num>
      <Hsp_bit-score>69.8143</Hsp_bit-score>
      <Hsp_score>76</Hsp_score>
      <Hsp_evalue>1.31536e-06</Hsp_evalue>
      <Hsp_query-from>251</Hsp_query-from>
      <Hsp_query-to>383</Hsp_query-to>
      <Hsp_hit-from>20558225</Hsp_hit-from>
      <Hsp_hit-to>20558093</Hsp_hit-to>
      <Hsp_query-frame>1</Hsp_query-frame>
      <Hsp_hit-frame>-1</Hsp_hit-frame>
      <Hsp_identity>95</Hsp_identity>
      <Hsp_positive>95</Hsp_positive>
      <Hsp_gaps>0</Hsp_gaps>
      <Hsp_align-len>133</Hsp_align-len>
      <Hsp_qseq>TGCCTCCAGGTTTCAGATTCCATCCCACCGAAGAAGAACTTCTCCATTACTATCTCCGTAAGAAAGTTAACTCTCAAAAGATCGATCTTGATGTCATTCGTGAAGTTGATCTAAACAAGCTTGAGCCTTGGGA</Hsp_qseq>
      <Hsp_hseq>TGCCTCCAGGATTCAGGTTTCATCCCACTGATGAAGAACTGGTGGCTTACTATCTTGATAGGAAGGTCAACGGCCAAGCCATTGAGCTCGAGATCATCCCAGAAGTTGATCTTTATAAATGCGAGCCATGGGA</Hsp_hseq>
      <Hsp_midline>|||||||||| ||||| || |||||||| || ||||||||  |   |||||||||   || ||| || |||   |||   || || || ||  |||| |  |||||||||||  | ||    ||||| |||||</Hsp_midline>
    </Hsp>
    <Hsp>
      <Hsp_num>15</Hsp_num>
      <Hsp_bit-score>68.0109</Hsp_bit-score>
      <Hsp_score>74</Hsp_score>
      <Hsp_evalue>4.59107e-06</Hsp_evalue>
      <Hsp_query-from>516</Hsp_query-from>
      <Hsp_query-to>736</Hsp_query-to>
      <Hsp_hit-from>268722</Hsp_hit-from>
      <Hsp_hit-to>268939</Hsp_hit-to>
      <Hsp_query-frame>1</Hsp_query-frame>
      <Hsp_hit-frame>1</Hsp_hit-frame>
      <Hsp_identity>149</Hsp_identity>
      <Hsp_positive>149</Hsp_positive>
      <Hsp_gaps>5</Hsp_gaps>
      <Hsp_align-len>222</Hsp_align-len>
      <Hsp_qseq>AACGACTGGTACTTCTTCAGCCACAAGGACAAGAAGTATCCAACCGGGACCAGGACGAACCGGGCAACAGTCGCTGGATTCTGGAAAGCTACCGGACGTGACAAAATCATCTGCAGTTGT-GTCCGGAGAATTGGACTGAGGAAGACACTCGTGTTCTACAAAGGAAGAGCTCCTCACGGTCAGAAATCCGACTGGATCATGCATGAGTATCGCCTCGACGA</Hsp_qseq>
      <Hsp_hseq>AAGGAATGGTACTTCTTCTCTCCCAGGGACAGAAAATATCCCAACGGTTCGCGTCCTAACCGGTCCGCTGGTTCTGGTTACTGGAAAGCTACCGGAGCTGATAAACCGATCGGACGACCTAAACCGG----TCGGAATTAAGAAAGCTCTTGTTTTCTACGCCGGCAAAGCTCCAAAGGGAGAGAAAACCAATTGGATCATGCACGAGTACCGTCTCGCCGA</Hsp_hseq>
      <Hsp_midline>|| || ||||||||||||   | || |||||  || ||||| | |||  |  |  | |||||| |  | |   |||| | ||||||||||||||||  ||| |||   ||| |  |   |   ||||    | ||| | | |||  | || || ||||||   || | ||||||  | ||  ||||| || | ||||||||||| ||||| || |||| |||</Hsp_midline>
    </Hsp>
    <Hsp>
      <Hsp_num>16</Hsp_num>
      <Hsp_bit-score>67.1093</Hsp_bit-score>
      <Hsp_score>73</Hsp_score>
      <Hsp_evalue>1.60244e-05</Hsp_evalue>
      <Hsp_query-from>253</Hsp_query-from>
      <Hsp_query-to>311</Hsp_query-to>
      <Hsp_hit-from>25862817</Hsp_hit-from>
      <Hsp_hit-to>25862875</Hsp_hit-to>
      <Hsp_query-frame>1</Hsp_query-frame>
      <Hsp_hit-frame>1</Hsp_hit-frame>
      <Hsp_identity>50</Hsp_identity>
      <Hsp_positive>50</Hsp_positive>
      <Hsp_gaps>0</Hsp_gaps>
      <Hsp_align-len>59</Hsp_align-len>
      <Hsp_qseq>CCTCCAGGTTTCAGATTCCATCCCACCGAAGAAGAACTTCTCCATTACTATCTCCGTAA</Hsp_qseq>
      <Hsp_hseq>CCTCCAGGGTTCAGATTTCATCCTACCGACGAAGAACTCATCGTTTACTATCTCCGAAA</Hsp_hseq>
      <Hsp_midline>|||||||| |||||||| ||||| ||||| ||||||||  ||  |||||||||||| ||</Hsp_midline>
    </Hsp>
    <Hsp>
      <Hsp_num>17</Hsp_num>
      <Hsp_bit-score>59.8958</Hsp_bit-score>
      <Hsp_score>65</Hsp_score>
      <Hsp_evalue>0.00237823</Hsp_evalue>
      <Hsp_query-from>646</Hsp_query-from>
      <Hsp_query-to>725</Hsp_query-to>
      <Hsp_hit-from>12523824</Hsp_hit-from>
      <Hsp_hit-to>12523903</Hsp_hit-to>
      <Hsp_query-frame>1</Hsp_query-frame>
      <Hsp_hit-frame>1</Hsp_hit-frame>
      <Hsp_identity>61</Hsp_identity>
      <Hsp_positive>61</Hsp_positive>
      <Hsp_gaps>0</Hsp_gaps>
      <Hsp_align-len>80</Hsp_align-len>
      <Hsp_qseq>TTGGACTGAGGAAGACACTCGTGTTCTACAAAGGAAGAGCTCCTCACGGTCAGAAATCCGACTGGATCATGCATGAGTAT</Hsp_qseq>
      <Hsp_hseq>TTGGACTCAAGAAGACTCTTGTTTTCTATAGAGGTCGTGCTCCTAATGGTGAGAGAACTGATTGGGTGATGCATGAGTAT</Hsp_hseq>
      <Hsp_midline>||||||| | |||||| || || ||||| | |||  | |||||| | ||| ||| | | || ||| | ||||||||||||</Hsp_midline>
    </Hsp>
    <Hsp>
      <Hsp_num>18</Hsp_num>
      <Hsp_bit-score>55.3874</Hsp_bit-score>
      <Hsp_score>60</Hsp_score>
      <Hsp_evalue>0.0289728</Hsp_evalue>
      <Hsp_query-from>549</Hsp_query-from>
      <Hsp_query-to>732</Hsp_query-to>
      <Hsp_hit-from>28880014</Hsp_hit-from>
      <Hsp_hit-to>28880194</Hsp_hit-to>
      <Hsp_query-frame>1</Hsp_query-frame>
      <Hsp_hit-frame>1</Hsp_hit-frame>
      <Hsp_identity>124</Hsp_identity>
      <Hsp_positive>124</Hsp_positive>
      <Hsp_gaps>5</Hsp_gaps>
      <Hsp_align-len>185</Hsp_align-len>
      <Hsp_qseq>AAGTATCCAACCGGGACCAGGACGAACCGGGCAACAGTCGCTGGATTCTGGAAAGCTACCGGACGTGACAAAATCATCTG-CAGTTGTGTCCGGAGAATTGGACTGAGGAAGACACTCGTGTTCTACAAAGGAAGAGCTCCTCACGGTCAGAAATCCGACTGGATCATGCATGAGTATCGCCTCG</Hsp_qseq>
      <Hsp_hseq>AAGTATCCAAACGGTTCAAGACCGAACCGTGCAGCTGGTAGTGGATATTGGAAAGCTACCGGAGCTGATAAACCAATAGGTCATCCTAAACCGG----TTGGTATTAAGAAGGCTCTAGTGTTTTACTCGGGAAAACCTCCAAATGGAGAGAAAACCAATTGGATTATGCACGAATACCGGCTCG</Hsp_hseq>
      <Hsp_midline>|||||||||| |||  | ||  ||||||| ||| | |    |||||  |||||||||||||||  ||| |||   ||  | ||       ||||    ||||  | | |||| | || ||||| |||   |||| | ||||  | ||  ||||| || | ||||| ||||| || || || ||||</Hsp_midline>
    </Hsp>
    <Hsp>
      <Hsp_num>19</Hsp_num>
      <Hsp_bit-score>52.6823</Hsp_bit-score>
      <Hsp_score>57</Hsp_score>
      <Hsp_evalue>0.352961</Hsp_evalue>
      <Hsp_query-from>251</Hsp_query-from>
      <Hsp_query-to>306</Hsp_query-to>
      <Hsp_hit-from>268475</Hsp_hit-from>
      <Hsp_hit-to>268530</Hsp_hit-to>
      <Hsp_query-frame>1</Hsp_query-frame>
      <Hsp_hit-frame>1</Hsp_hit-frame>
      <Hsp_identity>45</Hsp_identity>
      <Hsp_positive>45</Hsp_positive>
      <Hsp_gaps>0</Hsp_gaps>
      <Hsp_align-len>56</Hsp_align-len>
      <Hsp_qseq>TGCCTCCAGGTTTCAGATTCCATCCCACCGAAGAAGAACTTCTCCATTACTATCTC</Hsp_qseq>
      <Hsp_hseq>TGCCTCCAGGTTTCCGATTTCACCCTACCGATGAAGAGCTTGTCATGCACTATCTC</Hsp_hseq>
      <Hsp_midline>|||||||||||||| |||| || || ||||| ||||| ||| ||    ||||||||</Hsp_midline>
    </Hsp>
    <Hsp>
      <Hsp_num>20</Hsp_num>
      <Hsp_bit-score>50.8789</Hsp_bit-score>
      <Hsp_score>55</Hsp_score>
      <Hsp_evalue>1.23195</Hsp_evalue>
      <Hsp_query-from>253</Hsp_query-from>
      <Hsp_query-to>393</Hsp_query-to>
      <Hsp_hit-from>11704868</Hsp_hit-from>
      <Hsp_hit-to>11705008</Hsp_hit-to>
      <Hsp_query-frame>1</Hsp_query-frame>
      <Hsp_hit-frame>1</Hsp_hit-frame>
      <Hsp_identity>98</Hsp_identity>
      <Hsp_positive>98</Hsp_positive>
      <Hsp_gaps>4</Hsp_gaps>
      <Hsp_align-len>143</Hsp_align-len>
      <Hsp_qseq>CCTCCAGGTTTCAGATTCCATCCCACCGAAGAAGAACTTCTCCATTACTATCTCCGT--AAGAAAGTTAACTCTCAAAAGATCGATCTTGATGTCATTCGTGAAGTTGATCTAAACAAGCTTGAGCCTTGGGATATTCAAGGT</Hsp_qseq>
      <Hsp_hseq>CCACCTGGTTTCAGATTTCATCCAACAGATGAAGAACTTGTAGGTTATTACCTGCATAGAAGAAACGAAGGGCT--TGAGATCGAGCTTGAAATAATCCCATTAATGGACTTATACAAGTTTGATCCTTGGGAACTTCCAGGT</Hsp_hseq>
      <Hsp_midline>|| || ||||||||||| ||||| || || ||||||||| |   ||| || || | |  ||||||   |   ||    ||||||| |||||  | || |    | | ||  || ||||| |||| ||||||||  ||| ||||</Hsp_midline>
    </Hsp>
    <Hsp>
      <Hsp_num>21</Hsp_num>
      <Hsp_bit-score>48.1739</Hsp_bit-score>
      <Hsp_score>52</Hsp_score>
      <Hsp_evalue>4.29995</Hsp_evalue>
      <Hsp_query-from>251</Hsp_query-from>
      <Hsp_query-to>306</Hsp_query-to>
      <Hsp_hit-from>24258800</Hsp_hit-from>
      <Hsp_hit-to>24258745</Hsp_hit-to>
      <Hsp_query-frame>1</Hsp_query-frame>
      <Hsp_hit-frame>-1</Hsp_hit-frame>
      <Hsp_identity>44</Hsp_identity>
      <Hsp_positive>44</Hsp_positive>
      <Hsp_gaps>0</Hsp_gaps>
      <Hsp_align-len>56</Hsp_align-len>
      <Hsp_qseq>TGCCTCCAGGTTTCAGATTCCATCCCACCGAAGAAGAACTTCTCCATTACTATCTC</Hsp_qseq>
      <Hsp_hseq>TGCCTCCAGGTTTCCGGTTTCATCCAACAGACGAAGAGCTTGTCATATACTACCTC</Hsp_hseq>
      <Hsp_midline>|||||||||||||| | || ||||| || || ||||| ||| ||   ||||| |||</Hsp_midline>
    </Hsp>
  </Hit_hsps>
</Hit>
<Hit>
  <Hit_num>14</Hit_num>
  <Hit_id>gi|1731305225|emb|LR699750.1|</Hit_id>
  <Hit_def>Arabidopsis thaliana genome assembly, chromosome: 1</Hit_def>
  <Hit_accession>LR699750</Hit_accession>
  <Hit_len>30243366</Hit_len>
  <Hit_hsps>
    <Hsp>
      <Hsp_num>1</Hsp_num>
      <Hsp_bit-score>3406.05</Hsp_bit-score>
      <Hsp_score>3776</Hsp_score>
      <Hsp_evalue>0</Hsp_evalue>
      <Hsp_query-from>1</Hsp_query-from>
      <Hsp_query-to>1926</Hsp_query-to>
      <Hsp_hit-from>11802971</Hsp_hit-from>
      <Hsp_hit-to>11801043</Hsp_hit-to>
      <Hsp_query-frame>1</Hsp_query-frame>
      <Hsp_hit-frame>-1</Hsp_hit-frame>
      <Hsp_identity>1917</Hsp_identity>
      <Hsp_positive>1917</Hsp_positive>
      <Hsp_gaps>13</Hsp_gaps>
      <Hsp_align-len>1934</Hsp_align-len>
      <Hsp_qseq>AAAGACACTTTAATGCATGAACTTCTTTGTTTAAATAACAATTTCCCCCTTTTGGGGGCTATGTCTCGTCGAGTCCTACCACCATTATAAATTATCTCATCGTTTGCTTTCTTTTTTTTAAGTTGTAACCATTTCCACTCGTAATCATACAACTTCTCTACTCTTCTAGAGCAAAAACCCAAAAATATATTGCTATCTTCGTTAATGGCTGATAATAAGGTCAATCTTTCGATTAATGGACAATCAAAAGTGCCTCCAGGTTTCAGATTCCATCCCACCGAAGAAGAACTTCTCCATTACTATCTCCGTAAGAAAGTTAACTCTCAAAAGATCGATCTTGATGTCATTCGTGAAGTTGATCTAAACAAGCTTGAGCCTTGGGATATTCAAGGTTAAACCCTAAATATGAAAAAAAACTCTTTCATTTCTACGAACTCTCTATTTCTTTGTTCTTTATTTTTGAACCATTTTGGTATGCAAATGCAGAGGAATGTAGAATCGGTTCAACGCCACAAAACGACTGGTACTTCTTCAGCCACAAGGACAAGAAGTATCCAACCGGGACCAGGACGAACCGGGCAACAGTCGCTGGATTCTGGAAAGCTACCGGACGTGACAAAATCATCTGCAGTTGTGTCCGGAGAATTGGACTGAGGAAGACACTCGTGTTCTACAAAGGAAGAGCTCCTCACGGTCAGAAATCCGACTGGATCATGCATGAGTATCGCCTCGACGATACTCCAATGTCTAATGTAAGTATATATAGCAATCATCAATTTGCAGTTTAGGTTAGAATAAACAAATTACAAACTTATAGTCAAAGAATTAGCTAGATTCGTTTCATGCTATAAAAGGTTTTGGTTCATTTAGTACGCACTAGAGCCTTCTTTTAGCATCTGCAATTAAAGTAATCGAACATGATTCTCTGAGTTACAATAAGATAATTTCTTATGAAATTAACACATCATATATACATTTATATAAAAAGATTTTTTCACAAGGCTTAAAATAGTTTAACACGGCTCTACAAACAATACGTAGTTAACTAGTTATGGTTGCATATCCAAAAGAAAAACCAACATAAAAGATTTTTTTTTTTGTTTCAAAATAAAAGTTGCATTTTTACATCATCAAGATTTAATCATCTCTTATTGCATTTCATAAGATCGATTTGTGTTCCATTATCAGGGCTATGCTGATGTTGTTACAGAAGATCCAATGAGCTATAACGAAGAAGGTTGGGTGGTATGTCGAGTGTTCAGGAAGAAGAACTATCAAAAGATTGACGATTGTCCTAAAATCACTCTATCTTCTTTACCTGATGACACGGAGGAAGAGAAGGGGCCCACCTTTCACAACACTCAAAACGTTACCGGTTTAGACCATGTTCTTCTCTACATGGACCGTACCGGTTCTAACATTTGCATGCCCGAGAGCCAAACAACGACTCAACATCAAGATGATGTCTTATTCATGCAACTCCCAAGTCTTGAGACACCTAAATCCGAGAGCCCGGTCGACCAAAGTTTCCTGACTCCAAGCAAACTCGATTTCTCTCCCGTTCAAGAGAAGATAACCGAAAGACCGGTTTGCAGCAACTGGGCTAGTCTTGACCGGCTCGTAGCTTGGCAATTGAACAATGGTCATCATAATCCGTGTCATCGTAAGAGTTTTGATGAAGAAGAAGAAAATGGTGATACTATGATGCAGCGATGGGATCTTCATTGGAATAATGATGATAATGTTGATCTTTGGAGTAGTTTCACTGAGTCTTCTTCGTCTTTAGACCCACTTCTTCATTTATCTGTATGATTATCTA--------TACATACACATACACAAAATATAAAATAAAGTTTGTTAAAAAATGTCTCATGTTCTATTGATAGTACGTCTTGATTTTGGGGTTTAACATTTGTTAATGGTGGAGGG</Hsp_qseq>
      <Hsp_hseq>AAAGACACTTTAATGCATGAACTTCTTTGTTTAAATAATAATTTCCCCCTTTTGGGGGCTATGTCTCGTCGAGTCCTACCACCATTATAAATTATCTCATCGTTTGCTTTCTTTTTTTTAAGTTGTAACCATTTCCACTCGTAATCATACAACTTCTCTACTCTTCTAGAGCAAAAACCCAAAAATATATTGCTATCTTCGTTAATGGCTGATAATAAGGTCAATCTTTCGATTAATGGACAATCAAAAGTGCCTCCAGGTTTCAGATTCCATCCCACCGAAGAAGAACTTCTCCATTACTATCTCCGTAAGAAAGTTAACTCTCAAAAGATCGATCTTGATGTCATTCGTGAAGTTGATCTAAACAAGCTTGAGCCTTGGGATATTCAAGGTTAAACCCTAAATATGAAAAAA--CTCTTTCATTTCTACAAACTCTCT--TTCTTTGTTCTTTATTTTTGAACCATTTTGGTATGGAAATGCAGAGGAATGTAGAATCGGTTCAACGCCACAAAACGACTGGTACTTCTTCAGCCACAAGGACAAGAAGTATCCAACCGGGACCAGGACGAACCGGGCAACAGTCGCTGGATTCTGGAAAGCTACCGGACGTGACAAAATCATCTGCAGTTGTGTCCGGAGAATTGGACTGAGGAAGACACTCGTGTTCTACAAAGGAAGAGCTCCTCACGGTCAGAAATCCGACTGGATCATGCATGAGTATCGCCTCGACGATACTCCAATGTCTAATGTAAGTATATATAGCAATCATCAATTTGCAGTTTAGGTTAGAATAAACAAATTACAAACTTATAGTCAAAGAATTAGCTAGATTCGTTTCATGCTATAAAAGGTTTTGGTTCATTTAGTACGCACTAGAGCCTTCTTTTAGCATCTGCAATTAAAGTAATCGAACATGATTCTCTGAGTTACAATAAGATAATTTCTTATGAAATTAACACATCATATATACATTTATATAAAAAGATTTTTTCACAAGGCTTAAAATAGTTTAACACGGCTCTACAAACAATACGTAGTTAACTAGTTATGGTTGCATATCCAAAAGAAAAACCAACATAAAAGATTTTTTTTTT-GTTTCAAAATAAAAGTTGCATTTTTACATCATCAAGATTTAATCATCTCTTATTGCATTTCATAAGATCGATTTGTGTTCCATTATCAGGGCTATGCTGATGTTGTTACAGAAGATCCAATGAGCTATAACGAAGAAGGTTGGGTGGTATGTCGAGTGTTCAGGAAGAAGAACTATCAAAAGATTGACGATTGTCCTAAAATCACTCTATCTTCTTTACCTGATGACACGGAGGAAGAGAAGAGGCCCACCTTTCACAACACTCAAAACGTTACCGGTTTAGACCATGTTCTTCTCTACATGGACCGTACCGGTTCTAACATTTGCATGCCCGAGAGCCAAACAACGACTCAACATCAAGATGATGTCTTATTCATGCAACTCCCAAGTCTTGAGACACCTAAATCCGAGAGCCCGGTCGACCAAAGTTTCCTGACTCCAAGCAAACTCGATTTCTCTCCCGTTCAAGAGAAGATAACCGAAAGACCGGTTTGCAGCAACTGGGCTAGTCTTGACCGGCTCGTAGCTTGGCAATTGAACAATGGTCATCATAATCCGTGTCATCGTAAGAGTTTTGATGAAGAAGAAGAAAATGGTGATACTATGATGCAGCGATGGGATCTTCATTGGAATAATGATGATAATGTTGATCTTTGGAGTAGTTTCACTGAGTCTTCTTCGTCTTTAGACCCACTTCTTCATTTATCTGTATGATTATCTATACAAATATACATACACATACACAAAATATAAAATAAAGTTTGTTAAAAAATGTCTCATGTTCTATTGATAGTACGTCTTGATTTTGGGGTTTAACATTTGTTAATGGTGGAGGG</Hsp_hseq>
      <Hsp_midline>|||||||||||||||||||||||||||||||||||||| |||||||||||||||||||||||||||||||||||||||||||||||||||||||||||||||||||||||||||||||||||||||||||||||||||||||||||||||||||||||||||||||||||||||||||||||||||||||||||||||||||||||||||||||||||||||||||||||||||||||||||||||||||||||||||||||||||||||||||||||||||||||||||||||||||||||||||||||||||||||||||||||||||||||||||||||||||||||||||||||||||||||||||||||||||||||||||||||||||||||||||||||||||||||  ||||||||||||||| ||||||||  ||||||||||||||||||||||||||||||||||| |||||||||||||||||||||||||||||||||||||||||||||||||||||||||||||||||||||||||||||||||||||||||||||||||||||||||||||||||||||||||||||||||||||||||||||||||||||||||||||||||||||||||||||||||||||||||||||||||||||||||||||||||||||||||||||||||||||||||||||||||||||||||||||||||||||||||||||||||||||||||||||||||||||||||||||||||||||||||||||||||||||||||||||||||||||||||||||||||||||||||||||||||||||||||||||||||||||||||||||||||||||||||||||||||||||||||||||||||||||||||||||||||||||||||||||||||||||||||||||||||||||||||||||||||||||||||||||||||||||||||||||||||||||||||||||||||||||||||||||||||||||||||||||||||||||||||||||||||||||||||||||||||||||||||||| |||||||||||||||||||||||||||||||||||||||||||||||||||||||||||||||||||||||||||||||||||||||||||||||||||||||||||||||||||||||||||||||||||||||||||||||||||||||||||||||||||||||||||||||||||||||||||||||||||||||||||||||||||||||||||||||||||||||||||||||||| |||||||||||||||||||||||||||||||||||||||||||||||||||||||||||||||||||||||||||||||||||||||||||||||||||||||||||||||||||||||||||||||||||||||||||||||||||||||||||||||||||||||||||||||||||||||||||||||||||||||||||||||||||||||||||||||||||||||||||||||||||||||||||||||||||||||||||||||||||||||||||||||||||||||||||||||||||||||||||||||||||||||||||||||||||||||||||||||||||||||||||||||||||||||||||||||||||||||||||||||||||||||||||||||||||||||||||||||||||||||||||||||||||||||||||||||||||||||||||||        |||||||||||||||||||||||||||||||||||||||||||||||||||||||||||||||||||||||||||||||||||||||||||||||||||||||||||</Hsp_midline>
    </Hsp>
    <Hsp>
      <Hsp_num>2</Hsp_num>
      <Hsp_bit-score>194.247</Hsp_bit-score>
      <Hsp_score>214</Hsp_score>
      <Hsp_evalue>4.58297e-44</Hsp_evalue>
      <Hsp_query-from>491</Hsp_query-from>
      <Hsp_query-to>765</Hsp_query-to>
      <Hsp_hit-from>12010035</Hsp_hit-from>
      <Hsp_hit-to>12010312</Hsp_hit-to>
      <Hsp_query-frame>1</Hsp_query-frame>
      <Hsp_hit-frame>1</Hsp_hit-frame>
      <Hsp_identity>211</Hsp_identity>
      <Hsp_positive>211</Hsp_positive>
      <Hsp_gaps>3</Hsp_gaps>
      <Hsp_align-len>278</Hsp_align-len>
      <Hsp_qseq>ATGTAGAATCGGTTCAACGCCACAAAACGACTGGTACTTCTTCAGCCACAAGGACAAGAAGTATCCAACCGGGACCAGGACGAACCGGGCAACAGTCGCTGGATTCTGGAAAGCTACCGGACGTGACAAAATCATCTGCAGTTGTGTCCGGAGAATTGGACTGAGGAAGACACTCGTGTTCTACAAAGGAAGAGCTCCTCACGGTCAGAAATCCGACTGGATCATGCATGAGTATCGCCTCGACGATACTCCA-ATG--TCTAATGTAAGTATATATA</Hsp_qseq>
      <Hsp_hseq>ATGCAAAATAGGATCAACGCCACAAAATGAGTGGTATTTCTTCAGCCACAAGGATAGGAAATATCCGACAGGGTCAAGGACAAACCGTGCAACCCACTCCGGTTTTTGGAAGGCGACAGGACGTGACAAATGCATAAGAAATTCTTACAAGAAGATCGGCATGAGGAAGACTCTTGTATTCTACAAAGGAAGAGCTCCTCATGGCCAAAAGACAGATTGGATCATGCACGAGTACCGTATCGAAGACACTGAAGATGACCCTTGTGTATGTATATATA</Hsp_hseq>
      <Hsp_midline>||| | ||| || |||||||||||||| || ||||| ||||||||||||||||| | ||| ||||| || ||| | ||||| ||||| |||||   | | || || ||||| || || ||||||||||||  |||  | | || |  |  ||  || ||  |||||||||| || || ||||||||||||||||||||||| || || ||  | || ||||||||||| ||||| ||  |||| || |||  | |||   ||  |||| |||||||||</Hsp_midline>
    </Hsp>
    <Hsp>
      <Hsp_num>3</Hsp_num>
      <Hsp_bit-score>185.23</Hsp_bit-score>
      <Hsp_score>204</Hsp_score>
      <Hsp_evalue>2.37404e-41</Hsp_evalue>
      <Hsp_query-from>481</Hsp_query-from>
      <Hsp_query-to>738</Hsp_query-to>
      <Hsp_hit-from>29758072</Hsp_hit-from>
      <Hsp_hit-to>29757812</Hsp_hit-to>
      <Hsp_query-frame>1</Hsp_query-frame>
      <Hsp_hit-frame>-1</Hsp_hit-frame>
      <Hsp_identity>200</Hsp_identity>
      <Hsp_positive>200</Hsp_positive>
      <Hsp_gaps>5</Hsp_gaps>
      <Hsp_align-len>262</Hsp_align-len>
      <Hsp_qseq>ATGCAGAGGAATGTAGAATCGGTTCAACGCCACAAAACGACTGGTACTTCTTCAGCCACAAGGACAAGAAGTATCCAACCGGGACCAGGACGAACCGGGCAACAGTCGCTGGATTCTGGAAAGCTACCGGACGTGACAAA---AT-CATCTGCAGTTGTGTCCGGAGAATTGGACTGAGGAAGACACTCGTGTTCTACAAAGGAAGAGCTCCTCACGGTCAGAAATCCGACTGGATCATGCATGAGTATCGCCTCGACGATA</Hsp_qseq>
      <Hsp_hseq>ATGTAGAGAAATGCAGAATCGGGTCGGGTCCTCAAAACGAGTGGTATTTCTTTAGCCACAAGGACAAGAAATATCCGACTGGGACCCGAACGAACCGGGCGACAGCAGCCGGGTTCTGGAAAGCTACTGGTAGAGACAAATCCATACATCT-CAACAACTCCAAGAAGATTGGACTTCGTAAGACTCTTGTCTTCTACACTGGTCGTGCTCCTCATGGCCAAAAAACCGAATGGATCATGCACGAATATCGCTTGGACGATA</Hsp_hseq>
      <Hsp_midline>||| |||| |||| |||||||| ||    || |||||||| ||||| ||||| ||||||||||||||||| ||||| || |||||| | ||||||||||| ||||  || || |||||||||||||| ||  | ||||||   || ||||| ||       |  ||  ||||||||  | ||||| || || |||||||  ||  | |||||||| || || ||| |||| ||||||||||| || |||||| | |||||||</Hsp_midline>
    </Hsp>
    <Hsp>
      <Hsp_num>4</Hsp_num>
      <Hsp_bit-score>126.62</Hsp_bit-score>
      <Hsp_score>139</Hsp_score>
      <Hsp_evalue>1.95045e-23</Hsp_evalue>
      <Hsp_query-from>513</Hsp_query-from>
      <Hsp_query-to>730</Hsp_query-to>
      <Hsp_hit-from>26858621</Hsp_hit-from>
      <Hsp_hit-to>26858838</Hsp_hit-to>
      <Hsp_query-frame>1</Hsp_query-frame>
      <Hsp_hit-frame>1</Hsp_hit-frame>
      <Hsp_identity>165</Hsp_identity>
      <Hsp_positive>165</Hsp_positive>
      <Hsp_gaps>14</Hsp_gaps>
      <Hsp_align-len>225</Hsp_align-len>
      <Hsp_qseq>CAAAACGACTGGTACTTCTTCAGCCACAAGGACAAGAAGTATCCAACCGGGACCAGGACGAACCGGGCAACAGTCGCTGGATTCTGGAAAGCTACCGGACGTGACAA-----AATCATC-TGCAGTTGTGTCCGGAGAATTGGACTGAGGAAGACACTCGTGTTCTACAAAGGAAGAGCTCCTCACGGTCAGAAA-TCCGACTGGATCATGCATGAGTATCGCCT</Hsp_qseq>
      <Hsp_hseq>CAAAACGAATGGTACTTCTTTAGTCATAAGGACAGGAAGTACCCGACCGGGACTAGGACCAACCGAGCCACTGCGGCTGGGTTCTGGAAAGCCACGGGTAGAGACAAGGCGGTACTATCAAAGAACAGTGTC------ATCGGAATGCGGAAGACACTTGTCTACTACAAGGGTCGAGCTCCTAATGG-AAGAAAGTCCGATTGGATCATGCACGAATACCGTCT</Hsp_hseq>
      <Hsp_midline>|||||||| ||||||||||| || || ||||||| |||||| || |||||||| ||||| ||||| || || |  ||||| ||||||||||| || ||  | |||||      |  |||    |   |||||      || ||| || |||||||||| || | |||||| ||  |||||||| | ||  ||||| ||||| ||||||||||| || || || ||</Hsp_midline>
    </Hsp>
    <Hsp>
      <Hsp_num>5</Hsp_num>
      <Hsp_bit-score>125.719</Hsp_bit-score>
      <Hsp_score>138</Hsp_score>
      <Hsp_evalue>1.95045e-23</Hsp_evalue>
      <Hsp_query-from>519</Hsp_query-from>
      <Hsp_query-to>728</Hsp_query-to>
      <Hsp_hit-from>4144103</Hsp_hit-from>
      <Hsp_hit-to>4143894</Hsp_hit-to>
      <Hsp_query-frame>1</Hsp_query-frame>
      <Hsp_hit-frame>-1</Hsp_hit-frame>
      <Hsp_identity>156</Hsp_identity>
      <Hsp_positive>156</Hsp_positive>
      <Hsp_gaps>4</Hsp_gaps>
      <Hsp_align-len>212</Hsp_align-len>
      <Hsp_qseq>GACTGGTACTTCTTCAGCCACAAGGACAAGAAGTATCCAACCGGGACCAGGACGAACCGGGCAACAGTCGCTGGATTCTGGAAAGCTACCGGACGTGACAAAATCATCTGCAGTTGTGTC--CGGAGAATTGGACTGAGGAAGACACTCGTGTTCTACAAAGGAAGAGCTCCTCACGGTCAGAAATCCGACTGGATCATGCATGAGTATCGC</Hsp_qseq>
      <Hsp_hseq>GATTGGTACTTCTTTAGCCATAAAGACAAGAAGTATCCCACAGGGACTCGAACCAATAGAGCAACAAAAGCAGGGTTTTGGAAAGCCACCGGAAGAGATAAGGCTATCT--ATTTGAGGCATAGTCTAATTGGCATGAGGAAAACACTTGTGTTTTACAAGGGAAGAGCCCCAAATGGACAAAAGTCTGATTGGATCATGCACGAATACCGC</Hsp_hseq>
      <Hsp_midline>|| ||||||||||| ||||| || |||||||||||||| || |||||  | || ||  | ||||||   || || || |||||||| |||||| | || ||    ||||  | ||| | |   |   ||||||  ||||||| ||||| ||||| ||||| |||||||| ||  | || || || || || ||||||||||| || || |||</Hsp_midline>
    </Hsp>
    <Hsp>
      <Hsp_num>6</Hsp_num>
      <Hsp_bit-score>115.8</Hsp_bit-score>
      <Hsp_score>127</Hsp_score>
      <Hsp_evalue>3.52649e-20</Hsp_evalue>
      <Hsp_query-from>518</Hsp_query-from>
      <Hsp_query-to>728</Hsp_query-to>
      <Hsp_hit-from>22981569</Hsp_hit-from>
      <Hsp_hit-to>22981359</Hsp_hit-to>
      <Hsp_query-frame>1</Hsp_query-frame>
      <Hsp_hit-frame>-1</Hsp_hit-frame>
      <Hsp_identity>152</Hsp_identity>
      <Hsp_positive>152</Hsp_positive>
      <Hsp_gaps>0</Hsp_gaps>
      <Hsp_align-len>211</Hsp_align-len>
      <Hsp_qseq>CGACTGGTACTTCTTCAGCCACAAGGACAAGAAGTATCCAACCGGGACCAGGACGAACCGGGCAACAGTCGCTGGATTCTGGAAAGCTACCGGACGTGACAAAATCATCTGCAGTTGTGTCCGGAGAATTGGACTGAGGAAGACACTCGTGTTCTACAAAGGAAGAGCTCCTCACGGTCAGAAATCCGACTGGATCATGCATGAGTATCGC</Hsp_qseq>
      <Hsp_hseq>CGAATGGTACTTCTTTAGTCATAAAGACAAGAAGTATCCCACGGGAACTCGAACCAATAGAGCCACGAAAGCAGGATTTTGGAAAGCCACTGGAAGAGACAAGGCTATATATATAAGACATAGTCTTATCGGTATGAGGAAAACACTTGTGTTTTACAAAGGAAGAGCCCCAAATGGTCAGAAATCCGATTGGATTATGCACGAATATCGC</Hsp_hseq>
      <Hsp_midline>||| ||||||||||| || || || |||||||||||||| || || ||  | || ||  | || ||    || ||||| |||||||| || ||| | |||||    || |  |   |     |    || ||  ||||||| ||||| ||||| |||||||||||||| ||  | |||||||||||||| ||||| ||||| || ||||||</Hsp_midline>
    </Hsp>
    <Hsp>
      <Hsp_num>7</Hsp_num>
      <Hsp_bit-score>98.6682</Hsp_bit-score>
      <Hsp_score>108</Hsp_score>
      <Hsp_evalue>2.71117e-15</Hsp_evalue>
      <Hsp_query-from>514</Hsp_query-from>
      <Hsp_query-to>731</Hsp_query-to>
      <Hsp_hit-from>25910352</Hsp_hit-from>
      <Hsp_hit-to>25910569</Hsp_hit-to>
      <Hsp_query-frame>1</Hsp_query-frame>
      <Hsp_hit-frame>1</Hsp_hit-frame>
      <Hsp_identity>156</Hsp_identity>
      <Hsp_positive>156</Hsp_positive>
      <Hsp_gaps>6</Hsp_gaps>
      <Hsp_align-len>221</Hsp_align-len>
      <Hsp_qseq>AAAACGACTGGTACTTCTTCAGCCACAAGGACAAGAAGTATCCAACCGGGACCAGGACGAACCGGGCAACAGTCGCTGGATTCTGGAAAGCTACCGGACGTGACAAAATCATCTGCAGTTGTGTCCGGAGAA---TTGGACTGAGGAAGACACTCGTGTTCTACAAAGGAAGAGCTCCTCACGGTCAGAAATCCGACTGGATCATGCATGAGTATCGCCTC</Hsp_qseq>
      <Hsp_hseq>AAAATGAGTGGTATTTCTTCAGCCCTAGAGAAAGAAAATATCCAAACGGAGTCAGACCAAACCGGGCAGCTGTTTCCGGTTATTGGAAAGCAACCGGTACAGACAAAGCCATTCACAGCGGT-TC--GAGTAACGTAGGTGTCAAGAAAGCTCTCGTCTTCTACAAAGGTAGACCTCCTAAAGGAATCAAAACTGACTGGATCATGCATGAGTATCGTCTC</Hsp_hseq>
      <Hsp_midline>|||| || ||||| ||||||||||  |  || |  || ||||||| |||   |||  | ||||||||| | ||  | || |  |||||||| |||||    ||||||  |||   |||  || ||  ||| |   | ||  | | |||  | ||||| ||||||||||| ||| ||||| | ||    ||| | ||||||||||||||||||||||| |||</Hsp_midline>
    </Hsp>
    <Hsp>
      <Hsp_num>8</Hsp_num>
      <Hsp_bit-score>94.1598</Hsp_bit-score>
      <Hsp_score>103</Hsp_score>
      <Hsp_evalue>1.15282e-13</Hsp_evalue>
      <Hsp_query-from>519</Hsp_query-from>
      <Hsp_query-to>733</Hsp_query-to>
      <Hsp_hit-from>28463916</Hsp_hit-from>
      <Hsp_hit-to>28463696</Hsp_hit-to>
      <Hsp_query-frame>1</Hsp_query-frame>
      <Hsp_hit-frame>-1</Hsp_hit-frame>
      <Hsp_identity>154</Hsp_identity>
      <Hsp_positive>154</Hsp_positive>
      <Hsp_gaps>6</Hsp_gaps>
      <Hsp_align-len>221</Hsp_align-len>
      <Hsp_qseq>GACTGGTACTTCTTCAGCCACAAGGACAAGAAGTATCCAACCGGGACCAGGACGAACCGGGCAACAGTCGCTGGATTCTGGAAAGCTACCGGACGTGACAA---AATCATCT---GCAGTTGTGTCCGGAGAATTGGACTGAGGAAGACACTCGTGTTCTACAAAGGAAGAGCTCCTCACGGTCAGAAATCCGACTGGATCATGCATGAGTATCGCCTCGA</Hsp_qseq>
      <Hsp_hseq>GAGTGGTACTTTTATAGTCTAAGGGACAGGAAATATCCGACAGGTTTGAGGACTAACAGAGCAACTACTGCTGGATACTGGAAAGCTACCGGAAAAGATAAGGAAGTCTTCTCCGGCGGAGGAGGACAGCTTGTTGGGATGAAGAAGACGTTGGTGTTCTACAAAGGTAGGGCTCCACGTGGCCTCAAGACTAAGTGGGTCATGCATGAGTATCGCCTCGA</Hsp_hseq>
      <Hsp_midline>|| |||||||| |  || |  | ||||| ||| ||||| || ||    ||||| ||| | |||||    ||||||| ||||||||||||||||   || ||   | || |||   || |  | |  | |    ||||  ||| ||||||  | |||||||||||||| || ||||| |  || |  ||  |  | ||| ||||||||||||||||||||||</Hsp_midline>
    </Hsp>
    <Hsp>
      <Hsp_num>9</Hsp_num>
      <Hsp_bit-score>87.848</Hsp_bit-score>
      <Hsp_score>96</Hsp_score>
      <Hsp_evalue>4.9019e-12</Hsp_evalue>
      <Hsp_query-from>250</Hsp_query-from>
      <Hsp_query-to>397</Hsp_query-to>
      <Hsp_hit-from>29758896</Hsp_hit-from>
      <Hsp_hit-to>29758749</Hsp_hit-to>
      <Hsp_query-frame>1</Hsp_query-frame>
      <Hsp_hit-frame>-1</Hsp_hit-frame>
      <Hsp_identity>108</Hsp_identity>
      <Hsp_positive>108</Hsp_positive>
      <Hsp_gaps>0</Hsp_gaps>
      <Hsp_align-len>148</Hsp_align-len>
      <Hsp_qseq>GTGCCTCCAGGTTTCAGATTCCATCCCACCGAAGAAGAACTTCTCCATTACTATCTCCGTAAGAAAGTTAACTCTCAAAAGATCGATCTTGATGTCATTCGTGAAGTTGATCTAAACAAGCTTGAGCCTTGGGATATTCAAGGTTAAA</Hsp_qseq>
      <Hsp_hseq>GTGCCTCCGGGATTCCGGTTTCATCCAACGGAGGAGGAGCTTCTTTACTATTACCTCAAGAAGAAGGTTTCTTATGAACCAATTGATTTAGATGTAATTAGAGAAGTTGATCTCAACAAGCTGGAACCTTGGGAACTTAAAGGTAAAA</Hsp_hseq>
      <Hsp_midline>|||||||| || ||| | || ||||| || || || || |||||  | || || |||   ||||| |||   | | ||   || ||| | ||||| ||| | ||||||||||| |||||||| || ||||||||  || ||||| |||</Hsp_midline>
    </Hsp>
    <Hsp>
      <Hsp_num>10</Hsp_num>
      <Hsp_bit-score>76.1261</Hsp_bit-score>
      <Hsp_score>83</Hsp_score>
      <Hsp_evalue>3.09344e-08</Hsp_evalue>
      <Hsp_query-from>250</Hsp_query-from>
      <Hsp_query-to>393</Hsp_query-to>
      <Hsp_hit-from>12009800</Hsp_hit-from>
      <Hsp_hit-to>12009943</Hsp_hit-to>
      <Hsp_query-frame>1</Hsp_query-frame>
      <Hsp_hit-frame>1</Hsp_hit-frame>
      <Hsp_identity>103</Hsp_identity>
      <Hsp_positive>103</Hsp_positive>
      <Hsp_gaps>0</Hsp_gaps>
      <Hsp_align-len>144</Hsp_align-len>
      <Hsp_qseq>GTGCCTCCAGGTTTCAGATTCCATCCCACCGAAGAAGAACTTCTCCATTACTATCTCCGTAAGAAAGTTAACTCTCAAAAGATCGATCTTGATGTCATTCGTGAAGTTGATCTAAACAAGCTTGAGCCTTGGGATATTCAAGGT</Hsp_qseq>
      <Hsp_hseq>GTACCGCCTGGTTTTCGGTTTCATCCAACGGACGAAGAACTTCTTCATTACTACTTGAAGAAGAAGATTTCTTATGAAAAGTTTGAGATGGAAGTCATCAAAGAGGTTGATTTGAACAAGATTGAGCCGTGGGATTTACAAGGT</Hsp_hseq>
      <Hsp_midline>|| || || |||||  | || ||||| || || ||||||||||| ||||||||  |    |||||  ||   | | ||||| | ||  | || |||||    || |||||| | |||||| ||||||| |||||| | ||||||</Hsp_midline>
    </Hsp>
    <Hsp>
      <Hsp_num>11</Hsp_num>
      <Hsp_bit-score>71.6177</Hsp_bit-score>
      <Hsp_score>78</Hsp_score>
      <Hsp_evalue>3.76858e-07</Hsp_evalue>
      <Hsp_query-from>519</Hsp_query-from>
      <Hsp_query-to>731</Hsp_query-to>
      <Hsp_hit-from>20131563</Hsp_hit-from>
      <Hsp_hit-to>20131351</Hsp_hit-to>
      <Hsp_query-frame>1</Hsp_query-frame>
      <Hsp_hit-frame>-1</Hsp_hit-frame>
      <Hsp_identity>152</Hsp_identity>
      <Hsp_positive>152</Hsp_positive>
      <Hsp_gaps>16</Hsp_gaps>
      <Hsp_align-len>221</Hsp_align-len>
      <Hsp_qseq>GACTGGTACTTCTTCAGCCACAAGG-ACAAGAAGTATCCAACCGGGACCAGGACGAACCGGGCAACAGTCGCTGGATTCTGGAAAGCTACCGGACGTGACAAAATCATCTGCAGTTGTGTC--CGGAGA-----ATTGGACTGAGGAAGACACTCGTGTTCTACAAAGGAAGAGCTCCTCACGGTCAGAAATCCGACTGGATCATGCATGAGTATCGCCTC</Hsp_qseq>
      <Hsp_hseq>GAATGGTACTTTTACAGC-ACAAGGGATAAGAAGTATCCAAATGGCTCTAGGACGAACCGTGCGACCCGAGCGGGTTACTGGAAGGCCACGGG----GA-AAGATC--GTACAGTAGAATCAAAGAAGATGAAGATGGGAATGAAGAAGACACTGGTTTATTATAGAGGAAGGGCTCCTCATGGCCTTCGTACTAATTGGGTCATGCATGAATATCGTCTC</Hsp_hseq>
      <Hsp_midline>|| |||||||| | |||| |||||| | |||||||||||||  ||  | ||||||||||| || ||    || || | |||||| || || ||    || || |||   | |||| |  ||   | |||     || ||| ||| ||||||||| || |  || | |||||| |||||||| || |      |  | ||| |||||||||| ||||| |||</Hsp_midline>
    </Hsp>
    <Hsp>
      <Hsp_num>12</Hsp_num>
      <Hsp_bit-score>70.716</Hsp_bit-score>
      <Hsp_score>77</Hsp_score>
      <Hsp_evalue>1.31536e-06</Hsp_evalue>
      <Hsp_query-from>516</Hsp_query-from>
      <Hsp_query-to>721</Hsp_query-to>
      <Hsp_hit-from>20822072</Hsp_hit-from>
      <Hsp_hit-to>20821867</Hsp_hit-to>
      <Hsp_query-frame>1</Hsp_query-frame>
      <Hsp_hit-frame>-1</Hsp_hit-frame>
      <Hsp_identity>139</Hsp_identity>
      <Hsp_positive>139</Hsp_positive>
      <Hsp_gaps>0</Hsp_gaps>
      <Hsp_align-len>206</Hsp_align-len>
      <Hsp_qseq>AACGACTGGTACTTCTTCAGCCACAAGGACAAGAAGTATCCAACCGGGACCAGGACGAACCGGGCAACAGTCGCTGGATTCTGGAAAGCTACCGGACGTGACAAAATCATCTGCAGTTGTGTCCGGAGAATTGGACTGAGGAAGACACTCGTGTTCTACAAAGGAAGAGCTCCTCACGGTCAGAAATCCGACTGGATCATGCATGA</Hsp_qseq>
      <Hsp_hseq>AAGGATTGGTATTTCTACAGCCAAAGAGACCGAAAATACGCGACGGGGCTGAGAACTAACCGAGCAACGGCCACCGGATATTGGAAAGCCACCGGCAAAGACAGAACCATTCTAAGAAAGGGTAAGCTAGTTGGGATGAGGAAGACATTGGTTTTCTATCAAGGTCGAGCTCCTCGAGGCCGTAAAACCGATTGGGTCATGCACGA</Hsp_hseq>
      <Hsp_midline>|| || ||||| |||| |||||| |  |||   || ||  | || |||   || || ||||| ||||| | | | ||||  |||||||| |||||    |||| || |||    ||    |    |  | ||||  ||||||||||| | || |||||  ||||  |||||||||  || |  ||| |||| ||| ||||||| ||</Hsp_midline>
    </Hsp>
    <Hsp>
      <Hsp_num>13</Hsp_num>
      <Hsp_bit-score>69.8143</Hsp_bit-score>
      <Hsp_score>76</Hsp_score>
      <Hsp_evalue>1.31536e-06</Hsp_evalue>
      <Hsp_query-from>251</Hsp_query-from>
      <Hsp_query-to>383</Hsp_query-to>
      <Hsp_hit-from>20131883</Hsp_hit-from>
      <Hsp_hit-to>20131751</Hsp_hit-to>
      <Hsp_query-frame>1</Hsp_query-frame>
      <Hsp_hit-frame>-1</Hsp_hit-frame>
      <Hsp_identity>95</Hsp_identity>
      <Hsp_positive>95</Hsp_positive>
      <Hsp_gaps>0</Hsp_gaps>
      <Hsp_align-len>133</Hsp_align-len>
      <Hsp_qseq>TGCCTCCAGGTTTCAGATTCCATCCCACCGAAGAAGAACTTCTCCATTACTATCTCCGTAAGAAAGTTAACTCTCAAAAGATCGATCTTGATGTCATTCGTGAAGTTGATCTAAACAAGCTTGAGCCTTGGGA</Hsp_qseq>
      <Hsp_hseq>TGCCTCCAGGATTCAGGTTTCATCCCACTGATGAAGAACTGGTGGCTTACTATCTTGATAGGAAGGTCAACGGCCAAGCCATTGAGCTCGAGATCATCCCAGAAGTTGATCTTTATAAATGCGAGCCATGGGA</Hsp_hseq>
      <Hsp_midline>|||||||||| ||||| || |||||||| || ||||||||  |   |||||||||   || ||| || |||   |||   || || || ||  |||| |  |||||||||||  | ||    ||||| |||||</Hsp_midline>
    </Hsp>
    <Hsp>
      <Hsp_num>14</Hsp_num>
      <Hsp_bit-score>67.1093</Hsp_bit-score>
      <Hsp_score>73</Hsp_score>
      <Hsp_evalue>1.60244e-05</Hsp_evalue>
      <Hsp_query-from>253</Hsp_query-from>
      <Hsp_query-to>311</Hsp_query-to>
      <Hsp_hit-from>25910098</Hsp_hit-from>
      <Hsp_hit-to>25910156</Hsp_hit-to>
      <Hsp_query-frame>1</Hsp_query-frame>
      <Hsp_hit-frame>1</Hsp_hit-frame>
      <Hsp_identity>50</Hsp_identity>
      <Hsp_positive>50</Hsp_positive>
      <Hsp_gaps>0</Hsp_gaps>
      <Hsp_align-len>59</Hsp_align-len>
      <Hsp_qseq>CCTCCAGGTTTCAGATTCCATCCCACCGAAGAAGAACTTCTCCATTACTATCTCCGTAA</Hsp_qseq>
      <Hsp_hseq>CCTCCAGGGTTCAGATTTCATCCTACCGACGAAGAACTCATCGTTTACTATCTCCGAAA</Hsp_hseq>
      <Hsp_midline>|||||||| |||||||| ||||| ||||| ||||||||  ||  |||||||||||| ||</Hsp_midline>
    </Hsp>
    <Hsp>
      <Hsp_num>15</Hsp_num>
      <Hsp_bit-score>65.3059</Hsp_bit-score>
      <Hsp_score>71</Hsp_score>
      <Hsp_evalue>5.59307e-05</Hsp_evalue>
      <Hsp_query-from>514</Hsp_query-from>
      <Hsp_query-to>731</Hsp_query-to>
      <Hsp_hit-from>19582584</Hsp_hit-from>
      <Hsp_hit-to>19582367</Hsp_hit-to>
      <Hsp_query-frame>1</Hsp_query-frame>
      <Hsp_hit-frame>-1</Hsp_hit-frame>
      <Hsp_identity>145</Hsp_identity>
      <Hsp_positive>145</Hsp_positive>
      <Hsp_gaps>0</Hsp_gaps>
      <Hsp_align-len>218</Hsp_align-len>
      <Hsp_qseq>AAAACGACTGGTACTTCTTCAGCCACAAGGACAAGAAGTATCCAACCGGGACCAGGACGAACCGGGCAACAGTCGCTGGATTCTGGAAAGCTACCGGACGTGACAAAATCATCTGCAGTTGTGTCCGGAGAATTGGACTGAGGAAGACACTCGTGTTCTACAAAGGAAGAGCTCCTCACGGTCAGAAATCCGACTGGATCATGCATGAGTATCGCCTC</Hsp_qseq>
      <Hsp_hseq>AAAAAGAATGGTATTTTTTTAGTCCAAGGGATAGAAAATATCCAAACGGGTCAAGACCTAACCGGGTTGCCGGATCGGGTTATTGGAAAGCTACGGGTACCGATAAAATAATCACGACGGAAGGACAAAGAGTTGGTATTAAAAAAGCTTTGGTGTTTTACATCGGAAAAGCTCCTAAAGGTACTAAAACCAATTGGATCATGCATGAGTATCGTCTC</Hsp_hseq>
      <Hsp_midline>|||| || ||||| || || || |  | ||| |  || ||||||| |||| | ||  | |||||||   | |   | || |  ||||||||||| ||    || ||||| |||   |     |  |  ||| ||||  | |  ||  |  | ||||| ||||  |||| ||||||| | |||   ||| || | |||||||||||||||||||| |||</Hsp_midline>
    </Hsp>
    <Hsp>
      <Hsp_num>16</Hsp_num>
      <Hsp_bit-score>62.6008</Hsp_bit-score>
      <Hsp_score>68</Hsp_score>
      <Hsp_evalue>0.000195217</Hsp_evalue>
      <Hsp_query-from>646</Hsp_query-from>
      <Hsp_query-to>724</Hsp_query-to>
      <Hsp_hit-from>12404200</Hsp_hit-from>
      <Hsp_hit-to>12404278</Hsp_hit-to>
      <Hsp_query-frame>1</Hsp_query-frame>
      <Hsp_hit-frame>1</Hsp_hit-frame>
      <Hsp_identity>61</Hsp_identity>
      <Hsp_positive>61</Hsp_positive>
      <Hsp_gaps>0</Hsp_gaps>
      <Hsp_align-len>79</Hsp_align-len>
      <Hsp_qseq>TTGGACTGAGGAAGACACTCGTGTTCTACAAAGGAAGAGCTCCTCACGGTCAGAAATCCGACTGGATCATGCATGAGTA</Hsp_qseq>
      <Hsp_hseq>TTGGACTCAAGAAGACTCTTGTTTTCTATAGAGGTCGTGCTCCTAATGGTGAGAGAACTGACTGGGTGATGCATGAGTA</Hsp_hseq>
      <Hsp_midline>||||||| | |||||| || || ||||| | |||  | |||||| | ||| ||| | | |||||| | |||||||||||</Hsp_midline>
    </Hsp>
    <Hsp>
      <Hsp_num>17</Hsp_num>
      <Hsp_bit-score>59.8958</Hsp_bit-score>
      <Hsp_score>65</Hsp_score>
      <Hsp_evalue>0.00237823</Hsp_evalue>
      <Hsp_query-from>549</Hsp_query-from>
      <Hsp_query-to>732</Hsp_query-to>
      <Hsp_hit-from>28900476</Hsp_hit-from>
      <Hsp_hit-to>28900656</Hsp_hit-to>
      <Hsp_query-frame>1</Hsp_query-frame>
      <Hsp_hit-frame>1</Hsp_hit-frame>
      <Hsp_identity>125</Hsp_identity>
      <Hsp_positive>125</Hsp_positive>
      <Hsp_gaps>5</Hsp_gaps>
      <Hsp_align-len>185</Hsp_align-len>
      <Hsp_qseq>AAGTATCCAACCGGGACCAGGACGAACCGGGCAACAGTCGCTGGATTCTGGAAAGCTACCGGACGTGACAAAATCATCTGCAGTTGT-GTCCGGAGAATTGGACTGAGGAAGACACTCGTGTTCTACAAAGGAAGAGCTCCTCACGGTCAGAAATCCGACTGGATCATGCATGAGTATCGCCTCG</Hsp_qseq>
      <Hsp_hseq>AAGTATCCAAACGGTTCAAGACCCAACCGTGCAGCTGGTACTGGATATTGGAAAGCTACCGGAGCTGATAAACCAATAGGTCGTCCTAAACCGG----TTGGTATTAAGAAGGCTCTAGTGTTTTACTCGGGAAAACCTCCAAATGGAGAGAAAACCAATTGGATTATGCACGAATACCGGCTCG</Hsp_hseq>
      <Hsp_midline>|||||||||| |||  | ||  | ||||| ||| | |   ||||||  |||||||||||||||  ||| |||   ||  |  ||  |   ||||    ||||  | | |||| | || ||||| |||   |||| | ||||  | ||  ||||| || | ||||| ||||| || || || ||||</Hsp_midline>
    </Hsp>
    <Hsp>
      <Hsp_num>18</Hsp_num>
      <Hsp_bit-score>58.9941</Hsp_bit-score>
      <Hsp_score>64</Hsp_score>
      <Hsp_evalue>0.00237823</Hsp_evalue>
      <Hsp_query-from>516</Hsp_query-from>
      <Hsp_query-to>736</Hsp_query-to>
      <Hsp_hit-from>267005</Hsp_hit-from>
      <Hsp_hit-to>267222</Hsp_hit-to>
      <Hsp_query-frame>1</Hsp_query-frame>
      <Hsp_hit-frame>1</Hsp_hit-frame>
      <Hsp_identity>147</Hsp_identity>
      <Hsp_positive>147</Hsp_positive>
      <Hsp_gaps>5</Hsp_gaps>
      <Hsp_align-len>222</Hsp_align-len>
      <Hsp_qseq>AACGACTGGTACTTCTTCAGCCACAAGGACAAGAAGTATCCAACCGGGACCAGGACGAACCGGGCAACAGTCGCTGGATTCTGGAAAGCTACCGGACGTGACAAAATCATCTGCAGTTGTGT-CCGGAGAATTGGACTGAGGAAGACACTCGTGTTCTACAAAGGAAGAGCTCCTCACGGTCAGAAATCCGACTGGATCATGCATGAGTATCGCCTCGACGA</Hsp_qseq>
      <Hsp_hseq>AAGGAATGGTACTTCTTCTCTCCCAGGGACAGAAAATATCCCAACGGTTCGCGTCCTAACCGGTCCGCTGGTTCTGGTTACTGGAAAGCTACTGGAGCTGATAAACCGATCGGACTACCTAAACCGG----TCGGAATTAAGAAAGCTCTTGTTTTCTACGCCGGCAAAGCTCCAAAGGGAGAGAAAACCAATTGGATCATGCACGAGTACCGTCTCGCCGA</Hsp_hseq>
      <Hsp_midline>|| || ||||||||||||   | || |||||  || ||||| | |||  |  |  | |||||| |  | |   |||| | |||||||||||| |||  ||| |||   ||| |      |   ||||    | ||| | | |||  | || || ||||||   || | ||||||  | ||  ||||| || | ||||||||||| ||||| || |||| |||</Hsp_midline>
    </Hsp>
    <Hsp>
      <Hsp_num>19</Hsp_num>
      <Hsp_bit-score>52.6823</Hsp_bit-score>
      <Hsp_score>57</Hsp_score>
      <Hsp_evalue>0.352961</Hsp_evalue>
      <Hsp_query-from>251</Hsp_query-from>
      <Hsp_query-to>306</Hsp_query-to>
      <Hsp_hit-from>266758</Hsp_hit-from>
      <Hsp_hit-to>266813</Hsp_hit-to>
      <Hsp_query-frame>1</Hsp_query-frame>
      <Hsp_hit-frame>1</Hsp_hit-frame>
      <Hsp_identity>45</Hsp_identity>
      <Hsp_positive>45</Hsp_positive>
      <Hsp_gaps>0</Hsp_gaps>
      <Hsp_align-len>56</Hsp_align-len>
      <Hsp_qseq>TGCCTCCAGGTTTCAGATTCCATCCCACCGAAGAAGAACTTCTCCATTACTATCTC</Hsp_qseq>
      <Hsp_hseq>TGCCTCCAGGTTTCCGATTTCACCCTACCGATGAAGAGCTTGTCATGCACTATCTC</Hsp_hseq>
      <Hsp_midline>|||||||||||||| |||| || || ||||| ||||| ||| ||    ||||||||</Hsp_midline>
    </Hsp>
    <Hsp>
      <Hsp_num>20</Hsp_num>
      <Hsp_bit-score>50.8789</Hsp_bit-score>
      <Hsp_score>55</Hsp_score>
      <Hsp_evalue>1.23195</Hsp_evalue>
      <Hsp_query-from>253</Hsp_query-from>
      <Hsp_query-to>393</Hsp_query-to>
      <Hsp_hit-from>11670095</Hsp_hit-from>
      <Hsp_hit-to>11670235</Hsp_hit-to>
      <Hsp_query-frame>1</Hsp_query-frame>
      <Hsp_hit-frame>1</Hsp_hit-frame>
      <Hsp_identity>98</Hsp_identity>
      <Hsp_positive>98</Hsp_positive>
      <Hsp_gaps>4</Hsp_gaps>
      <Hsp_align-len>143</Hsp_align-len>
      <Hsp_qseq>CCTCCAGGTTTCAGATTCCATCCCACCGAAGAAGAACTTCTCCATTACTATCTCCGT--AAGAAAGTTAACTCTCAAAAGATCGATCTTGATGTCATTCGTGAAGTTGATCTAAACAAGCTTGAGCCTTGGGATATTCAAGGT</Hsp_qseq>
      <Hsp_hseq>CCACCTGGTTTCAGATTTCATCCAACAGATGAAGAACTTGTAGGTTATTACCTGCATAGAAGAAACGAAGGGCT--TGAGATCGAGCTTGAAATAATCCCATTAATGGACTTATACAAGTTTGATCCTTGGGAACTTCCAGGT</Hsp_hseq>
      <Hsp_midline>|| || ||||||||||| ||||| || || ||||||||| |   ||| || || | |  ||||||   |   ||    ||||||| |||||  | || |    | | ||  || ||||| |||| ||||||||  ||| ||||</Hsp_midline>
    </Hsp>
    <Hsp>
      <Hsp_num>21</Hsp_num>
      <Hsp_bit-score>48.1739</Hsp_bit-score>
      <Hsp_score>52</Hsp_score>
      <Hsp_evalue>4.29995</Hsp_evalue>
      <Hsp_query-from>251</Hsp_query-from>
      <Hsp_query-to>306</Hsp_query-to>
      <Hsp_hit-from>24284442</Hsp_hit-from>
      <Hsp_hit-to>24284387</Hsp_hit-to>
      <Hsp_query-frame>1</Hsp_query-frame>
      <Hsp_hit-frame>-1</Hsp_hit-frame>
      <Hsp_identity>44</Hsp_identity>
      <Hsp_positive>44</Hsp_positive>
      <Hsp_gaps>0</Hsp_gaps>
      <Hsp_align-len>56</Hsp_align-len>
      <Hsp_qseq>TGCCTCCAGGTTTCAGATTCCATCCCACCGAAGAAGAACTTCTCCATTACTATCTC</Hsp_qseq>
      <Hsp_hseq>TGCCTCCAGGTTTCCGGTTTCATCCAACAGACGAAGAGCTTGTCATATACTACCTC</Hsp_hseq>
      <Hsp_midline>|||||||||||||| | || ||||| || || ||||| ||| ||   ||||| |||</Hsp_midline>
    </Hsp>
  </Hit_hsps>
</Hit>
<Hit>
  <Hit_num>15</Hit_num>
  <Hit_id>gi|1862939912|emb|LR797787.1|</Hit_id>
  <Hit_def>Arabidopsis thaliana genome assembly, chromosome: 1</Hit_def>
  <Hit_accession>LR797787</Hit_accession>
  <Hit_len>29598828</Hit_len>
  <Hit_hsps>
    <Hsp>
      <Hsp_num>1</Hsp_num>
      <Hsp_bit-score>3406.05</Hsp_bit-score>
      <Hsp_score>3776</Hsp_score>
      <Hsp_evalue>0</Hsp_evalue>
      <Hsp_query-from>1</Hsp_query-from>
      <Hsp_query-to>1926</Hsp_query-to>
      <Hsp_hit-from>11820094</Hsp_hit-from>
      <Hsp_hit-to>11818166</Hsp_hit-to>
      <Hsp_query-frame>1</Hsp_query-frame>
      <Hsp_hit-frame>-1</Hsp_hit-frame>
      <Hsp_identity>1917</Hsp_identity>
      <Hsp_positive>1917</Hsp_positive>
      <Hsp_gaps>13</Hsp_gaps>
      <Hsp_align-len>1934</Hsp_align-len>
      <Hsp_qseq>AAAGACACTTTAATGCATGAACTTCTTTGTTTAAATAACAATTTCCCCCTTTTGGGGGCTATGTCTCGTCGAGTCCTACCACCATTATAAATTATCTCATCGTTTGCTTTCTTTTTTTTAAGTTGTAACCATTTCCACTCGTAATCATACAACTTCTCTACTCTTCTAGAGCAAAAACCCAAAAATATATTGCTATCTTCGTTAATGGCTGATAATAAGGTCAATCTTTCGATTAATGGACAATCAAAAGTGCCTCCAGGTTTCAGATTCCATCCCACCGAAGAAGAACTTCTCCATTACTATCTCCGTAAGAAAGTTAACTCTCAAAAGATCGATCTTGATGTCATTCGTGAAGTTGATCTAAACAAGCTTGAGCCTTGGGATATTCAAGGTTAAACCCTAAATATGAAAAAAAACTCTTTCATTTCTACGAACTCTCTATTTCTTTGTTCTTTATTTTTGAACCATTTTGGTATGCAAATGCAGAGGAATGTAGAATCGGTTCAACGCCACAAAACGACTGGTACTTCTTCAGCCACAAGGACAAGAAGTATCCAACCGGGACCAGGACGAACCGGGCAACAGTCGCTGGATTCTGGAAAGCTACCGGACGTGACAAAATCATCTGCAGTTGTGTCCGGAGAATTGGACTGAGGAAGACACTCGTGTTCTACAAAGGAAGAGCTCCTCACGGTCAGAAATCCGACTGGATCATGCATGAGTATCGCCTCGACGATACTCCAATGTCTAATGTAAGTATATATAGCAATCATCAATTTGCAGTTTAGGTTAGAATAAACAAATTACAAACTTATAGTCAAAGAATTAGCTAGATTCGTTTCATGCTATAAAAGGTTTTGGTTCATTTAGTACGCACTAGAGCCTTCTTTTAGCATCTGCAATTAAAGTAATCGAACATGATTCTCTGAGTTACAATAAGATAATTTCTTATGAAATTAACACATCATATATACATTTATATAAAAAGATTTTTTCACAAGGCTTAAAATAGTTTAACACGGCTCTACAAACAATACGTAGTTAACTAGTTATGGTTGCATATCCAAAAGAAAAACCAACATAAAAGATTTTTTTTTTTGTTTCAAAATAAAAGTTGCATTTTTACATCATCAAGATTTAATCATCTCTTATTGCATTTCATAAGATCGATTTGTGTTCCATTATCAGGGCTATGCTGATGTTGTTACAGAAGATCCAATGAGCTATAACGAAGAAGGTTGGGTGGTATGTCGAGTGTTCAGGAAGAAGAACTATCAAAAGATTGACGATTGTCCTAAAATCACTCTATCTTCTTTACCTGATGACACGGAGGAAGAGAAGGGGCCCACCTTTCACAACACTCAAAACGTTACCGGTTTAGACCATGTTCTTCTCTACATGGACCGTACCGGTTCTAACATTTGCATGCCCGAGAGCCAAACAACGACTCAACATCAAGATGATGTCTTATTCATGCAACTCCCAAGTCTTGAGACACCTAAATCCGAGAGCCCGGTCGACCAAAGTTTCCTGACTCCAAGCAAACTCGATTTCTCTCCCGTTCAAGAGAAGATAACCGAAAGACCGGTTTGCAGCAACTGGGCTAGTCTTGACCGGCTCGTAGCTTGGCAATTGAACAATGGTCATCATAATCCGTGTCATCGTAAGAGTTTTGATGAAGAAGAAGAAAATGGTGATACTATGATGCAGCGATGGGATCTTCATTGGAATAATGATGATAATGTTGATCTTTGGAGTAGTTTCACTGAGTCTTCTTCGTCTTTAGACCCACTTCTTCATTTATCTGTATGATTATCTA--------TACATACACATACACAAAATATAAAATAAAGTTTGTTAAAAAATGTCTCATGTTCTATTGATAGTACGTCTTGATTTTGGGGTTTAACATTTGTTAATGGTGGAGGG</Hsp_qseq>
      <Hsp_hseq>AAAGACACTTTAATGCATGAACTTCTTTGTTTAAATAACAATTTCCCCCTTTTGGGGGCTATGTCTCGTCGAGTCCTACCACCATTATAAATTATCTCATCGTTTGCTTTCTTTTTTTTAAGTTGTAACCATTTCCACTCGTAATCAAACAACTTCTCTACTCTTCTAGAGCAAAAACCCAAAAATATATTGCTATCTTCGTTAATGGCTGATAATAAGGTCAATCTTTCGATTAATGGACAATCAAAAGTGCCTCCAGGTTTCAGATTCCATCCCACCGAAGAAGAACTTCTCCATTACTATCTCCGTAAGAAAGTTAACTCTCAAAAGATCGATCTTGATGTCATTCGTGAAGTTGATCTAAACAAGCTTGAGCCTTGGGATATTCAAGGTTAAACCCTAAATATGAAAAAA--CTCTTTCATTTCTACAAACTCTCT--TTCTTTGTTCTTTATTTTTGAACCATTTTGGTATGGAAATGCAGAGGAATGTAGAATCGGTTCAACGCCACAAAACGACTGGTACTTCTTCAGCCACAAGGACAAGAAGTATCCAACCGGGACCAGGACGAACCGGGCAACAGTCGCTGGATTCTGGAAAGCTACCGGACGTGACAAAATCATCTGCAGTTGTGTCCGGAGAATTGGACTGAGGAAGACACTCGTGTTCTACAAAGGAAGAGCTCCTCACGGTCAGAAATCCGACTGGATCATGCATGAGTATCGCCTCGACGATACTCCAATGTCTAATGTAAGTATATATAGCAATCATCAATTTGCAGTTTAGGTTAGAATAAACAAATTACAAACTTATAGTCAAAGAATTAGCTAGATTCGTTTCATGCTATAAAAGGTTTTGGTTCATTTAGTACGCACTAGAGCCTTCTTTTAGCATCTGCAATTAAAGTAATCGAACATGATTCTCTGAGTTACAATAAGATAATTTCTTATGAAATTAACACATCATATATACATTTATATAAAAAGATTTTTTCACAAGGCTTAAAATAGTTTAACACGGCTCTACAAACAATACGTAGTTAACTAGTTATGGTTGCATATCCAAAAGAAAAACCAACATAAAAGATTTTTTTTTT-GTTTCAAAATAAAAGTTGCATTTTTACATCATCAAGATTTAATCATCTCTTATTGCATTTCATAAGATCGATTTGTGTTCCATTATCAGGGCTATGCTGATGTTGTTACAGAAGATCCAATGAGCTATAACGAAGAAGGTTGGGTGGTATGTCGAGTGTTCAGGAAGAAGAACTATCAAAAGATTGACGATTGTCCTAAAATCACTCTATCTTCTTTACCTGATGACACGGAGGAAGAGAAGAGGCCCACCTTTCACAACACTCAAAACGTTACCGGTTTAGACCATGTTCTTCTCTACATGGACCGTACCGGTTCTAACATTTGCATGCCCGAGAGCCAAACAACGACTCAACATCAAGATGATGTCTTATTCATGCAACTCCCAAGTCTTGAGACACCTAAATCCGAGAGCCCGGTCGACCAAAGTTTCCTGACTCCAAGCAAACTCGATTTCTCTCCCGTTCAAGAGAAGATAACCGAAAGACCGGTTTGCAGCAACTGGGCTAGTCTTGACCGGCTCGTAGCTTGGCAATTGAACAATGGTCATCATAATCCGTGTCATCGTAAGAGTTTTGATGAAGAAGAAGAAAATGGTGATACTATGATGCAGCGATGGGATCTTCATTGGAATAATGATGATAATGTTGATCTTTGGAGTAGTTTCACTGAGTCTTCTTCGTCTTTAGACCCACTTCTTCATTTATCTGTATGATTATCTATACAAATATACATACACATACACAAAATATAAAATAAAGTTTGTTAAAAAATGTCTCATGTTCTATTGATAGTACGTCTTGATTTTGGGGTTTAACATTTGTTAATGGTGGAGGG</Hsp_hseq>
      <Hsp_midline>||||||||||||||||||||||||||||||||||||||||||||||||||||||||||||||||||||||||||||||||||||||||||||||||||||||||||||||||||||||||||||||||||||||||||||||||||| ||||||||||||||||||||||||||||||||||||||||||||||||||||||||||||||||||||||||||||||||||||||||||||||||||||||||||||||||||||||||||||||||||||||||||||||||||||||||||||||||||||||||||||||||||||||||||||||||||||||||||||||||||||||||||||||||||||||||||||||||||||||||||||||||||||||||||  ||||||||||||||| ||||||||  ||||||||||||||||||||||||||||||||||| |||||||||||||||||||||||||||||||||||||||||||||||||||||||||||||||||||||||||||||||||||||||||||||||||||||||||||||||||||||||||||||||||||||||||||||||||||||||||||||||||||||||||||||||||||||||||||||||||||||||||||||||||||||||||||||||||||||||||||||||||||||||||||||||||||||||||||||||||||||||||||||||||||||||||||||||||||||||||||||||||||||||||||||||||||||||||||||||||||||||||||||||||||||||||||||||||||||||||||||||||||||||||||||||||||||||||||||||||||||||||||||||||||||||||||||||||||||||||||||||||||||||||||||||||||||||||||||||||||||||||||||||||||||||||||||||||||||||||||||||||||||||||||||||||||||||||||||||||||||||||||||||||||||||||||| |||||||||||||||||||||||||||||||||||||||||||||||||||||||||||||||||||||||||||||||||||||||||||||||||||||||||||||||||||||||||||||||||||||||||||||||||||||||||||||||||||||||||||||||||||||||||||||||||||||||||||||||||||||||||||||||||||||||||||||||||| |||||||||||||||||||||||||||||||||||||||||||||||||||||||||||||||||||||||||||||||||||||||||||||||||||||||||||||||||||||||||||||||||||||||||||||||||||||||||||||||||||||||||||||||||||||||||||||||||||||||||||||||||||||||||||||||||||||||||||||||||||||||||||||||||||||||||||||||||||||||||||||||||||||||||||||||||||||||||||||||||||||||||||||||||||||||||||||||||||||||||||||||||||||||||||||||||||||||||||||||||||||||||||||||||||||||||||||||||||||||||||||||||||||||||||||||||||||||||||||        |||||||||||||||||||||||||||||||||||||||||||||||||||||||||||||||||||||||||||||||||||||||||||||||||||||||||||</Hsp_midline>
    </Hsp>
    <Hsp>
      <Hsp_num>2</Hsp_num>
      <Hsp_bit-score>194.247</Hsp_bit-score>
      <Hsp_score>214</Hsp_score>
      <Hsp_evalue>4.58297e-44</Hsp_evalue>
      <Hsp_query-from>491</Hsp_query-from>
      <Hsp_query-to>765</Hsp_query-to>
      <Hsp_hit-from>12020057</Hsp_hit-from>
      <Hsp_hit-to>12020334</Hsp_hit-to>
      <Hsp_query-frame>1</Hsp_query-frame>
      <Hsp_hit-frame>1</Hsp_hit-frame>
      <Hsp_identity>211</Hsp_identity>
      <Hsp_positive>211</Hsp_positive>
      <Hsp_gaps>3</Hsp_gaps>
      <Hsp_align-len>278</Hsp_align-len>
      <Hsp_qseq>ATGTAGAATCGGTTCAACGCCACAAAACGACTGGTACTTCTTCAGCCACAAGGACAAGAAGTATCCAACCGGGACCAGGACGAACCGGGCAACAGTCGCTGGATTCTGGAAAGCTACCGGACGTGACAAAATCATCTGCAGTTGTGTCCGGAGAATTGGACTGAGGAAGACACTCGTGTTCTACAAAGGAAGAGCTCCTCACGGTCAGAAATCCGACTGGATCATGCATGAGTATCGCCTCGACGATACTCCA-ATG--TCTAATGTAAGTATATATA</Hsp_qseq>
      <Hsp_hseq>ATGCAAAATAGGATCAACGCCACAAAATGAGTGGTATTTCTTCAGCCACAAGGATAGGAAATATCCGACAGGGTCAAGGACAAACCGTGCAACCCACTCCGGTTTTTGGAAGGCGACAGGACGTGACAAATGCATAAGAAATTCTTACAAGAAGATCGGCATGAGGAAGACTCTTGTATTCTACAAAGGAAGAGCTCCTCATGGCCAAAAGACAGATTGGATCATGCACGAGTACCGTATCGAAGACACTGAAGATGACCCTTGTGTATGTATATATA</Hsp_hseq>
      <Hsp_midline>||| | ||| || |||||||||||||| || ||||| ||||||||||||||||| | ||| ||||| || ||| | ||||| ||||| |||||   | | || || ||||| || || ||||||||||||  |||  | | || |  |  ||  || ||  |||||||||| || || ||||||||||||||||||||||| || || ||  | || ||||||||||| ||||| ||  |||| || |||  | |||   ||  |||| |||||||||</Hsp_midline>
    </Hsp>
    <Hsp>
      <Hsp_num>3</Hsp_num>
      <Hsp_bit-score>189.738</Hsp_bit-score>
      <Hsp_score>209</Hsp_score>
      <Hsp_evalue>1.94873e-42</Hsp_evalue>
      <Hsp_query-from>481</Hsp_query-from>
      <Hsp_query-to>738</Hsp_query-to>
      <Hsp_hit-from>29105607</Hsp_hit-from>
      <Hsp_hit-to>29105347</Hsp_hit-to>
      <Hsp_query-frame>1</Hsp_query-frame>
      <Hsp_hit-frame>-1</Hsp_hit-frame>
      <Hsp_identity>201</Hsp_identity>
      <Hsp_positive>201</Hsp_positive>
      <Hsp_gaps>5</Hsp_gaps>
      <Hsp_align-len>262</Hsp_align-len>
      <Hsp_qseq>ATGCAGAGGAATGTAGAATCGGTTCAACGCCACAAAACGACTGGTACTTCTTCAGCCACAAGGACAAGAAGTATCCAACCGGGACCAGGACGAACCGGGCAACAGTCGCTGGATTCTGGAAAGCTACCGGACGTGACAAA---AT-CATCTGCAGTTGTGTCCGGAGAATTGGACTGAGGAAGACACTCGTGTTCTACAAAGGAAGAGCTCCTCACGGTCAGAAATCCGACTGGATCATGCATGAGTATCGCCTCGACGATA</Hsp_qseq>
      <Hsp_hseq>ATGTAGAGAAATGCAGAATCGGGTCGGGTCCTCAAAACGAGTGGTATTTCTTTAGCCACAAGGACAAGAAATATCCGACTGGGACCCGAACGAACCGGGCGACAGCAGCCGGGTTCTGGAAAGCTACTGGTAGAGACAAATCCATACATCT-CAACAGCTCCAAGAAGATTGGACTTCGTAAGACTCTTGTCTTCTACACTGGTCGTGCTCCTCATGGCCAAAAAACCGAATGGATCATGCACGAATATCGCTTGGACGATA</Hsp_hseq>
      <Hsp_midline>||| |||| |||| |||||||| ||    || |||||||| ||||| ||||| ||||||||||||||||| ||||| || |||||| | ||||||||||| ||||  || || |||||||||||||| ||  | ||||||   || ||||| ||   |   |  ||  ||||||||  | ||||| || || |||||||  ||  | |||||||| || || ||| |||| ||||||||||| || |||||| | |||||||</Hsp_midline>
    </Hsp>
    <Hsp>
      <Hsp_num>4</Hsp_num>
      <Hsp_bit-score>128.424</Hsp_bit-score>
      <Hsp_score>141</Hsp_score>
      <Hsp_evalue>5.58813e-24</Hsp_evalue>
      <Hsp_query-from>513</Hsp_query-from>
      <Hsp_query-to>731</Hsp_query-to>
      <Hsp_hit-from>26190195</Hsp_hit-from>
      <Hsp_hit-to>26190413</Hsp_hit-to>
      <Hsp_query-frame>1</Hsp_query-frame>
      <Hsp_hit-frame>1</Hsp_hit-frame>
      <Hsp_identity>166</Hsp_identity>
      <Hsp_positive>166</Hsp_positive>
      <Hsp_gaps>14</Hsp_gaps>
      <Hsp_align-len>226</Hsp_align-len>
      <Hsp_qseq>CAAAACGACTGGTACTTCTTCAGCCACAAGGACAAGAAGTATCCAACCGGGACCAGGACGAACCGGGCAACAGTCGCTGGATTCTGGAAAGCTACCGGACGTGACAA-----AATCATC-TGCAGTTGTGTCCGGAGAATTGGACTGAGGAAGACACTCGTGTTCTACAAAGGAAGAGCTCCTCACGGTCAGAAA-TCCGACTGGATCATGCATGAGTATCGCCTC</Hsp_qseq>
      <Hsp_hseq>CAAAACGAGTGGTACTTCTTTAGTCATAAGGACAGGAAGTACCCTACCGGGACTAGGACCAACCGAGCCACTGCGGCTGGGTTCTGGAAAGCCACGGGTAGAGACAAGGCGGTACTATCAAAAAACAGTGTC------ATCGGAATGCGGAAGACACTTGTCTACTACAAGGGTCGAGCTCCTAATGG-AAGAAAGTCCGATTGGATCATGCACGAATACCGTCTC</Hsp_hseq>
      <Hsp_midline>|||||||| ||||||||||| || || ||||||| |||||| || |||||||| ||||| ||||| || || |  ||||| ||||||||||| || ||  | |||||      |  |||    |   |||||      || ||| || |||||||||| || | |||||| ||  |||||||| | ||  ||||| ||||| ||||||||||| || || || |||</Hsp_midline>
    </Hsp>
    <Hsp>
      <Hsp_num>5</Hsp_num>
      <Hsp_bit-score>125.719</Hsp_bit-score>
      <Hsp_score>138</Hsp_score>
      <Hsp_evalue>1.95045e-23</Hsp_evalue>
      <Hsp_query-from>519</Hsp_query-from>
      <Hsp_query-to>728</Hsp_query-to>
      <Hsp_hit-from>4197769</Hsp_hit-from>
      <Hsp_hit-to>4197560</Hsp_hit-to>
      <Hsp_query-frame>1</Hsp_query-frame>
      <Hsp_hit-frame>-1</Hsp_hit-frame>
      <Hsp_identity>156</Hsp_identity>
      <Hsp_positive>156</Hsp_positive>
      <Hsp_gaps>4</Hsp_gaps>
      <Hsp_align-len>212</Hsp_align-len>
      <Hsp_qseq>GACTGGTACTTCTTCAGCCACAAGGACAAGAAGTATCCAACCGGGACCAGGACGAACCGGGCAACAGTCGCTGGATTCTGGAAAGCTACCGGACGTGACAAAATCATCTGCAGTTGTGTC--CGGAGAATTGGACTGAGGAAGACACTCGTGTTCTACAAAGGAAGAGCTCCTCACGGTCAGAAATCCGACTGGATCATGCATGAGTATCGC</Hsp_qseq>
      <Hsp_hseq>GATTGGTACTTCTTTAGCCATAAAGACAAGAAGTATCCCACAGGGACTCGAACCAATAGAGCAACAAAAGCAGGGTTTTGGAAAGCCACCGGAAGAGATAAGGCTATCT--ATTTGAGGCATAGTCTAATTGGCATGAGGAAAACACTTGTGTTTTACAAGGGAAGAGCCCCAAATGGACAAAAGTCTGATTGGATCATGCACGAATACCGC</Hsp_hseq>
      <Hsp_midline>|| ||||||||||| ||||| || |||||||||||||| || |||||  | || ||  | ||||||   || || || |||||||| |||||| | || ||    ||||  | ||| | |   |   ||||||  ||||||| ||||| ||||| ||||| |||||||| ||  | || || || || || ||||||||||| || || |||</Hsp_midline>
    </Hsp>
    <Hsp>
      <Hsp_num>6</Hsp_num>
      <Hsp_bit-score>120.309</Hsp_bit-score>
      <Hsp_score>132</Hsp_score>
      <Hsp_evalue>8.29352e-22</Hsp_evalue>
      <Hsp_query-from>518</Hsp_query-from>
      <Hsp_query-to>728</Hsp_query-to>
      <Hsp_hit-from>22324899</Hsp_hit-from>
      <Hsp_hit-to>22324689</Hsp_hit-to>
      <Hsp_query-frame>1</Hsp_query-frame>
      <Hsp_hit-frame>-1</Hsp_hit-frame>
      <Hsp_identity>153</Hsp_identity>
      <Hsp_positive>153</Hsp_positive>
      <Hsp_gaps>0</Hsp_gaps>
      <Hsp_align-len>211</Hsp_align-len>
      <Hsp_qseq>CGACTGGTACTTCTTCAGCCACAAGGACAAGAAGTATCCAACCGGGACCAGGACGAACCGGGCAACAGTCGCTGGATTCTGGAAAGCTACCGGACGTGACAAAATCATCTGCAGTTGTGTCCGGAGAATTGGACTGAGGAAGACACTCGTGTTCTACAAAGGAAGAGCTCCTCACGGTCAGAAATCCGACTGGATCATGCATGAGTATCGC</Hsp_qseq>
      <Hsp_hseq>CGAATGGTACTTCTTTAGTCATAAAGACAAGAAGTATCCCACGGGAACTCGAACCAATAGAGCCACGAAAGCAGGATTTTGGAAAGCCACTGGAAGAGACAAGGCTATATATATAAGACATAGTCTTATCGGTATGAGGAAAACACTTGTGTTTTACAAAGGAAGAGCCCCAAATGGTCAGAAATCCGATTGGATCATGCACGAATATCGC</Hsp_hseq>
      <Hsp_midline>||| ||||||||||| || || || |||||||||||||| || || ||  | || ||  | || ||    || ||||| |||||||| || ||| | |||||    || |  |   |     |    || ||  ||||||| ||||| ||||| |||||||||||||| ||  | |||||||||||||| ||||||||||| || ||||||</Hsp_midline>
    </Hsp>
    <Hsp>
      <Hsp_num>7</Hsp_num>
      <Hsp_bit-score>100.472</Hsp_bit-score>
      <Hsp_score>110</Hsp_score>
      <Hsp_evalue>7.76762e-16</Hsp_evalue>
      <Hsp_query-from>514</Hsp_query-from>
      <Hsp_query-to>737</Hsp_query-to>
      <Hsp_hit-from>25236718</Hsp_hit-from>
      <Hsp_hit-to>25236941</Hsp_hit-to>
      <Hsp_query-frame>1</Hsp_query-frame>
      <Hsp_hit-frame>1</Hsp_hit-frame>
      <Hsp_identity>160</Hsp_identity>
      <Hsp_positive>160</Hsp_positive>
      <Hsp_gaps>6</Hsp_gaps>
      <Hsp_align-len>227</Hsp_align-len>
      <Hsp_qseq>AAAACGACTGGTACTTCTTCAGCCACAAGGACAAGAAGTATCCAACCGGGACCAGGACGAACCGGGCAACAGTCGCTGGATTCTGGAAAGCTACCGGACGTGACAAAATCATCTGCAGTTGTGTCCGGAGAA---TTGGACTGAGGAAGACACTCGTGTTCTACAAAGGAAGAGCTCCTCACGGTCAGAAATCCGACTGGATCATGCATGAGTATCGCCTCGACGAT</Hsp_qseq>
      <Hsp_hseq>AAAATGAGTGGTATTTCTTCAGCCCTAGAGAAAGAAAGTATCCAAACGGAGTCAGACCAAACCGAGCAGCTGTTTCCGGTTATTGGAAAGCAACCGGTACAGACAAAGCCATTCACAGCGGT-TC--GAGTAACGTAGGTGTCAAGAAAGCTCTCGTCTTCTACAAAGGTAGACCTCCTAAAGGAATCAAAACTGACTGGATCATGCATGAGTATCGTCTCCATGAT</Hsp_hseq>
      <Hsp_midline>|||| || ||||| ||||||||||  |  || |  |||||||||| |||   |||  | ||||| ||| | ||  | || |  |||||||| |||||    ||||||  |||   |||  || ||  ||| |   | ||  | | |||  | ||||| ||||||||||| ||| ||||| | ||    ||| | ||||||||||||||||||||||| ||| | |||</Hsp_midline>
    </Hsp>
    <Hsp>
      <Hsp_num>8</Hsp_num>
      <Hsp_bit-score>89.6514</Hsp_bit-score>
      <Hsp_score>98</Hsp_score>
      <Hsp_evalue>1.40442e-12</Hsp_evalue>
      <Hsp_query-from>519</Hsp_query-from>
      <Hsp_query-to>733</Hsp_query-to>
      <Hsp_hit-from>27825782</Hsp_hit-from>
      <Hsp_hit-to>27825562</Hsp_hit-to>
      <Hsp_query-frame>1</Hsp_query-frame>
      <Hsp_hit-frame>-1</Hsp_hit-frame>
      <Hsp_identity>153</Hsp_identity>
      <Hsp_positive>153</Hsp_positive>
      <Hsp_gaps>6</Hsp_gaps>
      <Hsp_align-len>221</Hsp_align-len>
      <Hsp_qseq>GACTGGTACTTCTTCAGCCACAAGGACAAGAAGTATCCAACCGGGACCAGGACGAACCGGGCAACAGTCGCTGGATTCTGGAAAGCTACCGGACGTGACAA---AATCATCT---GCAGTTGTGTCCGGAGAATTGGACTGAGGAAGACACTCGTGTTCTACAAAGGAAGAGCTCCTCACGGTCAGAAATCCGACTGGATCATGCATGAGTATCGCCTCGA</Hsp_qseq>
      <Hsp_hseq>GAGTGGTACTTTTATAGTCTAAGGGACAGGAAATATCCGACAGGTTTGAGGACTAACAGAGCAACTACTGCTGGATACTGGAAAGCTACCGGCAAAGATAAGGAAGTCTTCTCCGGCGGAGGAGGACAGCTTGTTGGGATGAAGAAGACGTTGGTGTTCTACAAAGGTAGGGCTCCACGTGGCCTCAAGACTAAGTGGGTCATGCATGAGTATCGCCTCGA</Hsp_hseq>
      <Hsp_midline>|| |||||||| |  || |  | ||||| ||| ||||| || ||    ||||| ||| | |||||    ||||||| |||||||||||||||    || ||   | || |||   || |  | |  | |    ||||  ||| ||||||  | |||||||||||||| || ||||| |  || |  ||  |  | ||| ||||||||||||||||||||||</Hsp_midline>
    </Hsp>
    <Hsp>
      <Hsp_num>9</Hsp_num>
      <Hsp_bit-score>87.848</Hsp_bit-score>
      <Hsp_score>96</Hsp_score>
      <Hsp_evalue>4.9019e-12</Hsp_evalue>
      <Hsp_query-from>250</Hsp_query-from>
      <Hsp_query-to>397</Hsp_query-to>
      <Hsp_hit-from>29106439</Hsp_hit-from>
      <Hsp_hit-to>29106292</Hsp_hit-to>
      <Hsp_query-frame>1</Hsp_query-frame>
      <Hsp_hit-frame>-1</Hsp_hit-frame>
      <Hsp_identity>108</Hsp_identity>
      <Hsp_positive>108</Hsp_positive>
      <Hsp_gaps>0</Hsp_gaps>
      <Hsp_align-len>148</Hsp_align-len>
      <Hsp_qseq>GTGCCTCCAGGTTTCAGATTCCATCCCACCGAAGAAGAACTTCTCCATTACTATCTCCGTAAGAAAGTTAACTCTCAAAAGATCGATCTTGATGTCATTCGTGAAGTTGATCTAAACAAGCTTGAGCCTTGGGATATTCAAGGTTAAA</Hsp_qseq>
      <Hsp_hseq>GTGCCTCCGGGATTCCGGTTTCATCCAACGGAGGAGGAGCTTCTTTACTATTACCTCAAGAAGAAGGTTTCTTATGAACCAATTGATTTAGATGTAATTAGAGAAGTTGATCTCAACAAGCTGGAACCTTGGGAACTTAAAGGTAAAA</Hsp_hseq>
      <Hsp_midline>|||||||| || ||| | || ||||| || || || || |||||  | || || |||   ||||| |||   | | ||   || ||| | ||||| ||| | ||||||||||| |||||||| || ||||||||  || ||||| |||</Hsp_midline>
    </Hsp>
    <Hsp>
      <Hsp_num>10</Hsp_num>
      <Hsp_bit-score>76.1261</Hsp_bit-score>
      <Hsp_score>83</Hsp_score>
      <Hsp_evalue>3.09344e-08</Hsp_evalue>
      <Hsp_query-from>250</Hsp_query-from>
      <Hsp_query-to>393</Hsp_query-to>
      <Hsp_hit-from>12019822</Hsp_hit-from>
      <Hsp_hit-to>12019965</Hsp_hit-to>
      <Hsp_query-frame>1</Hsp_query-frame>
      <Hsp_hit-frame>1</Hsp_hit-frame>
      <Hsp_identity>103</Hsp_identity>
      <Hsp_positive>103</Hsp_positive>
      <Hsp_gaps>0</Hsp_gaps>
      <Hsp_align-len>144</Hsp_align-len>
      <Hsp_qseq>GTGCCTCCAGGTTTCAGATTCCATCCCACCGAAGAAGAACTTCTCCATTACTATCTCCGTAAGAAAGTTAACTCTCAAAAGATCGATCTTGATGTCATTCGTGAAGTTGATCTAAACAAGCTTGAGCCTTGGGATATTCAAGGT</Hsp_qseq>
      <Hsp_hseq>GTACCGCCTGGTTTTCGGTTTCATCCAACGGACGAAGAACTTCTTCATTACTACTTGAAGAAGAAGATTTCTTATGAAAAGTTTGAGATGGAAGTCATCAAAGAGGTTGATTTGAACAAGATTGAGCCGTGGGATTTACAAGGT</Hsp_hseq>
      <Hsp_midline>|| || || |||||  | || ||||| || || ||||||||||| ||||||||  |    |||||  ||   | | ||||| | ||  | || |||||    || |||||| | |||||| ||||||| |||||| | ||||||</Hsp_midline>
    </Hsp>
    <Hsp>
      <Hsp_num>11</Hsp_num>
      <Hsp_bit-score>76.1261</Hsp_bit-score>
      <Hsp_score>83</Hsp_score>
      <Hsp_evalue>3.09344e-08</Hsp_evalue>
      <Hsp_query-from>519</Hsp_query-from>
      <Hsp_query-to>731</Hsp_query-to>
      <Hsp_hit-from>19931367</Hsp_hit-from>
      <Hsp_hit-to>19931155</Hsp_hit-to>
      <Hsp_query-frame>1</Hsp_query-frame>
      <Hsp_hit-frame>-1</Hsp_hit-frame>
      <Hsp_identity>153</Hsp_identity>
      <Hsp_positive>153</Hsp_positive>
      <Hsp_gaps>16</Hsp_gaps>
      <Hsp_align-len>221</Hsp_align-len>
      <Hsp_qseq>GACTGGTACTTCTTCAGCCACAAGG-ACAAGAAGTATCCAACCGGGACCAGGACGAACCGGGCAACAGTCGCTGGATTCTGGAAAGCTACCGGACGTGACAAAATCATCTGCAGTTGTGTC--CGGAGA-----ATTGGACTGAGGAAGACACTCGTGTTCTACAAAGGAAGAGCTCCTCACGGTCAGAAATCCGACTGGATCATGCATGAGTATCGCCTC</Hsp_qseq>
      <Hsp_hseq>GAATGGTACTTTTACAGC-ACAAGGGATAAGAAGTATCCAAATGGGTCTAGGACGAACCGTGCGACCCGAGCGGGTTACTGGAAGGCCACGGG----GA-AAGATC--GTACAGTAGAATCAAAGAAGATGAAGATGGGAATGAAGAAGACACTGGTTTATTATAGAGGAAGGGCTCCTCATGGCCTTCGTACTAATTGGGTCATGCATGAATATCGTCTC</Hsp_hseq>
      <Hsp_midline>|| |||||||| | |||| |||||| | |||||||||||||  ||| | ||||||||||| || ||    || || | |||||| || || ||    || || |||   | |||| |  ||   | |||     || ||| ||| ||||||||| || |  || | |||||| |||||||| || |      |  | ||| |||||||||| ||||| |||</Hsp_midline>
    </Hsp>
    <Hsp>
      <Hsp_num>12</Hsp_num>
      <Hsp_bit-score>73.4211</Hsp_bit-score>
      <Hsp_score>80</Hsp_score>
      <Hsp_evalue>1.07972e-07</Hsp_evalue>
      <Hsp_query-from>514</Hsp_query-from>
      <Hsp_query-to>731</Hsp_query-to>
      <Hsp_hit-from>18867574</Hsp_hit-from>
      <Hsp_hit-to>18867357</Hsp_hit-to>
      <Hsp_query-frame>1</Hsp_query-frame>
      <Hsp_hit-frame>-1</Hsp_hit-frame>
      <Hsp_identity>149</Hsp_identity>
      <Hsp_positive>149</Hsp_positive>
      <Hsp_gaps>2</Hsp_gaps>
      <Hsp_align-len>219</Hsp_align-len>
      <Hsp_qseq>AAAACGACTGGTACTTCTTCAGCCACAAGGACAAGAAGTATCCAACCGGGACCAGGACGAACCGGGCAACAGTCGCTGGATTCTGGAAAGCTACCGG-ACGTGACAAAATCATCTGCAGTTGTGTCCGGAGAATTGGACTGAGGAAGACACTCGTGTTCTACAAAGGAAGAGCTCCTCACGGTCAGAAATCCGACTGGATCATGCATGAGTATCGCCTC</Hsp_qseq>
      <Hsp_hseq>AAAAAGAATGGTATTTTTTTAGTCCTAGGGATAGAAAATATCCAAACGGGTCAAGACCTAACCGGGTTGCCGGATCGGGTTATTGGAAAGCTACGGGTACG-GATAAAATAATCTCGACGGAAGGACAAAGAGTTGGTATTAAAAAAGCTTTGGTGTTTTACATCGGAAAAGCTCCTAAAGGTACTAAAACCAATTGGATCATGCATGAGTATCGTCTC</Hsp_hseq>
      <Hsp_midline>|||| || ||||| || || || |  | ||| |  || ||||||| |||| | ||  | |||||||   | |   | || |  ||||||||||| || ||| || ||||| ||||  |     |  |  ||| ||||  | |  ||  |  | ||||| ||||  |||| ||||||| | |||   ||| || | |||||||||||||||||||| |||</Hsp_midline>
    </Hsp>
    <Hsp>
      <Hsp_num>13</Hsp_num>
      <Hsp_bit-score>70.716</Hsp_bit-score>
      <Hsp_score>77</Hsp_score>
      <Hsp_evalue>1.31536e-06</Hsp_evalue>
      <Hsp_query-from>516</Hsp_query-from>
      <Hsp_query-to>721</Hsp_query-to>
      <Hsp_hit-from>19836628</Hsp_hit-from>
      <Hsp_hit-to>19836423</Hsp_hit-to>
      <Hsp_query-frame>1</Hsp_query-frame>
      <Hsp_hit-frame>-1</Hsp_hit-frame>
      <Hsp_identity>139</Hsp_identity>
      <Hsp_positive>139</Hsp_positive>
      <Hsp_gaps>0</Hsp_gaps>
      <Hsp_align-len>206</Hsp_align-len>
      <Hsp_qseq>AACGACTGGTACTTCTTCAGCCACAAGGACAAGAAGTATCCAACCGGGACCAGGACGAACCGGGCAACAGTCGCTGGATTCTGGAAAGCTACCGGACGTGACAAAATCATCTGCAGTTGTGTCCGGAGAATTGGACTGAGGAAGACACTCGTGTTCTACAAAGGAAGAGCTCCTCACGGTCAGAAATCCGACTGGATCATGCATGA</Hsp_qseq>
      <Hsp_hseq>AAGGATTGGTATTTCTACAGCCAAAGAGACCGAAAATACGCGACGGGGCTGAGAACTAACCGAGCAACGGCCACCGGATATTGGAAAGCCACCGGCAAAGACAGAACCATTCTAAGAAAGGGTAAGCTAGTTGGGATGAGGAAGACATTGGTTTTCTATCAAGGTCGAGCTCCTCGAGGCCGTAAAACCGATTGGGTCATGCACGA</Hsp_hseq>
      <Hsp_midline>|| || ||||| |||| |||||| |  |||   || ||  | || |||   || || ||||| ||||| | | | ||||  |||||||| |||||    |||| || |||    ||    |    |  | ||||  ||||||||||| | || |||||  ||||  |||||||||  || |  ||| |||| ||| ||||||| ||</Hsp_midline>
    </Hsp>
    <Hsp>
      <Hsp_num>14</Hsp_num>
      <Hsp_bit-score>69.8143</Hsp_bit-score>
      <Hsp_score>76</Hsp_score>
      <Hsp_evalue>1.31536e-06</Hsp_evalue>
      <Hsp_query-from>251</Hsp_query-from>
      <Hsp_query-to>383</Hsp_query-to>
      <Hsp_hit-from>19931691</Hsp_hit-from>
      <Hsp_hit-to>19931559</Hsp_hit-to>
      <Hsp_query-frame>1</Hsp_query-frame>
      <Hsp_hit-frame>-1</Hsp_hit-frame>
      <Hsp_identity>95</Hsp_identity>
      <Hsp_positive>95</Hsp_positive>
      <Hsp_gaps>0</Hsp_gaps>
      <Hsp_align-len>133</Hsp_align-len>
      <Hsp_qseq>TGCCTCCAGGTTTCAGATTCCATCCCACCGAAGAAGAACTTCTCCATTACTATCTCCGTAAGAAAGTTAACTCTCAAAAGATCGATCTTGATGTCATTCGTGAAGTTGATCTAAACAAGCTTGAGCCTTGGGA</Hsp_qseq>
      <Hsp_hseq>TGCCTCCAGGATTCAGGTTTCATCCCACTGATGAAGAACTGGTGGCTTACTATCTTGATAGGAAGGTCAACGGCCAAGCCATTGAGCTCGAGATCATCCCAGAAGTTGATCTTTATAAATGCGAGCCATGGGA</Hsp_hseq>
      <Hsp_midline>|||||||||| ||||| || |||||||| || ||||||||  |   |||||||||   || ||| || |||   |||   || || || ||  |||| |  |||||||||||  | ||    ||||| |||||</Hsp_midline>
    </Hsp>
    <Hsp>
      <Hsp_num>15</Hsp_num>
      <Hsp_bit-score>68.0109</Hsp_bit-score>
      <Hsp_score>74</Hsp_score>
      <Hsp_evalue>4.59107e-06</Hsp_evalue>
      <Hsp_query-from>516</Hsp_query-from>
      <Hsp_query-to>736</Hsp_query-to>
      <Hsp_hit-from>274217</Hsp_hit-from>
      <Hsp_hit-to>274434</Hsp_hit-to>
      <Hsp_query-frame>1</Hsp_query-frame>
      <Hsp_hit-frame>1</Hsp_hit-frame>
      <Hsp_identity>149</Hsp_identity>
      <Hsp_positive>149</Hsp_positive>
      <Hsp_gaps>5</Hsp_gaps>
      <Hsp_align-len>222</Hsp_align-len>
      <Hsp_qseq>AACGACTGGTACTTCTTCAGCCACAAGGACAAGAAGTATCCAACCGGGACCAGGACGAACCGGGCAACAGTCGCTGGATTCTGGAAAGCTACCGGACGTGACAAAATCATCTGCAGTTGT-GTCCGGAGAATTGGACTGAGGAAGACACTCGTGTTCTACAAAGGAAGAGCTCCTCACGGTCAGAAATCCGACTGGATCATGCATGAGTATCGCCTCGACGA</Hsp_qseq>
      <Hsp_hseq>AAGGAATGGTACTTCTTCTCTCCCAGGGACAGAAAATATCCCAACGGTTCGCGTCCTAACCGGTCCGCTGGTTCTGGTTACTGGAAAGCTACCGGAGCTGATAAACCGATCGGACGACCTAAACCGG----TCGGAATTAAGAAAGCTCTTGTTTTCTACGCCGGCAAAGCTCCAAAGGGAGAGAAAACCAATTGGATCATGCACGAGTACCGTCTCGCCGA</Hsp_hseq>
      <Hsp_midline>|| || ||||||||||||   | || |||||  || ||||| | |||  |  |  | |||||| |  | |   |||| | ||||||||||||||||  ||| |||   ||| |  |   |   ||||    | ||| | | |||  | || || ||||||   || | ||||||  | ||  ||||| || | ||||||||||| ||||| || |||| |||</Hsp_midline>
    </Hsp>
    <Hsp>
      <Hsp_num>16</Hsp_num>
      <Hsp_bit-score>67.1093</Hsp_bit-score>
      <Hsp_score>73</Hsp_score>
      <Hsp_evalue>1.60244e-05</Hsp_evalue>
      <Hsp_query-from>253</Hsp_query-from>
      <Hsp_query-to>311</Hsp_query-to>
      <Hsp_hit-from>25236473</Hsp_hit-from>
      <Hsp_hit-to>25236531</Hsp_hit-to>
      <Hsp_query-frame>1</Hsp_query-frame>
      <Hsp_hit-frame>1</Hsp_hit-frame>
      <Hsp_identity>50</Hsp_identity>
      <Hsp_positive>50</Hsp_positive>
      <Hsp_gaps>0</Hsp_gaps>
      <Hsp_align-len>59</Hsp_align-len>
      <Hsp_qseq>CCTCCAGGTTTCAGATTCCATCCCACCGAAGAAGAACTTCTCCATTACTATCTCCGTAA</Hsp_qseq>
      <Hsp_hseq>CCTCCAGGGTTCAGATTTCATCCTACCGACGAAGAACTCATCGTTTACTATCTCCGAAA</Hsp_hseq>
      <Hsp_midline>|||||||| |||||||| ||||| ||||| ||||||||  ||  |||||||||||| ||</Hsp_midline>
    </Hsp>
    <Hsp>
      <Hsp_num>17</Hsp_num>
      <Hsp_bit-score>59.8958</Hsp_bit-score>
      <Hsp_score>65</Hsp_score>
      <Hsp_evalue>0.00237823</Hsp_evalue>
      <Hsp_query-from>646</Hsp_query-from>
      <Hsp_query-to>725</Hsp_query-to>
      <Hsp_hit-from>12531384</Hsp_hit-from>
      <Hsp_hit-to>12531463</Hsp_hit-to>
      <Hsp_query-frame>1</Hsp_query-frame>
      <Hsp_hit-frame>1</Hsp_hit-frame>
      <Hsp_identity>61</Hsp_identity>
      <Hsp_positive>61</Hsp_positive>
      <Hsp_gaps>0</Hsp_gaps>
      <Hsp_align-len>80</Hsp_align-len>
      <Hsp_qseq>TTGGACTGAGGAAGACACTCGTGTTCTACAAAGGAAGAGCTCCTCACGGTCAGAAATCCGACTGGATCATGCATGAGTAT</Hsp_qseq>
      <Hsp_hseq>TTGGACTCAAGAAGACTCTTGTTTTCTATAGAGGTCGTGCTCCTAATGGTGAGAGAACTGATTGGGTGATGCATGAGTAT</Hsp_hseq>
      <Hsp_midline>||||||| | |||||| || || ||||| | |||  | |||||| | ||| ||| | | || ||| | ||||||||||||</Hsp_midline>
    </Hsp>
    <Hsp>
      <Hsp_num>18</Hsp_num>
      <Hsp_bit-score>55.3874</Hsp_bit-score>
      <Hsp_score>60</Hsp_score>
      <Hsp_evalue>0.0289728</Hsp_evalue>
      <Hsp_query-from>549</Hsp_query-from>
      <Hsp_query-to>732</Hsp_query-to>
      <Hsp_hit-from>28252287</Hsp_hit-from>
      <Hsp_hit-to>28252467</Hsp_hit-to>
      <Hsp_query-frame>1</Hsp_query-frame>
      <Hsp_hit-frame>1</Hsp_hit-frame>
      <Hsp_identity>124</Hsp_identity>
      <Hsp_positive>124</Hsp_positive>
      <Hsp_gaps>5</Hsp_gaps>
      <Hsp_align-len>185</Hsp_align-len>
      <Hsp_qseq>AAGTATCCAACCGGGACCAGGACGAACCGGGCAACAGTCGCTGGATTCTGGAAAGCTACCGGACGTGACAAAATCATCTG-CAGTTGTGTCCGGAGAATTGGACTGAGGAAGACACTCGTGTTCTACAAAGGAAGAGCTCCTCACGGTCAGAAATCCGACTGGATCATGCATGAGTATCGCCTCG</Hsp_qseq>
      <Hsp_hseq>AAGTATCCAAACGGTTCAAGACCGAACCGTGCAGCTGGTAGTGGATATTGGAAAGCTACCGGAGCTGATAAACCAATAGGTCATCCTAAACCGG----TTGGTATTAAGAAGGCTCTAGTGTTTTACTCGGGAAAACCTCCAAATGGAGAGAAAACCAATTGGATTATGCACGAATACCGGCTCG</Hsp_hseq>
      <Hsp_midline>|||||||||| |||  | ||  ||||||| ||| | |    |||||  |||||||||||||||  ||| |||   ||  | ||       ||||    ||||  | | |||| | || ||||| |||   |||| | ||||  | ||  ||||| || | ||||| ||||| || || || ||||</Hsp_midline>
    </Hsp>
    <Hsp>
      <Hsp_num>19</Hsp_num>
      <Hsp_bit-score>52.6823</Hsp_bit-score>
      <Hsp_score>57</Hsp_score>
      <Hsp_evalue>0.352961</Hsp_evalue>
      <Hsp_query-from>251</Hsp_query-from>
      <Hsp_query-to>306</Hsp_query-to>
      <Hsp_hit-from>273970</Hsp_hit-from>
      <Hsp_hit-to>274025</Hsp_hit-to>
      <Hsp_query-frame>1</Hsp_query-frame>
      <Hsp_hit-frame>1</Hsp_hit-frame>
      <Hsp_identity>45</Hsp_identity>
      <Hsp_positive>45</Hsp_positive>
      <Hsp_gaps>0</Hsp_gaps>
      <Hsp_align-len>56</Hsp_align-len>
      <Hsp_qseq>TGCCTCCAGGTTTCAGATTCCATCCCACCGAAGAAGAACTTCTCCATTACTATCTC</Hsp_qseq>
      <Hsp_hseq>TGCCTCCAGGTTTCCGATTTCACCCTACCGATGAAGAGCTTGTCATGCACTATCTC</Hsp_hseq>
      <Hsp_midline>|||||||||||||| |||| || || ||||| ||||| ||| ||    ||||||||</Hsp_midline>
    </Hsp>
    <Hsp>
      <Hsp_num>20</Hsp_num>
      <Hsp_bit-score>50.8789</Hsp_bit-score>
      <Hsp_score>55</Hsp_score>
      <Hsp_evalue>1.23195</Hsp_evalue>
      <Hsp_query-from>253</Hsp_query-from>
      <Hsp_query-to>393</Hsp_query-to>
      <Hsp_hit-from>11712389</Hsp_hit-from>
      <Hsp_hit-to>11712529</Hsp_hit-to>
      <Hsp_query-frame>1</Hsp_query-frame>
      <Hsp_hit-frame>1</Hsp_hit-frame>
      <Hsp_identity>98</Hsp_identity>
      <Hsp_positive>98</Hsp_positive>
      <Hsp_gaps>4</Hsp_gaps>
      <Hsp_align-len>143</Hsp_align-len>
      <Hsp_qseq>CCTCCAGGTTTCAGATTCCATCCCACCGAAGAAGAACTTCTCCATTACTATCTCCGT--AAGAAAGTTAACTCTCAAAAGATCGATCTTGATGTCATTCGTGAAGTTGATCTAAACAAGCTTGAGCCTTGGGATATTCAAGGT</Hsp_qseq>
      <Hsp_hseq>CCACCTGGTTTCAGATTTCATCCAACAGATGAAGAACTTGTAGGTTATTACCTGCATAGAAGAAACGAAGGGCT--TGAGATCGAGCTTGAAATAATCCCATTAATGGACTTATACAAGTTTGATCCTTGGGAACTTCCAGGT</Hsp_hseq>
      <Hsp_midline>|| || ||||||||||| ||||| || || ||||||||| |   ||| || || | |  ||||||   |   ||    ||||||| |||||  | || |    | | ||  || ||||| |||| ||||||||  ||| ||||</Hsp_midline>
    </Hsp>
    <Hsp>
      <Hsp_num>21</Hsp_num>
      <Hsp_bit-score>48.1739</Hsp_bit-score>
      <Hsp_score>52</Hsp_score>
      <Hsp_evalue>4.29995</Hsp_evalue>
      <Hsp_query-from>251</Hsp_query-from>
      <Hsp_query-to>306</Hsp_query-to>
      <Hsp_hit-from>23632402</Hsp_hit-from>
      <Hsp_hit-to>23632347</Hsp_hit-to>
      <Hsp_query-frame>1</Hsp_query-frame>
      <Hsp_hit-frame>-1</Hsp_hit-frame>
      <Hsp_identity>44</Hsp_identity>
      <Hsp_positive>44</Hsp_positive>
      <Hsp_gaps>0</Hsp_gaps>
      <Hsp_align-len>56</Hsp_align-len>
      <Hsp_qseq>TGCCTCCAGGTTTCAGATTCCATCCCACCGAAGAAGAACTTCTCCATTACTATCTC</Hsp_qseq>
      <Hsp_hseq>TGCCTCCAGGTTTCCGGTTTCATCCAACAGACGAAGAGCTTGTCATATACTACCTC</Hsp_hseq>
      <Hsp_midline>|||||||||||||| | || ||||| || || ||||| ||| ||   ||||| |||</Hsp_midline>
    </Hsp>
  </Hit_hsps>
</Hit>
<Hit>
  <Hit_num>16</Hit_num>
  <Hit_id>gi|1731306553|emb|LR699745.2|</Hit_id>
  <Hit_def>Arabidopsis thaliana genome assembly, chromosome: 1</Hit_def>
  <Hit_accession>LR699745</Hit_accession>
  <Hit_len>30401407</Hit_len>
  <Hit_hsps>
    <Hsp>
      <Hsp_num>1</Hsp_num>
      <Hsp_bit-score>3397.03</Hsp_bit-score>
      <Hsp_score>3766</Hsp_score>
      <Hsp_evalue>0</Hsp_evalue>
      <Hsp_query-from>1</Hsp_query-from>
      <Hsp_query-to>1926</Hsp_query-to>
      <Hsp_hit-from>11667722</Hsp_hit-from>
      <Hsp_hit-to>11665794</Hsp_hit-to>
      <Hsp_query-frame>1</Hsp_query-frame>
      <Hsp_hit-frame>-1</Hsp_hit-frame>
      <Hsp_identity>1915</Hsp_identity>
      <Hsp_positive>1915</Hsp_positive>
      <Hsp_gaps>13</Hsp_gaps>
      <Hsp_align-len>1934</Hsp_align-len>
      <Hsp_qseq>AAAGACACTTTAATGCATGAACTTCTTTGTTTAAATAACAATTTCCCCCTTTTGGGGGCTATGTCTCGTCGAGTCCTACCACCATTATAAATTATCTCATCGTTTGCTTTCTTTTTTTTAAGTTGTAACCATTTCCACTCGTAATCATACAACTTCTCTACTCTTCTAGAGCAAAAACCCAAAAATATATTGCTATCTTCGTTAATGGCTGATAATAAGGTCAATCTTTCGATTAATGGACAATCAAAAGTGCCTCCAGGTTTCAGATTCCATCCCACCGAAGAAGAACTTCTCCATTACTATCTCCGTAAGAAAGTTAACTCTCAAAAGATCGATCTTGATGTCATTCGTGAAGTTGATCTAAACAAGCTTGAGCCTTGGGATATTCAAGGTTAAACCCTAAATATGAAAAAAAACTCTTTCATTTCTACGAACTCTCTATTTCTTTGTTCTTTATTTTTGAACCATTTTGGTATGCAAATGCAGAGGAATGTAGAATCGGTTCAACGCCACAAAACGACTGGTACTTCTTCAGCCACAAGGACAAGAAGTATCCAACCGGGACCAGGACGAACCGGGCAACAGTCGCTGGATTCTGGAAAGCTACCGGACGTGACAAAATCATCTGCAGTTGTGTCCGGAGAATTGGACTGAGGAAGACACTCGTGTTCTACAAAGGAAGAGCTCCTCACGGTCAGAAATCCGACTGGATCATGCATGAGTATCGCCTCGACGATACTCCAATGTCTAATGTAAGTATATATAGCAATCATCAATTTGCAGTTTAGGTTAGAATAAACAAATTACAAACTTATAGTCAAAGAATTAGCTAGATTCGTTTCATGCTATAAAAGGTTTTGGTTCATTTAGTACGCACTAGAGCCTTCTTTTAGCATCTGCAATTAAAGTAATCGAACATGATTCTCTGAGTTACAATAAGATAATTTCTTATGAAATTAACACATCATATATACATTTATATAAAAAGATTTTTTCACAAGGCTTAAAATAGTTTAACACGGCTCTACAAACAATACGTAGTTAACTAGTTATGGTTGCATATCCAAAAGAAAAACCAACATAAAAGATTTTTTTTTTTGTTTCAAAATAAAAGTTGCATTTTTACATCATCAAGATTTAATCATCTCTTATTGCATTTCATAAGATCGATTTGTGTTCCATTATCAGGGCTATGCTGATGTTGTTACAGAAGATCCAATGAGCTATAACGAAGAAGGTTGGGTGGTATGTCGAGTGTTCAGGAAGAAGAACTATCAAAAGATTGACGATTGTCCTAAAATCACTCTATCTTCTTTACCTGATGACACGGAGGAAGAGAAGGGGCCCACCTTTCACAACACTCAAAACGTTACCGGTTTAGACCATGTTCTTCTCTACATGGACCGTACCGGTTCTAACATTTGCATGCCCGAGAGCCAAACAACGACTCAACATCAAGATGATGTCTTATTCATGCAACTCCCAAGTCTTGAGACACCTAAATCCGAGAGCCCGGTCGACCAAAGTTTCCTGACTCCAAGCAAACTCGATTTCTCTCCCGTTCAAGAGAAGATAACCGAAAGACCGGTTTGCAGCAACTGGGCTAGTCTTGACCGGCTCGTAGCTTGGCAATTGAACAATGGTCATCATAATCCGTGTCATCGTAAGAGTTTTGATGAAGAAGAAGAAAATGGTGATACTATGATGCAGCGATGGGATCTTCATTGGAATAATGATGATAATGTTGATCTTTGGAGTAGTTTCACTGAGTCTTCTTCGTCTTTAGACCCACTTCTTCATTTATCTGTATGATTATCTA--------TACATACACATACACAAAATATAAAATAAAGTTTGTTAAAAAATGTCTCATGTTCTATTGATAGTACGTCTTGATTTTGGGGTTTAACATTTGTTAATGGTGGAGGG</Hsp_qseq>
      <Hsp_hseq>AAAGACACTTTAATGCATGAACTTCTTTGTTTAAATAATAATTTCCCCCTTTTGGGGGCTATGTCTCGTCGAGTCCTACCACCATTATAAATTATCTCATCGTTTGCTTTCTTTTTTTTAAGTTGTAACCATTTCCACTCGTAATCATACAACTTCTCTACTCTTCTAGAGCAAAAACCCAAAAATACATTGCTATCTTCGTTAATGGCTGATAATAAGGTCAATCTTTCGATTAATGGACAATCAAAAGTGCCTCCAGGTTTCAGATTCCATCCCACCGAAGAAGAACTTCTCCATTACTATCTCCGTAAGAAAGTTAACTCTCAAAAGATCGATCTTGATGTCATTCGTGAAGTTGATCTAAACAAGCTTGAGCCTTGGGATATTCAAGGTTAAACCCTAAATATGAAAAAA--CTCTTTCATTTCTACAAACTCTCT--TTCTTTGTTCTTTATTTT-GAACCATTTTGGTATGGAAATGCAGAGGAATGTAGAATCGGTTCAACGCCACAAAACGACTGGTACTTCTTCAGCCACAAGGACAAGAAGTATCCAACCGGGACCAGGACGAACCGGGCAACAGTCGCTGGATTCTGGAAAGCTACCGGACGTGACAAAATCATCTGCAGTTGTGTCCGGAGAATTGGACTGAGGAAGACACTCGTGTTCTACAAAGGAAGAGCTCCTCACGGTCAGAAATCCGACTGGATCATGCATGAGTATCGCCTCGACGATACTCCAATGTCTAATGTAAGTATATATAGCAATCATCAATTTGCAGTTTAGGTTAGAATAAACAAATTACAAACTTATAGTCAAAGAATTAGCTAGATTCGTTTCATGCTATAAAAGGTTTTGGTTCATTTAGTACGCACTAGAGCCTTCTTTTAGCATCTGCAATTAAAGTAATCGAACATGATTCTCTGAGTTACAATAAGATAATTTCTTATGAAATTAACACATCATATATACATTTATATAAAAAGATTTTTTCACAAGGCTTAAAATAGTTTAACACGGCTCTACAAACAATACGTAGTTAACTAGTTATGGTTGCATATCCAAAAGAAAAACCAACATAAAAGATTTTTTTTTTTGTTTCAAAATAAAAGTTGCATTTTTACATCATCAAGATTTAATCATCTCTTATTGCATTTCATAAGATCGATTTGTGTTCCATTATCAGGGCTATGCTGATGTTGTTACAGAAGATCCAATGAGCTATAACGAAGAAGGTTGGGTGGTATGTCGAGTGTTCAGGAAGAAGAACTATCAAAAGATTGACGATTGTCCTAAAATCACTCTATCTTCTTTACCTGATGACACGGAGGAAGAGAAGAGGCCCACCTTTCACAACACTCAAAACGTTACCGGTTTAGACCATGTTCTTCTCTACATGGACCGTACCGGTTCTAACATTTGCATGCCCGAGAGCCAAACAACGACTCAACATCAAGATGATGTCTTATTCATGCAACTTCCAAGTCTTGAGACACCTAAATCCGAGAGCCCGGTCGACCAAAGTTTCCTGACTCCAAGCAAACTCGATTTCTCTCCCGTTCAAGAGAAGATAACCGAAAGACCGGTTTGCAGCAACTGGGCTAGTCTTGACCGGCTCGTAGCTTGGCAATTGAACAATGGTCATCATAATCCGTGTCATCGTAAGAGTTTTGATGAAGAAGAAGAAAATGGTGATACTATGATGCAGCGATGGGATCTTCATTGGAATAATGATGATAATGTTGATCTTTGGAGTAGTTTCACTGAGTCTTCTTCGTCTTTAGACCCACTTCTTCATTTATCTGTATGATTATCTATACAAATATACATACACATACACAAAATATAAAATAAAGTTTGTTAAAAAATGTCTCATGTTCTATTGATAGTACGTCTTGATTTTGGGGTTTAACATTTGTTAATGGTGGAGGG</Hsp_hseq>
      <Hsp_midline>|||||||||||||||||||||||||||||||||||||| |||||||||||||||||||||||||||||||||||||||||||||||||||||||||||||||||||||||||||||||||||||||||||||||||||||||||||||||||||||||||||||||||||||||||||||||||||| ||||||||||||||||||||||||||||||||||||||||||||||||||||||||||||||||||||||||||||||||||||||||||||||||||||||||||||||||||||||||||||||||||||||||||||||||||||||||||||||||||||||||||||||||||||||||||||||||||||||||||||||||||||||||||||||||||  ||||||||||||||| ||||||||  |||||||||||||||||| |||||||||||||||| ||||||||||||||||||||||||||||||||||||||||||||||||||||||||||||||||||||||||||||||||||||||||||||||||||||||||||||||||||||||||||||||||||||||||||||||||||||||||||||||||||||||||||||||||||||||||||||||||||||||||||||||||||||||||||||||||||||||||||||||||||||||||||||||||||||||||||||||||||||||||||||||||||||||||||||||||||||||||||||||||||||||||||||||||||||||||||||||||||||||||||||||||||||||||||||||||||||||||||||||||||||||||||||||||||||||||||||||||||||||||||||||||||||||||||||||||||||||||||||||||||||||||||||||||||||||||||||||||||||||||||||||||||||||||||||||||||||||||||||||||||||||||||||||||||||||||||||||||||||||||||||||||||||||||||||||||||||||||||||||||||||||||||||||||||||||||||||||||||||||||||||||||||||||||||||||||||||||||||||||||||||||||||||||||||||||||||||||||||||||||||||||||||||||||||||||||||||||||||||||||||||||||||||||||||||||||||||||||||||||||||||||||||||||||||||||| ||||||||||||||||||||||||||||||||||||||||||||||||||||||||||||||||||||||||||||||||||||||||||||||||||||||||||||||||||||||||||||||||||||||||||| |||||||||||||||||||||||||||||||||||||||||||||||||||||||||||||||||||||||||||||||||||||||||||||||||||||||||||||||||||||||||||||||||||||||||||||||||||||||||||||||||||||||||||||||||||||||||||||||||||||||||||||||||||||||||||||||||||||||||||||||||||||||||||||||||||||||||||||||||||||||||||||||||||||||||||||||||||||||||||||||||||||||||||||||||        |||||||||||||||||||||||||||||||||||||||||||||||||||||||||||||||||||||||||||||||||||||||||||||||||||||||||||</Hsp_midline>
    </Hsp>
    <Hsp>
      <Hsp_num>2</Hsp_num>
      <Hsp_bit-score>200.559</Hsp_bit-score>
      <Hsp_score>221</Hsp_score>
      <Hsp_evalue>1.07781e-45</Hsp_evalue>
      <Hsp_query-from>250</Hsp_query-from>
      <Hsp_query-to>765</Hsp_query-to>
      <Hsp_hit-from>11857477</Hsp_hit-from>
      <Hsp_hit-to>11857988</Hsp_hit-to>
      <Hsp_query-frame>1</Hsp_query-frame>
      <Hsp_hit-frame>1</Hsp_hit-frame>
      <Hsp_identity>360</Hsp_identity>
      <Hsp_positive>360</Hsp_positive>
      <Hsp_gaps>14</Hsp_gaps>
      <Hsp_align-len>521</Hsp_align-len>
      <Hsp_qseq>GTGCCTCCAGGTTTCAGATTCCATCCCACCGAAGAAGAACTTCTCCATTACTATCTCCGTAAGAAAGTTAACTCTCAAAAGATCGATCTTGATGTCATTCGTGAAGTTGATCTAAACAAGCTTGAGCCTTGGGATATTCAAGGTTAAACCCTAAATATGAAAAAAAACTCTTTCATTTCTACGAACTCTCTATTTCTTTGTTCTTTATTTTTGAAC--CATTTTGGTATGCAAATGCAGAGGAATGTAGAATCGGTTCAACGCCACAAAACGACTGGTACTTCTTCAGCCACAAGGACAAGAAGTATCCAACCGGGACCAGGACGAACCGGGCAACAGTCGCTGGATTCTGGAAAGCTACCGGACGTGACAAAATCATCTGCAGTTGTGTCCGGAGAATTGGACTGAGGAAGACACTCGTGTTCTACAAAGGAAGAGCTCCTCACGGTCAGAAATCCGACTGGATCATGCATGAGTATCGCCTCGACGATACTCCA-ATG--TCTAATGTAAGTATATATA</Hsp_qseq>
      <Hsp_hseq>GTACCGCCTGGTTTTCGGTTTCATCCAACGGACGAAGAACTTCTTCATTACTACTTGAAGAAGAAGATTTCTTATGAAAAGTTTGAGATGGAAGTCATCAAAGAGGTTGATTTGAACAAGATTGAGCCGTGGGATTTACAAGGTACGTTCTTT--TATTAATAATACATATACGAT-----CCAATCCTCTAGTTATAT--TAGATACTATACAAAAGCATTTTTTTTTGTTTTTGTAGGTAGATGCAAAATAGGATCAACGCCACAAAATGAGTGGTATTTCTTCAGCCACAAGGATAGGAAATATCCGACAGGGTCAAGGACAAACCGTGCAACCCACTCCGGTTTTTGGAAGGCGACAGGACGTGACAAATGCATAAGAAATTCTTACAAGAAGATCGGCATGAGGAAGACTCTTGTATTCTACAAAGGAAGAGCTCCTCATGGCCAAAAGACAGATTGGATCATGCACGAGTACCGTATCGAAGACACTGAAGATGACCCTTGTGTATGTATATATA</Hsp_hseq>
      <Hsp_midline>|| || || |||||  | || ||||| || || ||||||||||| ||||||||  |    |||||  ||   | | ||||| | ||  | || |||||    || |||||| | |||||| ||||||| |||||| | ||||||     | |   ||| || || |  | |   ||     | ||  ||||| || | |  |   || | |  ||   ||||||  | ||    || ||    ||| | ||| || |||||||||||||| || ||||| ||||||||||||||||| | ||| ||||| || ||| | ||||| ||||| |||||   | | || || ||||| || || ||||||||||||  |||  | | || |  |  ||  || ||  |||||||||| || || ||||||||||||||||||||||| || || ||  | || ||||||||||| ||||| ||  |||| || |||  | |||   ||  |||| |||||||||</Hsp_midline>
    </Hsp>
    <Hsp>
      <Hsp_num>3</Hsp_num>
      <Hsp_bit-score>189.738</Hsp_bit-score>
      <Hsp_score>209</Hsp_score>
      <Hsp_evalue>1.94873e-42</Hsp_evalue>
      <Hsp_query-from>481</Hsp_query-from>
      <Hsp_query-to>738</Hsp_query-to>
      <Hsp_hit-from>29919924</Hsp_hit-from>
      <Hsp_hit-to>29919664</Hsp_hit-to>
      <Hsp_query-frame>1</Hsp_query-frame>
      <Hsp_hit-frame>-1</Hsp_hit-frame>
      <Hsp_identity>201</Hsp_identity>
      <Hsp_positive>201</Hsp_positive>
      <Hsp_gaps>5</Hsp_gaps>
      <Hsp_align-len>262</Hsp_align-len>
      <Hsp_qseq>ATGCAGAGGAATGTAGAATCGGTTCAACGCCACAAAACGACTGGTACTTCTTCAGCCACAAGGACAAGAAGTATCCAACCGGGACCAGGACGAACCGGGCAACAGTCGCTGGATTCTGGAAAGCTACCGGACGTGACAAA---AT-CATCTGCAGTTGTGTCCGGAGAATTGGACTGAGGAAGACACTCGTGTTCTACAAAGGAAGAGCTCCTCACGGTCAGAAATCCGACTGGATCATGCATGAGTATCGCCTCGACGATA</Hsp_qseq>
      <Hsp_hseq>ATGTAGAGAAATGCAGAATCGGGTCGGGTCCTCAAAACGAGTGGTATTTCTTTAGCCACAAGGACAAGAAATATCCGACTGGGACCCGAACGAACCGGGCGACAGCAGCCGGGTTCTGGAAAGCTACTGGTAGAGACAAATCCATACATCT-CAACAGCTCCAAGAAGATTGGACTTCGTAAGACTCTTGTCTTCTACACTGGTCGTGCTCCTCATGGCCAAAAAACCGAATGGATCATGCACGAATATCGCTTGGACGATA</Hsp_hseq>
      <Hsp_midline>||| |||| |||| |||||||| ||    || |||||||| ||||| ||||| ||||||||||||||||| ||||| || |||||| | ||||||||||| ||||  || || |||||||||||||| ||  | ||||||   || ||||| ||   |   |  ||  ||||||||  | ||||| || || |||||||  ||  | |||||||| || || ||| |||| ||||||||||| || |||||| | |||||||</Hsp_midline>
    </Hsp>
    <Hsp>
      <Hsp_num>4</Hsp_num>
      <Hsp_bit-score>126.62</Hsp_bit-score>
      <Hsp_score>139</Hsp_score>
      <Hsp_evalue>1.95045e-23</Hsp_evalue>
      <Hsp_query-from>513</Hsp_query-from>
      <Hsp_query-to>730</Hsp_query-to>
      <Hsp_hit-from>27034506</Hsp_hit-from>
      <Hsp_hit-to>27034723</Hsp_hit-to>
      <Hsp_query-frame>1</Hsp_query-frame>
      <Hsp_hit-frame>1</Hsp_hit-frame>
      <Hsp_identity>165</Hsp_identity>
      <Hsp_positive>165</Hsp_positive>
      <Hsp_gaps>14</Hsp_gaps>
      <Hsp_align-len>225</Hsp_align-len>
      <Hsp_qseq>CAAAACGACTGGTACTTCTTCAGCCACAAGGACAAGAAGTATCCAACCGGGACCAGGACGAACCGGGCAACAGTCGCTGGATTCTGGAAAGCTACCGGACGTGACAA-----AATCATC-TGCAGTTGTGTCCGGAGAATTGGACTGAGGAAGACACTCGTGTTCTACAAAGGAAGAGCTCCTCACGGTCAGAAA-TCCGACTGGATCATGCATGAGTATCGCCT</Hsp_qseq>
      <Hsp_hseq>CAAAACGAATGGTACTTCTTTAGTCATAAGGACAGGAAGTACCCGACCGGGACTAGGACCAACCGAGCCACTGCGGCTGGGTTCTGGAAAGCCACGGGTAGAGACAAGGCGGTACTATCAAAGAACAGTGTC------ATCGGAATGCGGAAGACACTTGTCTACTACAAGGGTCGAGCTCCTAATGG-AAGAAAGTCCGATTGGATCATGCACGAATACCGTCT</Hsp_hseq>
      <Hsp_midline>|||||||| ||||||||||| || || ||||||| |||||| || |||||||| ||||| ||||| || || |  ||||| ||||||||||| || ||  | |||||      |  |||    |   |||||      || ||| || |||||||||| || | |||||| ||  |||||||| | ||  ||||| ||||| ||||||||||| || || || ||</Hsp_midline>
    </Hsp>
    <Hsp>
      <Hsp_num>5</Hsp_num>
      <Hsp_bit-score>125.719</Hsp_bit-score>
      <Hsp_score>138</Hsp_score>
      <Hsp_evalue>1.95045e-23</Hsp_evalue>
      <Hsp_query-from>519</Hsp_query-from>
      <Hsp_query-to>728</Hsp_query-to>
      <Hsp_hit-from>4145311</Hsp_hit-from>
      <Hsp_hit-to>4145102</Hsp_hit-to>
      <Hsp_query-frame>1</Hsp_query-frame>
      <Hsp_hit-frame>-1</Hsp_hit-frame>
      <Hsp_identity>156</Hsp_identity>
      <Hsp_positive>156</Hsp_positive>
      <Hsp_gaps>4</Hsp_gaps>
      <Hsp_align-len>212</Hsp_align-len>
      <Hsp_qseq>GACTGGTACTTCTTCAGCCACAAGGACAAGAAGTATCCAACCGGGACCAGGACGAACCGGGCAACAGTCGCTGGATTCTGGAAAGCTACCGGACGTGACAAAATCATCTGCAGTTGTGTC--CGGAGAATTGGACTGAGGAAGACACTCGTGTTCTACAAAGGAAGAGCTCCTCACGGTCAGAAATCCGACTGGATCATGCATGAGTATCGC</Hsp_qseq>
      <Hsp_hseq>GATTGGTACTTCTTTAGCCATAAAGACAAGAAGTATCCCACAGGGACTCGAACCAATAGAGCAACAAAAGCAGGGTTTTGGAAAGCCACCGGAAGAGATAAGGCTATCT--ATTTGAGGCATAGTCTAATTGGCATGAGGAAAACACTTGTGTTTTACAAGGGAAGAGCCCCAAATGGACAAAAGTCTGATTGGATCATGCACGAATACCGC</Hsp_hseq>
      <Hsp_midline>|| ||||||||||| ||||| || |||||||||||||| || |||||  | || ||  | ||||||   || || || |||||||| |||||| | || ||    ||||  | ||| | |   |   ||||||  ||||||| ||||| ||||| ||||| |||||||| ||  | || || || || || ||||||||||| || || |||</Hsp_midline>
    </Hsp>
    <Hsp>
      <Hsp_num>6</Hsp_num>
      <Hsp_bit-score>120.309</Hsp_bit-score>
      <Hsp_score>132</Hsp_score>
      <Hsp_evalue>8.29352e-22</Hsp_evalue>
      <Hsp_query-from>518</Hsp_query-from>
      <Hsp_query-to>728</Hsp_query-to>
      <Hsp_hit-from>23149138</Hsp_hit-from>
      <Hsp_hit-to>23148928</Hsp_hit-to>
      <Hsp_query-frame>1</Hsp_query-frame>
      <Hsp_hit-frame>-1</Hsp_hit-frame>
      <Hsp_identity>153</Hsp_identity>
      <Hsp_positive>153</Hsp_positive>
      <Hsp_gaps>0</Hsp_gaps>
      <Hsp_align-len>211</Hsp_align-len>
      <Hsp_qseq>CGACTGGTACTTCTTCAGCCACAAGGACAAGAAGTATCCAACCGGGACCAGGACGAACCGGGCAACAGTCGCTGGATTCTGGAAAGCTACCGGACGTGACAAAATCATCTGCAGTTGTGTCCGGAGAATTGGACTGAGGAAGACACTCGTGTTCTACAAAGGAAGAGCTCCTCACGGTCAGAAATCCGACTGGATCATGCATGAGTATCGC</Hsp_qseq>
      <Hsp_hseq>CGAATGGTACTTCTTTAGTCATAAAGACAAGAAGTATCCCACGGGAACTCGAACCAATAGAGCCACGAAAGCAGGATTTTGGAAAGCCACTGGAAGAGACAAGGCTATATATATAAGACATAGTCTTATCGGTATGAGGAAAACACTTGTGTTTTACAAAGGAAGAGCCCCAAATGGTCAGAAATCCGATTGGATCATGCACGAATATCGC</Hsp_hseq>
      <Hsp_midline>||| ||||||||||| || || || |||||||||||||| || || ||  | || ||  | || ||    || ||||| |||||||| || ||| | |||||    || |  |   |     |    || ||  ||||||| ||||| ||||| |||||||||||||| ||  | |||||||||||||| ||||||||||| || ||||||</Hsp_midline>
    </Hsp>
    <Hsp>
      <Hsp_num>7</Hsp_num>
      <Hsp_bit-score>98.6682</Hsp_bit-score>
      <Hsp_score>108</Hsp_score>
      <Hsp_evalue>2.71117e-15</Hsp_evalue>
      <Hsp_query-from>514</Hsp_query-from>
      <Hsp_query-to>731</Hsp_query-to>
      <Hsp_hit-from>26086297</Hsp_hit-from>
      <Hsp_hit-to>26086514</Hsp_hit-to>
      <Hsp_query-frame>1</Hsp_query-frame>
      <Hsp_hit-frame>1</Hsp_hit-frame>
      <Hsp_identity>156</Hsp_identity>
      <Hsp_positive>156</Hsp_positive>
      <Hsp_gaps>6</Hsp_gaps>
      <Hsp_align-len>221</Hsp_align-len>
      <Hsp_qseq>AAAACGACTGGTACTTCTTCAGCCACAAGGACAAGAAGTATCCAACCGGGACCAGGACGAACCGGGCAACAGTCGCTGGATTCTGGAAAGCTACCGGACGTGACAAAATCATCTGCAGTTGTGTCCGGAGAA---TTGGACTGAGGAAGACACTCGTGTTCTACAAAGGAAGAGCTCCTCACGGTCAGAAATCCGACTGGATCATGCATGAGTATCGCCTC</Hsp_qseq>
      <Hsp_hseq>AAAATGAGTGGTATTTCTTCAGCCCTAGAGAAAGAAAATATCCAAACGGAGTCAGACCAAACCGGGCAGCTGTTTCCGGTTATTGGAAAGCAACCGGTACAGACAAAGCCATTCACAGCGGT-TC--GAGTAACGTAGGTGTCAAGAAAGCTCTCGTCTTCTACAAAGGTAGACCTCCTAAAGGAATCAAAACTGACTGGATCATGCATGAGTATCGTCTC</Hsp_hseq>
      <Hsp_midline>|||| || ||||| ||||||||||  |  || |  || ||||||| |||   |||  | ||||||||| | ||  | || |  |||||||| |||||    ||||||  |||   |||  || ||  ||| |   | ||  | | |||  | ||||| ||||||||||| ||| ||||| | ||    ||| | ||||||||||||||||||||||| |||</Hsp_midline>
    </Hsp>
    <Hsp>
      <Hsp_num>8</Hsp_num>
      <Hsp_bit-score>89.6514</Hsp_bit-score>
      <Hsp_score>98</Hsp_score>
      <Hsp_evalue>1.40442e-12</Hsp_evalue>
      <Hsp_query-from>519</Hsp_query-from>
      <Hsp_query-to>733</Hsp_query-to>
      <Hsp_hit-from>28638500</Hsp_hit-from>
      <Hsp_hit-to>28638280</Hsp_hit-to>
      <Hsp_query-frame>1</Hsp_query-frame>
      <Hsp_hit-frame>-1</Hsp_hit-frame>
      <Hsp_identity>153</Hsp_identity>
      <Hsp_positive>153</Hsp_positive>
      <Hsp_gaps>6</Hsp_gaps>
      <Hsp_align-len>221</Hsp_align-len>
      <Hsp_qseq>GACTGGTACTTCTTCAGCCACAAGGACAAGAAGTATCCAACCGGGACCAGGACGAACCGGGCAACAGTCGCTGGATTCTGGAAAGCTACCGGACGTGACAA---AATCATCT---GCAGTTGTGTCCGGAGAATTGGACTGAGGAAGACACTCGTGTTCTACAAAGGAAGAGCTCCTCACGGTCAGAAATCCGACTGGATCATGCATGAGTATCGCCTCGA</Hsp_qseq>
      <Hsp_hseq>GAGTGGTACTTTTATAGTCTAAGGGACAGGAAATATCCGACAGGTTTGAGGACTAACAGAGCAACTACTGCTGGATACTGGAAAGCTACCGGCAAAGATAAGGAAGTCTTCTCCGGCGGAGGAGGACAGCTTGTTGGGATGAAGAAGACGTTGGTGTTCTACAAAGGTAGGGCTCCACGTGGCCTCAAGACTAAGTGGGTCATGCATGAGTATCGCCTCGA</Hsp_hseq>
      <Hsp_midline>|| |||||||| |  || |  | ||||| ||| ||||| || ||    ||||| ||| | |||||    ||||||| |||||||||||||||    || ||   | || |||   || |  | |  | |    ||||  ||| ||||||  | |||||||||||||| || ||||| |  || |  ||  |  | ||| ||||||||||||||||||||||</Hsp_midline>
    </Hsp>
    <Hsp>
      <Hsp_num>9</Hsp_num>
      <Hsp_bit-score>87.848</Hsp_bit-score>
      <Hsp_score>96</Hsp_score>
      <Hsp_evalue>4.9019e-12</Hsp_evalue>
      <Hsp_query-from>250</Hsp_query-from>
      <Hsp_query-to>397</Hsp_query-to>
      <Hsp_hit-from>29920763</Hsp_hit-from>
      <Hsp_hit-to>29920616</Hsp_hit-to>
      <Hsp_query-frame>1</Hsp_query-frame>
      <Hsp_hit-frame>-1</Hsp_hit-frame>
      <Hsp_identity>108</Hsp_identity>
      <Hsp_positive>108</Hsp_positive>
      <Hsp_gaps>0</Hsp_gaps>
      <Hsp_align-len>148</Hsp_align-len>
      <Hsp_qseq>GTGCCTCCAGGTTTCAGATTCCATCCCACCGAAGAAGAACTTCTCCATTACTATCTCCGTAAGAAAGTTAACTCTCAAAAGATCGATCTTGATGTCATTCGTGAAGTTGATCTAAACAAGCTTGAGCCTTGGGATATTCAAGGTTAAA</Hsp_qseq>
      <Hsp_hseq>GTGCCTCCGGGATTCCGGTTTCATCCAACGGAGGAGGAGCTTCTTTACTATTACCTCAAGAAGAAGGTTTCTTATGAACCAATTGATTTAGATGTAATTAGAGAAGTTGATCTCAACAAGCTGGAACCTTGGGAACTTAAAGGTAAAA</Hsp_hseq>
      <Hsp_midline>|||||||| || ||| | || ||||| || || || || |||||  | || || |||   ||||| |||   | | ||   || ||| | ||||| ||| | ||||||||||| |||||||| || ||||||||  || ||||| |||</Hsp_midline>
    </Hsp>
    <Hsp>
      <Hsp_num>10</Hsp_num>
      <Hsp_bit-score>73.4211</Hsp_bit-score>
      <Hsp_score>80</Hsp_score>
      <Hsp_evalue>1.07972e-07</Hsp_evalue>
      <Hsp_query-from>514</Hsp_query-from>
      <Hsp_query-to>731</Hsp_query-to>
      <Hsp_hit-from>19551944</Hsp_hit-from>
      <Hsp_hit-to>19551727</Hsp_hit-to>
      <Hsp_query-frame>1</Hsp_query-frame>
      <Hsp_hit-frame>-1</Hsp_hit-frame>
      <Hsp_identity>149</Hsp_identity>
      <Hsp_positive>149</Hsp_positive>
      <Hsp_gaps>2</Hsp_gaps>
      <Hsp_align-len>219</Hsp_align-len>
      <Hsp_qseq>AAAACGACTGGTACTTCTTCAGCCACAAGGACAAGAAGTATCCAACCGGGACCAGGACGAACCGGGCAACAGTCGCTGGATTCTGGAAAGCTACCGG-ACGTGACAAAATCATCTGCAGTTGTGTCCGGAGAATTGGACTGAGGAAGACACTCGTGTTCTACAAAGGAAGAGCTCCTCACGGTCAGAAATCCGACTGGATCATGCATGAGTATCGCCTC</Hsp_qseq>
      <Hsp_hseq>AAAAAGAATGGTATTTTTTTAGTCCTAGGGATAGAAAATATCCAAACGGGTCAAGACCTAACCGGGTTGCCGGATCGGGTTATTGGAAAGCTACGGGTACG-GATAAAATAATCTCGACGGAAGGACAAAGAGTTGGTATTAAAAAAGCTTTGGTGTTTTACATCGGAAAAGCTCCTAAAGGTACTAAAACCAATTGGATCATGCATGAGTATCGTCTC</Hsp_hseq>
      <Hsp_midline>|||| || ||||| || || || |  | ||| |  || ||||||| |||| | ||  | |||||||   | |   | || |  ||||||||||| || ||| || ||||| ||||  |     |  |  ||| ||||  | |  ||  |  | ||||| ||||  |||| ||||||| | |||   ||| || | |||||||||||||||||||| |||</Hsp_midline>
    </Hsp>
    <Hsp>
      <Hsp_num>11</Hsp_num>
      <Hsp_bit-score>71.6177</Hsp_bit-score>
      <Hsp_score>78</Hsp_score>
      <Hsp_evalue>3.76858e-07</Hsp_evalue>
      <Hsp_query-from>519</Hsp_query-from>
      <Hsp_query-to>731</Hsp_query-to>
      <Hsp_hit-from>20124124</Hsp_hit-from>
      <Hsp_hit-to>20123912</Hsp_hit-to>
      <Hsp_query-frame>1</Hsp_query-frame>
      <Hsp_hit-frame>-1</Hsp_hit-frame>
      <Hsp_identity>152</Hsp_identity>
      <Hsp_positive>152</Hsp_positive>
      <Hsp_gaps>16</Hsp_gaps>
      <Hsp_align-len>221</Hsp_align-len>
      <Hsp_qseq>GACTGGTACTTCTTCAGCCACAAGG-ACAAGAAGTATCCAACCGGGACCAGGACGAACCGGGCAACAGTCGCTGGATTCTGGAAAGCTACCGGACGTGACAAAATCATCTGCAGTTGTGTC--CGGAGA-----ATTGGACTGAGGAAGACACTCGTGTTCTACAAAGGAAGAGCTCCTCACGGTCAGAAATCCGACTGGATCATGCATGAGTATCGCCTC</Hsp_qseq>
      <Hsp_hseq>GAATGGTACTTTTACAGC-ACAAGGGATAAGAAGTATCCAAATGGCTCTAGGACGAACCGTGCGACCCGAGCGGGTTACTGGAAGGCCACGGG----GA-AAGATC--GTACAGTAGAATCAAAGAAGATGAAGATGGGAATGAAGAAGACACTGGTTTATTATAGAGGAAGGGCTCCTCATGGCCTTCGTACTAATTGGGTCATGCATGAATATCGTCTC</Hsp_hseq>
      <Hsp_midline>|| |||||||| | |||| |||||| | |||||||||||||  ||  | ||||||||||| || ||    || || | |||||| || || ||    || || |||   | |||| |  ||   | |||     || ||| ||| ||||||||| || |  || | |||||| |||||||| || |      |  | ||| |||||||||| ||||| |||</Hsp_midline>
    </Hsp>
    <Hsp>
      <Hsp_num>12</Hsp_num>
      <Hsp_bit-score>70.716</Hsp_bit-score>
      <Hsp_score>77</Hsp_score>
      <Hsp_evalue>1.31536e-06</Hsp_evalue>
      <Hsp_query-from>516</Hsp_query-from>
      <Hsp_query-to>721</Hsp_query-to>
      <Hsp_hit-from>20795964</Hsp_hit-from>
      <Hsp_hit-to>20795759</Hsp_hit-to>
      <Hsp_query-frame>1</Hsp_query-frame>
      <Hsp_hit-frame>-1</Hsp_hit-frame>
      <Hsp_identity>139</Hsp_identity>
      <Hsp_positive>139</Hsp_positive>
      <Hsp_gaps>0</Hsp_gaps>
      <Hsp_align-len>206</Hsp_align-len>
      <Hsp_qseq>AACGACTGGTACTTCTTCAGCCACAAGGACAAGAAGTATCCAACCGGGACCAGGACGAACCGGGCAACAGTCGCTGGATTCTGGAAAGCTACCGGACGTGACAAAATCATCTGCAGTTGTGTCCGGAGAATTGGACTGAGGAAGACACTCGTGTTCTACAAAGGAAGAGCTCCTCACGGTCAGAAATCCGACTGGATCATGCATGA</Hsp_qseq>
      <Hsp_hseq>AAGGATTGGTATTTCTACAGCCAAAGAGACCGAAAATACGCGACGGGGCTGAGAACTAACCGAGCAACGGCCACCGGATATTGGAAAGCCACCGGCAAAGACAGAACCATTCTAAGAAAGGGTAAGCTAGTTGGGATGAGGAAGACATTGGTTTTCTATCAAGGTCGAGCTCCTCGAGGCCGTAAAACCGATTGGGTCATGCACGA</Hsp_hseq>
      <Hsp_midline>|| || ||||| |||| |||||| |  |||   || ||  | || |||   || || ||||| ||||| | | | ||||  |||||||| |||||    |||| || |||    ||    |    |  | ||||  ||||||||||| | || |||||  ||||  |||||||||  || |  ||| |||| ||| ||||||| ||</Hsp_midline>
    </Hsp>
    <Hsp>
      <Hsp_num>13</Hsp_num>
      <Hsp_bit-score>69.8143</Hsp_bit-score>
      <Hsp_score>76</Hsp_score>
      <Hsp_evalue>1.31536e-06</Hsp_evalue>
      <Hsp_query-from>251</Hsp_query-from>
      <Hsp_query-to>383</Hsp_query-to>
      <Hsp_hit-from>20124446</Hsp_hit-from>
      <Hsp_hit-to>20124314</Hsp_hit-to>
      <Hsp_query-frame>1</Hsp_query-frame>
      <Hsp_hit-frame>-1</Hsp_hit-frame>
      <Hsp_identity>95</Hsp_identity>
      <Hsp_positive>95</Hsp_positive>
      <Hsp_gaps>0</Hsp_gaps>
      <Hsp_align-len>133</Hsp_align-len>
      <Hsp_qseq>TGCCTCCAGGTTTCAGATTCCATCCCACCGAAGAAGAACTTCTCCATTACTATCTCCGTAAGAAAGTTAACTCTCAAAAGATCGATCTTGATGTCATTCGTGAAGTTGATCTAAACAAGCTTGAGCCTTGGGA</Hsp_qseq>
      <Hsp_hseq>TGCCTCCAGGATTCAGGTTTCATCCCACTGATGAAGAACTGGTGGCTTACTATCTTGATAGGAAGGTCAACGGCCAAGCCATTGAGCTCGAGATCATCCCAGAAGTTGATCTTTATAAATGCGAGCCATGGGA</Hsp_hseq>
      <Hsp_midline>|||||||||| ||||| || |||||||| || ||||||||  |   |||||||||   || ||| || |||   |||   || || || ||  |||| |  |||||||||||  | ||    ||||| |||||</Hsp_midline>
    </Hsp>
    <Hsp>
      <Hsp_num>14</Hsp_num>
      <Hsp_bit-score>67.1093</Hsp_bit-score>
      <Hsp_score>73</Hsp_score>
      <Hsp_evalue>1.60244e-05</Hsp_evalue>
      <Hsp_query-from>253</Hsp_query-from>
      <Hsp_query-to>311</Hsp_query-to>
      <Hsp_hit-from>26086043</Hsp_hit-from>
      <Hsp_hit-to>26086101</Hsp_hit-to>
      <Hsp_query-frame>1</Hsp_query-frame>
      <Hsp_hit-frame>1</Hsp_hit-frame>
      <Hsp_identity>50</Hsp_identity>
      <Hsp_positive>50</Hsp_positive>
      <Hsp_gaps>0</Hsp_gaps>
      <Hsp_align-len>59</Hsp_align-len>
      <Hsp_qseq>CCTCCAGGTTTCAGATTCCATCCCACCGAAGAAGAACTTCTCCATTACTATCTCCGTAA</Hsp_qseq>
      <Hsp_hseq>CCTCCAGGGTTCAGATTTCATCCTACCGACGAAGAACTCATCGTTTACTATCTCCGAAA</Hsp_hseq>
      <Hsp_midline>|||||||| |||||||| ||||| ||||| ||||||||  ||  |||||||||||| ||</Hsp_midline>
    </Hsp>
    <Hsp>
      <Hsp_num>15</Hsp_num>
      <Hsp_bit-score>63.5025</Hsp_bit-score>
      <Hsp_score>69</Hsp_score>
      <Hsp_evalue>0.000195217</Hsp_evalue>
      <Hsp_query-from>516</Hsp_query-from>
      <Hsp_query-to>736</Hsp_query-to>
      <Hsp_hit-from>274539</Hsp_hit-from>
      <Hsp_hit-to>274756</Hsp_hit-to>
      <Hsp_query-frame>1</Hsp_query-frame>
      <Hsp_hit-frame>1</Hsp_hit-frame>
      <Hsp_identity>148</Hsp_identity>
      <Hsp_positive>148</Hsp_positive>
      <Hsp_gaps>5</Hsp_gaps>
      <Hsp_align-len>222</Hsp_align-len>
      <Hsp_qseq>AACGACTGGTACTTCTTCAGCCACAAGGACAAGAAGTATCCAACCGGGACCAGGACGAACCGGGCAACAGTCGCTGGATTCTGGAAAGCTACCGGACGTGACAAAATCATCTG-CAGTTGTGTCCGGAGAATTGGACTGAGGAAGACACTCGTGTTCTACAAAGGAAGAGCTCCTCACGGTCAGAAATCCGACTGGATCATGCATGAGTATCGCCTCGACGA</Hsp_qseq>
      <Hsp_hseq>AAGGAATGGTACTTCTTCTCTCCCAGGGACAGAAAATATCCCAACGGTTCGCGTCCTAACCGGTCCGCTGGTTCTGGTTACTGGAAAGCTACCGGAGCTGATAAACCGATCGGACTACCTAAACCGG----TCGGAATTAAGAAAGCTCTTGTTTTCTACGCCGGCAAAGCTCCAAAGGGAGAGAAAACCAATTGGATCATGCACGAGTACCGTCTCGCCGA</Hsp_hseq>
      <Hsp_midline>|| || ||||||||||||   | || |||||  || ||||| | |||  |  |  | |||||| |  | |   |||| | ||||||||||||||||  ||| |||   ||| | |        ||||    | ||| | | |||  | || || ||||||   || | ||||||  | ||  ||||| || | ||||||||||| ||||| || |||| |||</Hsp_midline>
    </Hsp>
    <Hsp>
      <Hsp_num>16</Hsp_num>
      <Hsp_bit-score>62.6008</Hsp_bit-score>
      <Hsp_score>68</Hsp_score>
      <Hsp_evalue>0.000195217</Hsp_evalue>
      <Hsp_query-from>646</Hsp_query-from>
      <Hsp_query-to>724</Hsp_query-to>
      <Hsp_hit-from>12352390</Hsp_hit-from>
      <Hsp_hit-to>12352468</Hsp_hit-to>
      <Hsp_query-frame>1</Hsp_query-frame>
      <Hsp_hit-frame>1</Hsp_hit-frame>
      <Hsp_identity>61</Hsp_identity>
      <Hsp_positive>61</Hsp_positive>
      <Hsp_gaps>0</Hsp_gaps>
      <Hsp_align-len>79</Hsp_align-len>
      <Hsp_qseq>TTGGACTGAGGAAGACACTCGTGTTCTACAAAGGAAGAGCTCCTCACGGTCAGAAATCCGACTGGATCATGCATGAGTA</Hsp_qseq>
      <Hsp_hseq>TTGGACTCAAGAAGACTCTTGTTTTCTATAGAGGTCGTGCTCCTAATGGTGAGAGAACTGACTGGGTGATGCATGAGTA</Hsp_hseq>
      <Hsp_midline>||||||| | |||||| || || ||||| | |||  | |||||| | ||| ||| | | |||||| | |||||||||||</Hsp_midline>
    </Hsp>
    <Hsp>
      <Hsp_num>17</Hsp_num>
      <Hsp_bit-score>59.8958</Hsp_bit-score>
      <Hsp_score>65</Hsp_score>
      <Hsp_evalue>0.00237823</Hsp_evalue>
      <Hsp_query-from>549</Hsp_query-from>
      <Hsp_query-to>732</Hsp_query-to>
      <Hsp_hit-from>29074170</Hsp_hit-from>
      <Hsp_hit-to>29074350</Hsp_hit-to>
      <Hsp_query-frame>1</Hsp_query-frame>
      <Hsp_hit-frame>1</Hsp_hit-frame>
      <Hsp_identity>125</Hsp_identity>
      <Hsp_positive>125</Hsp_positive>
      <Hsp_gaps>5</Hsp_gaps>
      <Hsp_align-len>185</Hsp_align-len>
      <Hsp_qseq>AAGTATCCAACCGGGACCAGGACGAACCGGGCAACAGTCGCTGGATTCTGGAAAGCTACCGGACGTGACAAAATCATCTGCAGTTGT-GTCCGGAGAATTGGACTGAGGAAGACACTCGTGTTCTACAAAGGAAGAGCTCCTCACGGTCAGAAATCCGACTGGATCATGCATGAGTATCGCCTCG</Hsp_qseq>
      <Hsp_hseq>AAGTATCCAAACGGTTCAAGACCCAACCGTGCAGCTGGTACTGGATATTGGAAAGCTACCGGAGCTGATAAACCAATAGGTCGTCCTAAACCGG----TTGGTATTAAGAAGGCTCTAGTGTTTTACTCGGGAAAACCTCCAAATGGAGAGAAAACCAATTGGATTATGCACGAATACCGGCTCG</Hsp_hseq>
      <Hsp_midline>|||||||||| |||  | ||  | ||||| ||| | |   ||||||  |||||||||||||||  ||| |||   ||  |  ||  |   ||||    ||||  | | |||| | || ||||| |||   |||| | ||||  | ||  ||||| || | ||||| ||||| || || || ||||</Hsp_midline>
    </Hsp>
    <Hsp>
      <Hsp_num>18</Hsp_num>
      <Hsp_bit-score>52.6823</Hsp_bit-score>
      <Hsp_score>57</Hsp_score>
      <Hsp_evalue>0.352961</Hsp_evalue>
      <Hsp_query-from>251</Hsp_query-from>
      <Hsp_query-to>306</Hsp_query-to>
      <Hsp_hit-from>274292</Hsp_hit-from>
      <Hsp_hit-to>274347</Hsp_hit-to>
      <Hsp_query-frame>1</Hsp_query-frame>
      <Hsp_hit-frame>1</Hsp_hit-frame>
      <Hsp_identity>45</Hsp_identity>
      <Hsp_positive>45</Hsp_positive>
      <Hsp_gaps>0</Hsp_gaps>
      <Hsp_align-len>56</Hsp_align-len>
      <Hsp_qseq>TGCCTCCAGGTTTCAGATTCCATCCCACCGAAGAAGAACTTCTCCATTACTATCTC</Hsp_qseq>
      <Hsp_hseq>TGCCTCCAGGTTTCCGATTTCACCCTACCGATGAAGAGCTTGTCATGCACTATCTC</Hsp_hseq>
      <Hsp_midline>|||||||||||||| |||| || || ||||| ||||| ||| ||    ||||||||</Hsp_midline>
    </Hsp>
  </Hit_hsps>
</Hit>
<Hit>
  <Hit_num>17</Hit_num>
  <Hit_id>gi|1731305461|emb|LR699755.1|</Hit_id>
  <Hit_def>Arabidopsis thaliana genome assembly, chromosome: 1</Hit_def>
  <Hit_accession>LR699755</Hit_accession>
  <Hit_len>29653075</Hit_len>
  <Hit_hsps>
    <Hsp>
      <Hsp_num>1</Hsp_num>
      <Hsp_bit-score>3397.03</Hsp_bit-score>
      <Hsp_score>3766</Hsp_score>
      <Hsp_evalue>0</Hsp_evalue>
      <Hsp_query-from>1</Hsp_query-from>
      <Hsp_query-to>1926</Hsp_query-to>
      <Hsp_hit-from>11827305</Hsp_hit-from>
      <Hsp_hit-to>11825377</Hsp_hit-to>
      <Hsp_query-frame>1</Hsp_query-frame>
      <Hsp_hit-frame>-1</Hsp_hit-frame>
      <Hsp_identity>1915</Hsp_identity>
      <Hsp_positive>1915</Hsp_positive>
      <Hsp_gaps>13</Hsp_gaps>
      <Hsp_align-len>1934</Hsp_align-len>
      <Hsp_qseq>AAAGACACTTTAATGCATGAACTTCTTTGTTTAAATAACAATTTCCCCCTTTTGGGGGCTATGTCTCGTCGAGTCCTACCACCATTATAAATTATCTCATCGTTTGCTTTCTTTTTTTTAAGTTGTAACCATTTCCACTCGTAATCATACAACTTCTCTACTCTTCTAGAGCAAAAACCCAAAAATATATTGCTATCTTCGTTAATGGCTGATAATAAGGTCAATCTTTCGATTAATGGACAATCAAAAGTGCCTCCAGGTTTCAGATTCCATCCCACCGAAGAAGAACTTCTCCATTACTATCTCCGTAAGAAAGTTAACTCTCAAAAGATCGATCTTGATGTCATTCGTGAAGTTGATCTAAACAAGCTTGAGCCTTGGGATATTCAAGGTTAAACCCTAAATATGAAAAAAAACTCTTTCATTTCTACGAACTCTCTATTTCTTTGTTCTTTATTTTTGAACCATTTTGGTATGCAAATGCAGAGGAATGTAGAATCGGTTCAACGCCACAAAACGACTGGTACTTCTTCAGCCACAAGGACAAGAAGTATCCAACCGGGACCAGGACGAACCGGGCAACAGTCGCTGGATTCTGGAAAGCTACCGGACGTGACAAAATCATCTGCAGTTGTGTCCGGAGAATTGGACTGAGGAAGACACTCGTGTTCTACAAAGGAAGAGCTCCTCACGGTCAGAAATCCGACTGGATCATGCATGAGTATCGCCTCGACGATACTCCAATGTCTAATGTAAGTATATATAGCAATCATCAATTTGCAGTTTAGGTTAGAATAAACAAATTACAAACTTATAGTCAAAGAATTAGCTAGATTCGTTTCATGCTATAAAAGGTTTTGGTTCATTTAGTACGCACTAGAGCCTTCTTTTAGCATCTGCAATTAAAGTAATCGAACATGATTCTCTGAGTTACAATAAGATAATTTCTTATGAAATTAACACATCATATATACATTTATATAAAAAGATTTTTTCACAAGGCTTAAAATAGTTTAACACGGCTCTACAAACAATACGTAGTTAACTAGTTATGGTTGCATATCCAAAAGAAAAACCAACATAAAAGATTTTTTTTTTTGTTTCAAAATAAAAGTTGCATTTTTACATCATCAAGATTTAATCATCTCTTATTGCATTTCATAAGATCGATTTGTGTTCCATTATCAGGGCTATGCTGATGTTGTTACAGAAGATCCAATGAGCTATAACGAAGAAGGTTGGGTGGTATGTCGAGTGTTCAGGAAGAAGAACTATCAAAAGATTGACGATTGTCCTAAAATCACTCTATCTTCTTTACCTGATGACACGGAGGAAGAGAAGGGGCCCACCTTTCACAACACTCAAAACGTTACCGGTTTAGACCATGTTCTTCTCTACATGGACCGTACCGGTTCTAACATTTGCATGCCCGAGAGCCAAACAACGACTCAACATCAAGATGATGTCTTATTCATGCAACTCCCAAGTCTTGAGACACCTAAATCCGAGAGCCCGGTCGACCAAAGTTTCCTGACTCCAAGCAAACTCGATTTCTCTCCCGTTCAAGAGAAGATAACCGAAAGACCGGTTTGCAGCAACTGGGCTAGTCTTGACCGGCTCGTAGCTTGGCAATTGAACAATGGTCATCATAATCCGTGTCATCGTAAGAGTTTTGATGAAGAAGAAGAAAATGGTGATACTATGATGCAGCGATGGGATCTTCATTGGAATAATGATGATAATGTTGATCTTTGGAGTAGTTTCACTGAGTCTTCTTCGTCTTTAGACCCACTTCTTCATTTATCTGTATGATTATCTA--------TACATACACATACACAAAATATAAAATAAAGTTTGTTAAAAAATGTCTCATGTTCTATTGATAGTACGTCTTGATTTTGGGGTTTAACATTTGTTAATGGTGGAGGG</Hsp_qseq>
      <Hsp_hseq>AAAGACACTTTAATGCATGAACTTCTTTGTTTAAATAATAATTTCCCCCTTTTGGGGGCTATGTCTCGTCGAGTCCTACCACCATTATAAATTATCTCATCGTTTGCTTTCTTTTTTTTAAGTTGTAACCATTTCCACTCGTAATCATACAACTTCTCTACTCTTCTAGAGCAAAAACCCAAAAATACATTGCTATCTTCGTTAATGGCTGATAATAAGGTCAATCTTTCGATTAATGGACAATCAAAAGTGCCTCCAGGTTTCAGATTCCATCCCACCGAAGAAGAACTTCTCCATTACTATCTCCGTAAGAAAGTTAACTCTCAAAAGATCGATCTTGATGTCATTCGTGAAGTTGATCTAAACAAGCTTGAGCCTTGGGATATTCAAGGTTAAACCCTAAATATGAAAAAA--CTCTTTCATTTCTACAAACTCTCT--TTCTTTGTTCTTTATTTT-GAACCATTTTGGTATGGAAATGCAGAGGAATGTAGAATCGGTTCAACGCCACAAAACGACTGGTACTTCTTCAGCCACAAGGACAAGAAGTATCCAACCGGGACCAGGACGAACCGGGCAACAGTCGCTGGATTCTGGAAAGCTACCGGACGTGACAAAATCATCTGCAGTTGTGTCCGGAGAATTGGACTGAGGAAGACACTCGTGTTCTACAAAGGAAGAGCTCCTCACGGTCAGAAATCCGACTGGATCATGCATGAGTATCGCCTCGACGATACTCCAATGTCTAATGTAAGTATATATAGCAATCATCAATTTGCAGTTTAGGTTAGAATAAACAAATTACAAACTTATAGTCAAAGAATTAGCTAGATTCGTTTCATGCTATAAAAGGTTTTGGTTCATTTAGTACGCACTAGAGCCTTCTTTTAGCATCTGCAATTAAAGTAATCGAACATGATTCTCTGAGTTACAATAAGATAATTTCTTATGAAATTAACACATCATATATACATTTATATAAAAAGATTTTTTCACAAGGCTTAAAATAGTTTAACACGGCTCTACAAACAATACGTAGTTAACTAGTTATGGTTGCATATCCAAAAGAAAAACCAACATAAAAGATTTTTTTTTTTGTTTCAAAATAAAAGTTGCATTTTTACATCATCAAGATTTAATCATCTCTTATTGCATTTCATAAGATCGATTTGTGTTCCATTATCAGGGCTATGCTGATGTTGTTACAGAAGATCCAATGAGCTATAACGAAGAAGGTTGGGTGGTATGTCGAGTGTTCAGGAAGAAGAACTATCAAAAGATTGACGATTGTCCTAAAATCACTCTATCTTCTTTACCTGATGACACGGAGGAAGAGAAGAGGCCCACCTTTCACAACACTCAAAACGTTACCGGTTTAGACCATGTTCTTCTCTACATGGACCGTACCGGTTCTAACATTTGCATGCCCGAGAGCCAAACAACGACTCAACATCAAGATGATGTCTTATTCATGCAACTTCCAAGTCTTGAGACACCTAAATCCGAGAGCCCGGTCGACCAAAGTTTCCTGACTCCAAGCAAACTCGATTTCTCTCCCGTTCAAGAGAAGATAACCGAAAGACCGGTTTGCAGCAACTGGGCTAGTCTTGACCGGCTCGTAGCTTGGCAATTGAACAATGGTCATCATAATCCGTGTCATCGTAAGAGTTTTGATGAAGAAGAAGAAAATGGTGATACTATGATGCAGCGATGGGATCTTCATTGGAATAATGATGATAATGTTGATCTTTGGAGTAGTTTCACTGAGTCTTCTTCGTCTTTAGACCCACTTCTTCATTTATCTGTATGATTATCTATACAAATATACATACACATACACAAAATATAAAATAAAGTTTGTTAAAAAATGTCTCATGTTCTATTGATAGTACGTCTTGATTTTGGGGTTTAACATTTGTTAATGGTGGAGGG</Hsp_hseq>
      <Hsp_midline>|||||||||||||||||||||||||||||||||||||| |||||||||||||||||||||||||||||||||||||||||||||||||||||||||||||||||||||||||||||||||||||||||||||||||||||||||||||||||||||||||||||||||||||||||||||||||||| ||||||||||||||||||||||||||||||||||||||||||||||||||||||||||||||||||||||||||||||||||||||||||||||||||||||||||||||||||||||||||||||||||||||||||||||||||||||||||||||||||||||||||||||||||||||||||||||||||||||||||||||||||||||||||||||||||  ||||||||||||||| ||||||||  |||||||||||||||||| |||||||||||||||| ||||||||||||||||||||||||||||||||||||||||||||||||||||||||||||||||||||||||||||||||||||||||||||||||||||||||||||||||||||||||||||||||||||||||||||||||||||||||||||||||||||||||||||||||||||||||||||||||||||||||||||||||||||||||||||||||||||||||||||||||||||||||||||||||||||||||||||||||||||||||||||||||||||||||||||||||||||||||||||||||||||||||||||||||||||||||||||||||||||||||||||||||||||||||||||||||||||||||||||||||||||||||||||||||||||||||||||||||||||||||||||||||||||||||||||||||||||||||||||||||||||||||||||||||||||||||||||||||||||||||||||||||||||||||||||||||||||||||||||||||||||||||||||||||||||||||||||||||||||||||||||||||||||||||||||||||||||||||||||||||||||||||||||||||||||||||||||||||||||||||||||||||||||||||||||||||||||||||||||||||||||||||||||||||||||||||||||||||||||||||||||||||||||||||||||||||||||||||||||||||||||||||||||||||||||||||||||||||||||||||||||||||||||||||||||||| ||||||||||||||||||||||||||||||||||||||||||||||||||||||||||||||||||||||||||||||||||||||||||||||||||||||||||||||||||||||||||||||||||||||||||| |||||||||||||||||||||||||||||||||||||||||||||||||||||||||||||||||||||||||||||||||||||||||||||||||||||||||||||||||||||||||||||||||||||||||||||||||||||||||||||||||||||||||||||||||||||||||||||||||||||||||||||||||||||||||||||||||||||||||||||||||||||||||||||||||||||||||||||||||||||||||||||||||||||||||||||||||||||||||||||||||||||||||||||||||        |||||||||||||||||||||||||||||||||||||||||||||||||||||||||||||||||||||||||||||||||||||||||||||||||||||||||||</Hsp_midline>
    </Hsp>
    <Hsp>
      <Hsp_num>2</Hsp_num>
      <Hsp_bit-score>201.46</Hsp_bit-score>
      <Hsp_score>222</Hsp_score>
      <Hsp_evalue>3.08798e-46</Hsp_evalue>
      <Hsp_query-from>250</Hsp_query-from>
      <Hsp_query-to>765</Hsp_query-to>
      <Hsp_hit-from>12034049</Hsp_hit-from>
      <Hsp_hit-to>12034562</Hsp_hit-to>
      <Hsp_query-frame>1</Hsp_query-frame>
      <Hsp_hit-frame>1</Hsp_hit-frame>
      <Hsp_identity>362</Hsp_identity>
      <Hsp_positive>362</Hsp_positive>
      <Hsp_gaps>16</Hsp_gaps>
      <Hsp_align-len>523</Hsp_align-len>
      <Hsp_qseq>GTGCCTCCAGGTTTCAGATTCCATCCCACCGAAGAAGAACTTCTCCATTACTATCTCCGTAAGAAAGTTAACTCTCAAAAGATCGATCTTGATGTCATTCGTGAAGTTGATCTAAACAAGCTTGAGCCTTGGGATATTCAAGGTTAAACCCTAAATATGAAAAAAAACTCTTTCATTTCTACGAACTCTCTATTTCTTTGTTCTTTATTTTTGAAC--CATTTTGGTAT--GCAAATGCAGAGGAATGTAGAATCGGTTCAACGCCACAAAACGACTGGTACTTCTTCAGCCACAAGGACAAGAAGTATCCAACCGGGACCAGGACGAACCGGGCAACAGTCGCTGGATTCTGGAAAGCTACCGGACGTGACAAAATCATCTGCAGTTGTGTCCGGAGAATTGGACTGAGGAAGACACTCGTGTTCTACAAAGGAAGAGCTCCTCACGGTCAGAAATCCGACTGGATCATGCATGAGTATCGCCTCGACGATACTCCA-ATG--TCTAATGTAAGTATATATA</Hsp_qseq>
      <Hsp_hseq>GTACCGCCTGGTTTTCGGTTTCATCCAACGGACGAAGAACTTCTTCATTACTACTTGAAGAAGAAGATTTCTTATGAAAAGTTTGAGATGGAAGTCATCAAAGAGGTTGATTTGAACAAGATTGAGCCGTGGGATTTACAAGGTACGTTCTTT--TATTAATAATACATATACGAT-----CCAATCCTCTAGTTATAT--TAGATACTATACAAAAGCATTTTTGTTTTTGTTTTTGTAGATAGATGCAAAATAGGATCAACGCCACAAAATGAGTGGTATTTCTTCAGCCACAAGGATAGGAAATATCCGACAGGGTCAAGGACAAACCGTGCAACCCACTCCGGTTTTTGGAAGGCGACAGGACGTGACAAATGCATAAGAAATTCTTACAAGAAGATCGGCATGAGGAAGACTCTTGTATTCTACAAAGGAAGAGCTCCTCATGGCCAAAAGACAGATTGGATCATGCACGAGTACCGTATCGAAGACACTGAAGATGACCCTTGTGTATGTATATATA</Hsp_hseq>
      <Hsp_midline>|| || || |||||  | || ||||| || || ||||||||||| ||||||||  |    |||||  ||   | | ||||| | ||  | || |||||    || |||||| | |||||| ||||||| |||||| | ||||||     | |   ||| || || |  | |   ||     | ||  ||||| || | |  |   || | |  ||   |||||| || |  |    || |||   ||| | ||| || |||||||||||||| || ||||| ||||||||||||||||| | ||| ||||| || ||| | ||||| ||||| |||||   | | || || ||||| || || ||||||||||||  |||  | | || |  |  ||  || ||  |||||||||| || || ||||||||||||||||||||||| || || ||  | || ||||||||||| ||||| ||  |||| || |||  | |||   ||  |||| |||||||||</Hsp_midline>
    </Hsp>
    <Hsp>
      <Hsp_num>3</Hsp_num>
      <Hsp_bit-score>189.738</Hsp_bit-score>
      <Hsp_score>209</Hsp_score>
      <Hsp_evalue>1.94873e-42</Hsp_evalue>
      <Hsp_query-from>481</Hsp_query-from>
      <Hsp_query-to>738</Hsp_query-to>
      <Hsp_hit-from>29173347</Hsp_hit-from>
      <Hsp_hit-to>29173087</Hsp_hit-to>
      <Hsp_query-frame>1</Hsp_query-frame>
      <Hsp_hit-frame>-1</Hsp_hit-frame>
      <Hsp_identity>201</Hsp_identity>
      <Hsp_positive>201</Hsp_positive>
      <Hsp_gaps>5</Hsp_gaps>
      <Hsp_align-len>262</Hsp_align-len>
      <Hsp_qseq>ATGCAGAGGAATGTAGAATCGGTTCAACGCCACAAAACGACTGGTACTTCTTCAGCCACAAGGACAAGAAGTATCCAACCGGGACCAGGACGAACCGGGCAACAGTCGCTGGATTCTGGAAAGCTACCGGACGTGACAAA---AT-CATCTGCAGTTGTGTCCGGAGAATTGGACTGAGGAAGACACTCGTGTTCTACAAAGGAAGAGCTCCTCACGGTCAGAAATCCGACTGGATCATGCATGAGTATCGCCTCGACGATA</Hsp_qseq>
      <Hsp_hseq>ATGTAGAGAAATGCAGAATCGGGTCGGGTCCTCAAAACGAGTGGTATTTCTTTAGCCACAAGGACAAGAAATATCCGACTGGGACCCGAACGAACCGGGCGACAGCAGCCGGGTTCTGGAAAGCTACTGGTAGAGACAAATCCATACATCT-CAACAGCTCCAAGAAGATTGGACTTCGTAAGACTCTTGTCTTCTACACTGGTCGTGCTCCTCATGGCCAAAAAACCGAATGGATCATGCACGAATATCGCTTGGACGATA</Hsp_hseq>
      <Hsp_midline>||| |||| |||| |||||||| ||    || |||||||| ||||| ||||| ||||||||||||||||| ||||| || |||||| | ||||||||||| ||||  || || |||||||||||||| ||  | ||||||   || ||||| ||   |   |  ||  ||||||||  | ||||| || || |||||||  ||  | |||||||| || || ||| |||| ||||||||||| || |||||| | |||||||</Hsp_midline>
    </Hsp>
    <Hsp>
      <Hsp_num>4</Hsp_num>
      <Hsp_bit-score>128.424</Hsp_bit-score>
      <Hsp_score>141</Hsp_score>
      <Hsp_evalue>5.58813e-24</Hsp_evalue>
      <Hsp_query-from>513</Hsp_query-from>
      <Hsp_query-to>731</Hsp_query-to>
      <Hsp_hit-from>26315476</Hsp_hit-from>
      <Hsp_hit-to>26315694</Hsp_hit-to>
      <Hsp_query-frame>1</Hsp_query-frame>
      <Hsp_hit-frame>1</Hsp_hit-frame>
      <Hsp_identity>166</Hsp_identity>
      <Hsp_positive>166</Hsp_positive>
      <Hsp_gaps>14</Hsp_gaps>
      <Hsp_align-len>226</Hsp_align-len>
      <Hsp_qseq>CAAAACGACTGGTACTTCTTCAGCCACAAGGACAAGAAGTATCCAACCGGGACCAGGACGAACCGGGCAACAGTCGCTGGATTCTGGAAAGCTACCGGACGTGACAA-----AATCATC-TGCAGTTGTGTCCGGAGAATTGGACTGAGGAAGACACTCGTGTTCTACAAAGGAAGAGCTCCTCACGGTCAGAAA-TCCGACTGGATCATGCATGAGTATCGCCTC</Hsp_qseq>
      <Hsp_hseq>CAAAACGAGTGGTACTTCTTTAGTCATAAGGACAGGAAGTACCCTACCGGGACTAGGACCAACCGAGCCACCGCGGCTGGGTTCTGGAAAGCCACGGGTAGAGACAAGGCGGTACTATCAAAGAACAGTGTC------ATCGGAATGCGGAAGACACTTGTCTACTACAAGGGTCGAGCTCCTAATGG-AAGAAAGTCCGATTGGATCATGCACGAATACCGTCTC</Hsp_hseq>
      <Hsp_midline>|||||||| ||||||||||| || || ||||||| |||||| || |||||||| ||||| ||||| || || |  ||||| ||||||||||| || ||  | |||||      |  |||    |   |||||      || ||| || |||||||||| || | |||||| ||  |||||||| | ||  ||||| ||||| ||||||||||| || || || |||</Hsp_midline>
    </Hsp>
    <Hsp>
      <Hsp_num>5</Hsp_num>
      <Hsp_bit-score>125.719</Hsp_bit-score>
      <Hsp_score>138</Hsp_score>
      <Hsp_evalue>1.95045e-23</Hsp_evalue>
      <Hsp_query-from>519</Hsp_query-from>
      <Hsp_query-to>728</Hsp_query-to>
      <Hsp_hit-from>4151692</Hsp_hit-from>
      <Hsp_hit-to>4151483</Hsp_hit-to>
      <Hsp_query-frame>1</Hsp_query-frame>
      <Hsp_hit-frame>-1</Hsp_hit-frame>
      <Hsp_identity>156</Hsp_identity>
      <Hsp_positive>156</Hsp_positive>
      <Hsp_gaps>4</Hsp_gaps>
      <Hsp_align-len>212</Hsp_align-len>
      <Hsp_qseq>GACTGGTACTTCTTCAGCCACAAGGACAAGAAGTATCCAACCGGGACCAGGACGAACCGGGCAACAGTCGCTGGATTCTGGAAAGCTACCGGACGTGACAAAATCATCTGCAGTTGTGTC--CGGAGAATTGGACTGAGGAAGACACTCGTGTTCTACAAAGGAAGAGCTCCTCACGGTCAGAAATCCGACTGGATCATGCATGAGTATCGC</Hsp_qseq>
      <Hsp_hseq>GATTGGTACTTCTTTAGCCATAAAGACAAGAAGTATCCCACAGGGACTCGAACCAATAGAGCAACAAAAGCAGGGTTTTGGAAAGCCACCGGAAGAGATAAGGCTATCT--ATTTGAGGCATAGTCTAATTGGCATGAGGAAAACACTTGTGTTTTACAAGGGAAGAGCCCCAAATGGACAAAAGTCTGATTGGATCATGCACGAATACCGC</Hsp_hseq>
      <Hsp_midline>|| ||||||||||| ||||| || |||||||||||||| || |||||  | || ||  | ||||||   || || || |||||||| |||||| | || ||    ||||  | ||| | |   |   ||||||  ||||||| ||||| ||||| ||||| |||||||| ||  | || || || || || ||||||||||| || || |||</Hsp_midline>
    </Hsp>
    <Hsp>
      <Hsp_num>6</Hsp_num>
      <Hsp_bit-score>120.309</Hsp_bit-score>
      <Hsp_score>132</Hsp_score>
      <Hsp_evalue>8.29352e-22</Hsp_evalue>
      <Hsp_query-from>518</Hsp_query-from>
      <Hsp_query-to>728</Hsp_query-to>
      <Hsp_hit-from>22409496</Hsp_hit-from>
      <Hsp_hit-to>22409286</Hsp_hit-to>
      <Hsp_query-frame>1</Hsp_query-frame>
      <Hsp_hit-frame>-1</Hsp_hit-frame>
      <Hsp_identity>153</Hsp_identity>
      <Hsp_positive>153</Hsp_positive>
      <Hsp_gaps>0</Hsp_gaps>
      <Hsp_align-len>211</Hsp_align-len>
      <Hsp_qseq>CGACTGGTACTTCTTCAGCCACAAGGACAAGAAGTATCCAACCGGGACCAGGACGAACCGGGCAACAGTCGCTGGATTCTGGAAAGCTACCGGACGTGACAAAATCATCTGCAGTTGTGTCCGGAGAATTGGACTGAGGAAGACACTCGTGTTCTACAAAGGAAGAGCTCCTCACGGTCAGAAATCCGACTGGATCATGCATGAGTATCGC</Hsp_qseq>
      <Hsp_hseq>CGAATGGTACTTCTTTAGTCATAAAGACAAGAAGTATCCCACGGGAACTCGAACCAATAGAGCCACGAAAGCAGGATTTTGGAAAGCCACTGGAAGAGACAAGGCTATATATATAAGACATAGTCTTATCGGTATGAGGAAAACACTTGTGTTTTACAAAGGAAGAGCCCCAAATGGTCAGAAATCCGATTGGATCATGCACGAATATCGC</Hsp_hseq>
      <Hsp_midline>||| ||||||||||| || || || |||||||||||||| || || ||  | || ||  | || ||    || ||||| |||||||| || ||| | |||||    || |  |   |     |    || ||  ||||||| ||||| ||||| |||||||||||||| ||  | |||||||||||||| ||||||||||| || ||||||</Hsp_midline>
    </Hsp>
    <Hsp>
      <Hsp_num>7</Hsp_num>
      <Hsp_bit-score>94.1598</Hsp_bit-score>
      <Hsp_score>103</Hsp_score>
      <Hsp_evalue>1.15282e-13</Hsp_evalue>
      <Hsp_query-from>514</Hsp_query-from>
      <Hsp_query-to>737</Hsp_query-to>
      <Hsp_hit-from>25362092</Hsp_hit-from>
      <Hsp_hit-to>25362315</Hsp_hit-to>
      <Hsp_query-frame>1</Hsp_query-frame>
      <Hsp_hit-frame>1</Hsp_hit-frame>
      <Hsp_identity>155</Hsp_identity>
      <Hsp_positive>155</Hsp_positive>
      <Hsp_gaps>0</Hsp_gaps>
      <Hsp_align-len>224</Hsp_align-len>
      <Hsp_qseq>AAAACGACTGGTACTTCTTCAGCCACAAGGACAAGAAGTATCCAACCGGGACCAGGACGAACCGGGCAACAGTCGCTGGATTCTGGAAAGCTACCGGACGTGACAAAATCATCTGCAGTTGTGTCCGGAGAATTGGACTGAGGAAGACACTCGTGTTCTACAAAGGAAGAGCTCCTCACGGTCAGAAATCCGACTGGATCATGCATGAGTATCGCCTCGACGAT</Hsp_qseq>
      <Hsp_hseq>AAAATGAGTGGTATTTCTTCAGCCCTAGAGAAAGAAAATATCCAAACGGAGTCAGACCAAACCGGGCAGCTGTTTCCGGTTATTGGAAAGCAACCGGTACAGACAAAGCCATTCACAGCGGTTCAAGTAACGTAGGTGTCAAGAAAGCTCTAGTCTTCTACAAAGGTAGACCTCCTAAAGGAATCAAAACTGACTGGATCATGCATGAGTATCGTCTCCATGAT</Hsp_hseq>
      <Hsp_midline>|||| || ||||| ||||||||||  |  || |  || ||||||| |||   |||  | ||||||||| | ||  | || |  |||||||| |||||    ||||||  |||   |||  ||    | |   | ||  | | |||  | || || ||||||||||| ||| ||||| | ||    ||| | ||||||||||||||||||||||| ||| | |||</Hsp_midline>
    </Hsp>
    <Hsp>
      <Hsp_num>8</Hsp_num>
      <Hsp_bit-score>94.1598</Hsp_bit-score>
      <Hsp_score>103</Hsp_score>
      <Hsp_evalue>1.15282e-13</Hsp_evalue>
      <Hsp_query-from>519</Hsp_query-from>
      <Hsp_query-to>733</Hsp_query-to>
      <Hsp_hit-from>27899045</Hsp_hit-from>
      <Hsp_hit-to>27898825</Hsp_hit-to>
      <Hsp_query-frame>1</Hsp_query-frame>
      <Hsp_hit-frame>-1</Hsp_hit-frame>
      <Hsp_identity>154</Hsp_identity>
      <Hsp_positive>154</Hsp_positive>
      <Hsp_gaps>6</Hsp_gaps>
      <Hsp_align-len>221</Hsp_align-len>
      <Hsp_qseq>GACTGGTACTTCTTCAGCCACAAGGACAAGAAGTATCCAACCGGGACCAGGACGAACCGGGCAACAGTCGCTGGATTCTGGAAAGCTACCGGACGTGACAA---AATCATCT---GCAGTTGTGTCCGGAGAATTGGACTGAGGAAGACACTCGTGTTCTACAAAGGAAGAGCTCCTCACGGTCAGAAATCCGACTGGATCATGCATGAGTATCGCCTCGA</Hsp_qseq>
      <Hsp_hseq>GAGTGGTACTTTTATAGTCTAAGGGACAGGAAATATCCGACAGGTTTGAGGACTAACAGAGCAACTACTGCTGGATACTGGAAAGCTACCGGAAAAGATAAGGAAGTCTTCTCCGGCGGAGGAGGACAGCTTGTTGGGATGAAGAAGACGTTGGTGTTCTACAAAGGTAGGGCTCCACGTGGCCTCAAGACTAAGTGGGTCATGCATGAGTATCGCCTCGA</Hsp_hseq>
      <Hsp_midline>|| |||||||| |  || |  | ||||| ||| ||||| || ||    ||||| ||| | |||||    ||||||| ||||||||||||||||   || ||   | || |||   || |  | |  | |    ||||  ||| ||||||  | |||||||||||||| || ||||| |  || |  ||  |  | ||| ||||||||||||||||||||||</Hsp_midline>
    </Hsp>
    <Hsp>
      <Hsp_num>9</Hsp_num>
      <Hsp_bit-score>87.848</Hsp_bit-score>
      <Hsp_score>96</Hsp_score>
      <Hsp_evalue>4.9019e-12</Hsp_evalue>
      <Hsp_query-from>250</Hsp_query-from>
      <Hsp_query-to>397</Hsp_query-to>
      <Hsp_hit-from>29174186</Hsp_hit-from>
      <Hsp_hit-to>29174039</Hsp_hit-to>
      <Hsp_query-frame>1</Hsp_query-frame>
      <Hsp_hit-frame>-1</Hsp_hit-frame>
      <Hsp_identity>108</Hsp_identity>
      <Hsp_positive>108</Hsp_positive>
      <Hsp_gaps>0</Hsp_gaps>
      <Hsp_align-len>148</Hsp_align-len>
      <Hsp_qseq>GTGCCTCCAGGTTTCAGATTCCATCCCACCGAAGAAGAACTTCTCCATTACTATCTCCGTAAGAAAGTTAACTCTCAAAAGATCGATCTTGATGTCATTCGTGAAGTTGATCTAAACAAGCTTGAGCCTTGGGATATTCAAGGTTAAA</Hsp_qseq>
      <Hsp_hseq>GTGCCTCCGGGATTCCGGTTTCATCCAACGGAGGAGGAGCTTCTTTACTATTACCTCAAGAAGAAGGTTTCTTATGAACCAATTGATTTAGATGTAATTAGAGAAGTTGATCTCAACAAGCTGGAACCTTGGGAACTTAAAGGTAAAA</Hsp_hseq>
      <Hsp_midline>|||||||| || ||| | || ||||| || || || || |||||  | || || |||   ||||| |||   | | ||   || ||| | ||||| ||| | ||||||||||| |||||||| || ||||||||  || ||||| |||</Hsp_midline>
    </Hsp>
    <Hsp>
      <Hsp_num>10</Hsp_num>
      <Hsp_bit-score>73.4211</Hsp_bit-score>
      <Hsp_score>80</Hsp_score>
      <Hsp_evalue>1.07972e-07</Hsp_evalue>
      <Hsp_query-from>514</Hsp_query-from>
      <Hsp_query-to>731</Hsp_query-to>
      <Hsp_hit-from>18903555</Hsp_hit-from>
      <Hsp_hit-to>18903338</Hsp_hit-to>
      <Hsp_query-frame>1</Hsp_query-frame>
      <Hsp_hit-frame>-1</Hsp_hit-frame>
      <Hsp_identity>149</Hsp_identity>
      <Hsp_positive>149</Hsp_positive>
      <Hsp_gaps>2</Hsp_gaps>
      <Hsp_align-len>219</Hsp_align-len>
      <Hsp_qseq>AAAACGACTGGTACTTCTTCAGCCACAAGGACAAGAAGTATCCAACCGGGACCAGGACGAACCGGGCAACAGTCGCTGGATTCTGGAAAGCTACCGG-ACGTGACAAAATCATCTGCAGTTGTGTCCGGAGAATTGGACTGAGGAAGACACTCGTGTTCTACAAAGGAAGAGCTCCTCACGGTCAGAAATCCGACTGGATCATGCATGAGTATCGCCTC</Hsp_qseq>
      <Hsp_hseq>AAAAAGAATGGTATTTTTTTAGTCCTAGGGATAGAAAATATCCAAACGGGTCAAGACCTAACCGGGTTGCCGGATCGGGTTATTGGAAAGCTACGGGTACG-GATAAAATAATCTCGACGGAAGGACAAAGAGTTGGTATTAAAAAAGCTTTGGTGTTTTACATCGGAAAAGCTCCTAAAGGTACTAAAACCAATTGGATCATGCATGAGTATCGTCTC</Hsp_hseq>
      <Hsp_midline>|||| || ||||| || || || |  | ||| |  || ||||||| |||| | ||  | |||||||   | |   | || |  ||||||||||| || ||| || ||||| ||||  |     |  |  ||| ||||  | |  ||  |  | ||||| ||||  |||| ||||||| | |||   ||| || | |||||||||||||||||||| |||</Hsp_midline>
    </Hsp>
    <Hsp>
      <Hsp_num>11</Hsp_num>
      <Hsp_bit-score>71.6177</Hsp_bit-score>
      <Hsp_score>78</Hsp_score>
      <Hsp_evalue>3.76858e-07</Hsp_evalue>
      <Hsp_query-from>519</Hsp_query-from>
      <Hsp_query-to>731</Hsp_query-to>
      <Hsp_hit-from>19457356</Hsp_hit-from>
      <Hsp_hit-to>19457144</Hsp_hit-to>
      <Hsp_query-frame>1</Hsp_query-frame>
      <Hsp_hit-frame>-1</Hsp_hit-frame>
      <Hsp_identity>152</Hsp_identity>
      <Hsp_positive>152</Hsp_positive>
      <Hsp_gaps>16</Hsp_gaps>
      <Hsp_align-len>221</Hsp_align-len>
      <Hsp_qseq>GACTGGTACTTCTTCAGCCACAAGG-ACAAGAAGTATCCAACCGGGACCAGGACGAACCGGGCAACAGTCGCTGGATTCTGGAAAGCTACCGGACGTGACAAAATCATCTGCAGTTGTGTC--CGGAGA-----ATTGGACTGAGGAAGACACTCGTGTTCTACAAAGGAAGAGCTCCTCACGGTCAGAAATCCGACTGGATCATGCATGAGTATCGCCTC</Hsp_qseq>
      <Hsp_hseq>GAATGGTACTTTTACAGC-ACAAGGGATAAGAAGTATCCAAATGGCTCTAGGACGAACCGTGCGACCCGAGCGGGTTACTGGAAGGCCACGGG----GA-AAGATC--GTACAGTAGAATCAAAGAAGATGAAGATGGGAATGAAGAAGACACTGGTTTATTATAGAGGAAGGGCTCCTCATGGCCTTCGTACTAATTGGGTCATGCATGAATATCGTCTC</Hsp_hseq>
      <Hsp_midline>|| |||||||| | |||| |||||| | |||||||||||||  ||  | ||||||||||| || ||    || || | |||||| || || ||    || || |||   | |||| |  ||   | |||     || ||| ||| ||||||||| || |  || | |||||| |||||||| || |      |  | ||| |||||||||| ||||| |||</Hsp_midline>
    </Hsp>
    <Hsp>
      <Hsp_num>12</Hsp_num>
      <Hsp_bit-score>70.716</Hsp_bit-score>
      <Hsp_score>77</Hsp_score>
      <Hsp_evalue>1.31536e-06</Hsp_evalue>
      <Hsp_query-from>516</Hsp_query-from>
      <Hsp_query-to>721</Hsp_query-to>
      <Hsp_hit-from>20177266</Hsp_hit-from>
      <Hsp_hit-to>20177061</Hsp_hit-to>
      <Hsp_query-frame>1</Hsp_query-frame>
      <Hsp_hit-frame>-1</Hsp_hit-frame>
      <Hsp_identity>139</Hsp_identity>
      <Hsp_positive>139</Hsp_positive>
      <Hsp_gaps>0</Hsp_gaps>
      <Hsp_align-len>206</Hsp_align-len>
      <Hsp_qseq>AACGACTGGTACTTCTTCAGCCACAAGGACAAGAAGTATCCAACCGGGACCAGGACGAACCGGGCAACAGTCGCTGGATTCTGGAAAGCTACCGGACGTGACAAAATCATCTGCAGTTGTGTCCGGAGAATTGGACTGAGGAAGACACTCGTGTTCTACAAAGGAAGAGCTCCTCACGGTCAGAAATCCGACTGGATCATGCATGA</Hsp_qseq>
      <Hsp_hseq>AAGGATTGGTATTTCTACAGCCAAAGAGACCGAAAATACGCGACGGGGCTGAGAACTAACCGAGCAACGGCCACCGGATATTGGAAAGCCACCGGCAAAGACAGAACCATTCTAAGAAAGGGTAAGCTAGTTGGGATGAGGAAGACATTGGTTTTCTATCAAGGTCGAGCTCCTCGAGGCCGTAAAACCGATTGGGTCATGCACGA</Hsp_hseq>
      <Hsp_midline>|| || ||||| |||| |||||| |  |||   || ||  | || |||   || || ||||| ||||| | | | ||||  |||||||| |||||    |||| || |||    ||    |    |  | ||||  ||||||||||| | || |||||  ||||  |||||||||  || |  ||| |||| ||| ||||||| ||</Hsp_midline>
    </Hsp>
    <Hsp>
      <Hsp_num>13</Hsp_num>
      <Hsp_bit-score>69.8143</Hsp_bit-score>
      <Hsp_score>76</Hsp_score>
      <Hsp_evalue>1.31536e-06</Hsp_evalue>
      <Hsp_query-from>251</Hsp_query-from>
      <Hsp_query-to>383</Hsp_query-to>
      <Hsp_hit-from>19457678</Hsp_hit-from>
      <Hsp_hit-to>19457546</Hsp_hit-to>
      <Hsp_query-frame>1</Hsp_query-frame>
      <Hsp_hit-frame>-1</Hsp_hit-frame>
      <Hsp_identity>95</Hsp_identity>
      <Hsp_positive>95</Hsp_positive>
      <Hsp_gaps>0</Hsp_gaps>
      <Hsp_align-len>133</Hsp_align-len>
      <Hsp_qseq>TGCCTCCAGGTTTCAGATTCCATCCCACCGAAGAAGAACTTCTCCATTACTATCTCCGTAAGAAAGTTAACTCTCAAAAGATCGATCTTGATGTCATTCGTGAAGTTGATCTAAACAAGCTTGAGCCTTGGGA</Hsp_qseq>
      <Hsp_hseq>TGCCTCCAGGATTCAGGTTTCATCCCACTGATGAAGAACTGGTGGCTTACTATCTTGATAGGAAGGTCAACGGCCAAGCCATTGAGCTCGAGATCATCCCAGAAGTTGATCTTTATAAATGCGAGCCATGGGA</Hsp_hseq>
      <Hsp_midline>|||||||||| ||||| || |||||||| || ||||||||  |   |||||||||   || ||| || |||   |||   || || || ||  |||| |  |||||||||||  | ||    ||||| |||||</Hsp_midline>
    </Hsp>
    <Hsp>
      <Hsp_num>14</Hsp_num>
      <Hsp_bit-score>63.5025</Hsp_bit-score>
      <Hsp_score>69</Hsp_score>
      <Hsp_evalue>0.000195217</Hsp_evalue>
      <Hsp_query-from>516</Hsp_query-from>
      <Hsp_query-to>736</Hsp_query-to>
      <Hsp_hit-from>267631</Hsp_hit-from>
      <Hsp_hit-to>267848</Hsp_hit-to>
      <Hsp_query-frame>1</Hsp_query-frame>
      <Hsp_hit-frame>1</Hsp_hit-frame>
      <Hsp_identity>148</Hsp_identity>
      <Hsp_positive>148</Hsp_positive>
      <Hsp_gaps>5</Hsp_gaps>
      <Hsp_align-len>222</Hsp_align-len>
      <Hsp_qseq>AACGACTGGTACTTCTTCAGCCACAAGGACAAGAAGTATCCAACCGGGACCAGGACGAACCGGGCAACAGTCGCTGGATTCTGGAAAGCTACCGGACGTGACAAAATCATCTG-CAGTTGTGTCCGGAGAATTGGACTGAGGAAGACACTCGTGTTCTACAAAGGAAGAGCTCCTCACGGTCAGAAATCCGACTGGATCATGCATGAGTATCGCCTCGACGA</Hsp_qseq>
      <Hsp_hseq>AAGGAATGGTACTTCTTCTCTCCCAGGGACAGAAAATATCCCAACGGTTCGCGTCCTAACCGGTCCGCTGGTTCTGGTTACTGGAAAGCTACCGGAGCTGATAAACCGATCGGACTACCTAAACCGG----TCGGAATTAAGAAAGCTCTTGTTTTCTACGCCGGCAAAGCTCCAAAGGGAGAGAAAACCAATTGGATCATGCACGAGTACCGTCTCGCCGA</Hsp_hseq>
      <Hsp_midline>|| || ||||||||||||   | || |||||  || ||||| | |||  |  |  | |||||| |  | |   |||| | ||||||||||||||||  ||| |||   ||| | |        ||||    | ||| | | |||  | || || ||||||   || | ||||||  | ||  ||||| || | ||||||||||| ||||| || |||| |||</Hsp_midline>
    </Hsp>
    <Hsp>
      <Hsp_num>15</Hsp_num>
      <Hsp_bit-score>59.8958</Hsp_bit-score>
      <Hsp_score>65</Hsp_score>
      <Hsp_evalue>0.00237823</Hsp_evalue>
      <Hsp_query-from>646</Hsp_query-from>
      <Hsp_query-to>725</Hsp_query-to>
      <Hsp_hit-from>12413954</Hsp_hit-from>
      <Hsp_hit-to>12414033</Hsp_hit-to>
      <Hsp_query-frame>1</Hsp_query-frame>
      <Hsp_hit-frame>1</Hsp_hit-frame>
      <Hsp_identity>61</Hsp_identity>
      <Hsp_positive>61</Hsp_positive>
      <Hsp_gaps>0</Hsp_gaps>
      <Hsp_align-len>80</Hsp_align-len>
      <Hsp_qseq>TTGGACTGAGGAAGACACTCGTGTTCTACAAAGGAAGAGCTCCTCACGGTCAGAAATCCGACTGGATCATGCATGAGTAT</Hsp_qseq>
      <Hsp_hseq>TTGGACTCAAGAAGACTCTTGTTTTCTATAGAGGTCGTGCTCCTAATGGTGAGAGAACTGATTGGGTGATGCATGAGTAT</Hsp_hseq>
      <Hsp_midline>||||||| | |||||| || || ||||| | |||  | |||||| | ||| ||| | | || ||| | ||||||||||||</Hsp_midline>
    </Hsp>
    <Hsp>
      <Hsp_num>16</Hsp_num>
      <Hsp_bit-score>59.8958</Hsp_bit-score>
      <Hsp_score>65</Hsp_score>
      <Hsp_evalue>0.00237823</Hsp_evalue>
      <Hsp_query-from>549</Hsp_query-from>
      <Hsp_query-to>732</Hsp_query-to>
      <Hsp_hit-from>28325858</Hsp_hit-from>
      <Hsp_hit-to>28326038</Hsp_hit-to>
      <Hsp_query-frame>1</Hsp_query-frame>
      <Hsp_hit-frame>1</Hsp_hit-frame>
      <Hsp_identity>125</Hsp_identity>
      <Hsp_positive>125</Hsp_positive>
      <Hsp_gaps>5</Hsp_gaps>
      <Hsp_align-len>185</Hsp_align-len>
      <Hsp_qseq>AAGTATCCAACCGGGACCAGGACGAACCGGGCAACAGTCGCTGGATTCTGGAAAGCTACCGGACGTGACAAAATCATCTGCAGTTGT-GTCCGGAGAATTGGACTGAGGAAGACACTCGTGTTCTACAAAGGAAGAGCTCCTCACGGTCAGAAATCCGACTGGATCATGCATGAGTATCGCCTCG</Hsp_qseq>
      <Hsp_hseq>AAGTATCCAAACGGTTCAAGACCCAACCGTGCAGCTGGTACTGGATATTGGAAAGCTACCGGAGCTGATAAACCAATAGGTCGTCCTAAACCGG----TTGGTATTAAGAAGGCTCTAGTGTTTTACTCGGGAAAACCTCCAAATGGAGAGAAAACCAATTGGATTATGCACGAATACCGGCTCG</Hsp_hseq>
      <Hsp_midline>|||||||||| |||  | ||  | ||||| ||| | |   ||||||  |||||||||||||||  ||| |||   ||  |  ||  |   ||||    ||||  | | |||| | || ||||| |||   |||| | ||||  | ||  ||||| || | ||||| ||||| || || || ||||</Hsp_midline>
    </Hsp>
    <Hsp>
      <Hsp_num>17</Hsp_num>
      <Hsp_bit-score>52.6823</Hsp_bit-score>
      <Hsp_score>57</Hsp_score>
      <Hsp_evalue>0.352961</Hsp_evalue>
      <Hsp_query-from>251</Hsp_query-from>
      <Hsp_query-to>306</Hsp_query-to>
      <Hsp_hit-from>267384</Hsp_hit-from>
      <Hsp_hit-to>267439</Hsp_hit-to>
      <Hsp_query-frame>1</Hsp_query-frame>
      <Hsp_hit-frame>1</Hsp_hit-frame>
      <Hsp_identity>45</Hsp_identity>
      <Hsp_positive>45</Hsp_positive>
      <Hsp_gaps>0</Hsp_gaps>
      <Hsp_align-len>56</Hsp_align-len>
      <Hsp_qseq>TGCCTCCAGGTTTCAGATTCCATCCCACCGAAGAAGAACTTCTCCATTACTATCTC</Hsp_qseq>
      <Hsp_hseq>TGCCTCCAGGTTTCCGATTTCACCCTACCGATGAAGAGCTTGTCATGCACTATCTC</Hsp_hseq>
      <Hsp_midline>|||||||||||||| |||| || || ||||| ||||| ||| ||    ||||||||</Hsp_midline>
    </Hsp>
    <Hsp>
      <Hsp_num>18</Hsp_num>
      <Hsp_bit-score>48.1739</Hsp_bit-score>
      <Hsp_score>52</Hsp_score>
      <Hsp_evalue>4.29995</Hsp_evalue>
      <Hsp_query-from>251</Hsp_query-from>
      <Hsp_query-to>306</Hsp_query-to>
      <Hsp_hit-from>23698130</Hsp_hit-from>
      <Hsp_hit-to>23698075</Hsp_hit-to>
      <Hsp_query-frame>1</Hsp_query-frame>
      <Hsp_hit-frame>-1</Hsp_hit-frame>
      <Hsp_identity>44</Hsp_identity>
      <Hsp_positive>44</Hsp_positive>
      <Hsp_gaps>0</Hsp_gaps>
      <Hsp_align-len>56</Hsp_align-len>
      <Hsp_qseq>TGCCTCCAGGTTTCAGATTCCATCCCACCGAAGAAGAACTTCTCCATTACTATCTC</Hsp_qseq>
      <Hsp_hseq>TGCCTCCAGGTTTCCGGTTTCATCCAACAGACGAAGAGCTTGTCATATACTACCTC</Hsp_hseq>
      <Hsp_midline>|||||||||||||| | || ||||| || || ||||| ||| ||   ||||| |||</Hsp_midline>
    </Hsp>
  </Hit_hsps>
</Hit>
<Hit>
  <Hit_num>18</Hit_num>
  <Hit_id>gi|2211310166|emb|OW119596.1|</Hit_id>
  <Hit_def>Arabidopsis thaliana genome assembly, chromosome: 1</Hit_def>
  <Hit_accession>OW119596</Hit_accession>
  <Hit_len>33257523</Hit_len>
  <Hit_hsps>
    <Hsp>
      <Hsp_num>1</Hsp_num>
      <Hsp_bit-score>3392.52</Hsp_bit-score>
      <Hsp_score>3761</Hsp_score>
      <Hsp_evalue>0</Hsp_evalue>
      <Hsp_query-from>1</Hsp_query-from>
      <Hsp_query-to>1926</Hsp_query-to>
      <Hsp_hit-from>11763948</Hsp_hit-from>
      <Hsp_hit-to>11762020</Hsp_hit-to>
      <Hsp_query-frame>1</Hsp_query-frame>
      <Hsp_hit-frame>-1</Hsp_hit-frame>
      <Hsp_identity>1914</Hsp_identity>
      <Hsp_positive>1914</Hsp_positive>
      <Hsp_gaps>13</Hsp_gaps>
      <Hsp_align-len>1934</Hsp_align-len>
      <Hsp_qseq>AAAGACACTTTAATGCATGAACTTCTTTGTTTAAATAACAATTTCCCCCTTTTGGGGGCTATGTCTCGTCGAGTCCTACCACCATTATAAATTATCTCATCGTTTGCTTTCTTTTTTTTAAGTTGTAACCATTTCCACTCGTAATCATACAACTTCTCTACTCTTCTAGAGCAAAAACCCAAAAATATATTGCTATCTTCGTTAATGGCTGATAATAAGGTCAATCTTTCGATTAATGGACAATCAAAAGTGCCTCCAGGTTTCAGATTCCATCCCACCGAAGAAGAACTTCTCCATTACTATCTCCGTAAGAAAGTTAACTCTCAAAAGATCGATCTTGATGTCATTCGTGAAGTTGATCTAAACAAGCTTGAGCCTTGGGATATTCAAGGTTAAACCCTAAATATGAAAAAAAACTCTTTCATTTCTACGAACTCTCTATTTCTTTGTTCTTTATTTTTGAACCATTTTGGTATGCAAATGCAGAGGAATGTAGAATCGGTTCAACGCCACAAAACGACTGGTACTTCTTCAGCCACAAGGACAAGAAGTATCCAACCGGGACCAGGACGAACCGGGCAACAGTCGCTGGATTCTGGAAAGCTACCGGACGTGACAAAATCATCTGCAGTTGTGTCCGGAGAATTGGACTGAGGAAGACACTCGTGTTCTACAAAGGAAGAGCTCCTCACGGTCAGAAATCCGACTGGATCATGCATGAGTATCGCCTCGACGATACTCCAATGTCTAATGTAAGTATATATAGCAATCATCAATTTGCAGTTTAGGTTAGAATAAACAAATTACAAACTTATAGTCAAAGAATTAGCTAGATTCGTTTCATGCTATAAAAGGTTTTGGTTCATTTAGTACGCACTAGAGCCTTCTTTTAGCATCTGCAATTAAAGTAATCGAACATGATTCTCTGAGTTACAATAAGATAATTTCTTATGAAATTAACACATCATATATACATTTATATAAAAAGATTTTTTCACAAGGCTTAAAATAGTTTAACACGGCTCTACAAACAATACGTAGTTAACTAGTTATGGTTGCATATCCAAAAGAAAAACCAACATAAAAGATTTTTTTTTTTGTTTCAAAATAAAAGTTGCATTTTTACATCATCAAGATTTAATCATCTCTTATTGCATTTCATAAGATCGATTTGTGTTCCATTATCAGGGCTATGCTGATGTTGTTACAGAAGATCCAATGAGCTATAACGAAGAAGGTTGGGTGGTATGTCGAGTGTTCAGGAAGAAGAACTATCAAAAGATTGACGATTGTCCTAAAATCACTCTATCTTCTTTACCTGATGACACGGAGGAAGAGAAGGGGCCCACCTTTCACAACACTCAAAACGTTACCGGTTTAGACCATGTTCTTCTCTACATGGACCGTACCGGTTCTAACATTTGCATGCCCGAGAGCCAAACAACGACTCAACATCAAGATGATGTCTTATTCATGCAACTCCCAAGTCTTGAGACACCTAAATCCGAGAGCCCGGTCGACCAAAGTTTCCTGACTCCAAGCAAACTCGATTTCTCTCCCGTTCAAGAGAAGATAACCGAAAGACCGGTTTGCAGCAACTGGGCTAGTCTTGACCGGCTCGTAGCTTGGCAATTGAACAATGGTCATCATAATCCGTGTCATCGTAAGAGTTTTGATGAAGAAGAAGAAAATGGTGATACTATGATGCAGCGATGGGATCTTCATTGGAATAATGATGATAATGTTGATCTTTGGAGTAGTTTCACTGAGTCTTCTTCGTCTTTAGACCCACTTCTTCATTTATCTGTATGATTATCTA--------TACATACACATACACAAAATATAAAATAAAGTTTGTTAAAAAATGTCTCATGTTCTATTGATAGTACGTCTTGATTTTGGGGTTTAACATTTGTTAATGGTGGAGGG</Hsp_qseq>
      <Hsp_hseq>AAAGACACTTTAATGCATGAACTTCTTTGTTTAAATAACAATTTCCCCCTTTTGGGGGCTATGTCTCGTCGAGTCCTACCACCATTATAAATTATCTCATCGCTTGCTTTCTTTTTTT-AAGTTGTAACCATTTCCACTCGTAATCATACAACTTCTCTACTCTTCTAGAGCAAAAATCCAAAAATACATTGCTATCTTCGTTAATGGCTGATAATAAGGTCAATCTTTCGATTAATGGACAATCAAAAGTGCCTCCAGGTTTCAGATTCCATCCCACCGAAGAAGAACTTCTCCATTACTATCTCCGTAAGAAAGTTAACTCTCAAAAGATCGATCTTGATGTCATTCGTGAAGTTGATCTAAACAAGCTTGAGCCTTGGGATATTCAAGGTTAAACCCTAAATATGAAAAAA--CTCTTTCATTTCTACAAACTCTCT--TTCTTTGTTCTTTATTTTTGAACCATTTTGGTATGGAAATGCAGAGGAATGTAGAATCGGTTCAACGCCACAAAACGACTGGTACTTCTTCAGCCACAAGGACAAGAAGTATCCAACCGGGACCAGGACGAACCGGGCAACAGTCGCTGGATTCTGGAAAGCTACCGGACGTGACAAAATCATCTGCAGTTGTGTCCGGAGAATTGGACTGAGGAAGACACTCGTGTTCTACAAAGGAAGAGCTCCTCACGGTCAGAAATCCGACTGGATCATGCATGAGTATCGCCTCGACGATACTCCAATGTCTAATGTAAGTATATATAGCAATCATCAATTTGCAGTTTAGGTTAGAATAAACAAATTACAAACTTATAGTCAAAGAATTAGCTAGATTCGTTTCATGCTATAAAAGGTTTTGGTTCATTTAGTACGCACTAGAGCCTTCTTTTAGCATCTGCAATTAAAGTAATCGAACATGATTCTCTGAGTTACAATAAGATAATTTCTTATGAAATTAACACATCATATATACATTTATATAAAAAGATTTTTTCACAAGGCTTAAAATAGTTTAACACGGCTCTACAAACAATACGTAGTTAACTAGTTATGGTTGCATATCCAAAAGAAAAACCAACATAAAAGATTTTTTTTTTTGTTTCAAAATAAAAGTTGCATTTTTACATCATCAAGATTTAATCATCTCTTATTGCATTTCATAAGATCGATTTGTGTTCCATTATCAGGGCTATGCTGATGTTGTTACAGAAGATCCAATGAGCTATAACGAAGAAGGTTGGGTGGTATGTCGAGTGTTCAGGAAGAAGAACTATCAAAAGATTGACGATTGTCCTAAAATCACTCTATCTTCTTTACCTGATGACACGGAGGAAGAGAAGAGGCCCACCTTTCACAACACTCAAAACGCTACCGGTTTAGACCATGTTCTTCTCTACATGGACCGTACCGGTTCTAACATTTGCATGCCCGAGAGCCAAACAACGACTCAACATCAAGATGATGTCTTATTCATGCAACTCCCAAGTCTTGAGACACCTAAATCCGAGAGCCCGGTCGACCAAAGTTTCCTGACTCCAAGCAAACTCGATTTCTCTCCCGTTCAAGAGAAGATAACCGAAAGACCGGTTTGCAGCAACTGGGCTAGTCTTGACCGGCTCGTAGCTTGGCAATTGAACAATGGTCATCATAATCCGTGTCATCGTAAGAGTTTTGATGAAGAAGAAGAAAATGGTGATACTATGATGCAGCGATGGGATCTTCATTGGAATAATGATGATAATGTTGATCTTTGGAGTAGTTTCACTGAGTCTTCTTCGTCTTTAGACCCACTTCTTCATTTATCTGTATGATTATCTATACAAATATACATACACATACACAAAATATAAAATAAAGTTTGTTAAAAAATGTCTCATGTTCTATTGATAGTACGTCTTGATTTTGGGGTTTAACATTTGTTAATGGTGGAGGG</Hsp_hseq>
      <Hsp_midline>|||||||||||||||||||||||||||||||||||||||||||||||||||||||||||||||||||||||||||||||||||||||||||||||||||||| ||||||||||||||| |||||||||||||||||||||||||||||||||||||||||||||||||||||||||| ||||||||| ||||||||||||||||||||||||||||||||||||||||||||||||||||||||||||||||||||||||||||||||||||||||||||||||||||||||||||||||||||||||||||||||||||||||||||||||||||||||||||||||||||||||||||||||||||||||||||||||||||||||||||||||||||||||||||||||||  ||||||||||||||| ||||||||  ||||||||||||||||||||||||||||||||||| ||||||||||||||||||||||||||||||||||||||||||||||||||||||||||||||||||||||||||||||||||||||||||||||||||||||||||||||||||||||||||||||||||||||||||||||||||||||||||||||||||||||||||||||||||||||||||||||||||||||||||||||||||||||||||||||||||||||||||||||||||||||||||||||||||||||||||||||||||||||||||||||||||||||||||||||||||||||||||||||||||||||||||||||||||||||||||||||||||||||||||||||||||||||||||||||||||||||||||||||||||||||||||||||||||||||||||||||||||||||||||||||||||||||||||||||||||||||||||||||||||||||||||||||||||||||||||||||||||||||||||||||||||||||||||||||||||||||||||||||||||||||||||||||||||||||||||||||||||||||||||||||||||||||||||||||||||||||||||||||||||||||||||||||||||||||||||||||||||||||||||||||||||||||||||||||||||||||||||||||||||||||||||||||||||||||||||||||||||||||||||||||||||||||||||||||||||||||||||||||||||||||||||||||||||||||||||||||||||||||||||||||||||||||||||||||| ||||||||||||||||||||||||||| |||||||||||||||||||||||||||||||||||||||||||||||||||||||||||||||||||||||||||||||||||||||||||||||||||||||||||||||||||||||||||||||||||||||||||||||||||||||||||||||||||||||||||||||||||||||||||||||||||||||||||||||||||||||||||||||||||||||||||||||||||||||||||||||||||||||||||||||||||||||||||||||||||||||||||||||||||||||||||||||||||||||||||||||||||||||||||||||||||||||||||||||||||||||||||||||||||||||||||||||||||||||||||||||||||||||||||||||||||||||||||||||||        |||||||||||||||||||||||||||||||||||||||||||||||||||||||||||||||||||||||||||||||||||||||||||||||||||||||||||</Hsp_midline>
    </Hsp>
    <Hsp>
      <Hsp_num>2</Hsp_num>
      <Hsp_bit-score>198.755</Hsp_bit-score>
      <Hsp_score>219</Hsp_score>
      <Hsp_evalue>3.76193e-45</Hsp_evalue>
      <Hsp_query-from>250</Hsp_query-from>
      <Hsp_query-to>765</Hsp_query-to>
      <Hsp_hit-from>11967230</Hsp_hit-from>
      <Hsp_hit-to>11967742</Hsp_hit-to>
      <Hsp_query-frame>1</Hsp_query-frame>
      <Hsp_hit-frame>1</Hsp_hit-frame>
      <Hsp_identity>361</Hsp_identity>
      <Hsp_positive>361</Hsp_positive>
      <Hsp_gaps>15</Hsp_gaps>
      <Hsp_align-len>522</Hsp_align-len>
      <Hsp_qseq>GTGCCTCCAGGTTTCAGATTCCATCCCACCGAAGAAGAACTTCTCCATTACTATCTCCGTAAGAAAGTTAACTCTCAAAAGATCGATCTTGATGTCATTCGTGAAGTTGATCTAAACAAGCTTGAGCCTTGGGATATTCAAGGTTAAACCCTAAATATGAAAAAAAACTCTTTCATTTCTACGAACTCTCTATTTCTTTGTTCTTTATTTTTGAAC--CATTTTGGTAT-GCAAATGCAGAGGAATGTAGAATCGGTTCAACGCCACAAAACGACTGGTACTTCTTCAGCCACAAGGACAAGAAGTATCCAACCGGGACCAGGACGAACCGGGCAACAGTCGCTGGATTCTGGAAAGCTACCGGACGTGACAAAATCATCTGCAGTTGTGTCCGGAGAATTGGACTGAGGAAGACACTCGTGTTCTACAAAGGAAGAGCTCCTCACGGTCAGAAATCCGACTGGATCATGCATGAGTATCGCCTCGACGATACTCCA-ATG--TCTAATGTAAGTATATATA</Hsp_qseq>
      <Hsp_hseq>GTACCGCCTGGTTTTCGGTTTCATCCAACGGACGAAGAACTTCTTCATTACTACTTGAAGAAGAAGATTTCTTATGAAAAGTTTGAGATGGAAGTCATCAAAGAGGTTGATTTGAACAAGATTGAGCCGTGGGATTTACAAGGTACGTTCTTT--TATTAATAATACATATACGAT-----CCAATCCTCTAGTTATAT--TAGATACTATACAAAAGCATTTTTTTTTTGTTTTTGTAGATAGATGCAAAATAGGATCAACGCCACAAAATGAGTGGTATTTCTTCAGCCACAAGGATAGGAAATATCCGACAGGGTCAAGGACAAACCGTGCAACCCACTCCGGTTTTTGGAAGGCGACAGGACGTGACAAATGCATAAGAAATTCTTACAAGAAGATCGGCATGAGGAAGACTCTTGTATTCTACAAAGGAAGAGCTCCTCATGGCCAAAAGACAGATTGGATCATGCACGAGTACCGTATCGAAGACACTGAAGATGACCCTTGTGTATGTATATATA</Hsp_hseq>
      <Hsp_midline>|| || || |||||  | || ||||| || || ||||||||||| ||||||||  |    |||||  ||   | | ||||| | ||  | || |||||    || |||||| | |||||| ||||||| |||||| | ||||||     | |   ||| || || |  | |   ||     | ||  ||||| || | |  |   || | |  ||   ||||||  | | |    || |||   ||| | ||| || |||||||||||||| || ||||| ||||||||||||||||| | ||| ||||| || ||| | ||||| ||||| |||||   | | || || ||||| || || ||||||||||||  |||  | | || |  |  ||  || ||  |||||||||| || || ||||||||||||||||||||||| || || ||  | || ||||||||||| ||||| ||  |||| || |||  | |||   ||  |||| |||||||||</Hsp_midline>
    </Hsp>
    <Hsp>
      <Hsp_num>3</Hsp_num>
      <Hsp_bit-score>185.23</Hsp_bit-score>
      <Hsp_score>204</Hsp_score>
      <Hsp_evalue>2.37404e-41</Hsp_evalue>
      <Hsp_query-from>481</Hsp_query-from>
      <Hsp_query-to>738</Hsp_query-to>
      <Hsp_hit-from>32778990</Hsp_hit-from>
      <Hsp_hit-to>32778730</Hsp_hit-to>
      <Hsp_query-frame>1</Hsp_query-frame>
      <Hsp_hit-frame>-1</Hsp_hit-frame>
      <Hsp_identity>200</Hsp_identity>
      <Hsp_positive>200</Hsp_positive>
      <Hsp_gaps>5</Hsp_gaps>
      <Hsp_align-len>262</Hsp_align-len>
      <Hsp_qseq>ATGCAGAGGAATGTAGAATCGGTTCAACGCCACAAAACGACTGGTACTTCTTCAGCCACAAGGACAAGAAGTATCCAACCGGGACCAGGACGAACCGGGCAACAGTCGCTGGATTCTGGAAAGCTACCGGACGTGACAAA---AT-CATCTGCAGTTGTGTCCGGAGAATTGGACTGAGGAAGACACTCGTGTTCTACAAAGGAAGAGCTCCTCACGGTCAGAAATCCGACTGGATCATGCATGAGTATCGCCTCGACGATA</Hsp_qseq>
      <Hsp_hseq>ATGTAGAGAAATGCAGAATCGGGTCGGGTCCTCAAAACGAGTGGTATTTCTTTAGCCACAAGGACAAGAAATATCCGACTGGTACCCGAACGAACCGGGCGACAGCAGCCGGGTTCTGGAAAGCTACTGGTAGAGACAAATCCATACATCT-CAACAGCTCCAAGAAGATTGGACTTCGTAAGACTCTTGTCTTCTACACTGGTCGTGCTCCTCATGGCCAAAAAACCGAATGGATCATGCACGAATATCGCTTGGACGATA</Hsp_hseq>
      <Hsp_midline>||| |||| |||| |||||||| ||    || |||||||| ||||| ||||| ||||||||||||||||| ||||| || || ||| | ||||||||||| ||||  || || |||||||||||||| ||  | ||||||   || ||||| ||   |   |  ||  ||||||||  | ||||| || || |||||||  ||  | |||||||| || || ||| |||| ||||||||||| || |||||| | |||||||</Hsp_midline>
    </Hsp>
    <Hsp>
      <Hsp_num>4</Hsp_num>
      <Hsp_bit-score>126.62</Hsp_bit-score>
      <Hsp_score>139</Hsp_score>
      <Hsp_evalue>1.95045e-23</Hsp_evalue>
      <Hsp_query-from>513</Hsp_query-from>
      <Hsp_query-to>730</Hsp_query-to>
      <Hsp_hit-from>29879747</Hsp_hit-from>
      <Hsp_hit-to>29879964</Hsp_hit-to>
      <Hsp_query-frame>1</Hsp_query-frame>
      <Hsp_hit-frame>1</Hsp_hit-frame>
      <Hsp_identity>165</Hsp_identity>
      <Hsp_positive>165</Hsp_positive>
      <Hsp_gaps>14</Hsp_gaps>
      <Hsp_align-len>225</Hsp_align-len>
      <Hsp_qseq>CAAAACGACTGGTACTTCTTCAGCCACAAGGACAAGAAGTATCCAACCGGGACCAGGACGAACCGGGCAACAGTCGCTGGATTCTGGAAAGCTACCGGACGTGACAA-----AATCATC-TGCAGTTGTGTCCGGAGAATTGGACTGAGGAAGACACTCGTGTTCTACAAAGGAAGAGCTCCTCACGGTCAGAAA-TCCGACTGGATCATGCATGAGTATCGCCT</Hsp_qseq>
      <Hsp_hseq>CAAAACGAATGGTACTTCTTTAGTCATAAGGACAGGAAGTACCCGACCGGGACTAGGACCAACCGAGCCACTGCGGCTGGGTTCTGGAAAGCCACGGGTAGAGACAAGGCGGTACTATCAAAGAACAGTGTC------ATCGGAATGCGGAAGACACTTGTCTACTACAAGGGTCGAGCTCCTAATGG-AAGAAAGTCCGATTGGATCATGCACGAATACCGTCT</Hsp_hseq>
      <Hsp_midline>|||||||| ||||||||||| || || ||||||| |||||| || |||||||| ||||| ||||| || || |  ||||| ||||||||||| || ||  | |||||      |  |||    |   |||||      || ||| || |||||||||| || | |||||| ||  |||||||| | ||  ||||| ||||| ||||||||||| || || || ||</Hsp_midline>
    </Hsp>
    <Hsp>
      <Hsp_num>5</Hsp_num>
      <Hsp_bit-score>125.719</Hsp_bit-score>
      <Hsp_score>138</Hsp_score>
      <Hsp_evalue>1.95045e-23</Hsp_evalue>
      <Hsp_query-from>519</Hsp_query-from>
      <Hsp_query-to>728</Hsp_query-to>
      <Hsp_hit-from>4171192</Hsp_hit-from>
      <Hsp_hit-to>4170983</Hsp_hit-to>
      <Hsp_query-frame>1</Hsp_query-frame>
      <Hsp_hit-frame>-1</Hsp_hit-frame>
      <Hsp_identity>156</Hsp_identity>
      <Hsp_positive>156</Hsp_positive>
      <Hsp_gaps>4</Hsp_gaps>
      <Hsp_align-len>212</Hsp_align-len>
      <Hsp_qseq>GACTGGTACTTCTTCAGCCACAAGGACAAGAAGTATCCAACCGGGACCAGGACGAACCGGGCAACAGTCGCTGGATTCTGGAAAGCTACCGGACGTGACAAAATCATCTGCAGTTGTGTC--CGGAGAATTGGACTGAGGAAGACACTCGTGTTCTACAAAGGAAGAGCTCCTCACGGTCAGAAATCCGACTGGATCATGCATGAGTATCGC</Hsp_qseq>
      <Hsp_hseq>GATTGGTACTTCTTTAGCCATAAAGACAAGAAGTATCCCACAGGGACTCGAACCAATAGAGCAACAAAAGCAGGGTTTTGGAAAGCCACCGGAAGAGATAAGGCTATCT--ATTTGAGGCATAGTCTAATTGGCATGAGGAAAACACTTGTGTTTTACAAGGGAAGAGCCCCAAATGGACAAAAGTCTGATTGGATCATGCACGAATACCGC</Hsp_hseq>
      <Hsp_midline>|| ||||||||||| ||||| || |||||||||||||| || |||||  | || ||  | ||||||   || || || |||||||| |||||| | || ||    ||||  | ||| | |   |   ||||||  ||||||| ||||| ||||| ||||| |||||||| ||  | || || || || || ||||||||||| || || |||</Hsp_midline>
    </Hsp>
    <Hsp>
      <Hsp_num>6</Hsp_num>
      <Hsp_bit-score>120.309</Hsp_bit-score>
      <Hsp_score>132</Hsp_score>
      <Hsp_evalue>8.29352e-22</Hsp_evalue>
      <Hsp_query-from>518</Hsp_query-from>
      <Hsp_query-to>728</Hsp_query-to>
      <Hsp_hit-from>25989777</Hsp_hit-from>
      <Hsp_hit-to>25989567</Hsp_hit-to>
      <Hsp_query-frame>1</Hsp_query-frame>
      <Hsp_hit-frame>-1</Hsp_hit-frame>
      <Hsp_identity>153</Hsp_identity>
      <Hsp_positive>153</Hsp_positive>
      <Hsp_gaps>0</Hsp_gaps>
      <Hsp_align-len>211</Hsp_align-len>
      <Hsp_qseq>CGACTGGTACTTCTTCAGCCACAAGGACAAGAAGTATCCAACCGGGACCAGGACGAACCGGGCAACAGTCGCTGGATTCTGGAAAGCTACCGGACGTGACAAAATCATCTGCAGTTGTGTCCGGAGAATTGGACTGAGGAAGACACTCGTGTTCTACAAAGGAAGAGCTCCTCACGGTCAGAAATCCGACTGGATCATGCATGAGTATCGC</Hsp_qseq>
      <Hsp_hseq>CGAATGGTACTTCTTTAGTCATAAAGACAAGAAGTATCCCACGGGAACTCGAACCAATAGAGCCACGAAAGCAGGATTTTGGAAAGCCACTGGAAGAGACAAGGCTATATATATAAGACATAGTCTTATCGGTATGAGGAAAACACTTGTGTTTTACAAAGGAAGAGCCCCAAATGGTCAGAAATCCGATTGGATCATGCACGAATATCGC</Hsp_hseq>
      <Hsp_midline>||| ||||||||||| || || || |||||||||||||| || || ||  | || ||  | || ||    || ||||| |||||||| || ||| | |||||    || |  |   |     |    || ||  ||||||| ||||| ||||| |||||||||||||| ||  | |||||||||||||| ||||||||||| || ||||||</Hsp_midline>
    </Hsp>
    <Hsp>
      <Hsp_num>7</Hsp_num>
      <Hsp_bit-score>94.1598</Hsp_bit-score>
      <Hsp_score>103</Hsp_score>
      <Hsp_evalue>1.15282e-13</Hsp_evalue>
      <Hsp_query-from>514</Hsp_query-from>
      <Hsp_query-to>737</Hsp_query-to>
      <Hsp_hit-from>28912847</Hsp_hit-from>
      <Hsp_hit-to>28913070</Hsp_hit-to>
      <Hsp_query-frame>1</Hsp_query-frame>
      <Hsp_hit-frame>1</Hsp_hit-frame>
      <Hsp_identity>155</Hsp_identity>
      <Hsp_positive>155</Hsp_positive>
      <Hsp_gaps>0</Hsp_gaps>
      <Hsp_align-len>224</Hsp_align-len>
      <Hsp_qseq>AAAACGACTGGTACTTCTTCAGCCACAAGGACAAGAAGTATCCAACCGGGACCAGGACGAACCGGGCAACAGTCGCTGGATTCTGGAAAGCTACCGGACGTGACAAAATCATCTGCAGTTGTGTCCGGAGAATTGGACTGAGGAAGACACTCGTGTTCTACAAAGGAAGAGCTCCTCACGGTCAGAAATCCGACTGGATCATGCATGAGTATCGCCTCGACGAT</Hsp_qseq>
      <Hsp_hseq>AAAATGAGTGGTATTTCTTCAGCCCTAGAGAAAGAAAATATCCAAACGGAGTCAGACCAAACCGGGCAGCTGTTTCCGGTTATTGGAAAGCAACCGGTACAGACAAAGCCATTCACAGCGGTTCAAGTAACGTAGGTGTCAAGAAAGCTCTAGTCTTCTACAAAGGTAGACCTCCTAAAGGAATCAAAACTGACTGGATCATGCATGAGTATCGTCTCCATGAT</Hsp_hseq>
      <Hsp_midline>|||| || ||||| ||||||||||  |  || |  || ||||||| |||   |||  | ||||||||| | ||  | || |  |||||||| |||||    ||||||  |||   |||  ||    | |   | ||  | | |||  | || || ||||||||||| ||| ||||| | ||    ||| | ||||||||||||||||||||||| ||| | |||</Hsp_midline>
    </Hsp>
    <Hsp>
      <Hsp_num>8</Hsp_num>
      <Hsp_bit-score>94.1598</Hsp_bit-score>
      <Hsp_score>103</Hsp_score>
      <Hsp_evalue>1.15282e-13</Hsp_evalue>
      <Hsp_query-from>519</Hsp_query-from>
      <Hsp_query-to>733</Hsp_query-to>
      <Hsp_hit-from>31494999</Hsp_hit-from>
      <Hsp_hit-to>31494779</Hsp_hit-to>
      <Hsp_query-frame>1</Hsp_query-frame>
      <Hsp_hit-frame>-1</Hsp_hit-frame>
      <Hsp_identity>154</Hsp_identity>
      <Hsp_positive>154</Hsp_positive>
      <Hsp_gaps>6</Hsp_gaps>
      <Hsp_align-len>221</Hsp_align-len>
      <Hsp_qseq>GACTGGTACTTCTTCAGCCACAAGGACAAGAAGTATCCAACCGGGACCAGGACGAACCGGGCAACAGTCGCTGGATTCTGGAAAGCTACCGGACGTGACAA---AATCATCT---GCAGTTGTGTCCGGAGAATTGGACTGAGGAAGACACTCGTGTTCTACAAAGGAAGAGCTCCTCACGGTCAGAAATCCGACTGGATCATGCATGAGTATCGCCTCGA</Hsp_qseq>
      <Hsp_hseq>GAGTGGTACTTTTATAGTCTAAGGGACAGGAAATATCCGACAGGTTTGAGGACTAACAGAGCAACTACTGCTGGATACTGGAAAGCTACCGGAAAAGATAAGGAAGTCTTCTCCGGCGGAGGAGGACAGCTTGTTGGGATGAAGAAGACGTTGGTGTTCTACAAAGGTAGGGCTCCACGTGGCCTCAAGACTAAGTGGGTCATGCATGAGTATCGCCTCGA</Hsp_hseq>
      <Hsp_midline>|| |||||||| |  || |  | ||||| ||| ||||| || ||    ||||| ||| | |||||    ||||||| ||||||||||||||||   || ||   | || |||   || |  | |  | |    ||||  ||| ||||||  | |||||||||||||| || ||||| |  || |  ||  |  | ||| ||||||||||||||||||||||</Hsp_midline>
    </Hsp>
    <Hsp>
      <Hsp_num>9</Hsp_num>
      <Hsp_bit-score>87.848</Hsp_bit-score>
      <Hsp_score>96</Hsp_score>
      <Hsp_evalue>4.9019e-12</Hsp_evalue>
      <Hsp_query-from>250</Hsp_query-from>
      <Hsp_query-to>397</Hsp_query-to>
      <Hsp_hit-from>32779829</Hsp_hit-from>
      <Hsp_hit-to>32779682</Hsp_hit-to>
      <Hsp_query-frame>1</Hsp_query-frame>
      <Hsp_hit-frame>-1</Hsp_hit-frame>
      <Hsp_identity>108</Hsp_identity>
      <Hsp_positive>108</Hsp_positive>
      <Hsp_gaps>0</Hsp_gaps>
      <Hsp_align-len>148</Hsp_align-len>
      <Hsp_qseq>GTGCCTCCAGGTTTCAGATTCCATCCCACCGAAGAAGAACTTCTCCATTACTATCTCCGTAAGAAAGTTAACTCTCAAAAGATCGATCTTGATGTCATTCGTGAAGTTGATCTAAACAAGCTTGAGCCTTGGGATATTCAAGGTTAAA</Hsp_qseq>
      <Hsp_hseq>GTGCCTCCGGGATTCCGGTTTCATCCAACGGAGGAGGAGCTTCTTTACTATTACCTCAAGAAGAAGGTTTCTTATGAACCAATTGATTTAGATGTAATTAGAGAAGTTGATCTCAACAAGCTGGAACCTTGGGAACTTAAAGGTAAAA</Hsp_hseq>
      <Hsp_midline>|||||||| || ||| | || ||||| || || || || |||||  | || || |||   ||||| |||   | | ||   || ||| | ||||| ||| | ||||||||||| |||||||| || ||||||||  || ||||| |||</Hsp_midline>
    </Hsp>
    <Hsp>
      <Hsp_num>10</Hsp_num>
      <Hsp_bit-score>73.4211</Hsp_bit-score>
      <Hsp_score>80</Hsp_score>
      <Hsp_evalue>1.07972e-07</Hsp_evalue>
      <Hsp_query-from>514</Hsp_query-from>
      <Hsp_query-to>731</Hsp_query-to>
      <Hsp_hit-from>22459423</Hsp_hit-from>
      <Hsp_hit-to>22459206</Hsp_hit-to>
      <Hsp_query-frame>1</Hsp_query-frame>
      <Hsp_hit-frame>-1</Hsp_hit-frame>
      <Hsp_identity>149</Hsp_identity>
      <Hsp_positive>149</Hsp_positive>
      <Hsp_gaps>2</Hsp_gaps>
      <Hsp_align-len>219</Hsp_align-len>
      <Hsp_qseq>AAAACGACTGGTACTTCTTCAGCCACAAGGACAAGAAGTATCCAACCGGGACCAGGACGAACCGGGCAACAGTCGCTGGATTCTGGAAAGCTACCGG-ACGTGACAAAATCATCTGCAGTTGTGTCCGGAGAATTGGACTGAGGAAGACACTCGTGTTCTACAAAGGAAGAGCTCCTCACGGTCAGAAATCCGACTGGATCATGCATGAGTATCGCCTC</Hsp_qseq>
      <Hsp_hseq>AAAAAGAATGGTATTTTTTTAGTCCTAGGGATAGAAAATATCCAAACGGGTCAAGACCTAACCGGGTTGCCGGATCGGGTTATTGGAAAGCTACGGGTACG-GATAAAATAATCTCGACGGAAGGACAAAGAGTTGGTATTAAAAAAGCTTTGGTGTTTTACATCGGAAAAGCTCCTAAAGGTACTAAAACCAATTGGATCATGCATGAGTATCGTCTC</Hsp_hseq>
      <Hsp_midline>|||| || ||||| || || || |  | ||| |  || ||||||| |||| | ||  | |||||||   | |   | || |  ||||||||||| || ||| || ||||| ||||  |     |  |  ||| ||||  | |  ||  |  | ||||| ||||  |||| ||||||| | |||   ||| || | |||||||||||||||||||| |||</Hsp_midline>
    </Hsp>
    <Hsp>
      <Hsp_num>11</Hsp_num>
      <Hsp_bit-score>71.6177</Hsp_bit-score>
      <Hsp_score>78</Hsp_score>
      <Hsp_evalue>3.76858e-07</Hsp_evalue>
      <Hsp_query-from>519</Hsp_query-from>
      <Hsp_query-to>731</Hsp_query-to>
      <Hsp_hit-from>23011708</Hsp_hit-from>
      <Hsp_hit-to>23011496</Hsp_hit-to>
      <Hsp_query-frame>1</Hsp_query-frame>
      <Hsp_hit-frame>-1</Hsp_hit-frame>
      <Hsp_identity>152</Hsp_identity>
      <Hsp_positive>152</Hsp_positive>
      <Hsp_gaps>16</Hsp_gaps>
      <Hsp_align-len>221</Hsp_align-len>
      <Hsp_qseq>GACTGGTACTTCTTCAGCCACAAGG-ACAAGAAGTATCCAACCGGGACCAGGACGAACCGGGCAACAGTCGCTGGATTCTGGAAAGCTACCGGACGTGACAAAATCATCTGCAGTTGTGTC--CGGAGA-----ATTGGACTGAGGAAGACACTCGTGTTCTACAAAGGAAGAGCTCCTCACGGTCAGAAATCCGACTGGATCATGCATGAGTATCGCCTC</Hsp_qseq>
      <Hsp_hseq>GAATGGTACTTTTACAGC-ACAAGGGATAAGAAGTATCCAAATGGCTCTAGGACGAACCGTGCGACCCGAGCGGGTTACTGGAAGGCCACGGG----GA-AAGATC--GTACAGTAGAATCAAAGAAGATGAAGATGGGAATGAAGAAGACACTGGTTTATTATAGAGGAAGGGCTCCTCATGGCCTTCGTACTAATTGGGTCATGCATGAATATCGTCTC</Hsp_hseq>
      <Hsp_midline>|| |||||||| | |||| |||||| | |||||||||||||  ||  | ||||||||||| || ||    || || | |||||| || || ||    || || |||   | |||| |  ||   | |||     || ||| ||| ||||||||| || |  || | |||||| |||||||| || |      |  | ||| |||||||||| ||||| |||</Hsp_midline>
    </Hsp>
    <Hsp>
      <Hsp_num>12</Hsp_num>
      <Hsp_bit-score>70.716</Hsp_bit-score>
      <Hsp_score>77</Hsp_score>
      <Hsp_evalue>1.31536e-06</Hsp_evalue>
      <Hsp_query-from>516</Hsp_query-from>
      <Hsp_query-to>721</Hsp_query-to>
      <Hsp_hit-from>23700485</Hsp_hit-from>
      <Hsp_hit-to>23700280</Hsp_hit-to>
      <Hsp_query-frame>1</Hsp_query-frame>
      <Hsp_hit-frame>-1</Hsp_hit-frame>
      <Hsp_identity>139</Hsp_identity>
      <Hsp_positive>139</Hsp_positive>
      <Hsp_gaps>0</Hsp_gaps>
      <Hsp_align-len>206</Hsp_align-len>
      <Hsp_qseq>AACGACTGGTACTTCTTCAGCCACAAGGACAAGAAGTATCCAACCGGGACCAGGACGAACCGGGCAACAGTCGCTGGATTCTGGAAAGCTACCGGACGTGACAAAATCATCTGCAGTTGTGTCCGGAGAATTGGACTGAGGAAGACACTCGTGTTCTACAAAGGAAGAGCTCCTCACGGTCAGAAATCCGACTGGATCATGCATGA</Hsp_qseq>
      <Hsp_hseq>AAGGATTGGTATTTCTACAGCCAAAGAGACCGAAAATACGCGACGGGGCTGAGAACTAACCGAGCAACGGCCACCGGATATTGGAAAGCCACCGGCAAAGACAGAACCATTCTAAGAAAGGGTAAGCTAGTTGGGATGAGGAAGACATTGGTTTTCTATCAAGGTCGAGCTCCTCGAGGCCGTAAAACCGATTGGGTCATGCACGA</Hsp_hseq>
      <Hsp_midline>|| || ||||| |||| |||||| |  |||   || ||  | || |||   || || ||||| ||||| | | | ||||  |||||||| |||||    |||| || |||    ||    |    |  | ||||  ||||||||||| | || |||||  ||||  |||||||||  || |  ||| |||| ||| ||||||| ||</Hsp_midline>
    </Hsp>
    <Hsp>
      <Hsp_num>13</Hsp_num>
      <Hsp_bit-score>69.8143</Hsp_bit-score>
      <Hsp_score>76</Hsp_score>
      <Hsp_evalue>1.31536e-06</Hsp_evalue>
      <Hsp_query-from>251</Hsp_query-from>
      <Hsp_query-to>383</Hsp_query-to>
      <Hsp_hit-from>23012030</Hsp_hit-from>
      <Hsp_hit-to>23011898</Hsp_hit-to>
      <Hsp_query-frame>1</Hsp_query-frame>
      <Hsp_hit-frame>-1</Hsp_hit-frame>
      <Hsp_identity>95</Hsp_identity>
      <Hsp_positive>95</Hsp_positive>
      <Hsp_gaps>0</Hsp_gaps>
      <Hsp_align-len>133</Hsp_align-len>
      <Hsp_qseq>TGCCTCCAGGTTTCAGATTCCATCCCACCGAAGAAGAACTTCTCCATTACTATCTCCGTAAGAAAGTTAACTCTCAAAAGATCGATCTTGATGTCATTCGTGAAGTTGATCTAAACAAGCTTGAGCCTTGGGA</Hsp_qseq>
      <Hsp_hseq>TGCCTCCAGGATTCAGGTTTCATCCCACTGATGAAGAACTGGTGGCTTACTATCTTGATAGGAAGGTCAACGGCCAAGCCATTGAGCTCGAGATCATCCCAGAAGTTGATCTTTATAAATGCGAGCCATGGGA</Hsp_hseq>
      <Hsp_midline>|||||||||| ||||| || |||||||| || ||||||||  |   |||||||||   || ||| || |||   |||   || || || ||  |||| |  |||||||||||  | ||    ||||| |||||</Hsp_midline>
    </Hsp>
    <Hsp>
      <Hsp_num>14</Hsp_num>
      <Hsp_bit-score>63.5025</Hsp_bit-score>
      <Hsp_score>69</Hsp_score>
      <Hsp_evalue>0.000195217</Hsp_evalue>
      <Hsp_query-from>516</Hsp_query-from>
      <Hsp_query-to>736</Hsp_query-to>
      <Hsp_hit-from>275892</Hsp_hit-from>
      <Hsp_hit-to>276109</Hsp_hit-to>
      <Hsp_query-frame>1</Hsp_query-frame>
      <Hsp_hit-frame>1</Hsp_hit-frame>
      <Hsp_identity>148</Hsp_identity>
      <Hsp_positive>148</Hsp_positive>
      <Hsp_gaps>5</Hsp_gaps>
      <Hsp_align-len>222</Hsp_align-len>
      <Hsp_qseq>AACGACTGGTACTTCTTCAGCCACAAGGACAAGAAGTATCCAACCGGGACCAGGACGAACCGGGCAACAGTCGCTGGATTCTGGAAAGCTACCGGACGTGACAAAATCATCTG-CAGTTGTGTCCGGAGAATTGGACTGAGGAAGACACTCGTGTTCTACAAAGGAAGAGCTCCTCACGGTCAGAAATCCGACTGGATCATGCATGAGTATCGCCTCGACGA</Hsp_qseq>
      <Hsp_hseq>AAGGAATGGTACTTCTTCTCTCCCAGGGACAGAAAATATCCCAACGGTTCGCGTCCTAACCGGTCCGCTGGTTCTGGTTACTGGAAAGCTACCGGAGCTGATAAACCGATCGGACTACCTAAACCGG----TCGGAATTAAGAAAGCTCTTGTTTTCTACGCCGGCAAAGCTCCAAAGGGAGAGAAAACCAATTGGATCATGCACGAGTACCGTCTCGCCGA</Hsp_hseq>
      <Hsp_midline>|| || ||||||||||||   | || |||||  || ||||| | |||  |  |  | |||||| |  | |   |||| | ||||||||||||||||  ||| |||   ||| | |        ||||    | ||| | | |||  | || || ||||||   || | ||||||  | ||  ||||| || | ||||||||||| ||||| || |||| |||</Hsp_midline>
    </Hsp>
    <Hsp>
      <Hsp_num>15</Hsp_num>
      <Hsp_bit-score>59.8958</Hsp_bit-score>
      <Hsp_score>65</Hsp_score>
      <Hsp_evalue>0.00237823</Hsp_evalue>
      <Hsp_query-from>646</Hsp_query-from>
      <Hsp_query-to>725</Hsp_query-to>
      <Hsp_hit-from>12370327</Hsp_hit-from>
      <Hsp_hit-to>12370406</Hsp_hit-to>
      <Hsp_query-frame>1</Hsp_query-frame>
      <Hsp_hit-frame>1</Hsp_hit-frame>
      <Hsp_identity>61</Hsp_identity>
      <Hsp_positive>61</Hsp_positive>
      <Hsp_gaps>0</Hsp_gaps>
      <Hsp_align-len>80</Hsp_align-len>
      <Hsp_qseq>TTGGACTGAGGAAGACACTCGTGTTCTACAAAGGAAGAGCTCCTCACGGTCAGAAATCCGACTGGATCATGCATGAGTAT</Hsp_qseq>
      <Hsp_hseq>TTGGACTCAAGAAGACTCTTGTTTTCTATAGAGGTCGTGCTCCTAATGGTGAGAGAACTGATTGGGTGATGCATGAGTAT</Hsp_hseq>
      <Hsp_midline>||||||| | |||||| || || ||||| | |||  | |||||| | ||| ||| | | || ||| | ||||||||||||</Hsp_midline>
    </Hsp>
    <Hsp>
      <Hsp_num>16</Hsp_num>
      <Hsp_bit-score>59.8958</Hsp_bit-score>
      <Hsp_score>65</Hsp_score>
      <Hsp_evalue>0.00237823</Hsp_evalue>
      <Hsp_query-from>549</Hsp_query-from>
      <Hsp_query-to>732</Hsp_query-to>
      <Hsp_hit-from>31926398</Hsp_hit-from>
      <Hsp_hit-to>31926578</Hsp_hit-to>
      <Hsp_query-frame>1</Hsp_query-frame>
      <Hsp_hit-frame>1</Hsp_hit-frame>
      <Hsp_identity>125</Hsp_identity>
      <Hsp_positive>125</Hsp_positive>
      <Hsp_gaps>5</Hsp_gaps>
      <Hsp_align-len>185</Hsp_align-len>
      <Hsp_qseq>AAGTATCCAACCGGGACCAGGACGAACCGGGCAACAGTCGCTGGATTCTGGAAAGCTACCGGACGTGACAAAATCATCTGCAGTTGT-GTCCGGAGAATTGGACTGAGGAAGACACTCGTGTTCTACAAAGGAAGAGCTCCTCACGGTCAGAAATCCGACTGGATCATGCATGAGTATCGCCTCG</Hsp_qseq>
      <Hsp_hseq>AAGTATCCAAACGGTTCAAGACCCAACCGTGCAGCTGGTACTGGATATTGGAAAGCTACCGGAGCTGATAAACCAATAGGTCGTCCTAAACCGG----TTGGTATTAAGAAGGCTCTAGTGTTTTACTCGGGAAAACCTCCAAATGGAGAGAAAACCAATTGGATTATGCACGAATACCGGCTCG</Hsp_hseq>
      <Hsp_midline>|||||||||| |||  | ||  | ||||| ||| | |   ||||||  |||||||||||||||  ||| |||   ||  |  ||  |   ||||    ||||  | | |||| | || ||||| |||   |||| | ||||  | ||  ||||| || | ||||| ||||| || || || ||||</Hsp_midline>
    </Hsp>
    <Hsp>
      <Hsp_num>17</Hsp_num>
      <Hsp_bit-score>52.6823</Hsp_bit-score>
      <Hsp_score>57</Hsp_score>
      <Hsp_evalue>0.352961</Hsp_evalue>
      <Hsp_query-from>251</Hsp_query-from>
      <Hsp_query-to>306</Hsp_query-to>
      <Hsp_hit-from>275645</Hsp_hit-from>
      <Hsp_hit-to>275700</Hsp_hit-to>
      <Hsp_query-frame>1</Hsp_query-frame>
      <Hsp_hit-frame>1</Hsp_hit-frame>
      <Hsp_identity>45</Hsp_identity>
      <Hsp_positive>45</Hsp_positive>
      <Hsp_gaps>0</Hsp_gaps>
      <Hsp_align-len>56</Hsp_align-len>
      <Hsp_qseq>TGCCTCCAGGTTTCAGATTCCATCCCACCGAAGAAGAACTTCTCCATTACTATCTC</Hsp_qseq>
      <Hsp_hseq>TGCCTCCAGGTTTCCGATTTCACCCTACCGATGAAGAGCTTGTCATGCACTATCTC</Hsp_hseq>
      <Hsp_midline>|||||||||||||| |||| || || ||||| ||||| ||| ||    ||||||||</Hsp_midline>
    </Hsp>
    <Hsp>
      <Hsp_num>18</Hsp_num>
      <Hsp_bit-score>50.8789</Hsp_bit-score>
      <Hsp_score>55</Hsp_score>
      <Hsp_evalue>1.23195</Hsp_evalue>
      <Hsp_query-from>253</Hsp_query-from>
      <Hsp_query-to>393</Hsp_query-to>
      <Hsp_hit-from>11641908</Hsp_hit-from>
      <Hsp_hit-to>11642048</Hsp_hit-to>
      <Hsp_query-frame>1</Hsp_query-frame>
      <Hsp_hit-frame>1</Hsp_hit-frame>
      <Hsp_identity>98</Hsp_identity>
      <Hsp_positive>98</Hsp_positive>
      <Hsp_gaps>4</Hsp_gaps>
      <Hsp_align-len>143</Hsp_align-len>
      <Hsp_qseq>CCTCCAGGTTTCAGATTCCATCCCACCGAAGAAGAACTTCTCCATTACTATCTCCGT--AAGAAAGTTAACTCTCAAAAGATCGATCTTGATGTCATTCGTGAAGTTGATCTAAACAAGCTTGAGCCTTGGGATATTCAAGGT</Hsp_qseq>
      <Hsp_hseq>CCACCTGGTTTCAGATTTCATCCAACAGATGAAGAACTTGTAGGTTATTACCTGCATAGAAGAAACGAAGGGCT--TGAGATCGAGCTTGAAATAATCCCATTAATGGACTTATACAAGTTTGATCCTTGGGAACTTCCAGGT</Hsp_hseq>
      <Hsp_midline>|| || ||||||||||| ||||| || || ||||||||| |   ||| || || | |  ||||||   |   ||    ||||||| |||||  | || |    | | ||  || ||||| |||| ||||||||  ||| ||||</Hsp_midline>
    </Hsp>
    <Hsp>
      <Hsp_num>19</Hsp_num>
      <Hsp_bit-score>48.1739</Hsp_bit-score>
      <Hsp_score>52</Hsp_score>
      <Hsp_evalue>4.29995</Hsp_evalue>
      <Hsp_query-from>251</Hsp_query-from>
      <Hsp_query-to>306</Hsp_query-to>
      <Hsp_hit-from>27309807</Hsp_hit-from>
      <Hsp_hit-to>27309752</Hsp_hit-to>
      <Hsp_query-frame>1</Hsp_query-frame>
      <Hsp_hit-frame>-1</Hsp_hit-frame>
      <Hsp_identity>44</Hsp_identity>
      <Hsp_positive>44</Hsp_positive>
      <Hsp_gaps>0</Hsp_gaps>
      <Hsp_align-len>56</Hsp_align-len>
      <Hsp_qseq>TGCCTCCAGGTTTCAGATTCCATCCCACCGAAGAAGAACTTCTCCATTACTATCTC</Hsp_qseq>
      <Hsp_hseq>TGCCTCCAGGTTTCCGGTTTCATCCAACAGACGAAGAGCTTGTCATATACTACCTC</Hsp_hseq>
      <Hsp_midline>|||||||||||||| | || ||||| || || ||||| ||| ||   ||||| |||</Hsp_midline>
    </Hsp>
  </Hit_hsps>
</Hit>
<Hit>
  <Hit_num>19</Hit_num>
  <Hit_id>gi|1901002614|emb|LR881466.1|</Hit_id>
  <Hit_def>Arabidopsis thaliana genome assembly, chromosome: 1</Hit_def>
  <Hit_accession>LR881466</Hit_accession>
  <Hit_len>31060185</Hit_len>
  <Hit_hsps>
    <Hsp>
      <Hsp_num>1</Hsp_num>
      <Hsp_bit-score>3391.62</Hsp_bit-score>
      <Hsp_score>3760</Hsp_score>
      <Hsp_evalue>0</Hsp_evalue>
      <Hsp_query-from>1</Hsp_query-from>
      <Hsp_query-to>1926</Hsp_query-to>
      <Hsp_hit-from>11773843</Hsp_hit-from>
      <Hsp_hit-to>11771915</Hsp_hit-to>
      <Hsp_query-frame>1</Hsp_query-frame>
      <Hsp_hit-frame>-1</Hsp_hit-frame>
      <Hsp_identity>1915</Hsp_identity>
      <Hsp_positive>1915</Hsp_positive>
      <Hsp_gaps>15</Hsp_gaps>
      <Hsp_align-len>1935</Hsp_align-len>
      <Hsp_qseq>AAAGACACTTTAATGCATGAACTTCTTTGTTTAAATAACAATTTCCCCCTTTTGGGGGCTATGTCTCGTCGAGTCCTACCACCATTATAAATTATCTCATCGTTTGCTTTCTTTTTTTTAAGTTGTAACCATTTCCACTCGTAATCATACAACTTCTCTACTCTTCTAGAGCAAAAACCCAAAAATATATTGCTATCTTCGTTAATGGCTGATAATAAGGTCAATCTTTCGATTAATGGACAATCAAAAGTGCCTCCAGGTTTCAGATTCCATCCCACCGAAGAAGAACTTCTCCATTACTATCTCCGTAAGAAAGTTAACTCTCAAAAGATCGATCTTGATGTCATTCGTGAAGTTGATCTAAACAAGCTTGAGCCTTGGGATATTCAAGGTTAAACCCTAAATATGAAAAAAAACTCTTTCATTTCTACGAACTCTCTATTTCTTTGTTCTTTATTTTTGAACCATTTTGGTATGCAAATGCAGAGGAATGTAGAATCGGTTCAACGCCACAAAACGACTGGTACTTCTTCAGCCACAAGGACAAGAAGTATCCAACCGGGACCAGGACGAACCGGGCAACAGTCGCTGGATTCTGGAAAGCTACCGGACGTGACAAAATCATCTGCAGTTGTGTCCGGAGAATTGGACTGAGGAAGACACTCGTGTTCTACAAAGGAAGAGCTCCTCACGGTCAGAAATCCGACTGGATCATGCATGAGTATCGCCTCGACGATACTCCAATGTCTAATGTAAGTATATATAGCAATCATCAATTTGCAGTTTAGGTTAGAATAAACAAATTACAAACTTATAGTCAAAGAATTAGCTAGATTCGTTTCATGCTATAAAAGGTTTTGGTTCATTTAGTACGCACTAGAGCCTTCTTTTAGCATCTGCAATTAAAGTAATCGAACATGATTCTCTGAGTTACAATAAGATAATTTCTTATGAAATTAACACATCATATATACATTTATATAAAAAGATTTTTTCACAAGGCTTAAAATAGTTTAACACGGCTCTACAAACAATACGTAGTTAACTAGTTATGGTTGCATATCCAAAAGAAAAACCAACATAAAAGATTTTTTTTTTTGTTTCAAAATAAAAGTTGCATTTTTACATCATCAAGATTTAATCATCTCTTATTGCATTTCATAAGATCGATTTGTGTTCCATTATCAGGGCTATGCTGATGTTGTTACAGAAGATCCAATGAGCTATAACGAAGAAGGTTGGGTGGTATGTCGAGTGTTCAGGAAGAAGAACTATCAAAAGATTGACGATTGTCCTAAAATCACTCTATCTTCTTTACCTGATGACACGGAGGAAGAGAAGGGGCCCACCTTTCACAACACTCAAAACGTTACCGGTTTAGACCATGTTCTTCTCTACATGGACCGTACCGGTTCTAACATTTGCATGCCCGAGAGCCAAACAACGACTCAACATCAAGATGATGTCTTATTCATGCAACTCCCAAGTCTTGAGACACCTAAATCCGAGAGCCCGGTCGACCAAAGTTTCCTGACTCCAAGCAAACTCGATTTCTCTCCCGTTCAAGAGAAGATAACCGAAAGACCGGTTTGCAGCAACTGGGCTAGTCTTGACCGGCTCGTAGCTTGGCAATTGAACAATGGTCATCATAATCCGTGTCATCGTAAGAGTTTTGATGAAGAAGAAGAAAATGGTGATACTATGATGCAGCGATGGGATCTTCATTGGAATAATGATGATAATGTTGATCTTTGGAGTAGTTTCACTGAGTCTTCTTCGTCTTTAGACCCACTTCTTCATTTATCTGTATGATTATCTA--------TACATACACATACAC-AAAATATAAAATAAAGTTTGTTAAAAAATGTCTCATGTTCTATTGATAGTACGTCTTGATTTTGGGGTTTAACATTTGTTAATGGTGGAGGG</Hsp_qseq>
      <Hsp_hseq>AAAGACACTTTAATGCATGAACTTCTTTGTTTAAATAACAATTTCCCCCTTTTGGGGGCTATGTCTCGTCGAGTCCTACCACCATTATAAATTATCTCATCGTTTGCTTTCTTTTTTTTAAGTTGTAACCATTTCCACTCGTAATCATACAACTTCTCTACTCTTCTAGAGCAAAAACCCAAAAATATATTGCTATCTTCGTTAATGGCTGATAATAAGGTCAATCTTTCGATTAATGGACAATCAAAAGTGCCTCCAGGTTTCAGATTCCATCCCACCGAAGAAGAACTTCTCCATTACTATCTCCGTAAGAAAGTTAACTCTCAAAAGATCGATCTTGATGTCATTCGTGAAGTTGATCTAAACAAGCTTGAGCCTTGGGATATTCAAGGTTAAACCCTAAATATGAAAAA---CTCTTTCATTTCTACAAACTCTCT--TTCTTTGTTCTTTATTTTTGAACCATTTTGGTATGGAAATGCAGAGGAATGTAGAATCGGTTCAACGCCACAAAACGACTGGTACTTCTTCAGCCACAAGGACAAGAAGTATCCAACCGGGACCAGGACGAACCGGGCAACAGTCGCTGGATTCTGGAAAGCTACCGGACGTGACAAAATCATCTGCAGTTGTGTCCGGAGAATTGGACTGAGGAAGACACTCGTGTTCTACAAAGGAAGAGCTCCTCACGGTCAGAAATCCGACTGGATCATGCATGAGTATCGCCTCGACGATACTCCAATGTCTAATGTAAGTATATATAGCAATCATCAATTTGCAGTTTAGGTTAGAATAAACAAATTACAAACTTATAGTCAAAGAATTAGCTAGATTCGTTTCATGCTATAAAAGGTTTTGGTTCATTTAGTACGCACTAGAGCCTTCTTTTAGCATCTGCAATTAAAGTAATCGAACATGATTCTCTGAGTTACAATAAGATAATTTCTTATGAAATTAACACATCATATATACATTTATATAAAAAGATTTTTTCACAAGGCTTAAAATAGTTTAACACGGCTCTACAAACAATACGTAGTTAACTAGTTATGGTTGCATATCCAAAAGAAAAACCAACATAAAAGATTTTTTTTTT-GTTTCAAAATAAAAGTTGCATTTTTACATCATCAAGATTTAATCATCTCTTATTGCATTTCATAAGATCGATTTGTATTCCATTATCAGGGCTATGCTGATGTTGTTACAGAAGATCCAATGAGCTATAACGAAGAAGGTTGGGTGGTATGTCGAGTGTTCAGGAAGAAGAACTATCAAAAGATTGACGATTGTCCTAAAATCACTCTATCTTCTTTACCTGATGACACGGAGGAAGAGAAGAGGCCCACCTTTCACAACACTCAAAACGTTACCGGTTTAGACCATGTTCTTCTCTACATGGACCGTACCGGTTCTAACATTTGCATGCCCGAGAGCCAAACAACGACTCAACATCAAGATGATGTCTTATTCATGCAACTCCCAAGTCTTGAGACACCTAAATCCGAGAGCCCGGTCGACCAAAGTTTCCTGACTCCAAGAAAACTCGATTTCTCTCCCGTTCAAGAGAAGATAACCGAAAGACCGGTTTGCAGCAACTGGGCTAGTCTTGACCGGCTCGTAGCTTGGCAATTGAACAATGGTCATCATAATCCGTGTCATCGTAAGAGTTTTGATGAAGAAGAAGAAAATGGTGATACTATGATGCAGCGATGGGATCTTCATTGGAATAATGATGATAATGTTGATCTTTGGAGTAGTTTCACTGAGTCTTCTTCGTCTTTAGACCCACTTCTTCATTTATCTGTATGATTATCTATACAAATATACATACACATACACAAAAATATAAAATAAAGTTTGTTAAAAAATGTCTCATGTTCTATTGATAGTACGTCTTGATTTTGGGGTTTAACATTTGTTAATGGTGGAGGG</Hsp_hseq>
      <Hsp_midline>|||||||||||||||||||||||||||||||||||||||||||||||||||||||||||||||||||||||||||||||||||||||||||||||||||||||||||||||||||||||||||||||||||||||||||||||||||||||||||||||||||||||||||||||||||||||||||||||||||||||||||||||||||||||||||||||||||||||||||||||||||||||||||||||||||||||||||||||||||||||||||||||||||||||||||||||||||||||||||||||||||||||||||||||||||||||||||||||||||||||||||||||||||||||||||||||||||||||||||||||||||||||||||||   ||||||||||||||| ||||||||  ||||||||||||||||||||||||||||||||||| |||||||||||||||||||||||||||||||||||||||||||||||||||||||||||||||||||||||||||||||||||||||||||||||||||||||||||||||||||||||||||||||||||||||||||||||||||||||||||||||||||||||||||||||||||||||||||||||||||||||||||||||||||||||||||||||||||||||||||||||||||||||||||||||||||||||||||||||||||||||||||||||||||||||||||||||||||||||||||||||||||||||||||||||||||||||||||||||||||||||||||||||||||||||||||||||||||||||||||||||||||||||||||||||||||||||||||||||||||||||||||||||||||||||||||||||||||||||||||||||||||||||||||||||||||||||||||||||||||||||||||||||||||||||||||||||||||||||||||||||||||||||||||||||||||||||||||||||||||||||||||||||||||||||||||| |||||||||||||||||||||||||||||||||||||||||||||||||||||||||||||||||||||||||||| ||||||||||||||||||||||||||||||||||||||||||||||||||||||||||||||||||||||||||||||||||||||||||||||||||||||||||||||||||||||||||||||||||||||||||||||||||||||||||||||||||||| ||||||||||||||||||||||||||||||||||||||||||||||||||||||||||||||||||||||||||||||||||||||||||||||||||||||||||||||||||||||||||||||||||||||||||||||||||||||||||||||||||||||||||||||||||||||||||||||||||||||| |||||||||||||||||||||||||||||||||||||||||||||||||||||||||||||||||||||||||||||||||||||||||||||||||||||||||||||||||||||||||||||||||||||||||||||||||||||||||||||||||||||||||||||||||||||||||||||||||||||||||||||||||||||||||||||||||||||||||||||||||||||||||||||||||||||||||||||||||||||        ||||||||||||||| ||||||||||||||||||||||||||||||||||||||||||||||||||||||||||||||||||||||||||||||||||||||||||||</Hsp_midline>
    </Hsp>
    <Hsp>
      <Hsp_num>2</Hsp_num>
      <Hsp_bit-score>201.46</Hsp_bit-score>
      <Hsp_score>222</Hsp_score>
      <Hsp_evalue>3.08798e-46</Hsp_evalue>
      <Hsp_query-from>250</Hsp_query-from>
      <Hsp_query-to>765</Hsp_query-to>
      <Hsp_hit-from>11965005</Hsp_hit-from>
      <Hsp_hit-to>11965518</Hsp_hit-to>
      <Hsp_query-frame>1</Hsp_query-frame>
      <Hsp_hit-frame>1</Hsp_hit-frame>
      <Hsp_identity>362</Hsp_identity>
      <Hsp_positive>362</Hsp_positive>
      <Hsp_gaps>16</Hsp_gaps>
      <Hsp_align-len>523</Hsp_align-len>
      <Hsp_qseq>GTGCCTCCAGGTTTCAGATTCCATCCCACCGAAGAAGAACTTCTCCATTACTATCTCCGTAAGAAAGTTAACTCTCAAAAGATCGATCTTGATGTCATTCGTGAAGTTGATCTAAACAAGCTTGAGCCTTGGGATATTCAAGGTTAAACCCTAAATATGAAAAAAAACTCTTTCATTTCTACGAACTCTCTATTTCTTTGTTCTTTATTTTTGAAC--CATTTTGGTAT--GCAAATGCAGAGGAATGTAGAATCGGTTCAACGCCACAAAACGACTGGTACTTCTTCAGCCACAAGGACAAGAAGTATCCAACCGGGACCAGGACGAACCGGGCAACAGTCGCTGGATTCTGGAAAGCTACCGGACGTGACAAAATCATCTGCAGTTGTGTCCGGAGAATTGGACTGAGGAAGACACTCGTGTTCTACAAAGGAAGAGCTCCTCACGGTCAGAAATCCGACTGGATCATGCATGAGTATCGCCTCGACGATACTCCA-ATG--TCTAATGTAAGTATATATA</Hsp_qseq>
      <Hsp_hseq>GTACCGCCTGGTTTTCGGTTTCATCCAACGGACGAAGAACTTCTTCATTACTACTTGAAGAAGAAGATTTCTTATGAAAAGTTTGAGATGGAAGTCATCAAAGAGGTTGATTTGAACAAGATTGAGCCGTGGGATTTACAAGGTACGTTCTTT--TATTAATAATACATATACGAT-----CCAATCCTCTAGTTATAT--TAGATACTATACAAAAGCATTTTTGTTTTTGTTTTTGTAGATAGATGCAAAATAGGATCAACGCCACAAAATGAGTGGTATTTCTTCAGCCACAAGGATAGGAAATATCCGACAGGGTCAAGGACAAACCGTGCAACCCACTCCGGTTTTTGGAAGGCGACAGGACGTGACAAATGCATAAGAAATTCTTACAAGAAGATCGGCATGAGGAAGACTCTTGTATTCTACAAAGGAAGAGCTCCTCATGGCCAAAAGACAGATTGGATCATGCACGAGTACCGTATCGAAGACACTGAAGATGACCCTTGTGTATGTATATATA</Hsp_hseq>
      <Hsp_midline>|| || || |||||  | || ||||| || || ||||||||||| ||||||||  |    |||||  ||   | | ||||| | ||  | || |||||    || |||||| | |||||| ||||||| |||||| | ||||||     | |   ||| || || |  | |   ||     | ||  ||||| || | |  |   || | |  ||   |||||| || |  |    || |||   ||| | ||| || |||||||||||||| || ||||| ||||||||||||||||| | ||| ||||| || ||| | ||||| ||||| |||||   | | || || ||||| || || ||||||||||||  |||  | | || |  |  ||  || ||  |||||||||| || || ||||||||||||||||||||||| || || ||  | || ||||||||||| ||||| ||  |||| || |||  | |||   ||  |||| |||||||||</Hsp_midline>
    </Hsp>
    <Hsp>
      <Hsp_num>3</Hsp_num>
      <Hsp_bit-score>185.23</Hsp_bit-score>
      <Hsp_score>204</Hsp_score>
      <Hsp_evalue>2.37404e-41</Hsp_evalue>
      <Hsp_query-from>481</Hsp_query-from>
      <Hsp_query-to>738</Hsp_query-to>
      <Hsp_hit-from>30575673</Hsp_hit-from>
      <Hsp_hit-to>30575413</Hsp_hit-to>
      <Hsp_query-frame>1</Hsp_query-frame>
      <Hsp_hit-frame>-1</Hsp_hit-frame>
      <Hsp_identity>200</Hsp_identity>
      <Hsp_positive>200</Hsp_positive>
      <Hsp_gaps>5</Hsp_gaps>
      <Hsp_align-len>262</Hsp_align-len>
      <Hsp_qseq>ATGCAGAGGAATGTAGAATCGGTTCAACGCCACAAAACGACTGGTACTTCTTCAGCCACAAGGACAAGAAGTATCCAACCGGGACCAGGACGAACCGGGCAACAGTCGCTGGATTCTGGAAAGCTACCGGACGTGACAAA---AT-CATCTGCAGTTGTGTCCGGAGAATTGGACTGAGGAAGACACTCGTGTTCTACAAAGGAAGAGCTCCTCACGGTCAGAAATCCGACTGGATCATGCATGAGTATCGCCTCGACGATA</Hsp_qseq>
      <Hsp_hseq>ATGTAGAGAAATGCAGAATCGGGTCGGGTCCTCAAAACGAGTGGTATTTCTTTAGCCACAAGGACAAGAAATATCCGACTGGTACCCGAACGAACCGGGCGACAGCAGCCGGGTTCTGGAAAGCTACTGGTAGAGACAAATCCATACATCT-CAACAGCTCCAAGAAGATTGGACTTCGTAAGACTCTTGTCTTCTACACTGGTCGTGCTCCTCATGGCCAAAAAACCGAATGGATCATGCACGAATATCGCTTGGACGATA</Hsp_hseq>
      <Hsp_midline>||| |||| |||| |||||||| ||    || |||||||| ||||| ||||| ||||||||||||||||| ||||| || || ||| | ||||||||||| ||||  || || |||||||||||||| ||  | ||||||   || ||||| ||   |   |  ||  ||||||||  | ||||| || || |||||||  ||  | |||||||| || || ||| |||| ||||||||||| || |||||| | |||||||</Hsp_midline>
    </Hsp>
    <Hsp>
      <Hsp_num>4</Hsp_num>
      <Hsp_bit-score>128.424</Hsp_bit-score>
      <Hsp_score>141</Hsp_score>
      <Hsp_evalue>5.58813e-24</Hsp_evalue>
      <Hsp_query-from>513</Hsp_query-from>
      <Hsp_query-to>731</Hsp_query-to>
      <Hsp_hit-from>27693368</Hsp_hit-from>
      <Hsp_hit-to>27693586</Hsp_hit-to>
      <Hsp_query-frame>1</Hsp_query-frame>
      <Hsp_hit-frame>1</Hsp_hit-frame>
      <Hsp_identity>166</Hsp_identity>
      <Hsp_positive>166</Hsp_positive>
      <Hsp_gaps>14</Hsp_gaps>
      <Hsp_align-len>226</Hsp_align-len>
      <Hsp_qseq>CAAAACGACTGGTACTTCTTCAGCCACAAGGACAAGAAGTATCCAACCGGGACCAGGACGAACCGGGCAACAGTCGCTGGATTCTGGAAAGCTACCGGACGTGACAA-----AATCATC-TGCAGTTGTGTCCGGAGAATTGGACTGAGGAAGACACTCGTGTTCTACAAAGGAAGAGCTCCTCACGGTCAGAAA-TCCGACTGGATCATGCATGAGTATCGCCTC</Hsp_qseq>
      <Hsp_hseq>CAAAACGAGTGGTACTTCTTTAGTCATAAGGACAGGAAGTACCCTACCGGGACTAGGACCAACCGAGCCACTGCGGCTGGGTTCTGGAAAGCCACGGGTAGAGACAAGGCGGTACTATCAAAAAACAGTGTC------ATCGGAATGCGGAAGACACTTGTCTACTACAAGGGTCGAGCTCCTAATGG-AAGAAAGTCCGATTGGATCATGCACGAATACCGTCTC</Hsp_hseq>
      <Hsp_midline>|||||||| ||||||||||| || || ||||||| |||||| || |||||||| ||||| ||||| || || |  ||||| ||||||||||| || ||  | |||||      |  |||    |   |||||      || ||| || |||||||||| || | |||||| ||  |||||||| | ||  ||||| ||||| ||||||||||| || || || |||</Hsp_midline>
    </Hsp>
    <Hsp>
      <Hsp_num>5</Hsp_num>
      <Hsp_bit-score>125.719</Hsp_bit-score>
      <Hsp_score>138</Hsp_score>
      <Hsp_evalue>1.95045e-23</Hsp_evalue>
      <Hsp_query-from>519</Hsp_query-from>
      <Hsp_query-to>728</Hsp_query-to>
      <Hsp_hit-from>4163541</Hsp_hit-from>
      <Hsp_hit-to>4163332</Hsp_hit-to>
      <Hsp_query-frame>1</Hsp_query-frame>
      <Hsp_hit-frame>-1</Hsp_hit-frame>
      <Hsp_identity>156</Hsp_identity>
      <Hsp_positive>156</Hsp_positive>
      <Hsp_gaps>4</Hsp_gaps>
      <Hsp_align-len>212</Hsp_align-len>
      <Hsp_qseq>GACTGGTACTTCTTCAGCCACAAGGACAAGAAGTATCCAACCGGGACCAGGACGAACCGGGCAACAGTCGCTGGATTCTGGAAAGCTACCGGACGTGACAAAATCATCTGCAGTTGTGTC--CGGAGAATTGGACTGAGGAAGACACTCGTGTTCTACAAAGGAAGAGCTCCTCACGGTCAGAAATCCGACTGGATCATGCATGAGTATCGC</Hsp_qseq>
      <Hsp_hseq>GATTGGTACTTCTTTAGCCATAAAGACAAGAAGTATCCCACAGGGACTCGAACCAATAGAGCAACAAAAGCAGGGTTTTGGAAAGCCACCGGAAGAGATAAGGCTATCT--ATTTGAGGCATAGTCTAATTGGCATGAGGAAAACACTTGTGTTTTACAAGGGAAGAGCCCCAAATGGACAAAAGTCTGATTGGATCATGCACGAATACCGC</Hsp_hseq>
      <Hsp_midline>|| ||||||||||| ||||| || |||||||||||||| || |||||  | || ||  | ||||||   || || || |||||||| |||||| | || ||    ||||  | ||| | |   |   ||||||  ||||||| ||||| ||||| ||||| |||||||| ||  | || || || || || ||||||||||| || || |||</Hsp_midline>
    </Hsp>
    <Hsp>
      <Hsp_num>6</Hsp_num>
      <Hsp_bit-score>120.309</Hsp_bit-score>
      <Hsp_score>132</Hsp_score>
      <Hsp_evalue>8.29352e-22</Hsp_evalue>
      <Hsp_query-from>518</Hsp_query-from>
      <Hsp_query-to>728</Hsp_query-to>
      <Hsp_hit-from>23810704</Hsp_hit-from>
      <Hsp_hit-to>23810494</Hsp_hit-to>
      <Hsp_query-frame>1</Hsp_query-frame>
      <Hsp_hit-frame>-1</Hsp_hit-frame>
      <Hsp_identity>153</Hsp_identity>
      <Hsp_positive>153</Hsp_positive>
      <Hsp_gaps>0</Hsp_gaps>
      <Hsp_align-len>211</Hsp_align-len>
      <Hsp_qseq>CGACTGGTACTTCTTCAGCCACAAGGACAAGAAGTATCCAACCGGGACCAGGACGAACCGGGCAACAGTCGCTGGATTCTGGAAAGCTACCGGACGTGACAAAATCATCTGCAGTTGTGTCCGGAGAATTGGACTGAGGAAGACACTCGTGTTCTACAAAGGAAGAGCTCCTCACGGTCAGAAATCCGACTGGATCATGCATGAGTATCGC</Hsp_qseq>
      <Hsp_hseq>CGAATGGTACTTCTTTAGTCATAAAGACAAGAAGTATCCCACGGGAACTCGAACCAATAGAGCCACGAAAGCAGGATTTTGGAAAGCCACTGGAAGAGACAAGGCTATATATATAAGACATAGTCTTATCGGTATGAGGAAAACACTTGTGTTTTACAAAGGAAGAGCCCCAAATGGTCAGAAATCCGATTGGATCATGCACGAATATCGC</Hsp_hseq>
      <Hsp_midline>||| ||||||||||| || || || |||||||||||||| || || ||  | || ||  | || ||    || ||||| |||||||| || ||| | |||||    || |  |   |     |    || ||  ||||||| ||||| ||||| |||||||||||||| ||  | |||||||||||||| ||||||||||| || ||||||</Hsp_midline>
    </Hsp>
    <Hsp>
      <Hsp_num>7</Hsp_num>
      <Hsp_bit-score>94.1598</Hsp_bit-score>
      <Hsp_score>103</Hsp_score>
      <Hsp_evalue>1.15282e-13</Hsp_evalue>
      <Hsp_query-from>514</Hsp_query-from>
      <Hsp_query-to>737</Hsp_query-to>
      <Hsp_hit-from>26739947</Hsp_hit-from>
      <Hsp_hit-to>26740170</Hsp_hit-to>
      <Hsp_query-frame>1</Hsp_query-frame>
      <Hsp_hit-frame>1</Hsp_hit-frame>
      <Hsp_identity>155</Hsp_identity>
      <Hsp_positive>155</Hsp_positive>
      <Hsp_gaps>0</Hsp_gaps>
      <Hsp_align-len>224</Hsp_align-len>
      <Hsp_qseq>AAAACGACTGGTACTTCTTCAGCCACAAGGACAAGAAGTATCCAACCGGGACCAGGACGAACCGGGCAACAGTCGCTGGATTCTGGAAAGCTACCGGACGTGACAAAATCATCTGCAGTTGTGTCCGGAGAATTGGACTGAGGAAGACACTCGTGTTCTACAAAGGAAGAGCTCCTCACGGTCAGAAATCCGACTGGATCATGCATGAGTATCGCCTCGACGAT</Hsp_qseq>
      <Hsp_hseq>AAAATGAGTGGTATTTCTTCAGCCCTAGAGAAAGAAAATATCCAAACGGAGTCAGACCAAACCGGGCAGCTGTTTCCGGTTATTGGAAAGCAACCGGTACAGACAAAGCCATTCACAGCGGTTCAAGTAACGTAGGTGTCAAGAAAGCTCTAGTCTTCTACAAAGGTAGACCTCCTAAAGGAATCAAAACTGACTGGATCATGCATGAGTATCGTCTCCATGAT</Hsp_hseq>
      <Hsp_midline>|||| || ||||| ||||||||||  |  || |  || ||||||| |||   |||  | ||||||||| | ||  | || |  |||||||| |||||    ||||||  |||   |||  ||    | |   | ||  | | |||  | || || ||||||||||| ||| ||||| | ||    ||| | ||||||||||||||||||||||| ||| | |||</Hsp_midline>
    </Hsp>
    <Hsp>
      <Hsp_num>8</Hsp_num>
      <Hsp_bit-score>89.6514</Hsp_bit-score>
      <Hsp_score>98</Hsp_score>
      <Hsp_evalue>1.40442e-12</Hsp_evalue>
      <Hsp_query-from>519</Hsp_query-from>
      <Hsp_query-to>733</Hsp_query-to>
      <Hsp_hit-from>29294709</Hsp_hit-from>
      <Hsp_hit-to>29294489</Hsp_hit-to>
      <Hsp_query-frame>1</Hsp_query-frame>
      <Hsp_hit-frame>-1</Hsp_hit-frame>
      <Hsp_identity>153</Hsp_identity>
      <Hsp_positive>153</Hsp_positive>
      <Hsp_gaps>6</Hsp_gaps>
      <Hsp_align-len>221</Hsp_align-len>
      <Hsp_qseq>GACTGGTACTTCTTCAGCCACAAGGACAAGAAGTATCCAACCGGGACCAGGACGAACCGGGCAACAGTCGCTGGATTCTGGAAAGCTACCGGACGTGACAA---AATCATCT---GCAGTTGTGTCCGGAGAATTGGACTGAGGAAGACACTCGTGTTCTACAAAGGAAGAGCTCCTCACGGTCAGAAATCCGACTGGATCATGCATGAGTATCGCCTCGA</Hsp_qseq>
      <Hsp_hseq>GAGTGGTACTTTTATAGTCTAAGGGACAGGAAATATCCGACAGGTTTGAGGACTAACAGAGCAACTACTGCTGGATACTGGAAAGCTACCGGCAAAGATAAGGAAGTCTTCTCCGGCGGAGGAGGACAGCTTGTTGGGATGAAGAAGACGTTGGTGTTCTACAAAGGTAGGGCTCCACGTGGCCTCAAGACTAAGTGGGTCATGCATGAGTATCGCCTCGA</Hsp_hseq>
      <Hsp_midline>|| |||||||| |  || |  | ||||| ||| ||||| || ||    ||||| ||| | |||||    ||||||| |||||||||||||||    || ||   | || |||   || |  | |  | |    ||||  ||| ||||||  | |||||||||||||| || ||||| |  || |  ||  |  | ||| ||||||||||||||||||||||</Hsp_midline>
    </Hsp>
    <Hsp>
      <Hsp_num>9</Hsp_num>
      <Hsp_bit-score>87.848</Hsp_bit-score>
      <Hsp_score>96</Hsp_score>
      <Hsp_evalue>4.9019e-12</Hsp_evalue>
      <Hsp_query-from>250</Hsp_query-from>
      <Hsp_query-to>397</Hsp_query-to>
      <Hsp_hit-from>30576512</Hsp_hit-from>
      <Hsp_hit-to>30576365</Hsp_hit-to>
      <Hsp_query-frame>1</Hsp_query-frame>
      <Hsp_hit-frame>-1</Hsp_hit-frame>
      <Hsp_identity>108</Hsp_identity>
      <Hsp_positive>108</Hsp_positive>
      <Hsp_gaps>0</Hsp_gaps>
      <Hsp_align-len>148</Hsp_align-len>
      <Hsp_qseq>GTGCCTCCAGGTTTCAGATTCCATCCCACCGAAGAAGAACTTCTCCATTACTATCTCCGTAAGAAAGTTAACTCTCAAAAGATCGATCTTGATGTCATTCGTGAAGTTGATCTAAACAAGCTTGAGCCTTGGGATATTCAAGGTTAAA</Hsp_qseq>
      <Hsp_hseq>GTGCCTCCGGGATTCCGGTTTCATCCAACGGAGGAGGAGCTTCTTTACTATTACCTCAAGAAGAAGGTTTCTTATGAACCAATTGATTTAGATGTAATTAGAGAAGTTGATCTCAACAAGCTGGAACCTTGGGAACTTAAAGGTAAAA</Hsp_hseq>
      <Hsp_midline>|||||||| || ||| | || ||||| || || || || |||||  | || || |||   ||||| |||   | | ||   || ||| | ||||| ||| | ||||||||||| |||||||| || ||||||||  || ||||| |||</Hsp_midline>
    </Hsp>
    <Hsp>
      <Hsp_num>10</Hsp_num>
      <Hsp_bit-score>73.4211</Hsp_bit-score>
      <Hsp_score>80</Hsp_score>
      <Hsp_evalue>1.07972e-07</Hsp_evalue>
      <Hsp_query-from>514</Hsp_query-from>
      <Hsp_query-to>731</Hsp_query-to>
      <Hsp_hit-from>20407280</Hsp_hit-from>
      <Hsp_hit-to>20407063</Hsp_hit-to>
      <Hsp_query-frame>1</Hsp_query-frame>
      <Hsp_hit-frame>-1</Hsp_hit-frame>
      <Hsp_identity>149</Hsp_identity>
      <Hsp_positive>149</Hsp_positive>
      <Hsp_gaps>2</Hsp_gaps>
      <Hsp_align-len>219</Hsp_align-len>
      <Hsp_qseq>AAAACGACTGGTACTTCTTCAGCCACAAGGACAAGAAGTATCCAACCGGGACCAGGACGAACCGGGCAACAGTCGCTGGATTCTGGAAAGCTACCGG-ACGTGACAAAATCATCTGCAGTTGTGTCCGGAGAATTGGACTGAGGAAGACACTCGTGTTCTACAAAGGAAGAGCTCCTCACGGTCAGAAATCCGACTGGATCATGCATGAGTATCGCCTC</Hsp_qseq>
      <Hsp_hseq>AAAAAGAATGGTATTTTTTTAGTCCTAGGGATAGAAAATATCCAAACGGGTCAAGACCTAACCGGGTTGCCGGATCGGGTTATTGGAAAGCTACGGGTACG-GATAAAATAATCTCGACGGAAGGACAAAGAGTTGGTATTAAAAAAGCTTTGGTGTTTTACATCGGAAAAGCTCCTAAAGGTACTAAAACCAATTGGATCATGCATGAGTATCGTCTC</Hsp_hseq>
      <Hsp_midline>|||| || ||||| || || || |  | ||| |  || ||||||| |||| | ||  | |||||||   | |   | || |  ||||||||||| || ||| || ||||| ||||  |     |  |  ||| ||||  | |  ||  |  | ||||| ||||  |||| ||||||| | |||   ||| || | |||||||||||||||||||| |||</Hsp_midline>
    </Hsp>
    <Hsp>
      <Hsp_num>11</Hsp_num>
      <Hsp_bit-score>71.6177</Hsp_bit-score>
      <Hsp_score>78</Hsp_score>
      <Hsp_evalue>3.76858e-07</Hsp_evalue>
      <Hsp_query-from>519</Hsp_query-from>
      <Hsp_query-to>731</Hsp_query-to>
      <Hsp_hit-from>20992913</Hsp_hit-from>
      <Hsp_hit-to>20992701</Hsp_hit-to>
      <Hsp_query-frame>1</Hsp_query-frame>
      <Hsp_hit-frame>-1</Hsp_hit-frame>
      <Hsp_identity>152</Hsp_identity>
      <Hsp_positive>152</Hsp_positive>
      <Hsp_gaps>16</Hsp_gaps>
      <Hsp_align-len>221</Hsp_align-len>
      <Hsp_qseq>GACTGGTACTTCTTCAGCCACAAGG-ACAAGAAGTATCCAACCGGGACCAGGACGAACCGGGCAACAGTCGCTGGATTCTGGAAAGCTACCGGACGTGACAAAATCATCTGCAGTTGTGTC--CGGAGA-----ATTGGACTGAGGAAGACACTCGTGTTCTACAAAGGAAGAGCTCCTCACGGTCAGAAATCCGACTGGATCATGCATGAGTATCGCCTC</Hsp_qseq>
      <Hsp_hseq>GAATGGTACTTTTACAGC-ACAAGGGATAAGAAGTATCCAAATGGCTCTAGGACGAACCGTGCGACCCGAGCGGGTTACTGGAAGGCCACGGG----GA-AAGATC--GTACAGTAGAATCAAAGAAGATGAAGATGGGAATGAAGAAGACACTGGTTTATTATAGAGGAAGGGCTCCTCATGGCCTTCGTACTAATTGGGTCATGCATGAATATCGTCTC</Hsp_hseq>
      <Hsp_midline>|| |||||||| | |||| |||||| | |||||||||||||  ||  | ||||||||||| || ||    || || | |||||| || || ||    || || |||   | |||| |  ||   | |||     || ||| ||| ||||||||| || |  || | |||||| |||||||| || |      |  | ||| |||||||||| ||||| |||</Hsp_midline>
    </Hsp>
    <Hsp>
      <Hsp_num>12</Hsp_num>
      <Hsp_bit-score>70.716</Hsp_bit-score>
      <Hsp_score>77</Hsp_score>
      <Hsp_evalue>1.31536e-06</Hsp_evalue>
      <Hsp_query-from>516</Hsp_query-from>
      <Hsp_query-to>721</Hsp_query-to>
      <Hsp_hit-from>21654907</Hsp_hit-from>
      <Hsp_hit-to>21654702</Hsp_hit-to>
      <Hsp_query-frame>1</Hsp_query-frame>
      <Hsp_hit-frame>-1</Hsp_hit-frame>
      <Hsp_identity>139</Hsp_identity>
      <Hsp_positive>139</Hsp_positive>
      <Hsp_gaps>0</Hsp_gaps>
      <Hsp_align-len>206</Hsp_align-len>
      <Hsp_qseq>AACGACTGGTACTTCTTCAGCCACAAGGACAAGAAGTATCCAACCGGGACCAGGACGAACCGGGCAACAGTCGCTGGATTCTGGAAAGCTACCGGACGTGACAAAATCATCTGCAGTTGTGTCCGGAGAATTGGACTGAGGAAGACACTCGTGTTCTACAAAGGAAGAGCTCCTCACGGTCAGAAATCCGACTGGATCATGCATGA</Hsp_qseq>
      <Hsp_hseq>AAGGATTGGTATTTCTACAGCCAAAGAGACCGAAAATACGCGACGGGGCTGAGAACTAACCGAGCAACGGCCACCGGATATTGGAAAGCCACCGGCAAAGACAGAACCATTCTAAGAAAGGGTAAGCTAGTTGGGATGAGGAAGACATTGGTTTTCTATCAAGGTCGAGCTCCTCGAGGCCGTAAAACCGATTGGGTCATGCACGA</Hsp_hseq>
      <Hsp_midline>|| || ||||| |||| |||||| |  |||   || ||  | || |||   || || ||||| ||||| | | | ||||  |||||||| |||||    |||| || |||    ||    |    |  | ||||  ||||||||||| | || |||||  ||||  |||||||||  || |  ||| |||| ||| ||||||| ||</Hsp_midline>
    </Hsp>
    <Hsp>
      <Hsp_num>13</Hsp_num>
      <Hsp_bit-score>69.8143</Hsp_bit-score>
      <Hsp_score>76</Hsp_score>
      <Hsp_evalue>1.31536e-06</Hsp_evalue>
      <Hsp_query-from>251</Hsp_query-from>
      <Hsp_query-to>383</Hsp_query-to>
      <Hsp_hit-from>20993235</Hsp_hit-from>
      <Hsp_hit-to>20993103</Hsp_hit-to>
      <Hsp_query-frame>1</Hsp_query-frame>
      <Hsp_hit-frame>-1</Hsp_hit-frame>
      <Hsp_identity>95</Hsp_identity>
      <Hsp_positive>95</Hsp_positive>
      <Hsp_gaps>0</Hsp_gaps>
      <Hsp_align-len>133</Hsp_align-len>
      <Hsp_qseq>TGCCTCCAGGTTTCAGATTCCATCCCACCGAAGAAGAACTTCTCCATTACTATCTCCGTAAGAAAGTTAACTCTCAAAAGATCGATCTTGATGTCATTCGTGAAGTTGATCTAAACAAGCTTGAGCCTTGGGA</Hsp_qseq>
      <Hsp_hseq>TGCCTCCAGGATTCAGGTTTCATCCCACTGATGAAGAACTGGTGGCTTACTATCTTGATAGGAAGGTCAACGGCCAAGCCATTGAGCTCGAGATCATCCCAGAAGTTGATCTTTATAAATGCGAGCCATGGGA</Hsp_hseq>
      <Hsp_midline>|||||||||| ||||| || |||||||| || ||||||||  |   |||||||||   || ||| || |||   |||   || || || ||  |||| |  |||||||||||  | ||    ||||| |||||</Hsp_midline>
    </Hsp>
    <Hsp>
      <Hsp_num>14</Hsp_num>
      <Hsp_bit-score>63.5025</Hsp_bit-score>
      <Hsp_score>69</Hsp_score>
      <Hsp_evalue>0.000195217</Hsp_evalue>
      <Hsp_query-from>516</Hsp_query-from>
      <Hsp_query-to>736</Hsp_query-to>
      <Hsp_hit-from>270230</Hsp_hit-from>
      <Hsp_hit-to>270447</Hsp_hit-to>
      <Hsp_query-frame>1</Hsp_query-frame>
      <Hsp_hit-frame>1</Hsp_hit-frame>
      <Hsp_identity>148</Hsp_identity>
      <Hsp_positive>148</Hsp_positive>
      <Hsp_gaps>5</Hsp_gaps>
      <Hsp_align-len>222</Hsp_align-len>
      <Hsp_qseq>AACGACTGGTACTTCTTCAGCCACAAGGACAAGAAGTATCCAACCGGGACCAGGACGAACCGGGCAACAGTCGCTGGATTCTGGAAAGCTACCGGACGTGACAAAATCATCTG-CAGTTGTGTCCGGAGAATTGGACTGAGGAAGACACTCGTGTTCTACAAAGGAAGAGCTCCTCACGGTCAGAAATCCGACTGGATCATGCATGAGTATCGCCTCGACGA</Hsp_qseq>
      <Hsp_hseq>AAGGAATGGTACTTCTTCTCTCCCAGGGACAGAAAATATCCCAACGGTTCGCGTCCTAACCGGTCCGCTGGTTCTGGTTACTGGAAAGCTACCGGAGCTGATAAACCGATCGGACTACCTAAACCGG----TCGGAATTAAGAAAGCTCTTGTTTTCTACGCCGGCAAAGCTCCAAAGGGAGAGAAAACCAATTGGATCATGCACGAGTACCGTCTCGCCGA</Hsp_hseq>
      <Hsp_midline>|| || ||||||||||||   | || |||||  || ||||| | |||  |  |  | |||||| |  | |   |||| | ||||||||||||||||  ||| |||   ||| | |        ||||    | ||| | | |||  | || || ||||||   || | ||||||  | ||  ||||| || | ||||||||||| ||||| || |||| |||</Hsp_midline>
    </Hsp>
    <Hsp>
      <Hsp_num>15</Hsp_num>
      <Hsp_bit-score>59.8958</Hsp_bit-score>
      <Hsp_score>65</Hsp_score>
      <Hsp_evalue>0.00237823</Hsp_evalue>
      <Hsp_query-from>646</Hsp_query-from>
      <Hsp_query-to>725</Hsp_query-to>
      <Hsp_hit-from>12497359</Hsp_hit-from>
      <Hsp_hit-to>12497438</Hsp_hit-to>
      <Hsp_query-frame>1</Hsp_query-frame>
      <Hsp_hit-frame>1</Hsp_hit-frame>
      <Hsp_identity>61</Hsp_identity>
      <Hsp_positive>61</Hsp_positive>
      <Hsp_gaps>0</Hsp_gaps>
      <Hsp_align-len>80</Hsp_align-len>
      <Hsp_qseq>TTGGACTGAGGAAGACACTCGTGTTCTACAAAGGAAGAGCTCCTCACGGTCAGAAATCCGACTGGATCATGCATGAGTAT</Hsp_qseq>
      <Hsp_hseq>TTGGACTCAAGAAGACTCTTGTTTTCTATAGAGGTCGTGCTCCTAATGGTGAGAGAACTGATTGGGTGATGCATGAGTAT</Hsp_hseq>
      <Hsp_midline>||||||| | |||||| || || ||||| | |||  | |||||| | ||| ||| | | || ||| | ||||||||||||</Hsp_midline>
    </Hsp>
    <Hsp>
      <Hsp_num>16</Hsp_num>
      <Hsp_bit-score>59.8958</Hsp_bit-score>
      <Hsp_score>65</Hsp_score>
      <Hsp_evalue>0.00237823</Hsp_evalue>
      <Hsp_query-from>549</Hsp_query-from>
      <Hsp_query-to>732</Hsp_query-to>
      <Hsp_hit-from>29729615</Hsp_hit-from>
      <Hsp_hit-to>29729795</Hsp_hit-to>
      <Hsp_query-frame>1</Hsp_query-frame>
      <Hsp_hit-frame>1</Hsp_hit-frame>
      <Hsp_identity>125</Hsp_identity>
      <Hsp_positive>125</Hsp_positive>
      <Hsp_gaps>5</Hsp_gaps>
      <Hsp_align-len>185</Hsp_align-len>
      <Hsp_qseq>AAGTATCCAACCGGGACCAGGACGAACCGGGCAACAGTCGCTGGATTCTGGAAAGCTACCGGACGTGACAAAATCATCTGCAGTTGT-GTCCGGAGAATTGGACTGAGGAAGACACTCGTGTTCTACAAAGGAAGAGCTCCTCACGGTCAGAAATCCGACTGGATCATGCATGAGTATCGCCTCG</Hsp_qseq>
      <Hsp_hseq>AAGTATCCAAACGGTTCAAGACCCAACCGTGCAGCTGGTACTGGATATTGGAAAGCTACCGGAGCTGATAAACCAATAGGTCGTCCTAAACCGG----TTGGTATTAAGAAGGCTCTAGTGTTTTACTCGGGAAAACCTCCAAATGGAGAGAAAACCAATTGGATTATGCACGAATACCGGCTCG</Hsp_hseq>
      <Hsp_midline>|||||||||| |||  | ||  | ||||| ||| | |   ||||||  |||||||||||||||  ||| |||   ||  |  ||  |   ||||    ||||  | | |||| | || ||||| |||   |||| | ||||  | ||  ||||| || | ||||| ||||| || || || ||||</Hsp_midline>
    </Hsp>
    <Hsp>
      <Hsp_num>17</Hsp_num>
      <Hsp_bit-score>52.6823</Hsp_bit-score>
      <Hsp_score>57</Hsp_score>
      <Hsp_evalue>0.352961</Hsp_evalue>
      <Hsp_query-from>251</Hsp_query-from>
      <Hsp_query-to>306</Hsp_query-to>
      <Hsp_hit-from>269983</Hsp_hit-from>
      <Hsp_hit-to>270038</Hsp_hit-to>
      <Hsp_query-frame>1</Hsp_query-frame>
      <Hsp_hit-frame>1</Hsp_hit-frame>
      <Hsp_identity>45</Hsp_identity>
      <Hsp_positive>45</Hsp_positive>
      <Hsp_gaps>0</Hsp_gaps>
      <Hsp_align-len>56</Hsp_align-len>
      <Hsp_qseq>TGCCTCCAGGTTTCAGATTCCATCCCACCGAAGAAGAACTTCTCCATTACTATCTC</Hsp_qseq>
      <Hsp_hseq>TGCCTCCAGGTTTCCGATTTCACCCTACCGATGAAGAGCTTGTCATGCACTATCTC</Hsp_hseq>
      <Hsp_midline>|||||||||||||| |||| || || ||||| ||||| ||| ||    ||||||||</Hsp_midline>
    </Hsp>
    <Hsp>
      <Hsp_num>18</Hsp_num>
      <Hsp_bit-score>48.1739</Hsp_bit-score>
      <Hsp_score>52</Hsp_score>
      <Hsp_evalue>4.29995</Hsp_evalue>
      <Hsp_query-from>251</Hsp_query-from>
      <Hsp_query-to>306</Hsp_query-to>
      <Hsp_hit-from>25126229</Hsp_hit-from>
      <Hsp_hit-to>25126174</Hsp_hit-to>
      <Hsp_query-frame>1</Hsp_query-frame>
      <Hsp_hit-frame>-1</Hsp_hit-frame>
      <Hsp_identity>44</Hsp_identity>
      <Hsp_positive>44</Hsp_positive>
      <Hsp_gaps>0</Hsp_gaps>
      <Hsp_align-len>56</Hsp_align-len>
      <Hsp_qseq>TGCCTCCAGGTTTCAGATTCCATCCCACCGAAGAAGAACTTCTCCATTACTATCTC</Hsp_qseq>
      <Hsp_hseq>TGCCTCCAGGTTTCCGGTTTCATCCAACAGACGAAGAGCTTGTCATATACTACCTC</Hsp_hseq>
      <Hsp_midline>|||||||||||||| | || ||||| || || ||||| ||| ||   ||||| |||</Hsp_midline>
    </Hsp>
  </Hit_hsps>
</Hit>
<Hit>
  <Hit_num>20</Hit_num>
  <Hit_id>gi|1985648567|emb|LR999451.1|</Hit_id>
  <Hit_def>Arabidopsis arenosa genome assembly, chromosome: 1</Hit_def>
  <Hit_accession>LR999451</Hit_accession>
  <Hit_len>25224288</Hit_len>
  <Hit_hsps>
    <Hsp>
      <Hsp_num>1</Hsp_num>
      <Hsp_bit-score>2313.21</Hsp_bit-score>
      <Hsp_score>2564</Hsp_score>
      <Hsp_evalue>0</Hsp_evalue>
      <Hsp_query-from>1</Hsp_query-from>
      <Hsp_query-to>1917</Hsp_query-to>
      <Hsp_hit-from>13636789</Hsp_hit-from>
      <Hsp_hit-to>13634845</Hsp_hit-to>
      <Hsp_query-frame>1</Hsp_query-frame>
      <Hsp_hit-frame>-1</Hsp_hit-frame>
      <Hsp_identity>1712</Hsp_identity>
      <Hsp_positive>1712</Hsp_positive>
      <Hsp_gaps>126</Hsp_gaps>
      <Hsp_align-len>1994</Hsp_align-len>
      <Hsp_qseq>AAAGACACTTTAATGCATGA---------ACTTCTTTGTTT-AAATAACAATTTCCCCCTTTTGGGGGCTATGTCTCGTCGAGTCCTACCACCATTATAAATTATCTCATCGTTTGCTTTCTTTTTTTTAAGTTGTAACCATTTCCACTCGTAATCATACAACTTCTCTACTCTTCTAGAGCAAAAACCCAAAAATATATTGCTATCTTCGTTAATGGCTGATAATAAGGTCAATCTTTCGATTAATGGACAATCAAAAGTGCCTCCAGGTTTCAGATTCCATCCCACCGAAGAAGAACTTCTCCATTACTATCTCCGTAAGAAAGTTAACTCTCAAAAGATCGATCTTGATGTCATTCGTGAAGTTGATCTAAACAAGCTTGAGCCTTGGGATATTCAAGGT---------------TAAACCCTAAATATGAAAAAAAACTCTTTCATTTCTACGAACTCTCTAT---TTCTTTGTTCTTTATTTTTGAACCATTTTGGTATGCAAATGCAGAGGAATGTAGAATCGGTTCAACGCCACAAAACGACTGGTACTTCTTCAGCCACAAGGACAAGAAGTATCCAACCGGGACCAGGACGAACCGGGCAACAGTCGCTGGATTCTGGAAAGCTACCGGACGTGACAAAATCATCTGCAGTTGTGTCCGGAGAATTGGACTGAGGAAGACACTCGTGTTCTACAAAGGAAGAGCTCCTCACGGTCAGAAATCCGACTGGATCATGCATGAGTATCGCCTCGACGATACTCCAATGTCTAATGTAAGTATATATAGCAATCATCAATTTGCAGTTTAGGTTAGAATAAACAAATTACAAACTTATAGTCAAAGAATTAGCTAGATTCGTTTCATGCTATAAAAGGTTTTGGTTCATTTAGTACGCACTAGAGCCTTCTTTTAGCATCTGCAATTAAAGTAATCGAACATGATTCTCTGA-GTTACAATAAGATAATTTCTTATG-AAATTAACACATCATATATACATTTATA-TAAAAAGATTTTTTCACAAGGCTTAAAATAGTTTAACACGGCTCTACAAACAATACGTAGTTAACTAGTTATGGTTGCATATCCAAAAGAAAAACCAACATAAAAGATTTTTTTTTTTGTTTCAAAATAAAAGTTGCATTT-TTACATCATCAAGATTTAATCATCTCTTATTGCATTTCATAAGATCGATTTGTGTTCCATTATCAGGGCTATGCTGATGTTGTTACAGAAGATCCAATGAGCTATAACGAAGAAGGTTGGGTGGTATGTCGAGTGTTCAGGAAGAAGAACTATCAAAAGATTGACGATTGTCCTAAAATCACTCTATCTTCTTTACCTGATGACACGGAGGAAGAGAAGGGGCCCACCTTTCACAACACTCAAAACGTTACCGGTTTAGACCATGTTCTTCTCTACATGGACCGTACCGGTTCTAACATTTGCATGCCCGAGAGCCAAACAACG------ACTCAACATCAAGATGATGTCTTATTCATGCAACTCCCAAGTCTTGAGACACCTAAATCCGAGAGCCCGGTCGACCAAAGTTTCCTGACTCCAAGCAAACTCGATTTCTCTCCCGTTCAAGAGAAGA---TAACCGAAAGACCGGTTTGCAGCAACTGGGCTAGTCTTGACCGGCTCGTAGCTTGGCAATTGAACAATGGTCATCATAATCCGTGTCATCGTAAGAGTTTTGATGAAGAAGAAGAAAATGGTGATACTATGATGCAGCGATGGGATCTTCATTGGAATAATGATGATAATGTTGATCTTTGGAGTAGTTTCACTGAGTCTTCTTCGTCTTTAGACCCACTTCTTCATTTATCTGTATGATTATC--------TATACATACACATACACAAAA---------------------------TATAAAATAAAGTTTGTTAAAAAATGTCTCATGTTCTAT-TGATAGTACGTCTTGATTTTGGGGTTTAACATTTGTTAAT</Hsp_qseq>
      <Hsp_hseq>AAAGGCACTTTAATGCATGATAATTTACAACTTCTTTATTTTAAATAATAATTTCCCCCTTTTGGGGGCTATGTCTCGTCGAGTCCCACCACCATTATAAATTATCTCATCTCTTGCTTTCTTGTTCT-AAGTTGTAACCATTTCCACTTGTAATCATACAACTTCTCTACTCTTCTAGAGCAAAACCCCAAAAAGATATCGTCATCATCGTCAATGGCGGATAATAAGGTAAATCTGTCTATTAATGGACAATCAAAAGTGCCTCCAGGTTTCAGATTCCATCCCACCGAAGAAGAACTTCTCCATTACTATCTCCGTAAGAAAGTTAACTCTCAGAAGATTGATCTTGATGTCATTCGTGAAGTTGATCTCAACAAGCTCGAGCCTTGGGATATTCAAGGTTCTTCTAGCTAACAATAAACCCT-AATAAGAAGAACA--TTTTTCATTTCTACCAACTCTCTCTCTCTTCTTTGTTCTTTATTATTGAATCATTTTGTTATGCAAATGCAGAGGAATGTAGAATCGGTTCGACGCCACAAAACGACTGGTACTTCTTCAGCCACAAGGACAAGAAGTATCCAACCGGGACCAGGACAAACCGGGCAACAGTTGCGGGATTTTGGAAAGCTACTGGACGTGACAAGATTATCTGCAGTTGTATCCGGAGGATTGGACTGAGGAAGACACTCGTCTTCTACAAAGGAAGAGCTCCTCATGGTCAGAAATCCGATTGGATCATGCATGAATATCGCCTCGACGATACTCCAATGTCTAATGTAAG--TATATAGCGATCATCAATATTCATTTTAGGTCGGAAGAAAC-CATTCCTAAGTTATAGTCAAAGAATTAGCTATATTCGTTTCATGCTATAAAAGGTTTTGGTTCATTTAGTACTAGCTAGAGCCTTCTTTTAGCATGTGCAATAAAAGTAATAGAATATGAT--TCTGATTTTAAAATAAAAT-ATTTTTTATGAAAATTAACACATCATATATACATTTTTATTATAAAAAAAATTGCATAAGGCTTAAAATAGTTTAAGACGGCTCT----ATAATGCG------ACCAAAAAGCGTTGAA-----CAAATAATATTTATC--AATAG------TTGCATGTCCAAAAAAAAGAGTCGCATTTATGTCGTCA--AAGATTTAATCAGCTCTTATTGCATTTCATA-------------TTCCATTATCAGGGCTATTCTGATGTTGTAACCGAAGATCCAATGAGCTACAACGAAGAAGGTTGGGTGGTATGTCGAGTGTTCAGGAAGAAGAACTATCAAAAGATCGACGATTGTCCTAAAATCACTCTATCTTCTTCAATTGATGACACGGAGGAAGAGAAGAGGCCCACCTATCACAACACTCAAAACGTTACCGTTTTAGACCATGTTCTTCTTTACATGGACCGTACCGGTTCTAACATTTGCATGCCCGAGAGCCAAACGACGACCAAAACTCAACATCAAGACGATGTCTTATTCATGCAACTCCCTAGTCTTGAGACACCCAAATCTGAGAGCCCGGTCGACCATAGTTTCATGACTCCAAACCAACTTGATTCATCTCTGGTCCAAGAGAAGATTCTAACCGGCAGACCGGTTTGTAGTAATTGGGCTAGTCTTGACCGGCTTGTAGCTTGGCAATTAAACAATGCTCATCATAATCCGTGTGATCGTAAGAGTTTTGATGAAGAAGAAGAAAATGGTGATACTATGATGCAGCGATGGGATCTTCATTGGAATAATGATGATAATGTCGATCTTTGGAGTAGTTTCACTGAGTCTTCTTCGTCTTTAGACCCTCTTCTTCATTTATCTGTATGATTATCTGTACAAATTTACATACACATACACAAAATAAAAAATATGTATTACTTTCATCTATTAAAAAATAAAGTTTGTT-AAAAATGTCTCATATGCTCTATGATACCATGTCTTGATTTTGGGGTTTATCATTTGTTAAT</Hsp_hseq>
      <Hsp_midline>|||| |||||||||||||||         |||||||| ||| |||||| ||||||||||||||||||||||||||||||||||||| ||||||||||||||||||||||||  |||||||||| || | |||||||||||||||||||| |||||||||||||||||||||||||||||||||||| |||||||| |||| |  ||| |||| |||||| ||||||||||| ||||| || ||||||||||||||||||||||||||||||||||||||||||||||||||||||||||||||||||||||||||||||||||||||||||||||| ||||| ||||||||||||||||||||||||||||| |||||||| |||||||||||||||||||||               |||||||| |||| ||| || |  | |||||||||||| |||||||| |   |||||||||||||||| ||||| ||||||| |||||||||||||||||||||||||||||||| ||||||||||||||||||||||||||||||||||||||||||||||||||||||||||||||||| |||||||||||||| || ||||| ||||||||||| ||||||||||| || |||||||||||| ||||||| ||||||||||||||||||||||| ||||||||||||||||||||||| |||||||||||||| |||||||||||||| |||||||||||||||||||||||||||||||||||  |||||||| ||||||||| | || |||||||  ||| ||||  ||| | || ||||||||||||||||||||| ||||||||||||||||||||||||||||||||||||||||   |||||||||||||||||||| |||||| |||||||| ||| |||||  |||||  ||| ||||| || |||| ||||| ||||||||||||||||||||||||| || || ||| |   || || ||||||||||||||||||| ||||||||    | ||| ||      || |   |  |||| |      ||| || |   | |  || ||      ||   |||   |||| || ||| |||||| |  | |||  |||||||||||| ||||||||||||||||||             |||||||||||||||||| |||||||||| || ||||||||||||||||| |||||||||||||||||||||||||||||||||||||||||||||||||||||||| ||||||||||||||||||||||||||||||| |  |||||||||||||||||||||| ||||||||| ||||||||||||||||||||||| |||||||||||||||||| ||||||||||||||||||||||||||||||||||||||||||||||| |||      |||||||||||||| ||||||||||||||||||||||| |||||||||||||| ||||| ||||||||||||||||| |||||| ||||||||| | |||| ||||  ||||  || ||||||||||   ||||||  ||||||||||| || || |||||||||||||||||||| |||||||||||||| ||||||| |||||||||||||||| ||||||||||||||||||||||||||||||||||||||||||||||||||||||||||||||||||||||||||||||||||||| |||||||||||||||||||||||||||||||||||||||||||| ||||||||||||||||||||||||||        | |||||||||||||||||||                           || ||||||||||||||| ||||||||||||| | || | |||||  | ||||||||||||||||||| |||||||||||</Hsp_midline>
    </Hsp>
    <Hsp>
      <Hsp_num>2</Hsp_num>
      <Hsp_bit-score>231.216</Hsp_bit-score>
      <Hsp_score>255</Hsp_score>
      <Hsp_evalue>6.3648e-55</Hsp_evalue>
      <Hsp_query-from>250</Hsp_query-from>
      <Hsp_query-to>764</Hsp_query-to>
      <Hsp_hit-from>13848749</Hsp_hit-from>
      <Hsp_hit-to>13849260</Hsp_hit-to>
      <Hsp_query-frame>1</Hsp_query-frame>
      <Hsp_hit-frame>1</Hsp_hit-frame>
      <Hsp_identity>369</Hsp_identity>
      <Hsp_positive>369</Hsp_positive>
      <Hsp_gaps>19</Hsp_gaps>
      <Hsp_align-len>523</Hsp_align-len>
      <Hsp_qseq>GTGCCTCCAGGTTTCAGATTCCATCCCACCGAAGAAGAACTTCTCCATTACTATCTCCGTAAGAAAGTTAACTCTCAAAAGATCGATCTTGATGTCATTCGTGAAGTTGATCTAAACAAGCTTGAGCCTTGGGATATTCAAGGTTAAACCCTAAATATGAAAAAAAACTCTTTCATTTCTACGAACTCTCTATTTCTTTGTTCTTTATTTTTGAACCATT-----TTGGTATGCAAATGCAGAGGAATGTAGAATCGGTTCAACGCCACAAAACGACTGGTACTTCTTCAGCCACAAGGACAAGAAGTATCCAACCGGGACCAGGACGAACCGGGCAACAGTCGCTGGATTCTGGAAAGCTACCGGACGTGACAAAATCATCTGCAGTTGTGTCCGGAGAATTGGACTGAGGAAGACACTCGTGTTCTACAAAGGAAGAGCTCCTCACGGTCAGAAATCCGACTGGATCATGCATGAGTATCGCCTCGACGATACT-CCAATG--TCTAATGTAAGTATATAT</Hsp_qseq>
      <Hsp_hseq>GTACCACCCGGTTTTCGGTTTCATCCAACGGACGAAGAACTTCTTCATTACTACTTGAAGAAGAAGATTTCTTATGAAAAGTTTGAGATGGAAGTCATCAAGGAGGTTGATTTGAACAAGATTGAGCCGTGGGATTTACAAGGTACGTTCTTTAAT-TGATTAAAT--TTTTTGAT-----CCAATTCTCTAGTTAGTTACTATATATACAT-AAGCATTGCTTCTTCTTTTTCG--TGCAGATAGATGCAAAATAGGATCAACGCCGCAAAACGAGTGGTATTTCTTCAGCCACAAGGATAGGAAATATCCGACAGGGTCAAGGACAAACCGTGCGACCCACTCGGGTTTCTGGAAGGCGACAGGACGTGACAAATGCATAAGAAATTGTTACAAGAAGATAGGCATGAGGAAGACTCTTGTCTTCTACAAAGGAAGAGCTCCTCATGGCCAAAAGACCGATTGGATCATGCACGAGTACCGTATTGAAGATACTGACGATGACCCTAGTGTATGTATATAT</Hsp_hseq>
      <Hsp_midline>|| || || |||||  | || ||||| || || ||||||||||| ||||||||  |    |||||  ||   | | ||||| | ||  | || |||||    || |||||| | |||||| ||||||| |||||| | ||||||     | | ||| |||  |||   | ||| ||     | || |||||| ||  ||  | | |||   | || ||||     ||  | | |   ||||||   ||| | ||| || |||||||| |||||||| ||||| ||||||||||||||||| | ||| ||||| || ||| | ||||| ||||| || ||   | | || |||||||| || || ||||||||||||  |||  | | ||||  |  ||  || ||  |||||||||| || || ||||||||||||||||||||||| || || ||  |||| ||||||||||| ||||| ||  | || ||||||  | |||   ||| |||| ||||||||</Hsp_midline>
    </Hsp>
    <Hsp>
      <Hsp_num>3</Hsp_num>
      <Hsp_bit-score>116.702</Hsp_bit-score>
      <Hsp_score>128</Hsp_score>
      <Hsp_evalue>1.01036e-20</Hsp_evalue>
      <Hsp_query-from>519</Hsp_query-from>
      <Hsp_query-to>728</Hsp_query-to>
      <Hsp_hit-from>4689223</Hsp_hit-from>
      <Hsp_hit-to>4689014</Hsp_hit-to>
      <Hsp_query-frame>1</Hsp_query-frame>
      <Hsp_hit-frame>-1</Hsp_hit-frame>
      <Hsp_identity>154</Hsp_identity>
      <Hsp_positive>154</Hsp_positive>
      <Hsp_gaps>4</Hsp_gaps>
      <Hsp_align-len>212</Hsp_align-len>
      <Hsp_qseq>GACTGGTACTTCTTCAGCCACAAGGACAAGAAGTATCCAACCGGGACCAGGACGAACCGGGCAACAGTCGCTGGATTCTGGAAAGCTACCGGACGTGACAAAATCATCTGCAGTTGTGTCC--GGAGAATTGGACTGAGGAAGACACTCGTGTTCTACAAAGGAAGAGCTCCTCACGGTCAGAAATCCGACTGGATCATGCATGAGTATCGC</Hsp_qseq>
      <Hsp_hseq>GATTGGTACTTCTTTAGCCATAAAGACAAGAAATATCCCACAGGGACTCGAACCAATAGAGCAACAAAAGCAGGGTTTTGGAAAGCCACTGGAAGAGATAAGGCTATCT--ATTTGAGGCATAGTCTAATTGGTATGAGGAAAACACTTGTGTTTTATAAGGGAAGAGCCCCGAATGGACAAAAGTCCGATTGGATCATGCACGAATACCGC</Hsp_hseq>
      <Hsp_midline>|| ||||||||||| ||||| || |||||||| ||||| || |||||  | || ||  | ||||||   || || || |||||||| || ||| | || ||    ||||  | ||| | |   |   ||||||  ||||||| ||||| ||||| || || |||||||| ||  | || || || ||||| ||||||||||| || || |||</Hsp_midline>
    </Hsp>
    <Hsp>
      <Hsp_num>4</Hsp_num>
      <Hsp_bit-score>79.7328</Hsp_bit-score>
      <Hsp_score>87</Hsp_score>
      <Hsp_evalue>2.53925e-09</Hsp_evalue>
      <Hsp_query-from>516</Hsp_query-from>
      <Hsp_query-to>721</Hsp_query-to>
      <Hsp_hit-from>22749957</Hsp_hit-from>
      <Hsp_hit-to>22749752</Hsp_hit-to>
      <Hsp_query-frame>1</Hsp_query-frame>
      <Hsp_hit-frame>-1</Hsp_hit-frame>
      <Hsp_identity>141</Hsp_identity>
      <Hsp_positive>141</Hsp_positive>
      <Hsp_gaps>0</Hsp_gaps>
      <Hsp_align-len>206</Hsp_align-len>
      <Hsp_qseq>AACGACTGGTACTTCTTCAGCCACAAGGACAAGAAGTATCCAACCGGGACCAGGACGAACCGGGCAACAGTCGCTGGATTCTGGAAAGCTACCGGACGTGACAAAATCATCTGCAGTTGTGTCCGGAGAATTGGACTGAGGAAGACACTCGTGTTCTACAAAGGAAGAGCTCCTCACGGTCAGAAATCCGACTGGATCATGCATGA</Hsp_qseq>
      <Hsp_hseq>AAGGATTGGTATTTCTATAGCCAAAGAGACCGGAAATATGCGACGGGGCTGAGAACAAACCGAGCAACGGCCACCGGATATTGGAAAGCTACCGGCAAAGACAGAGCCATTCTAAGAAAGGGTAAGCTTGTTGGGATGAGGAAGACATTGGTGTTCTATCAAGGTCGAGCTCCTCGAGGTCGTAAAACCGATTGGGTCATGCACGA</Hsp_hseq>
      <Hsp_midline>|| || ||||| ||||  ||||| |  |||  ||| ||| | || |||   || || ||||| ||||| | | | ||||  ||||||||||||||    |||| |  |||    ||    |    |    ||||  ||||||||||| | ||||||||  ||||  |||||||||  ||||  ||| |||| ||| ||||||| ||</Hsp_midline>
    </Hsp>
    <Hsp>
      <Hsp_num>5</Hsp_num>
      <Hsp_bit-score>68.0109</Hsp_bit-score>
      <Hsp_score>74</Hsp_score>
      <Hsp_evalue>4.59107e-06</Hsp_evalue>
      <Hsp_query-from>516</Hsp_query-from>
      <Hsp_query-to>736</Hsp_query-to>
      <Hsp_hit-from>207680</Hsp_hit-from>
      <Hsp_hit-to>207463</Hsp_hit-to>
      <Hsp_query-frame>1</Hsp_query-frame>
      <Hsp_hit-frame>-1</Hsp_hit-frame>
      <Hsp_identity>149</Hsp_identity>
      <Hsp_positive>149</Hsp_positive>
      <Hsp_gaps>5</Hsp_gaps>
      <Hsp_align-len>222</Hsp_align-len>
      <Hsp_qseq>AACGACTGGTACTTCTTCAGCCACAAGGACAAGAAGTATCCAACCGGGACCAGGACGAACCGGGCAACAGTCGCTGGATTCTGGAAAGCTACCGGACGTGACAAAATCATCTGCAGTTGTGT-CCGGAGAATTGGACTGAGGAAGACACTCGTGTTCTACAAAGGAAGAGCTCCTCACGGTCAGAAATCCGACTGGATCATGCATGAGTATCGCCTCGACGA</Hsp_qseq>
      <Hsp_hseq>AAAGAATGGTACTTCTTCTCTCCCAGAGACAGAAAATATCCCAACGGTTCGCGTCCTAACCGGTCTGCTGGTTCTGGTTACTGGAAAGCTACCGGAGCTGATAAACCGATCGGACTTCCTAAACCGG----TCGGAATTAAGAAAGCTCTTGTTTTCTACGCCGGGAAAGCTCCTAAAGGAGAGAAAACCAATTGGATCATGCACGAGTACCGTCTCGCCGA</Hsp_hseq>
      <Hsp_midline>|| || ||||||||||||   | ||  ||||  || ||||| | |||  |  |  | |||||| |  | |   |||| | ||||||||||||||||  ||| |||   ||| |   |  |   ||||    | ||| | | |||  | || || ||||||   || | ||||||| | ||  ||||| || | ||||||||||| ||||| || |||| |||</Hsp_midline>
    </Hsp>
    <Hsp>
      <Hsp_num>6</Hsp_num>
      <Hsp_bit-score>65.3059</Hsp_bit-score>
      <Hsp_score>71</Hsp_score>
      <Hsp_evalue>5.59307e-05</Hsp_evalue>
      <Hsp_query-from>519</Hsp_query-from>
      <Hsp_query-to>731</Hsp_query-to>
      <Hsp_hit-from>22873952</Hsp_hit-from>
      <Hsp_hit-to>22873739</Hsp_hit-to>
      <Hsp_query-frame>1</Hsp_query-frame>
      <Hsp_hit-frame>-1</Hsp_hit-frame>
      <Hsp_identity>152</Hsp_identity>
      <Hsp_positive>152</Hsp_positive>
      <Hsp_gaps>17</Hsp_gaps>
      <Hsp_align-len>222</Hsp_align-len>
      <Hsp_qseq>GACTGGTACTTCTTCAGCCACAAGG-ACAAGAAGTATCCAACCGGGACCAGGACGAACCGGGCAACAGTCGCTGGATT-CTGGAAAGCTACCGGACGTGACAAAATCATCTGCAGTTGTGTC--CGGAGA-----ATTGGACTGAGGAAGACACTCGTGTTCTACAAAGGAAGAGCTCCTCACGGTCAGAAATCCGACTGGATCATGCATGAGTATCGCCTC</Hsp_qseq>
      <Hsp_hseq>GAATGGTACTTTTATAGC-ACAAGGGATAAGAAGTATCCAAATGGGTCGAGGACAAACCGTGCGACCCGAGCGGGGTTACTGGAAGGCCACAGG----GA-AAGATCGTAT--AGTAGAATCGAAGAAGATGAAGATGGGAATGAAGAAGACACTGGTTTACTATAGAGGAAGGGCTCCTCATGGCCTTCGTACTAATTGGGTTATGCATGAATATCGTCTC</Hsp_hseq>
      <Hsp_midline>|| |||||||| |  ||| |||||| | |||||||||||||  ||| | ||||| ||||| || ||    || || || |||||| || || ||    || || ||| | |  ||| |  ||   | |||     || ||| ||| ||||||||| || | ||| | |||||| |||||||| || |      |  | ||| | |||||||| ||||| |||</Hsp_midline>
    </Hsp>
    <Hsp>
      <Hsp_num>7</Hsp_num>
      <Hsp_bit-score>59.8958</Hsp_bit-score>
      <Hsp_score>65</Hsp_score>
      <Hsp_evalue>0.00237823</Hsp_evalue>
      <Hsp_query-from>253</Hsp_query-from>
      <Hsp_query-to>393</Hsp_query-to>
      <Hsp_hit-from>13499641</Hsp_hit-from>
      <Hsp_hit-to>13499781</Hsp_hit-to>
      <Hsp_query-frame>1</Hsp_query-frame>
      <Hsp_hit-frame>1</Hsp_hit-frame>
      <Hsp_identity>100</Hsp_identity>
      <Hsp_positive>100</Hsp_positive>
      <Hsp_gaps>4</Hsp_gaps>
      <Hsp_align-len>143</Hsp_align-len>
      <Hsp_qseq>CCTCCAGGTTTCAGATTCCATCCCACCGAAGAAGAACTTCTCCATTACTATCT--CCGTAAGAAAGTTAACTCTCAAAAGATCGATCTTGATGTCATTCGTGAAGTTGATCTAAACAAGCTTGAGCCTTGGGATATTCAAGGT</Hsp_qseq>
      <Hsp_hseq>CCACCTGGTTTCAGATTTCATCCAACAGATGAAGAACTTGTTGGTTATTACCTGCACAGAAGAAACGAAGGTCT--TGAGATCGAGCTCGAAATCATTCCATTAATGGATTTATACAAGTTTGATCCTTGGGAACTTCCAGGT</Hsp_hseq>
      <Hsp_midline>|| || ||||||||||| ||||| || || ||||||||| |   ||| || ||   |  ||||||   |  |||    ||||||| || ||  ||||||    | | ||| || ||||| |||| ||||||||  ||| ||||</Hsp_midline>
    </Hsp>
    <Hsp>
      <Hsp_num>8</Hsp_num>
      <Hsp_bit-score>59.8958</Hsp_bit-score>
      <Hsp_score>65</Hsp_score>
      <Hsp_evalue>0.00237823</Hsp_evalue>
      <Hsp_query-from>514</Hsp_query-from>
      <Hsp_query-to>731</Hsp_query-to>
      <Hsp_hit-from>21532428</Hsp_hit-from>
      <Hsp_hit-to>21532211</Hsp_hit-to>
      <Hsp_query-frame>1</Hsp_query-frame>
      <Hsp_hit-frame>-1</Hsp_hit-frame>
      <Hsp_identity>146</Hsp_identity>
      <Hsp_positive>146</Hsp_positive>
      <Hsp_gaps>2</Hsp_gaps>
      <Hsp_align-len>219</Hsp_align-len>
      <Hsp_qseq>AAAACGACTGGTACTTCTTCAGCCACAAGGACAAGAAGTATCCAACCGGGACCAGGACGAACCGGGCAACAGTCGCTGGATTCTGGAAAGCTACCGG-ACGTGACAAAATCATCTGCAGTTGTGTCCGGAGAATTGGACTGAGGAAGACACTCGTGTTCTACAAAGGAAGAGCTCCTCACGGTCAGAAATCCGACTGGATCATGCATGAGTATCGCCTC</Hsp_qseq>
      <Hsp_hseq>AAAAGGAATGGTATTTTTTTAGTCCGAGGGATAGAAAATACCCAAACGGGTCAAGACCTAACCGGGTTGCCGGATCGGGTTATTGGAAAGCTACGGGTACG-GATAAAATAATATCGACGGAAGGACAAAGAGTTGGTATTAAAAAAGCTTTGGTGTTTTACATCGGAAAAGCTCCTAAAGGAACTAAAACCAATTGGATCATGCATGAGTATCGTCTC</Hsp_hseq>
      <Hsp_midline>|||| || ||||| || || || |  | ||| |  || || |||| |||| | ||  | |||||||   | |   | || |  ||||||||||| || ||| || ||||| || |  |     |  |  ||| ||||  | |  ||  |  | ||||| ||||  |||| ||||||| | ||    ||| || | |||||||||||||||||||| |||</Hsp_midline>
    </Hsp>
  </Hit_hsps>
</Hit>
<Hit>
  <Hit_num>21</Hit_num>
  <Hit_id>gi|1063687904|ref|NM_103011.2|</Hit_id>
  <Hit_def>Arabidopsis thaliana NAC domain containing protein 12 (NAC012), mRNA</Hit_def>
  <Hit_accession>NM_103011</Hit_accession>
  <Hit_len>1395</Hit_len>
  <Hit_hsps>
    <Hsp>
      <Hsp_num>1</Hsp_num>
      <Hsp_bit-score>1332.17</Hsp_bit-score>
      <Hsp_score>1476</Hsp_score>
      <Hsp_evalue>0</Hsp_evalue>
      <Hsp_query-from>1189</Hsp_query-from>
      <Hsp_query-to>1926</Hsp_query-to>
      <Hsp_hit-from>658</Hsp_hit-from>
      <Hsp_hit-to>1395</Hsp_hit-to>
      <Hsp_query-frame>1</Hsp_query-frame>
      <Hsp_hit-frame>1</Hsp_hit-frame>
      <Hsp_identity>738</Hsp_identity>
      <Hsp_positive>738</Hsp_positive>
      <Hsp_gaps>0</Hsp_gaps>
      <Hsp_align-len>738</Hsp_align-len>
      <Hsp_qseq>GGCTATGCTGATGTTGTTACAGAAGATCCAATGAGCTATAACGAAGAAGGTTGGGTGGTATGTCGAGTGTTCAGGAAGAAGAACTATCAAAAGATTGACGATTGTCCTAAAATCACTCTATCTTCTTTACCTGATGACACGGAGGAAGAGAAGGGGCCCACCTTTCACAACACTCAAAACGTTACCGGTTTAGACCATGTTCTTCTCTACATGGACCGTACCGGTTCTAACATTTGCATGCCCGAGAGCCAAACAACGACTCAACATCAAGATGATGTCTTATTCATGCAACTCCCAAGTCTTGAGACACCTAAATCCGAGAGCCCGGTCGACCAAAGTTTCCTGACTCCAAGCAAACTCGATTTCTCTCCCGTTCAAGAGAAGATAACCGAAAGACCGGTTTGCAGCAACTGGGCTAGTCTTGACCGGCTCGTAGCTTGGCAATTGAACAATGGTCATCATAATCCGTGTCATCGTAAGAGTTTTGATGAAGAAGAAGAAAATGGTGATACTATGATGCAGCGATGGGATCTTCATTGGAATAATGATGATAATGTTGATCTTTGGAGTAGTTTCACTGAGTCTTCTTCGTCTTTAGACCCACTTCTTCATTTATCTGTATGATTATCTATACATACACATACACAAAATATAAAATAAAGTTTGTTAAAAAATGTCTCATGTTCTATTGATAGTACGTCTTGATTTTGGGGTTTAACATTTGTTAATGGTGGAGGG</Hsp_qseq>
      <Hsp_hseq>GGCTATGCTGATGTTGTTACAGAAGATCCAATGAGCTATAACGAAGAAGGTTGGGTGGTATGTCGAGTGTTCAGGAAGAAGAACTATCAAAAGATTGACGATTGTCCTAAAATCACTCTATCTTCTTTACCTGATGACACGGAGGAAGAGAAGGGGCCCACCTTTCACAACACTCAAAACGTTACCGGTTTAGACCATGTTCTTCTCTACATGGACCGTACCGGTTCTAACATTTGCATGCCCGAGAGCCAAACAACGACTCAACATCAAGATGATGTCTTATTCATGCAACTCCCAAGTCTTGAGACACCTAAATCCGAGAGCCCGGTCGACCAAAGTTTCCTGACTCCAAGCAAACTCGATTTCTCTCCCGTTCAAGAGAAGATAACCGAAAGACCGGTTTGCAGCAACTGGGCTAGTCTTGACCGGCTCGTAGCTTGGCAATTGAACAATGGTCATCATAATCCGTGTCATCGTAAGAGTTTTGATGAAGAAGAAGAAAATGGTGATACTATGATGCAGCGATGGGATCTTCATTGGAATAATGATGATAATGTTGATCTTTGGAGTAGTTTCACTGAGTCTTCTTCGTCTTTAGACCCACTTCTTCATTTATCTGTATGATTATCTATACATACACATACACAAAATATAAAATAAAGTTTGTTAAAAAATGTCTCATGTTCTATTGATAGTACGTCTTGATTTTGGGGTTTAACATTTGTTAATGGTGGAGGG</Hsp_hseq>
      <Hsp_midline>||||||||||||||||||||||||||||||||||||||||||||||||||||||||||||||||||||||||||||||||||||||||||||||||||||||||||||||||||||||||||||||||||||||||||||||||||||||||||||||||||||||||||||||||||||||||||||||||||||||||||||||||||||||||||||||||||||||||||||||||||||||||||||||||||||||||||||||||||||||||||||||||||||||||||||||||||||||||||||||||||||||||||||||||||||||||||||||||||||||||||||||||||||||||||||||||||||||||||||||||||||||||||||||||||||||||||||||||||||||||||||||||||||||||||||||||||||||||||||||||||||||||||||||||||||||||||||||||||||||||||||||||||||||||||||||||||||||||||||||||||||||||||||||||||||||||||||||||||||||||||||||||||||||||||||||||||||||||||||||||||||||||||||||||||||||||||||||||||||||||||||||||||||||||||||||||||||||||||||||||||||||||||||||||||</Hsp_midline>
    </Hsp>
    <Hsp>
      <Hsp_num>2</Hsp_num>
      <Hsp_bit-score>706.404</Hsp_bit-score>
      <Hsp_score>782</Hsp_score>
      <Hsp_evalue>0</Hsp_evalue>
      <Hsp_query-from>1</Hsp_query-from>
      <Hsp_query-to>391</Hsp_query-to>
      <Hsp_hit-from>1</Hsp_hit-from>
      <Hsp_hit-to>391</Hsp_hit-to>
      <Hsp_query-frame>1</Hsp_query-frame>
      <Hsp_hit-frame>1</Hsp_hit-frame>
      <Hsp_identity>391</Hsp_identity>
      <Hsp_positive>391</Hsp_positive>
      <Hsp_gaps>0</Hsp_gaps>
      <Hsp_align-len>391</Hsp_align-len>
      <Hsp_qseq>AAAGACACTTTAATGCATGAACTTCTTTGTTTAAATAACAATTTCCCCCTTTTGGGGGCTATGTCTCGTCGAGTCCTACCACCATTATAAATTATCTCATCGTTTGCTTTCTTTTTTTTAAGTTGTAACCATTTCCACTCGTAATCATACAACTTCTCTACTCTTCTAGAGCAAAAACCCAAAAATATATTGCTATCTTCGTTAATGGCTGATAATAAGGTCAATCTTTCGATTAATGGACAATCAAAAGTGCCTCCAGGTTTCAGATTCCATCCCACCGAAGAAGAACTTCTCCATTACTATCTCCGTAAGAAAGTTAACTCTCAAAAGATCGATCTTGATGTCATTCGTGAAGTTGATCTAAACAAGCTTGAGCCTTGGGATATTCAAG</Hsp_qseq>
      <Hsp_hseq>AAAGACACTTTAATGCATGAACTTCTTTGTTTAAATAACAATTTCCCCCTTTTGGGGGCTATGTCTCGTCGAGTCCTACCACCATTATAAATTATCTCATCGTTTGCTTTCTTTTTTTTAAGTTGTAACCATTTCCACTCGTAATCATACAACTTCTCTACTCTTCTAGAGCAAAAACCCAAAAATATATTGCTATCTTCGTTAATGGCTGATAATAAGGTCAATCTTTCGATTAATGGACAATCAAAAGTGCCTCCAGGTTTCAGATTCCATCCCACCGAAGAAGAACTTCTCCATTACTATCTCCGTAAGAAAGTTAACTCTCAAAAGATCGATCTTGATGTCATTCGTGAAGTTGATCTAAACAAGCTTGAGCCTTGGGATATTCAAG</Hsp_hseq>
      <Hsp_midline>|||||||||||||||||||||||||||||||||||||||||||||||||||||||||||||||||||||||||||||||||||||||||||||||||||||||||||||||||||||||||||||||||||||||||||||||||||||||||||||||||||||||||||||||||||||||||||||||||||||||||||||||||||||||||||||||||||||||||||||||||||||||||||||||||||||||||||||||||||||||||||||||||||||||||||||||||||||||||||||||||||||||||||||||||||||||||||||||||||||||||||||||||||||||||||||||||||||||</Hsp_midline>
    </Hsp>
    <Hsp>
      <Hsp_num>3</Hsp_num>
      <Hsp_bit-score>486.393</Hsp_bit-score>
      <Hsp_score>538</Hsp_score>
      <Hsp_evalue>5.20612e-132</Hsp_evalue>
      <Hsp_query-from>485</Hsp_query-from>
      <Hsp_query-to>753</Hsp_query-to>
      <Hsp_hit-from>390</Hsp_hit-from>
      <Hsp_hit-to>658</Hsp_hit-to>
      <Hsp_query-frame>1</Hsp_query-frame>
      <Hsp_hit-frame>1</Hsp_hit-frame>
      <Hsp_identity>269</Hsp_identity>
      <Hsp_positive>269</Hsp_positive>
      <Hsp_gaps>0</Hsp_gaps>
      <Hsp_align-len>269</Hsp_align-len>
      <Hsp_qseq>AGAGGAATGTAGAATCGGTTCAACGCCACAAAACGACTGGTACTTCTTCAGCCACAAGGACAAGAAGTATCCAACCGGGACCAGGACGAACCGGGCAACAGTCGCTGGATTCTGGAAAGCTACCGGACGTGACAAAATCATCTGCAGTTGTGTCCGGAGAATTGGACTGAGGAAGACACTCGTGTTCTACAAAGGAAGAGCTCCTCACGGTCAGAAATCCGACTGGATCATGCATGAGTATCGCCTCGACGATACTCCAATGTCTAATG</Hsp_qseq>
      <Hsp_hseq>AGAGGAATGTAGAATCGGTTCAACGCCACAAAACGACTGGTACTTCTTCAGCCACAAGGACAAGAAGTATCCAACCGGGACCAGGACGAACCGGGCAACAGTCGCTGGATTCTGGAAAGCTACCGGACGTGACAAAATCATCTGCAGTTGTGTCCGGAGAATTGGACTGAGGAAGACACTCGTGTTCTACAAAGGAAGAGCTCCTCACGGTCAGAAATCCGACTGGATCATGCATGAGTATCGCCTCGACGATACTCCAATGTCTAATG</Hsp_hseq>
      <Hsp_midline>|||||||||||||||||||||||||||||||||||||||||||||||||||||||||||||||||||||||||||||||||||||||||||||||||||||||||||||||||||||||||||||||||||||||||||||||||||||||||||||||||||||||||||||||||||||||||||||||||||||||||||||||||||||||||||||||||||||||||||||||||||||||||||||||||||||||||||||</Hsp_midline>
    </Hsp>
  </Hit_hsps>
</Hit>
<Hit>
  <Hit_num>22</Hit_num>
  <Hit_id>gi|119368829|gb|EF101892.1|</Hit_id>
  <Hit_def>Arabidopsis thaliana SND1 mRNA, complete cds</Hit_def>
  <Hit_accession>EF101892</Hit_accession>
  <Hit_len>1077</Hit_len>
  <Hit_hsps>
    <Hsp>
      <Hsp_num>1</Hsp_num>
      <Hsp_bit-score>1126.59</Hsp_bit-score>
      <Hsp_score>1248</Hsp_score>
      <Hsp_evalue>0</Hsp_evalue>
      <Hsp_query-from>1189</Hsp_query-from>
      <Hsp_query-to>1812</Hsp_query-to>
      <Hsp_hit-from>454</Hsp_hit-from>
      <Hsp_hit-to>1077</Hsp_hit-to>
      <Hsp_query-frame>1</Hsp_query-frame>
      <Hsp_hit-frame>1</Hsp_hit-frame>
      <Hsp_identity>624</Hsp_identity>
      <Hsp_positive>624</Hsp_positive>
      <Hsp_gaps>0</Hsp_gaps>
      <Hsp_align-len>624</Hsp_align-len>
      <Hsp_qseq>GGCTATGCTGATGTTGTTACAGAAGATCCAATGAGCTATAACGAAGAAGGTTGGGTGGTATGTCGAGTGTTCAGGAAGAAGAACTATCAAAAGATTGACGATTGTCCTAAAATCACTCTATCTTCTTTACCTGATGACACGGAGGAAGAGAAGGGGCCCACCTTTCACAACACTCAAAACGTTACCGGTTTAGACCATGTTCTTCTCTACATGGACCGTACCGGTTCTAACATTTGCATGCCCGAGAGCCAAACAACGACTCAACATCAAGATGATGTCTTATTCATGCAACTCCCAAGTCTTGAGACACCTAAATCCGAGAGCCCGGTCGACCAAAGTTTCCTGACTCCAAGCAAACTCGATTTCTCTCCCGTTCAAGAGAAGATAACCGAAAGACCGGTTTGCAGCAACTGGGCTAGTCTTGACCGGCTCGTAGCTTGGCAATTGAACAATGGTCATCATAATCCGTGTCATCGTAAGAGTTTTGATGAAGAAGAAGAAAATGGTGATACTATGATGCAGCGATGGGATCTTCATTGGAATAATGATGATAATGTTGATCTTTGGAGTAGTTTCACTGAGTCTTCTTCGTCTTTAGACCCACTTCTTCATTTATCTGTATGA</Hsp_qseq>
      <Hsp_hseq>GGCTATGCTGATGTTGTTACAGAAGATCCAATGAGCTATAACGAAGAAGGTTGGGTGGTATGTCGAGTGTTCAGGAAGAAGAACTATCAAAAGATTGACGATTGTCCTAAAATCACTCTATCTTCTTTACCTGATGACACGGAGGAAGAGAAGGGGCCCACCTTTCACAACACTCAAAACGTTACCGGTTTAGACCATGTTCTTCTCTACATGGACCGTACCGGTTCTAACATTTGCATGCCCGAGAGCCAAACAACGACTCAACATCAAGATGATGTCTTATTCATGCAACTCCCAAGTCTTGAGACACCTAAATCCGAGAGCCCGGTCGACCAAAGTTTCCTGACTCCAAGCAAACTCGATTTCTCTCCCGTTCAAGAGAAGATAACCGAAAGACCGGTTTGCAGCAACTGGGCTAGTCTTGACCGGCTCGTAGCTTGGCAATTGAACAATGGTCATCATAATCCGTGTCATCGTAAGAGTTTTGATGAAGAAGAAGAAAATGGTGATACTATGATGCAGCGATGGGATCTTCATTGGAATAATGATGATAATGTTGATCTTTGGAGTAGTTTCACTGAGTCTTCTTCGTCTTTAGACCCACTTCTTCATTTATCTGTATGA</Hsp_hseq>
      <Hsp_midline>||||||||||||||||||||||||||||||||||||||||||||||||||||||||||||||||||||||||||||||||||||||||||||||||||||||||||||||||||||||||||||||||||||||||||||||||||||||||||||||||||||||||||||||||||||||||||||||||||||||||||||||||||||||||||||||||||||||||||||||||||||||||||||||||||||||||||||||||||||||||||||||||||||||||||||||||||||||||||||||||||||||||||||||||||||||||||||||||||||||||||||||||||||||||||||||||||||||||||||||||||||||||||||||||||||||||||||||||||||||||||||||||||||||||||||||||||||||||||||||||||||||||||||||||||||||||||||||||||||||||||||||||||||||||||||||||||||||||||||||||||||||||||||||||||||||||||||||||||||||||||||||||||||||||||||||||</Hsp_midline>
    </Hsp>
    <Hsp>
      <Hsp_num>2</Hsp_num>
      <Hsp_bit-score>486.393</Hsp_bit-score>
      <Hsp_score>538</Hsp_score>
      <Hsp_evalue>5.20612e-132</Hsp_evalue>
      <Hsp_query-from>485</Hsp_query-from>
      <Hsp_query-to>753</Hsp_query-to>
      <Hsp_hit-from>186</Hsp_hit-from>
      <Hsp_hit-to>454</Hsp_hit-to>
      <Hsp_query-frame>1</Hsp_query-frame>
      <Hsp_hit-frame>1</Hsp_hit-frame>
      <Hsp_identity>269</Hsp_identity>
      <Hsp_positive>269</Hsp_positive>
      <Hsp_gaps>0</Hsp_gaps>
      <Hsp_align-len>269</Hsp_align-len>
      <Hsp_qseq>AGAGGAATGTAGAATCGGTTCAACGCCACAAAACGACTGGTACTTCTTCAGCCACAAGGACAAGAAGTATCCAACCGGGACCAGGACGAACCGGGCAACAGTCGCTGGATTCTGGAAAGCTACCGGACGTGACAAAATCATCTGCAGTTGTGTCCGGAGAATTGGACTGAGGAAGACACTCGTGTTCTACAAAGGAAGAGCTCCTCACGGTCAGAAATCCGACTGGATCATGCATGAGTATCGCCTCGACGATACTCCAATGTCTAATG</Hsp_qseq>
      <Hsp_hseq>AGAGGAATGTAGAATCGGTTCAACGCCACAAAACGACTGGTACTTCTTCAGCCACAAGGACAAGAAGTATCCAACCGGGACCAGGACGAACCGGGCAACAGTCGCTGGATTCTGGAAAGCTACCGGACGTGACAAAATCATCTGCAGTTGTGTCCGGAGAATTGGACTGAGGAAGACACTCGTGTTCTACAAAGGAAGAGCTCCTCACGGTCAGAAATCCGACTGGATCATGCATGAGTATCGCCTCGACGATACTCCAATGTCTAATG</Hsp_hseq>
      <Hsp_midline>|||||||||||||||||||||||||||||||||||||||||||||||||||||||||||||||||||||||||||||||||||||||||||||||||||||||||||||||||||||||||||||||||||||||||||||||||||||||||||||||||||||||||||||||||||||||||||||||||||||||||||||||||||||||||||||||||||||||||||||||||||||||||||||||||||||||||||||</Hsp_midline>
    </Hsp>
    <Hsp>
      <Hsp_num>3</Hsp_num>
      <Hsp_bit-score>338.516</Hsp_bit-score>
      <Hsp_score>374</Hsp_score>
      <Hsp_evalue>1.7049e-87</Hsp_evalue>
      <Hsp_query-from>205</Hsp_query-from>
      <Hsp_query-to>391</Hsp_query-to>
      <Hsp_hit-from>1</Hsp_hit-from>
      <Hsp_hit-to>187</Hsp_hit-to>
      <Hsp_query-frame>1</Hsp_query-frame>
      <Hsp_hit-frame>1</Hsp_hit-frame>
      <Hsp_identity>187</Hsp_identity>
      <Hsp_positive>187</Hsp_positive>
      <Hsp_gaps>0</Hsp_gaps>
      <Hsp_align-len>187</Hsp_align-len>
      <Hsp_qseq>ATGGCTGATAATAAGGTCAATCTTTCGATTAATGGACAATCAAAAGTGCCTCCAGGTTTCAGATTCCATCCCACCGAAGAAGAACTTCTCCATTACTATCTCCGTAAGAAAGTTAACTCTCAAAAGATCGATCTTGATGTCATTCGTGAAGTTGATCTAAACAAGCTTGAGCCTTGGGATATTCAAG</Hsp_qseq>
      <Hsp_hseq>ATGGCTGATAATAAGGTCAATCTTTCGATTAATGGACAATCAAAAGTGCCTCCAGGTTTCAGATTCCATCCCACCGAAGAAGAACTTCTCCATTACTATCTCCGTAAGAAAGTTAACTCTCAAAAGATCGATCTTGATGTCATTCGTGAAGTTGATCTAAACAAGCTTGAGCCTTGGGATATTCAAG</Hsp_hseq>
      <Hsp_midline>|||||||||||||||||||||||||||||||||||||||||||||||||||||||||||||||||||||||||||||||||||||||||||||||||||||||||||||||||||||||||||||||||||||||||||||||||||||||||||||||||||||||||||||||||||||||||||</Hsp_midline>
    </Hsp>
  </Hit_hsps>
</Hit>
<Hit>
  <Hit_num>23</Hit_num>
  <Hit_id>gi|2211085718|emb|OU466857.2|</Hit_id>
  <Hit_def>Thlaspi arvense genome assembly, chromosome: 1</Hit_def>
  <Hit_accession>OU466857</Hit_accession>
  <Hit_len>65520834</Hit_len>
  <Hit_hsps>
    <Hsp>
      <Hsp_num>1</Hsp_num>
      <Hsp_bit-score>935.431</Hsp_bit-score>
      <Hsp_score>1036</Hsp_score>
      <Hsp_evalue>0</Hsp_evalue>
      <Hsp_query-from>1</Hsp_query-from>
      <Hsp_query-to>801</Hsp_query-to>
      <Hsp_hit-from>7413192</Hsp_hit-from>
      <Hsp_hit-to>7412365</Hsp_hit-to>
      <Hsp_query-frame>1</Hsp_query-frame>
      <Hsp_hit-frame>-1</Hsp_hit-frame>
      <Hsp_identity>711</Hsp_identity>
      <Hsp_positive>711</Hsp_positive>
      <Hsp_gaps>31</Hsp_gaps>
      <Hsp_align-len>830</Hsp_align-len>
      <Hsp_qseq>AAAGACACTTTAATGCATGA---------ACTTCTTTGTTTAAATAACAATTTCCCCCTTTTG-GGGGCTATGTCTCGTCGAGTCCTACCACCATTATAAATTA--TCTCATCGTTTGCTTTCTTTTTTTTAAGTTGTAACCATTTCCACTCGTAATCATACAACTTCTCTACTCTTCTAGAGCAAAAACCCAAAAATATATTGCTATCTTCGTTAATGGCTGATAATAAGGTCAATCTTTCGATTAATGGACAATCAAAAGTGCCTCCAGGTTTCAGATTCCATCCCACCGAAGAAGAACTTCTCCATTACTATCTCCGTAAGAAAGTTAACTCTCAAAAGATCGATCTTGATGTCATTCGTGAAGTTGATCTAAACAAGCTTGAGCCTTGGGATATTCAAGGTT----AAACCCTAAAT-ATGAAA--AAAAACTCTTTCATTTCTACGAACTCTCT--ATTTCTTTGT--TCTTTATTTTTGAACCATTTTGGTATGCAAATGCAGAGGAATGTAGAATCGGTTCAACGCCACAAAACGACTGGTACTTCTTCAGCCACAAGGACAAGAAGTATCCAACCGGGACCAGGACGAACCGGGCAACAGTCGCTGGATTCTGGAAAGCTACCGGACGTGACAAAATCATCTGCAGTTGTGTCCGGAGAATTGGACTGAGGAAGACACTCGTGTTCTACAAAGGAAGAGCTCCTCACGGTCAGAAATCCGACTGGATCATGCATGAGTATCGCCTCGACGATACTC---CAATGTCTAATGTAAGTATATATAGCAATC---ATCAATTTGCAGTTTAGGTTAGAATAAACA</Hsp_qseq>
      <Hsp_hseq>AAAGATACTTTAATGGATGATAATTTTCCACATCTTTATTTAAATAATAATTTCCCCCTTTTTCGGGGCTATGTGTCATTTAGTCCCACCACCATTATAAATCACCTCTCGTCGCCTGCTTTCTCATTCC-AAGTTGTAACCATTTCCACTTGTAATCATACAACTTCTCTACTCTGCTAGAGCAAGAAACCAAAAAGATATCGTTATCATCATCAATGGCGGAGAACAAGGTAAATCTGTCTATCAATGGACAATCAAAAGTGCCTCCAGGTTTCAGATTTCATCCCACCGAGGAAGAACTTCTCCATTACTATCTTCGTAAAAAAGTTCACTCTCAAAAGATCGATCTTGATGTCATTCGTGAAGTAGATCTCAACAAGCTTGAGCCTTGGGATATTCAAGGTTCCTCAAACAATAAACCATAATATGAAAAACTCTCTCTTAT-TGCTGGCTTTCTTCATTTCTACCAAGTCTTTATTTTTGAACCATTTTGGTAAGCAAATGCAGAGGAATGTAGAATCGGTTCGACGCCACAGAATGACTGGTACTTCTTTAGCCACAAGGACAAGAAGTATCCAACGGGGACAAGAACAAACCGGGCAACAGTCGCCGGATTCTGGAAAGCTACTGGGCGTGACAAGATCATCTATAGTTGTGTCCGGAGGATTGGATTGAGGAAGACACTCGTGTTCTACAAAGGAAGAGCTCCTCATGGTCAGAAATCCGATTGGATCATGCATGAGTATCGCCTCGATGATACTCCAACAATGACTAATGTAAGTCTATATAGCTATCGTTGTCAATATTCATTTTAGGTTAGAAGAAACA</Hsp_hseq>
      <Hsp_midline>||||| ||||||||| ||||         || ||||| ||||||||| ||||||||||||||  |||||||||| || |  ||||| ||||||||||||||| |  |||| |||  ||||||||  ||   |||||||||||||||||||| |||||||||||||||||||||||| ||||||||| || ||||||| |||| | |||| || | |||||| || || ||||| ||||| || || ||||||||||||||||||||||||||||||||||| ||||||||||| ||||||||||||||||||||||| ||||| |||||| ||||||||||||||||||||||||||||||||||||| ||||| |||||||||||||||||||||||||||||||    ||||  ||||  || | |  ||||||||| || | | | |   || |||  ||||||      ||||||||||||||||||||||||| ||||||||||||||||||||||||||||| |||||||| || |||||||||||||| |||||||||||||||||||||||||| ||||| || || ||||||||||||||||| ||||||||||||||||| || |||||||| |||||||  |||||||||||||| |||||| |||||||||||||||||||||||||||||||||||||||| |||||||||||||| |||||||||||||||||||||||||| |||||||   ||||| ||||||||||| |||||||| |||    ||||| | || |||||||||||| |||||</Hsp_midline>
    </Hsp>
    <Hsp>
      <Hsp_num>2</Hsp_num>
      <Hsp_bit-score>819.114</Hsp_bit-score>
      <Hsp_score>907</Hsp_score>
      <Hsp_evalue>0</Hsp_evalue>
      <Hsp_query-from>1137</Hsp_query-from>
      <Hsp_query-to>1845</Hsp_query-to>
      <Hsp_hit-from>7411922</Hsp_hit-from>
      <Hsp_hit-to>7411175</Hsp_hit-to>
      <Hsp_query-frame>1</Hsp_query-frame>
      <Hsp_hit-frame>-1</Hsp_hit-frame>
      <Hsp_identity>633</Hsp_identity>
      <Hsp_positive>633</Hsp_positive>
      <Hsp_gaps>45</Hsp_gaps>
      <Hsp_align-len>751</Hsp_align-len>
      <Hsp_qseq>TTTAATCATCTCTTATT--GCATTTCATAAGATC-GATTTGTGTTCCATTATCAGGGCTATGCTGATGTTGTTACAGAAGATCCAATGAGCTATAACGAAGAAGGTTGGGTGGTATGTCGAGTGTTCAGGAAGAAGAACTATCAAAAGATTGACGATTGTCCTAAAATCACTCTATCTTCTTTACCTGATGACACGGAGGAAGAGAAGGGGCCCACC---TTTCACAACACTCAAAACGTTACCGGTTTAGACCATGTTCTTCTCTACATGGACCGTACCGGTTCTAACATTTGCATGCCCGAGAGCCAAACAACGA------CTCAACATCA------AGATGATGTCTTATTCATGCAACTCCCAAGTCTTGAGACACCTAAATCCGAGAGCCCGGTCGACCAAAGTTTCCTGACTCCAAGCAAACTCGATTTCTCTCCCGTTCAAGAGAAGATAACCGAAAGACCGGTTTGCAGCAACTGGGCTAGTCTTGACCGGCTCGTAGCTTGGCAATTGAACAATGGTCATCATAATCCGTGTCATCGTAAGAGTTTTGATGAAGAAGAAGAAAA---TGGTGATACTATGATGCAGCGATGGGATCTTCATTGGAATAATGATGATAATGTTGATCTTTGGAGTAGTTTCACTGA------------GTCTTCTTCGTCTTTAGACCCACTTCTTCATTTATCTGTATGATTATCTATACA--------TACACATACACAAAAT-ATAAAA</Hsp_qseq>
      <Hsp_hseq>TTTCATCATATCTTATTTTGCACTATATAAGATCTGATTTGTA---CAATGTCAGGGCTCTTTTGATGTTGTGCCTGAAGATCCGATGAGCTATAACGAAGAAGGTTGGGTGGTATGTCGAGTGTTCAGAAAGAAGAACTATCAAAAGATCGACGATTGTCCTAAAATCACTCTATCTTCTTCACCTGACGACACGGAAGAAAATAAAAGGCCCACCACATTTCACAACACTCAAAACGGCACCGTGTTAGACCACGTTCTTCTATACATGGACCGTACCGGTTCTAACATTTGCATGCCCGAAAGCCAAACGACGATCAAAACTCAACATCATCATCAAGACGATGTCTTGTTCATGCAACTCCCTGGTCTTGAGACACCCAAATCCGAAAACCCGGTCGACCAACGTTTCATGATTCCGAACCAAGTTGATTCCTCTCCGGTTCAAGAAAAGATAATCGGTAGACCGGTTTGCAGTAACTGGGCTAGTCTTGACCGGCTTGTGGCGTGGCAATTGAACAATGGTCATCATCATCCGTGTGATCGTACCAGTTTTGATGAAGAAGAAGAAGAAGATGGTGATAAACTGATGCAACGATGGGATCTTCATTGGAATAATGATGATAATGTGGATCTTTGGAGTAGTTTCACTGATCAATCTTCTTCGTCTCCTTCGTCTTTAGACCCTCTTCTTCATTTATCTGTTTGATTGTATATACACGTAAACATACACATACACAAGATAATAAAA</Hsp_hseq>
      <Hsp_midline>||| ||||| |||||||  ||| |  |||||||| |||||||    || | |||||||| |  |||||||||  | |||||||| |||||||||||||||||||||||||||||||||||||||||||| |||||||||||||||||||| ||||||||||||||||||||||||||||||| |||||| |||||||| ||| | ||  ||||||||   |||||||||||||||||||  ||||  |||||||| |||||||| |||||||||||||||||||||||||||||||||||||| |||||||| ||||      ||||||||||      ||| |||||||| ||||||||||||||  ||||||||||||| |||||||| | ||||||||||||| ||||| ||| ||| | | || | |||| |||||| |||||||| ||||||| ||  |||||||||||||| ||||||||||||||||||||||| || || |||||||||||||||||||||||| |||||||| ||||||  ||||||||||||||||||||| |   ||||||||   ||||||| ||||||||||||||||||||||||||||||||||| |||||||||||||||||||||||            |||| |||||||||||||||| ||||||||||||||||| ||||| | ||||||        ||||||||||||| || ||||||</Hsp_midline>
    </Hsp>
    <Hsp>
      <Hsp_num>3</Hsp_num>
      <Hsp_bit-score>245.643</Hsp_bit-score>
      <Hsp_score>271</Hsp_score>
      <Hsp_evalue>2.88961e-59</Hsp_evalue>
      <Hsp_query-from>250</Hsp_query-from>
      <Hsp_query-to>740</Hsp_query-to>
      <Hsp_hit-from>8501062</Hsp_hit-from>
      <Hsp_hit-to>8501536</Hsp_hit-to>
      <Hsp_query-frame>1</Hsp_query-frame>
      <Hsp_hit-frame>1</Hsp_hit-frame>
      <Hsp_identity>356</Hsp_identity>
      <Hsp_positive>356</Hsp_positive>
      <Hsp_gaps>20</Hsp_gaps>
      <Hsp_align-len>493</Hsp_align-len>
      <Hsp_qseq>GTGCCTCCAGGTTTCAGATTCCATCCCACCGAAGAAGAACTTCTCCATTACTATCTCCGTAAGAAAGTTAACTCTCAAAAGATCGATCTTGATGTCATTCGTGAAGTTGATCTAAACAAGCTTGAGCCTTGGGATATTCAAGGTTAAACCCTAAATATGA--AAAAAAACTCTTTCATTTCTACGAACTCTCTATTTCTTTGTTCTTTATTTTTGAACCATTTTGGTATGCAAATGCAGAGGAATGTAGAATCGGTTCAACGCCACAAAACGACTGGTACTTCTTCAGCCACAAGGACAAGAAGTATCCAACCGGGACCAGGACGAACCGGGCAACAGTCGCTGGATTCTGGAAAGCTACCGGACGTGACAAAATCATCTGCAGTTGTGTCCGGAGAATTGGACTGAGGAAGACACTCGTGTTCTACAAAGGAAGAGCTCCTCACGGTCAGAAATCCGACTGGATCATGCATGAGTATCGCCTCGACGATACT</Hsp_qseq>
      <Hsp_hseq>GTACCACCAGGTTTCCGGTTTCACCCAACAGACGAAGAACTTCTTCATTACTATTTGAAGAAGAAGATTTCTTATGAAAAGTTCGAGATGGAAGTCATAAGGGAGGTTGATTTGAACAAGATTGAGCCGTGGGATTTACAAGGT---ACGTATAGTTTGATTAATAAAACTCTTA---TTCT--GAA-TCATGATCCATTT-TTCTA-ATTATAGCAT-ATGCTTTTTTGCAGAT----AG--ATGCAAAATAGGATCAACGCCGCAAAACGAGTGGTATTTCTTCAGCCACAAGGATAAGAAATATCCAACGGGTTCAAGGACGAACCGTGCGACTCACTCAGGTTTCTGGAAGGCGACGGGACGTGACAAATGCATAAGAAACTGTTACAAGAAGATAGGCATGAGGAAGACTCTTGTCTTCTACAAAGGAAGAGCTCCTCATGGCCAAAAGACCGATTGGATCATGCACGAGTACCGTATTGAGGATACT</Hsp_hseq>
      <Hsp_midline>|| || ||||||||| | || || || || || ||||||||||| ||||||||| |    |||||  ||   | | ||||| ||||  | || |||||  | || |||||| | |||||| ||||||| |||||| | ||||||   ||    | | |||  || |||||||||    ||||  ||| ||   ||   ||| ||||  ||| | | |  ||  |  | |||| ||    ||  ||| | ||| || |||||||| |||||||| ||||| ||||||||||||||||| ||||| |||||||| ||  | ||||||||||| || ||   | | || |||||||| || || ||||||||||||  |||  | |  |||  |  ||  || ||  |||||||||| || || ||||||||||||||||||||||| || || ||  |||| ||||||||||| ||||| ||  | || ||||||</Hsp_midline>
    </Hsp>
    <Hsp>
      <Hsp_num>4</Hsp_num>
      <Hsp_bit-score>107.685</Hsp_bit-score>
      <Hsp_score>118</Hsp_score>
      <Hsp_evalue>5.23378e-18</Hsp_evalue>
      <Hsp_query-from>519</Hsp_query-from>
      <Hsp_query-to>728</Hsp_query-to>
      <Hsp_hit-from>61143469</Hsp_hit-from>
      <Hsp_hit-to>61143678</Hsp_hit-to>
      <Hsp_query-frame>1</Hsp_query-frame>
      <Hsp_hit-frame>1</Hsp_hit-frame>
      <Hsp_identity>152</Hsp_identity>
      <Hsp_positive>152</Hsp_positive>
      <Hsp_gaps>4</Hsp_gaps>
      <Hsp_align-len>212</Hsp_align-len>
      <Hsp_qseq>GACTGGTACTTCTTCAGCCACAAGGACAAGAAGTATCCAACCGGGACCAGGACGAACCGGGCAACAGTCGCTGGATTCTGGAAAGCTACCGGACGTGACAAAATCATCTGCAGTTGTGTC--CGGAGAATTGGACTGAGGAAGACACTCGTGTTCTACAAAGGAAGAGCTCCTCACGGTCAGAAATCCGACTGGATCATGCATGAGTATCGC</Hsp_qseq>
      <Hsp_hseq>GATTGGTACTTCTTTAGCCATAAAGATAAAAAGTATCCCACCGGAACTCGAACCAATAGAGCAACGAAAGCAGGGTTTTGGAAGGCAACCGGAAGAGATAAGGCTATAT--ATTTGAGGCATAGTCTCATTGGTATGAGGAAAACACTTGTGTTTTACAAGGGAAGAGCCCCAAATGGTCAAAAATCCGATTGGATAATGCACGAATACCGC</Hsp_hseq>
      <Hsp_midline>|| ||||||||||| ||||| || || || |||||||| ||||| ||  | || ||  | |||||    || || || ||||| || |||||| | || ||    || |  | ||| | |   |    |||||  ||||||| ||||| ||||| ||||| |||||||| ||  | ||||| |||||||| ||||| ||||| || || |||</Hsp_midline>
    </Hsp>
    <Hsp>
      <Hsp_num>5</Hsp_num>
      <Hsp_bit-score>77.0278</Hsp_bit-score>
      <Hsp_score>84</Hsp_score>
      <Hsp_evalue>8.86285e-09</Hsp_evalue>
      <Hsp_query-from>503</Hsp_query-from>
      <Hsp_query-to>733</Hsp_query-to>
      <Hsp_hit-from>54536582</Hsp_hit-from>
      <Hsp_hit-to>54536812</Hsp_hit-to>
      <Hsp_query-frame>1</Hsp_query-frame>
      <Hsp_hit-frame>1</Hsp_hit-frame>
      <Hsp_identity>158</Hsp_identity>
      <Hsp_positive>158</Hsp_positive>
      <Hsp_gaps>6</Hsp_gaps>
      <Hsp_align-len>234</Hsp_align-len>
      <Hsp_qseq>TTCAACGCCACAAAACGACTGGTACTTCTTCAGCCACAAGGACAAGAAGTATCCAACCGGGACCAGGACGAACCGGGCAACAGTCGCTGGATTCTGGAAAGCTACCGGACGTGACAAAATCATCTGCAGTTGTGTCCGGAG---AATTGGACTGAGGAAGACACTCGTGTTCTACAAAGGAAGAGCTCCTCACGGTCAGAAATCCGACTGGATCATGCATGAGTATCGCCTCGA</Hsp_qseq>
      <Hsp_hseq>TTCAATGGGAGAGAAAGAGTGGTATTTCTTTAACTTAAGGGACAGGAAATACCCAACCGGGTTAAGGACGAATCGGGCAACTGAAGCCGGTTATTGGAAGACTACCGGTAAAGATAAAGAGATATA---TCGAACCGGGATTTTAGTAGGGATGAAGAAAACCCTTGTTTTCTACAAAGGAAGAGCTCCTAAGGGTGAGAAGAGTAATTGGGTAATGCATGAATATAGGCTTGA</Hsp_hseq>
      <Hsp_midline>||||| |  | | || || ||||| ||||| | |   | ||||| ||| || |||||||||   |||||||| |||||||| |  || || |  |||||  |||||||    || |||   || |    | |   | |||    | | ||  ||| ||| || || || ||||||||||||||||||||| | ||| ||||     | ||| | |||||||| ||| | || ||</Hsp_midline>
    </Hsp>
    <Hsp>
      <Hsp_num>6</Hsp_num>
      <Hsp_bit-score>76.1261</Hsp_bit-score>
      <Hsp_score>83</Hsp_score>
      <Hsp_evalue>3.09344e-08</Hsp_evalue>
      <Hsp_query-from>251</Hsp_query-from>
      <Hsp_query-to>384</Hsp_query-to>
      <Hsp_hit-from>40764</Hsp_hit-from>
      <Hsp_hit-to>40897</Hsp_hit-to>
      <Hsp_query-frame>1</Hsp_query-frame>
      <Hsp_hit-frame>1</Hsp_hit-frame>
      <Hsp_identity>97</Hsp_identity>
      <Hsp_positive>97</Hsp_positive>
      <Hsp_gaps>0</Hsp_gaps>
      <Hsp_align-len>134</Hsp_align-len>
      <Hsp_qseq>TGCCTCCAGGTTTCAGATTCCATCCCACCGAAGAAGAACTTCTCCATTACTATCTCCGTAAGAAAGTTAACTCTCAAAAGATCGATCTTGATGTCATTCGTGAAGTTGATCTAAACAAGCTTGAGCCTTGGGAT</Hsp_qseq>
      <Hsp_hseq>TGCCTCCAGGTTTCAGGTTCCATCCAACAGACGAAGAGCTAGTGGCGTACTATCTGGATAGGAAGGTCAACGGCCGAACCATTGAGCTTGAGATCATTCCCGAAGTTGATCTCTATAAATGCGAGCCATGGGAT</Hsp_hseq>
      <Hsp_midline>|||||||||||||||| |||||||| || || ||||| ||  |    ||||||||   || ||| || |||   | ||  || || |||||  ||||||  |||||||||||  | ||    ||||| ||||||</Hsp_midline>
    </Hsp>
    <Hsp>
      <Hsp_num>7</Hsp_num>
      <Hsp_bit-score>75.2244</Hsp_bit-score>
      <Hsp_score>82</Hsp_score>
      <Hsp_evalue>3.09344e-08</Hsp_evalue>
      <Hsp_query-from>516</Hsp_query-from>
      <Hsp_query-to>731</Hsp_query-to>
      <Hsp_hit-from>119972</Hsp_hit-from>
      <Hsp_hit-to>120187</Hsp_hit-to>
      <Hsp_query-frame>1</Hsp_query-frame>
      <Hsp_hit-frame>1</Hsp_hit-frame>
      <Hsp_identity>146</Hsp_identity>
      <Hsp_positive>146</Hsp_positive>
      <Hsp_gaps>0</Hsp_gaps>
      <Hsp_align-len>216</Hsp_align-len>
      <Hsp_qseq>AACGACTGGTACTTCTTCAGCCACAAGGACAAGAAGTATCCAACCGGGACCAGGACGAACCGGGCAACAGTCGCTGGATTCTGGAAAGCTACCGGACGTGACAAAATCATCTGCAGTTGTGTCCGGAGAATTGGACTGAGGAAGACACTCGTGTTCTACAAAGGAAGAGCTCCTCACGGTCAGAAATCCGACTGGATCATGCATGAGTATCGCCTC</Hsp_qseq>
      <Hsp_hseq>AAAGATTGGTACTTCTACAGCCAAAGAGATCGGAAATACGCGACGGGGCTGAGAACAAACAGAGCAACGGCCACCGGATACTGGAAAGCGACAGGGAAAGACAGAGCCATTCAAAGAAAGGGTAAGCTTGTTGGGATGAGGAAGACATTGGTGTTCTATCAAGGTCGAGCTCCCCGAGGTCGCAAAACCGAATGGGTCATGCACGAGTTTCGTCTC</Hsp_hseq>
      <Hsp_midline>|| || |||||||||| |||||| |  ||   ||| ||  | || |||   || || ||| | ||||| | | | |||| ||||||||| || ||    |||| |  |||    ||    |    |    ||||  ||||||||||| | ||||||||  ||||  ||||||| |  ||||  ||| |||| ||| ||||||| |||| ||| |||</Hsp_midline>
    </Hsp>
    <Hsp>
      <Hsp_num>8</Hsp_num>
      <Hsp_bit-score>64.4042</Hsp_bit-score>
      <Hsp_score>70</Hsp_score>
      <Hsp_evalue>5.59307e-05</Hsp_evalue>
      <Hsp_query-from>253</Hsp_query-from>
      <Hsp_query-to>393</Hsp_query-to>
      <Hsp_hit-from>6971699</Hsp_hit-from>
      <Hsp_hit-to>6971839</Hsp_hit-to>
      <Hsp_query-frame>1</Hsp_query-frame>
      <Hsp_hit-frame>1</Hsp_hit-frame>
      <Hsp_identity>101</Hsp_identity>
      <Hsp_positive>101</Hsp_positive>
      <Hsp_gaps>4</Hsp_gaps>
      <Hsp_align-len>143</Hsp_align-len>
      <Hsp_qseq>CCTCCAGGTTTCAGATTCCATCCCACCGAAGAAGAACTTCTCCATTACTATCT--CCGTAAGAAAGTTAACTCTCAAAAGATCGATCTTGATGTCATTCGTGAAGTTGATCTAAACAAGCTTGAGCCTTGGGATATTCAAGGT</Hsp_qseq>
      <Hsp_hseq>CCCCCTGGTTTCAGATTCCATCCAACAGATGAAGAACTTTTGGGTTATTACCTGCACAGAAGAAATGAAAGGCT--TGAGATCGAGCTCGAAATCATTCCATTAATGGATTTATACAAGTTTGATCCTTGGGAACTTCCAGGT</Hsp_hseq>
      <Hsp_midline>|| || ||||||||||||||||| || || ||||||||| |   ||| || ||   |  ||||||   ||  ||    ||||||| || ||  ||||||    | | ||| || ||||| |||| ||||||||  ||| ||||</Hsp_midline>
    </Hsp>
    <Hsp>
      <Hsp_num>9</Hsp_num>
      <Hsp_bit-score>56.2891</Hsp_bit-score>
      <Hsp_score>61</Hsp_score>
      <Hsp_evalue>0.0289728</Hsp_evalue>
      <Hsp_query-from>514</Hsp_query-from>
      <Hsp_query-to>727</Hsp_query-to>
      <Hsp_hit-from>2355039</Hsp_hit-from>
      <Hsp_hit-to>2354820</Hsp_hit-to>
      <Hsp_query-frame>1</Hsp_query-frame>
      <Hsp_hit-frame>-1</Hsp_hit-frame>
      <Hsp_identity>145</Hsp_identity>
      <Hsp_positive>145</Hsp_positive>
      <Hsp_gaps>6</Hsp_gaps>
      <Hsp_align-len>220</Hsp_align-len>
      <Hsp_qseq>AAAACGACTGGTACTTCTTCAGCCACAAGGACAAGAAGTATCCAACCGGGACCAGGACGAACCGGGCAACAGTCGCTGGATTCTGGAAAGCTACCGGACGTGACA-----AAATCATCTGCAGTTGTGTCCGGA-GAATTGGACTGAGGAAGACACTCGTGTTCTACAAAGGAAGAGCTCCTCACGGTCAGAAATCCGACTGGATCATGCATGAGTATCG</Hsp_qseq>
      <Hsp_hseq>AAAAGGAATGGTACTTTTACTGTCCGAGGGACAGGAAGTATAGGAACAGCTCGAGGCCGAACCGAGTGACTGGAGCCGGTTTCTGGAAAGCCACGGGAACGGACAGGCCGATATACTCGTCGGAAGGAAACAAATGCATAGGTTTAAAGAAGTCATTAGTGTTCTACAAAGGAAGAGCTGCGAAAGGAGTTAAGACTGATTGGATGATGCATGAGTTTCG</Hsp_hseq>
      <Hsp_midline>|||| || |||||||| | | | |  | ||||| |||||||   | | |  | ||| ||||||| |  || |  || || ||||||||||| || |||   ||||     | ||  ||  | |  |    |  | | || ||  | | |||| || | ||||||||||||||||||||| |  | ||    ||  | || ||||| |||||||||| |||</Hsp_midline>
    </Hsp>
    <Hsp>
      <Hsp_num>10</Hsp_num>
      <Hsp_bit-score>55.3874</Hsp_bit-score>
      <Hsp_score>60</Hsp_score>
      <Hsp_evalue>0.0289728</Hsp_evalue>
      <Hsp_query-from>666</Hsp_query-from>
      <Hsp_query-to>730</Hsp_query-to>
      <Hsp_hit-from>56963135</Hsp_hit-from>
      <Hsp_hit-to>56963071</Hsp_hit-to>
      <Hsp_query-frame>1</Hsp_query-frame>
      <Hsp_hit-frame>-1</Hsp_hit-frame>
      <Hsp_identity>51</Hsp_identity>
      <Hsp_positive>51</Hsp_positive>
      <Hsp_gaps>0</Hsp_gaps>
      <Hsp_align-len>65</Hsp_align-len>
      <Hsp_qseq>GTGTTCTACAAAGGAAGAGCTCCTCACGGTCAGAAATCCGACTGGATCATGCATGAGTATCGCCT</Hsp_qseq>
      <Hsp_hseq>GTGTTTTACATCGGAAAAGCTCCTAAAGGCACTAAAACCAACTGGATCATGCACGAGTATCGTCT</Hsp_hseq>
      <Hsp_midline>||||| ||||  |||| ||||||| | ||    ||| || ||||||||||||| |||||||| ||</Hsp_midline>
    </Hsp>
    <Hsp>
      <Hsp_num>11</Hsp_num>
      <Hsp_bit-score>49.9773</Hsp_bit-score>
      <Hsp_score>54</Hsp_score>
      <Hsp_evalue>1.23195</Hsp_evalue>
      <Hsp_query-from>1844</Hsp_query-from>
      <Hsp_query-to>1918</Hsp_query-to>
      <Hsp_hit-from>7411134</Hsp_hit-from>
      <Hsp_hit-to>7411056</Hsp_hit-to>
      <Hsp_query-frame>1</Hsp_query-frame>
      <Hsp_hit-frame>-1</Hsp_hit-frame>
      <Hsp_identity>63</Hsp_identity>
      <Hsp_positive>63</Hsp_positive>
      <Hsp_gaps>10</Hsp_gaps>
      <Hsp_align-len>82</Hsp_align-len>
      <Hsp_qseq>AATAAAGTTTGTTAAAAAATGTC-TCATGTTCTATTGATAGTACGTCTTGA--TTTTGGGGTTTAACA----TTTGTTAATG</Hsp_qseq>
      <Hsp_hseq>AATAAAGTTTGTT--AACATGTCTTTATGTACTA-TGATATCACGTCTAGATTTTTTGGAGTTTAATAACATTTTGTTATTG</Hsp_hseq>
      <Hsp_midline>|||||||||||||  || ||||| | |||| ||| |||||  |||||| ||  |||||| |||||| |    ||||||| ||</Hsp_midline>
    </Hsp>
  </Hit_hsps>
</Hit>
<Hit>
  <Hit_num>24</Hit_num>
  <Hit_id>gi|1190954343|ref|XM_002893694.2|</Hit_id>
  <Hit_def>PREDICTED: Arabidopsis lyrata subsp. lyrata NAC domain-containing protein 12 (LOC9329801), mRNA</Hit_def>
  <Hit_accession>XM_002893694</Hit_accession>
  <Hit_len>1166</Hit_len>
  <Hit_hsps>
    <Hsp>
      <Hsp_num>1</Hsp_num>
      <Hsp_bit-score>868.707</Hsp_bit-score>
      <Hsp_score>962</Hsp_score>
      <Hsp_evalue>0</Hsp_evalue>
      <Hsp_query-from>1189</Hsp_query-from>
      <Hsp_query-to>1835</Hsp_query-to>
      <Hsp_hit-from>502</Hsp_hit-from>
      <Hsp_hit-to>1165</Hsp_hit-to>
      <Hsp_query-frame>1</Hsp_query-frame>
      <Hsp_hit-frame>1</Hsp_hit-frame>
      <Hsp_identity>593</Hsp_identity>
      <Hsp_positive>593</Hsp_positive>
      <Hsp_gaps>23</Hsp_gaps>
      <Hsp_align-len>667</Hsp_align-len>
      <Hsp_qseq>GGCTATGCTGATGTTGTTACAGAAGATCCAATGAGCTATAACGAAGAAGGTTGGGTGGTATGTCGAGTGTTCAGGAAGAAGAACTATCAAAAGATTGACGATTGTCCTAAAATCACTCTATCTTCTTTACCTGATGACACGGAGGAAGAGAAGGGGCCCACCTTTCACAACACTCAAAACGTTACCGGTTTAGACCATGTTCTTCTCTACATGGACCGTACCGGTTCTAACATTTGCATGCCCGAGAGCCAAACAACG------ACTCAACATCAAGATGATGTCTTATTCATGCAACTCCCAAGTCTTGAGACACCTAAATCCGAGAGCCCGGTCGACCAAAGTTTCCTGACTCCAAGCAAACTCGATTTCTCTCCCGTTCAAGAGAA---GATAACCGAAAGACCGGTTTGCAGCAACTGGGCTAGTCTTGACCGGCTCGTAGCTTGGCAATTGAACAATGGTCATCATAATCCGTGTCATCGTAAGAGTTTTGATGAAGAAGAAGAAAATGGTGATACTATGATGCAGCGATGGGATCTTCATTGGAATAATGATGATAATGTTGATCTTTGGAGTAGTTTCACTGAGTCTT---------CTTCGTCTTTAGACCCACTTCTTCATTTATCTGTATGATTATCTAT--ACATACACATACACA</Hsp_qseq>
      <Hsp_hseq>GGCTATTCTGATGTTGTAACCGAAGATCCAATGAACTACAACGAAGAAGGTTGGGTGGTATGTCGAGTGTTCAGGAAGAAGAACTATCAAAAGATCGACGATTGTCCTAAAATCACTCTATCTTCTTCAATTGATGACACGGAGGAAGAGAAGAGGCCCACCTGTCACAACACTCAAAACAGCACCGTTTTAGATCATGTTCTTCTCTACATGGACCGTACCGGTTCTAACATTTGCATGCCCGAGAGGCAAACAACGACCAAAACTCAACATCAAGACGATGTCTTATTCACGCAACTTCCAAGTCTTGAGACACCCAAATCTGAGAGCCCGGTCGACAATAGTTTCATGACTTCAAACCAACTTGGTTCTTCTCCGGTTCAAGAGAAAATTATAACCGGCAGACCTGTTTGCAGTAATTGGGCTAGTCTTGACCGGCTTGTGGCTTGGCAATTGAACAATGGTCGTCACA---CGTGTGATCGTAAGAGTTTTGATGAAGAAGAAGAAATTGGTGATACTATGATGCAGCGATGGGATCTTCATTGGAATAATGATGATAATGTCGATCTCTGGAGTAGTTTCACAGAGTCTTCTTCGTCTCCTTCGTCTTTAGACCCTCTTCTTCATTTATCTGTATGATTATCTATCCAAATATACATACACA</Hsp_hseq>
      <Hsp_midline>|||||| |||||||||| || ||||||||||||| ||| |||||||||||||||||||||||||||||||||||||||||||||||||||||||| ||||||||||||||||||||||||||||||| |  |||||||||||||||||||||| ||||||||| ||||||||||||||||   |||| |||||| ||||||||||||||||||||||||||||||||||||||||||||||||||||| |||||||||      |||||||||||||| ||||||||||||| |||||| ||||||||||||||||| ||||| ||||||||||||||| | |||||| ||||| ||| | |||| | ||  ||||| |||||||||||    |||||||  ||||| |||||||| || |||||||||||||||||||| || |||||||||||||||||||||| ||| |   ||||| |||||||||||||||||||||||||||||| |||||||||||||||||||||||||||||||||||||||||||||||||||||| ||||| |||||||||||||| |||||||         |||||||||||||||| |||||||||||||||||||||||||||||  | ||| |||||||||</Hsp_midline>
    </Hsp>
    <Hsp>
      <Hsp_num>2</Hsp_num>
      <Hsp_bit-score>432.291</Hsp_bit-score>
      <Hsp_score>478</Hsp_score>
      <Hsp_evalue>1.00591e-115</Hsp_evalue>
      <Hsp_query-from>485</Hsp_query-from>
      <Hsp_query-to>753</Hsp_query-to>
      <Hsp_hit-from>234</Hsp_hit-from>
      <Hsp_hit-to>502</Hsp_hit-to>
      <Hsp_query-frame>1</Hsp_query-frame>
      <Hsp_hit-frame>1</Hsp_hit-frame>
      <Hsp_identity>257</Hsp_identity>
      <Hsp_positive>257</Hsp_positive>
      <Hsp_gaps>0</Hsp_gaps>
      <Hsp_align-len>269</Hsp_align-len>
      <Hsp_qseq>AGAGGAATGTAGAATCGGTTCAACGCCACAAAACGACTGGTACTTCTTCAGCCACAAGGACAAGAAGTATCCAACCGGGACCAGGACGAACCGGGCAACAGTCGCTGGATTCTGGAAAGCTACCGGACGTGACAAAATCATCTGCAGTTGTGTCCGGAGAATTGGACTGAGGAAGACACTCGTGTTCTACAAAGGAAGAGCTCCTCACGGTCAGAAATCCGACTGGATCATGCATGAGTATCGCCTCGACGATACTCCAATGTCTAATG</Hsp_qseq>
      <Hsp_hseq>AGAGGAATGTAGAATCGGTTCGACGCCACAAAACGACTGGTACTTCTTCAGCCACAAGGACAAGAAGTATCCAACCGGGACCAGGACAAACCGGGCAACAGTCGCTGGATTTTGGAAAGCTACCGGACGTGACAAGATCATCTGCAGTTGCATCCGGAGGATTGGATTGAGGAAGACACTCGTATTCTACAAAGGAAGAGCTCCTCACGGTCAGAAATCCGATTGGATCATGCATGAATATCGCCTCGACGATACTCCAATGTCGAATG</Hsp_hseq>
      <Hsp_midline>||||||||||||||||||||| ||||||||||||||||||||||||||||||||||||||||||||||||||||||||||||||||| ||||||||||||||||||||||| ||||||||||||||||||||||| ||||||||||||||  ||||||| |||||| |||||||||||||||| |||||||||||||||||||||||||||||||||||||| |||||||||||||| |||||||||||||||||||||||||| ||||</Hsp_midline>
    </Hsp>
    <Hsp>
      <Hsp_num>3</Hsp_num>
      <Hsp_bit-score>357.452</Hsp_bit-score>
      <Hsp_score>395</Hsp_score>
      <Hsp_evalue>6.35356e-93</Hsp_evalue>
      <Hsp_query-from>157</Hsp_query-from>
      <Hsp_query-to>391</Hsp_query-to>
      <Hsp_hit-from>1</Hsp_hit-from>
      <Hsp_hit-to>235</Hsp_hit-to>
      <Hsp_query-frame>1</Hsp_query-frame>
      <Hsp_hit-frame>1</Hsp_hit-frame>
      <Hsp_identity>220</Hsp_identity>
      <Hsp_positive>220</Hsp_positive>
      <Hsp_gaps>0</Hsp_gaps>
      <Hsp_align-len>235</Hsp_align-len>
      <Hsp_qseq>TCTACTCTTCTAGAGCAAAAACCCAAAAATATATTGCTATCTTCGTTAATGGCTGATAATAAGGTCAATCTTTCGATTAATGGACAATCAAAAGTGCCTCCAGGTTTCAGATTCCATCCCACCGAAGAAGAACTTCTCCATTACTATCTCCGTAAGAAAGTTAACTCTCAAAAGATCGATCTTGATGTCATTCGTGAAGTTGATCTAAACAAGCTTGAGCCTTGGGATATTCAAG</Hsp_qseq>
      <Hsp_hseq>TCTACTCTTGTAGAGCAAAACCCCAAAAAGATATCGCCATCATCGTCAATGGCGGATAATAAGGTAAATCTGTCTATTAATGGACAATCAAAAGTGCCTCCAGGTTTCAGATTCCATCCCACCGAAGAAGAACTTCTCCATTACTATCTCCGTAAGAAAGTTAACTCTCAGAAGATCGATCTTGATGTCATTCGTGAAATTGATCTCAACAAGCTCGAGCCTTGGGATATTCAAG</Hsp_hseq>
      <Hsp_midline>||||||||| |||||||||| |||||||| |||| || ||| |||| |||||| ||||||||||| ||||| || ||||||||||||||||||||||||||||||||||||||||||||||||||||||||||||||||||||||||||||||||||||||||||||||| ||||||||||||||||||||||||||| ||||||| |||||||| |||||||||||||||||||</Hsp_midline>
    </Hsp>
  </Hit_hsps>
</Hit>
<Hit>
  <Hit_num>25</Hit_num>
  <Hit_id>gi|1109083925|ref|XM_010480395.2|</Hit_id>
  <Hit_def>PREDICTED: Camelina sativa NAC domain-containing protein 12 (LOC104757640), mRNA</Hit_def>
  <Hit_accession>XM_010480395</Hit_accession>
  <Hit_len>1388</Hit_len>
  <Hit_hsps>
    <Hsp>
      <Hsp_num>1</Hsp_num>
      <Hsp_bit-score>866.903</Hsp_bit-score>
      <Hsp_score>960</Hsp_score>
      <Hsp_evalue>0</Hsp_evalue>
      <Hsp_query-from>1196</Hsp_query-from>
      <Hsp_query-to>1849</Hsp_query-to>
      <Hsp_hit-from>614</Hsp_hit-from>
      <Hsp_hit-to>1282</Hsp_hit-to>
      <Hsp_query-frame>1</Hsp_query-frame>
      <Hsp_hit-frame>1</Hsp_hit-frame>
      <Hsp_identity>595</Hsp_identity>
      <Hsp_positive>595</Hsp_positive>
      <Hsp_gaps>21</Hsp_gaps>
      <Hsp_align-len>672</Hsp_align-len>
      <Hsp_qseq>CTGATGTTGTTACAGAAGATCCAATGAGCTATAACGAAGAAGGTTGGGTGGTATGTCGAGTGTTCAGGAAGAAGAACTATCAAAAGATTGACGATTGTCCTAAAATCACTCTATCTTCTTTACCTGATGACACGGAGGAAGAGAAGGGGCCCACCTTTCACAACACTCAAAACGTTACCGGTTTAGACCATGTTCTTCTCTACATGGACCGTACCGGTTCTAACATTTGCATGCCCGAGAGCCAAACAACGAC------TCAACATCAAGATGATGTCTTATTCATGCAACTCCCAAGTCTTGAGACACCTAAATCCGAGAGCCCGGTCGACCAAAGTTTCCTGACTCCAAGCAAACTCGATTTCTCTCCCGTTCAAGAGAAGATAACCGAAAGACCGGTTTGCAGCAACTGGGCTAGTCTTGACCGGCTCGTAGCTTGGCAATTGAACAATGGTCATCATAATCCGTGTCATCGTAAGAGTTTTGATGAAGAAGAAGAAAATGGTGATACTATGATGCAGCGATGGGATCTTCATTGGAATAATGATGATAATGTTGATCTTTGGAGTAGTTTCACTGA---------GTCTTCTTCGTCTTTAGACCCACTTCTTCATTTATCTGTATGATTATCTATAC---ATACACATACACAAAATATAAAATAAA</Hsp_qseq>
      <Hsp_hseq>CTGATGTCCTAACCGAAGATCCGATGAGTTATAACGAAGAAGGTTGGGTGGTATGTCGAGTTTTCAGGAAGAAGAACTATCAAAAGATCGACGATTGTCCTAAAATCACTCTATCTTCTTCACCTGACGACACGGAGGAAGAAATGAGGCCCACTTTTCACAACACTCAAAACGGCAACGTCTTAGACCATGTTCTTCTCTGCATGAACCGTACCGGTTCTAACATTTGCATGCCCGAGAGCCAAACAATTACCAAAAGTCAACTTCAAGACGATATCTTATTCATGCAACTCCCAAGTCTTGAGACACCCAAGTCTGAGAGCCAGGTCGACCAAAGTTTCATGACTCCAAACCAACTCGATCCCTCTCCCGTTAAAGAGAAGATAACCGGCAGACCTGTTTGCAGTAACTGGGCTAGTCTTGACCGGCTCGTGGCTTGGCAATTGAACAATGGTCCTCATA---CGTGTGATCGTAAGAGTTTTGATGATGAAGAAGAAGATGGTGATACTATGATGCAGCGATGGGATCTTCATTGGAATAATGATGATAATGTCGATCTTTGGAGTAGTTTCACGGAGTCATCTTCGTCTCCTTCGTCTTTAGACCCTCTTCTTCATTTGTCTGTATGAGTATATATACGAAATACATACACACAGAAAATAAAATAAA</Hsp_hseq>
      <Hsp_midline>|||||||  | || |||||||| ||||| |||||||||||||||||||||||||||||||| |||||||||||||||||||||||||| ||||||||||||||||||||||||||||||| |||||| |||||||||||||| | | ||||||| |||||||||||||||||||  | ||  ||||||||||||||||||| |||| ||||||||||||||||||||||||||||||||||||||||||  ||      ||||| |||||| ||| |||||||||||||||||||||||||||||||||| || || ||||||| |||||||||||||||| ||||||||| | ||||||||  |||||||||| |||||||||||||||  ||||| |||||||| |||||||||||||||||||||||||| |||||||||||||||||||||| |||||   ||||| ||||||||||||||||||| ||||||||| ||||||||||||||||||||||||||||||||||||||||||||||||||||||| |||||||||||||||||||| ||         |||| |||||||||||||||| ||||||||||| ||||||||| ||| |||||   ||||| | ||||| || ||||||||||</Hsp_midline>
    </Hsp>
    <Hsp>
      <Hsp_num>2</Hsp_num>
      <Hsp_bit-score>468.359</Hsp_bit-score>
      <Hsp_score>518</Hsp_score>
      <Hsp_evalue>1.397e-126</Hsp_evalue>
      <Hsp_query-from>60</Hsp_query-from>
      <Hsp_query-to>391</Hsp_query-to>
      <Hsp_hit-from>1</Hsp_hit-from>
      <Hsp_hit-to>340</Hsp_hit-to>
      <Hsp_query-frame>1</Hsp_query-frame>
      <Hsp_hit-frame>1</Hsp_hit-frame>
      <Hsp_identity>307</Hsp_identity>
      <Hsp_positive>307</Hsp_positive>
      <Hsp_gaps>8</Hsp_gaps>
      <Hsp_align-len>340</Hsp_align-len>
      <Hsp_qseq>TATGTCTCGTCGAGTCCTACCACCATTATAAATTATCTCATCGTTTGCTTTCTTTTTTTTAAGTTGTAACCATTTCCACTCGTAATCATACAACTTCTCTACTCTTCTAGAGCAAAAACC--------CAAAAATATATTGCTATCTTCGTTAATGGCTGATAATAAGGTCAATCTTTCGATTAATGGACAATCAAAAGTGCCTCCAGGTTTCAGATTCCATCCCACCGAAGAAGAACTTCTCCATTACTATCTCCGTAAGAAAGTTAACTCTCAAAAGATCGATCTTGATGTCATTCGTGAAGTTGATCTAAACAAGCTTGAGCCTTGGGATATTCAAG</Hsp_qseq>
      <Hsp_hseq>TATGTGTCGTTGAGTCCCACCACCATTATAAATGATCTCATCGCTTGCTTTCTTGTTTCTAAGTTGTAACCATTTCCACTTATAATCATACAGCTTCTCTACTCTTCTAGAGCAAAAACAAAACAAAACAAAAAGATATCGCCATCATCATCAATGGCGGATACTAAGGTAAATCTGTCGATTAATGGACAATCAAAAGTGCCTCCAGGTTTCAGATTCCATCCCACCGAAGAAGAACTTCTCCATTATTATCTCCGTAAGAAAGTTAACTCTCAAAAGATCGACCTTGATGTGATTCGTGAAGTTGATCTTAACAAGCTTGAGCCTTGGGATATTCAAG</Hsp_hseq>
      <Hsp_midline>||||| |||| |||||| ||||||||||||||| ||||||||| |||||||||| ||| |||||||||||||||||||||  |||||||||| ||||||||||||||||||||||||||         |||||| |||| || ||| || | |||||| |||| |||||| ||||| ||||||||||||||||||||||||||||||||||||||||||||||||||||||||||||||||||||||| ||||||||||||||||||||||||||||||||||| |||||||| ||||||||||||||||| ||||||||||||||||||||||||||||</Hsp_midline>
    </Hsp>
    <Hsp>
      <Hsp_num>3</Hsp_num>
      <Hsp_bit-score>414.258</Hsp_bit-score>
      <Hsp_score>458</Hsp_score>
      <Hsp_evalue>2.69922e-110</Hsp_evalue>
      <Hsp_query-from>485</Hsp_query-from>
      <Hsp_query-to>753</Hsp_query-to>
      <Hsp_hit-from>339</Hsp_hit-from>
      <Hsp_hit-to>607</Hsp_hit-to>
      <Hsp_query-frame>1</Hsp_query-frame>
      <Hsp_hit-frame>1</Hsp_hit-frame>
      <Hsp_identity>253</Hsp_identity>
      <Hsp_positive>253</Hsp_positive>
      <Hsp_gaps>0</Hsp_gaps>
      <Hsp_align-len>269</Hsp_align-len>
      <Hsp_qseq>AGAGGAATGTAGAATCGGTTCAACGCCACAAAACGACTGGTACTTCTTCAGCCACAAGGACAAGAAGTATCCAACCGGGACCAGGACGAACCGGGCAACAGTCGCTGGATTCTGGAAAGCTACCGGACGTGACAAAATCATCTGCAGTTGTGTCCGGAGAATTGGACTGAGGAAGACACTCGTGTTCTACAAAGGAAGAGCTCCTCACGGTCAGAAATCCGACTGGATCATGCATGAGTATCGCCTCGACGATACTCCAATGTCTAATG</Hsp_qseq>
      <Hsp_hseq>AGAGGAATGTAGAATCGGTTCGACGCCGCAAAACGACTGGTACTTCTTCAGCCACAAAGACAAAAAGTATCCAACCGGGACCAGGACAAACCGGGCAACAGTTGCTGGATTCTGGAAAGCTACGGGACGTGACAAGATCATATGTAGTTGTGTCCGAAGGATTGGATTGCGGAAGACACTCGTGTTCTACAAAGGAAGAGCTCCTCACGGTCAGAAATCCGATTGGATCATGCATGAGTATCGCCTCGACGATACTCCAATGACTAATG</Hsp_hseq>
      <Hsp_midline>||||||||||||||||||||| ||||| ||||||||||||||||||||||||||||| ||||| ||||||||||||||||||||||| |||||||||||||| |||||||||||||||||||| ||||||||||| ||||| || ||||||||||| || |||||| || |||||||||||||||||||||||||||||||||||||||||||||||||||| ||||||||||||||||||||||||||||||||||||||| ||||||</Hsp_midline>
    </Hsp>
    <Hsp>
      <Hsp_num>4</Hsp_num>
      <Hsp_bit-score>65.3059</Hsp_bit-score>
      <Hsp_score>71</Hsp_score>
      <Hsp_evalue>5.59307e-05</Hsp_evalue>
      <Hsp_query-from>1848</Hsp_query-from>
      <Hsp_query-to>1920</Hsp_query-to>
      <Hsp_hit-from>1313</Hsp_hit-from>
      <Hsp_hit-to>1387</Hsp_hit-to>
      <Hsp_query-frame>1</Hsp_query-frame>
      <Hsp_hit-frame>1</Hsp_hit-frame>
      <Hsp_identity>61</Hsp_identity>
      <Hsp_positive>61</Hsp_positive>
      <Hsp_gaps>4</Hsp_gaps>
      <Hsp_align-len>76</Hsp_align-len>
      <Hsp_qseq>AAGTTTGTT---AAAAAATGTCTCATGTTCTATTGATAGTACGTCTTGATTTTGGGGTTTAACATTTGTTAATGGT</Hsp_qseq>
      <Hsp_hseq>AAGTTTGTTAAAAAAAAAAGTCTCATATTCTA-TGATATCACGTCTTGGTATTGGGGATCAAGATATGTTTATGGT</Hsp_hseq>
      <Hsp_midline>|||||||||   |||||| ||||||| ||||| |||||  |||||||| | |||||| | || || |||| |||||</Hsp_midline>
    </Hsp>
  </Hit_hsps>
</Hit>
<Hit>
  <Hit_num>26</Hit_num>
  <Hit_id>gi|727576867|ref|XM_010462796.1|</Hit_id>
  <Hit_def>PREDICTED: Camelina sativa NAC domain-containing protein 12-like (LOC104741871), mRNA</Hit_def>
  <Hit_accession>XM_010462796</Hit_accession>
  <Hit_len>1375</Hit_len>
  <Hit_hsps>
    <Hsp>
      <Hsp_num>1</Hsp_num>
      <Hsp_bit-score>866.903</Hsp_bit-score>
      <Hsp_score>960</Hsp_score>
      <Hsp_evalue>0</Hsp_evalue>
      <Hsp_query-from>1189</Hsp_query-from>
      <Hsp_query-to>1842</Hsp_query-to>
      <Hsp_hit-from>587</Hsp_hit-from>
      <Hsp_hit-to>1255</Hsp_hit-to>
      <Hsp_query-frame>1</Hsp_query-frame>
      <Hsp_hit-frame>1</Hsp_hit-frame>
      <Hsp_identity>595</Hsp_identity>
      <Hsp_positive>595</Hsp_positive>
      <Hsp_gaps>21</Hsp_gaps>
      <Hsp_align-len>672</Hsp_align-len>
      <Hsp_qseq>GGCTATGCTGATGTTGTTACAGAAGATCCAATGAGCTATAACGAAGAAGGTTGGGTGGTATGTCGAGTGTTCAGGAAGAAGAACTATCAAAAGATTGACGATTGTCCTAAAATCACTCTATCTTCTTTACCTGATGACACGGAGGAAGAGAAGGGGCCCACCTTTCACAACACTCAAAACGTTACCGGTTTAGACCATGTTCTTCTCTACATGGACCGTACCGGTTCTAACATTTGCATGCCCGAGAGCCAAACAAC------GACTCAACATCAAGATGATGTCTTATTCATGCAACTCCCAAGTCTTGAGACACCTAAATCCGAGAGCCCGGTCGACCAAAGTTTCCTGACTCCAAGCAAACTCGATTTCTCTCCCGTTCAAGAGAAGATAACCGAAAGACCGGTTTGCAGCAACTGGGCTAGTCTTGACCGGCTCGTAGCTTGGCAATTGAACAATGGTCATCATAATCCGTGTCATCGTAAGAGTTTTGATGAAGAAGAAGAAAATGGTGATACTATGATGCAGCGATGGGATCTTCATTGGAATAATGATGATAATGTTGATCTTTGGAGTAGTTTCACTGA---------GTCTTCTTCGTCTTTAGACCCACTTCTTCATTTATCTGTATGATTATCTATA---CATACACATACACAAAATATA</Hsp_qseq>
      <Hsp_hseq>GGCTACTCTGATGTCCTAACCGAAGATCCGATGAGTTATAACGAAGAAGGTTGGGTGGTATGTCGAGTTTTCAGGAAGAAGAACTATCAAAAGATCGACGATTGTCCTAAAATCACTCTATCTTCTTCACCTGACGACACGGAGGAAGAAATGAGGCCCACTTTTCACAACACTCAAAACGGCAACGTCTTAGACCATGTTCTTCTCTGCATGAACCGTACCGGTTCTAACATTTGCATGCCCGAGAGCCAAACGACTACCAAAACTCAACTTCAAGACGATGTCTTATTCATGCAACTCCCAAGTCTTGAGACACCAAAATCTGAGAGCCAGGTCGACCAAATTTTCATGACTCCAAACCAACTCGATCCCTTTAACGTTAAAGAGAAGATAACCGGCAGACCGGTTTGCAGTAACTGGGCTAGTCTTGACCGGCTCGTGGCTTGGCAATTGAACAATGGTCATCATA---CGTGTGGTCGTAAGAGTTTTGATGAAGAAGAAGAAGATGGTGATACTATGATGCAGCGATGGGATCTTCATTGGAATAATGATGATAATGTCGATCTTTGGAGTAGTTTCACGGAGTCATCTTCGTCTCCTTCGTCTTTAGACCCTCTTCTTCATTTATCTGTATGATTATATATATACAAAATACATACACACAATATA</Hsp_hseq>
      <Hsp_midline>|||||  |||||||  | || |||||||| ||||| |||||||||||||||||||||||||||||||| |||||||||||||||||||||||||| ||||||||||||||||||||||||||||||| |||||| |||||||||||||| | | ||||||| |||||||||||||||||||  | ||  ||||||||||||||||||| |||| |||||||||||||||||||||||||||||||||||||||| ||       ||||||| |||||| |||||||||||||||||||||||||||||||||||||| ||||| ||||||| ||||||||||| |||| ||||||||| | ||||||||  || |  |||| |||||||||||||||  |||||||||||||| |||||||||||||||||||||||||| ||||||||||||||||||||||||||||   |||||  |||||||||||||||||||||||||||| ||||||||||||||||||||||||||||||||||||||||||||||||||||||| |||||||||||||||||||| ||         |||| |||||||||||||||| ||||||||||||||||||||||||| ||||    | | ||||||||| ||||||</Hsp_midline>
    </Hsp>
    <Hsp>
      <Hsp_num>2</Hsp_num>
      <Hsp_bit-score>450.325</Hsp_bit-score>
      <Hsp_score>498</Hsp_score>
      <Hsp_evalue>3.74866e-121</Hsp_evalue>
      <Hsp_query-from>75</Hsp_query-from>
      <Hsp_query-to>391</Hsp_query-to>
      <Hsp_hit-from>1</Hsp_hit-from>
      <Hsp_hit-to>320</Hsp_hit-to>
      <Hsp_query-frame>1</Hsp_query-frame>
      <Hsp_hit-frame>1</Hsp_hit-frame>
      <Hsp_identity>292</Hsp_identity>
      <Hsp_positive>292</Hsp_positive>
      <Hsp_gaps>3</Hsp_gaps>
      <Hsp_align-len>320</Hsp_align-len>
      <Hsp_qseq>CCTACCACCATTATAAATTATCTCATCGTTTGCTTTCTTTTTTTTAAGTTGTAACCATTTCCACTCGTAATCATACAACTTCTCTACTCTTCTAGAGCAAAAACC---CAAAAATATATTGCTATCTTCGTTAATGGCTGATAATAAGGTCAATCTTTCGATTAATGGACAATCAAAAGTGCCTCCAGGTTTCAGATTCCATCCCACCGAAGAAGAACTTCTCCATTACTATCTCCGTAAGAAAGTTAACTCTCAAAAGATCGATCTTGATGTCATTCGTGAAGTTGATCTAAACAAGCTTGAGCCTTGGGATATTCAAG</Hsp_qseq>
      <Hsp_hseq>CCCACCACCATTATAAATGATCTCATCGCTTGCTTTCTTGTTTCTAAGTTGTAACCATTTCCACTTATAATCATACAGCTTCTCTACTCTTCTAAAACAAAAACAAAACAAAAAGATATCGCCATCATCATCAATGGCGGATACTAAGGTAAATCTGTCGATTAATGGACAATCAAAAGTGCCTCCAGGTTTCAGATTCCATCCCACCGAAGAAGAACTTCTCCACTACTATCTCCGTAAGAAAGTTAACTCTCAAAAGATCGACCTTGATGTGATTCGTGAAGTTGATCTTAACAAGCTTGAGCCTTGGGATATTCAAG</Hsp_hseq>
      <Hsp_midline>|| ||||||||||||||| ||||||||| |||||||||| ||| |||||||||||||||||||||  |||||||||| |||||||||||||||| | |||||||    |||||| |||| || ||| || | |||||| |||| |||||| ||||| |||||||||||||||||||||||||||||||||||||||||||||||||||||||||||||||||||| |||||||||||||||||||||||||||||||||||||| |||||||| ||||||||||||||||| ||||||||||||||||||||||||||||</Hsp_midline>
    </Hsp>
    <Hsp>
      <Hsp_num>3</Hsp_num>
      <Hsp_bit-score>414.258</Hsp_bit-score>
      <Hsp_score>458</Hsp_score>
      <Hsp_evalue>2.69922e-110</Hsp_evalue>
      <Hsp_query-from>485</Hsp_query-from>
      <Hsp_query-to>753</Hsp_query-to>
      <Hsp_hit-from>319</Hsp_hit-from>
      <Hsp_hit-to>587</Hsp_hit-to>
      <Hsp_query-frame>1</Hsp_query-frame>
      <Hsp_hit-frame>1</Hsp_hit-frame>
      <Hsp_identity>253</Hsp_identity>
      <Hsp_positive>253</Hsp_positive>
      <Hsp_gaps>0</Hsp_gaps>
      <Hsp_align-len>269</Hsp_align-len>
      <Hsp_qseq>AGAGGAATGTAGAATCGGTTCAACGCCACAAAACGACTGGTACTTCTTCAGCCACAAGGACAAGAAGTATCCAACCGGGACCAGGACGAACCGGGCAACAGTCGCTGGATTCTGGAAAGCTACCGGACGTGACAAAATCATCTGCAGTTGTGTCCGGAGAATTGGACTGAGGAAGACACTCGTGTTCTACAAAGGAAGAGCTCCTCACGGTCAGAAATCCGACTGGATCATGCATGAGTATCGCCTCGACGATACTCCAATGTCTAATG</Hsp_qseq>
      <Hsp_hseq>AGAGGAATGTAGAATCGGTTCGACGCCGCAAAACGACTGGTACTTCTTCAGCCACAAAGACAAAAAGTATCCAACCGGGACCAGGACAAACCGGGCAACAGTTGCTGGATTCTGGAAAGCTACGGGACGTGACAAGATCATATGTAGTTGTGTCCGAAGGATTGGATTGCGGAAGACACTCGTGTTCTACAAAGGAAGAGCTCCTCACGGTCAGAAATCCGATTGGATCATGCATGAGTATCGCCTCGACGATACTCCAATGACTAATG</Hsp_hseq>
      <Hsp_midline>||||||||||||||||||||| ||||| ||||||||||||||||||||||||||||| ||||| ||||||||||||||||||||||| |||||||||||||| |||||||||||||||||||| ||||||||||| ||||| || ||||||||||| || |||||| || |||||||||||||||||||||||||||||||||||||||||||||||||||| ||||||||||||||||||||||||||||||||||||||| ||||||</Hsp_midline>
    </Hsp>
  </Hit_hsps>
</Hit>
<Hit>
  <Hit_num>27</Hit_num>
  <Hit_id>gi|727437009|ref|XM_010501519.1|</Hit_id>
  <Hit_def>PREDICTED: Camelina sativa NAC domain-containing protein 12-like (LOC104777301), mRNA</Hit_def>
  <Hit_accession>XM_010501519</Hit_accession>
  <Hit_len>1263</Hit_len>
  <Hit_hsps>
    <Hsp>
      <Hsp_num>1</Hsp_num>
      <Hsp_bit-score>847.968</Hsp_bit-score>
      <Hsp_score>939</Hsp_score>
      <Hsp_evalue>0</Hsp_evalue>
      <Hsp_query-from>1189</Hsp_query-from>
      <Hsp_query-to>1821</Hsp_query-to>
      <Hsp_hit-from>608</Hsp_hit-from>
      <Hsp_hit-to>1252</Hsp_hit-to>
      <Hsp_query-frame>1</Hsp_query-frame>
      <Hsp_hit-frame>1</Hsp_hit-frame>
      <Hsp_identity>576</Hsp_identity>
      <Hsp_positive>576</Hsp_positive>
      <Hsp_gaps>18</Hsp_gaps>
      <Hsp_align-len>648</Hsp_align-len>
      <Hsp_qseq>GGCTATGCTGATGTTGTTACAGAAGATCCAATGAGCTATAACGAAGAAGGTTGGGTGGTATGTCGAGTGTTCAGGAAGAAGAACTATCAAAAGATTGACGATTGTCCTAAAATCACTCTATCTTCTTTACCTGATGACACGGAGGAAGAGAAGGGGCCCACCTTTCACAACACTCAAAACGTTACCGGTTTAGACCATGTTCTTCTCTACATGGACCGTACCGGTTCTAACATTTGCATGCCCGAGAGCCAAACAAC------GACTCAACATCAAGATGATGTCTTATTCATGCAACTCCCAAGTCTTGAGACACCTAAATCCGAGAGCCCGGTCGACCAAAGTTTCCTGACTCCAAGCAAACTCGATTTCTCTCCCGTTCAAGAGAAGATAACCGAAAGACCGGTTTGCAGCAACTGGGCTAGTCTTGACCGGCTCGTAGCTTGGCAATTGAACAATGGTCATCATAATCCGTGTCATCGTAAGAGTTTTGATGAAGAAGAAGAAAATGGTGATACTATGATGCAGCGATGGGATCTTCATTGGAATAATGATGATAATGTTGATCTTTGGAGTAGTTTCACTGA---------GTCTTCTTCGTCTTTAGACCCACTTCTTCATTTATCTGTATGATTATCTATA</Hsp_qseq>
      <Hsp_hseq>GGCTACTCTGATGTCCTAACCGAAGATCCGATGAGTTATAACGAAGAAGGTTGGGTGGTATGTCGAGTTTTCAGGAAGAAGAACTATCAAAAGATCGACGATTGTCCTAAAATCACTCTATCTTCTTCACCTGACGACACGGAGGAAGAAATGAGGCCCACTTTTCACAACACTCAAAACGGCAACGTCTTAGACCATGTTCTTCTCTGCATGAACCGTACCGGTTCTAACATTTGCATGCCCGAGAGCCAAACGACTACCAAAACTCAACTTCAAGACGATGTCTTATTCATGCAACTCCCAAGTCTTGAGACACCAAAATCTGAGAGCCAGGTCGACCAAATTTTCATGACTCCAAACCAACTCGATCCCTTTAACGTTAAAGAGAAGATAACCGGCAGACCGGTTTGCAGTAACTGGGCTAGTCTTGACCGGCTCGTGGCTTGGCAATTGAACAATGGTCATCATA---CGTGTGGTCGTAAGAGTTTTGATGAAGAAGAAGAAGATGGTGATACAATGATGCAGCGATGGGATCTTCATTGGAATAATGCTGATAATGTCGATCTTTGGAGTAGTTTCACGGAGTCATCTTCGTCTCCTTCGTCTTTAGACCCTCTTCTTCATTTATCTGTATGATTATATATA</Hsp_hseq>
      <Hsp_midline>|||||  |||||||  | || |||||||| ||||| |||||||||||||||||||||||||||||||| |||||||||||||||||||||||||| ||||||||||||||||||||||||||||||| |||||| |||||||||||||| | | ||||||| |||||||||||||||||||  | ||  ||||||||||||||||||| |||| |||||||||||||||||||||||||||||||||||||||| ||       ||||||| |||||| |||||||||||||||||||||||||||||||||||||| ||||| ||||||| ||||||||||| |||| ||||||||| | ||||||||  || |  |||| |||||||||||||||  |||||||||||||| |||||||||||||||||||||||||| ||||||||||||||||||||||||||||   |||||  |||||||||||||||||||||||||||| |||||||||| |||||||||||||||||||||||||||||||||| ||||||||| |||||||||||||||||||| ||         |||| |||||||||||||||| ||||||||||||||||||||||||| ||||</Hsp_midline>
    </Hsp>
    <Hsp>
      <Hsp_num>2</Hsp_num>
      <Hsp_bit-score>470.162</Hsp_bit-score>
      <Hsp_score>520</Hsp_score>
      <Hsp_evalue>4.00246e-127</Hsp_evalue>
      <Hsp_query-from>59</Hsp_query-from>
      <Hsp_query-to>391</Hsp_query-to>
      <Hsp_hit-from>1</Hsp_hit-from>
      <Hsp_hit-to>341</Hsp_hit-to>
      <Hsp_query-frame>1</Hsp_query-frame>
      <Hsp_hit-frame>1</Hsp_hit-frame>
      <Hsp_identity>308</Hsp_identity>
      <Hsp_positive>308</Hsp_positive>
      <Hsp_gaps>8</Hsp_gaps>
      <Hsp_align-len>341</Hsp_align-len>
      <Hsp_qseq>CTATGTCTCGTCGAGTCCTACCACCATTATAAATTATCTCATCGTTTGCTTTCTTTTTTTTAAGTTGTAACCATTTCCACTCGTAATCATACAACTTCTCTACTCTTCTAGAGCAAAAACC--------CAAAAATATATTGCTATCTTCGTTAATGGCTGATAATAAGGTCAATCTTTCGATTAATGGACAATCAAAAGTGCCTCCAGGTTTCAGATTCCATCCCACCGAAGAAGAACTTCTCCATTACTATCTCCGTAAGAAAGTTAACTCTCAAAAGATCGATCTTGATGTCATTCGTGAAGTTGATCTAAACAAGCTTGAGCCTTGGGATATTCAAG</Hsp_qseq>
      <Hsp_hseq>CTATGTGTCGTTGAGTCCCACCACCATTATAAATGATCTCATCGCTTGCTTTCTTGTTTCTAAGTTGTAACCATTTCCACTTATAATCATACAGCTTCTCTACTCTTCTAGAGCAAAAACAAAACAAAACAAAAAGATATCGCCATCATCATCAATGGCGGATACTAAGGTAAATCTGTCGATTAATGGACAATCAAAAGTGCCTCCAGGTTTCAGATTCCATCCCACCGAAGAAGAACTTCTCCATTATTATCTCCGTAAGAAAGTTAACTCTCAAAAGATCGACCTTGATGTGATTCGTGAAGTTGATCTTAACAAGCTTGAGCCTTGGGATATTCAAG</Hsp_hseq>
      <Hsp_midline>|||||| |||| |||||| ||||||||||||||| ||||||||| |||||||||| ||| |||||||||||||||||||||  |||||||||| ||||||||||||||||||||||||||         |||||| |||| || ||| || | |||||| |||| |||||| ||||| ||||||||||||||||||||||||||||||||||||||||||||||||||||||||||||||||||||||| ||||||||||||||||||||||||||||||||||| |||||||| ||||||||||||||||| ||||||||||||||||||||||||||||</Hsp_midline>
    </Hsp>
    <Hsp>
      <Hsp_num>3</Hsp_num>
      <Hsp_bit-score>414.258</Hsp_bit-score>
      <Hsp_score>458</Hsp_score>
      <Hsp_evalue>2.69922e-110</Hsp_evalue>
      <Hsp_query-from>485</Hsp_query-from>
      <Hsp_query-to>753</Hsp_query-to>
      <Hsp_hit-from>340</Hsp_hit-from>
      <Hsp_hit-to>608</Hsp_hit-to>
      <Hsp_query-frame>1</Hsp_query-frame>
      <Hsp_hit-frame>1</Hsp_hit-frame>
      <Hsp_identity>253</Hsp_identity>
      <Hsp_positive>253</Hsp_positive>
      <Hsp_gaps>0</Hsp_gaps>
      <Hsp_align-len>269</Hsp_align-len>
      <Hsp_qseq>AGAGGAATGTAGAATCGGTTCAACGCCACAAAACGACTGGTACTTCTTCAGCCACAAGGACAAGAAGTATCCAACCGGGACCAGGACGAACCGGGCAACAGTCGCTGGATTCTGGAAAGCTACCGGACGTGACAAAATCATCTGCAGTTGTGTCCGGAGAATTGGACTGAGGAAGACACTCGTGTTCTACAAAGGAAGAGCTCCTCACGGTCAGAAATCCGACTGGATCATGCATGAGTATCGCCTCGACGATACTCCAATGTCTAATG</Hsp_qseq>
      <Hsp_hseq>AGAGGAATGTAGAATCGGTTCGACGCCGCAAAACGACTGGTACTTCTTCAGCCACAAAGACAAAAAGTATCCAACCGGGACCAGGACAAACCGGGCAACAGTTGCTGGATTCTGGAAAGCTACGGGACGTGACAAGATCATATGTAGTTGTGTCCGAAGGATTGGATTGCGGAAGACACTCGTGTTCTACAAAGGAAGAGCTCCTCACGGTCAGAAATCCGATTGGATCATGCATGAGTATCGCCTCGACGATACTCCAATGACTAATG</Hsp_hseq>
      <Hsp_midline>||||||||||||||||||||| ||||| ||||||||||||||||||||||||||||| ||||| ||||||||||||||||||||||| |||||||||||||| |||||||||||||||||||| ||||||||||| ||||| || ||||||||||| || |||||| || |||||||||||||||||||||||||||||||||||||||||||||||||||| ||||||||||||||||||||||||||||||||||||||| ||||||</Hsp_midline>
    </Hsp>
  </Hit_hsps>
</Hit>
<Hit>
  <Hit_num>28</Hit_num>
  <Hit_id>gi|1516582849|emb|LR031877.1|</Hit_id>
  <Hit_def>Brassica oleracea HDEM genome, scaffold: C5</Hit_def>
  <Hit_accession>LR031877</Hit_accession>
  <Hit_len>54996917</Hit_len>
  <Hit_hsps>
    <Hsp>
      <Hsp_num>1</Hsp_num>
      <Hsp_bit-score>829.934</Hsp_bit-score>
      <Hsp_score>919</Hsp_score>
      <Hsp_evalue>0</Hsp_evalue>
      <Hsp_query-from>1</Hsp_query-from>
      <Hsp_query-to>791</Hsp_query-to>
      <Hsp_hit-from>33341667</Hsp_hit-from>
      <Hsp_hit-to>33342460</Hsp_hit-to>
      <Hsp_query-frame>1</Hsp_query-frame>
      <Hsp_hit-frame>1</Hsp_hit-frame>
      <Hsp_identity>678</Hsp_identity>
      <Hsp_positive>678</Hsp_positive>
      <Hsp_gaps>37</Hsp_gaps>
      <Hsp_align-len>811</Hsp_align-len>
      <Hsp_qseq>AAAGACACTTTAATGCATGA---------ACTTCTTTGTTTAAATAACAATTTCCCCCTT-TTGGGGGCTATGTCTCGTCGAGT---CCTACCACCATTATAAATT-ATCTCATCGTTTGCTTTCTTTTTTTTAAGTTGTAACCATTTCCACTCGTAATCATACAACTTCTCTACTCTTCTAGAGCAAAAAC---CCAAAAATATATTGCTATCTTCGTTAATGGCTGATAATAAGGTCAATCTTTCGATTAATGGACAATCAAAAGTGCCTCCAGGTTTCAGATTCCATCCCACCGAAGAAGAACTTCTCCATTACTATCTCCGTAAGAAAGTTAACTCTCAAAAGATCGATCTTGATGTCATTCGTGAAGTTGATCTAAACAAGCTTGAGCCTTGGGATATTCAAGGTTAAACCCTAAATATGAAAAAAAACTCTTTCATTTCTACGAACTCTCT--ATTTCTTTGTTCTTT-ATTTTTGAACCATTTTGGTATGCAAATGCAGAGGAATGTAGAATCGGTTCAACGCCACAAAACGACTGGTACTTCTTCAGCCACAAGGACAAGAAGTATCCAACCGGGACCAGGACGAACCGGGCAACAGTCGCTGGATTCTGGAAAGCTACCGGACGTGACAAAATCATCTGCAGTTGTGTCCGGAGAATTGGACTGAGGAAGACACTCGTGTTCTACAAAGGAAGAGCTCCTCACGGTCAGAAATCCGACTGGATCATGCATGAGTATCGCCTCGACGATACTCCAATGTCTAATGTAAGTATATATAGCAATCATCAATTTGCAGTTTAGGTT</Hsp_qseq>
      <Hsp_hseq>AAAGACACTTTAATGCATACTAATATTCCACATCTTTATTTAAATAATAATTTCCCCCTTATTAGGGGCT--GTATCCTCGAGTGATCCCACCACCATTATAAAATGATCTCATCGCCTGCTCTCTTATGCT-AAGTTGTAACCACTTC-ACTTGTAATCATTCAACTTCTCTACTCTACTAGAGCAAAAACAAACTAAAAAGCTATCGTTATTATCTTCAATGGCGGAGAATAATGTAAATCTTTCGATTAATGGACAATCAAAAGTGCCTCCAGGTTTCAGATTCCATCCAACAGAAGAAGAACTTCTCCATTACTATCTCCGCAAGAAAGTTCACTCTCAAAAGATCGATCTTGATGTCATTCGTGAAGTAGATCTCAACAAGCTTGAGCCTTGGGATATTCAAGGTT------TTTCTAACAAATAAAAC-CTTT-ATATC-AAAACCTCTTTTGATGCCTATCAAGTTTCATTTTTGAACCATTTTGGTTAGCAAATGCAGAGGAATGTAGAATCGGGTTGACGCCACAGAACGATTGGTACTTCTTCAGTCATAAGGATAAGAAATATCCAACCGGGACTAGAACAAACCGGGCAACAGTCGCTGGATTCTGGAAAGCTACTGGACGTGATAAGATCATCTATAGTTGTGTCCGGAGAATTGGATTGAGAAAGACGCTAGTGTTCTATAAAGGAAGAGCTCCTCATGGTGAAAAATCTGAATGGATCATGCATGAGTATCGCCTCGACGATACTCCAACAAGTAATGTAAG----TGTAGCTATCATCAATAAGCATTGTAGGTT</Hsp_hseq>
      <Hsp_midline>||||||||||||||||||           || ||||| ||||||||| |||||||||||| || ||||||  || || ||||||   || |||||||||||||| | |||||||||  |||| |||| |  | |||||||||||| ||| ||| |||||||| ||||||||||||||| |||||||||||||   | |||||  ||| | |||  || | |||||| || ||||| || ||||||||||||||||||||||||||||||||||||||||||||||||||||| || ||||||||||||||||||||||||||||| ||||||||| ||||||||||||||||||||||||||||||||||||| ||||| |||||||||||||||||||||||||||||||      |   ||  ||| ||||| |||| || || |  | |||| |  ||  || |    ||| |||||||||||||||||||  |||||||||||||||||||||||||| |  |||||||| ||||| |||||||||||||| || ||||| ||||| |||||||||||||| || || ||||||||||||||||||||||||||||||||||| |||||||| || |||||||  ||||||||||||||||||||| |||| ||||| || |||||||| ||||||||||||||||| ||| | ||||| || |||||||||||||||||||||||||||||||||||||    |||||||||    | |||| |||||||||  ||| | ||||||</Hsp_midline>
    </Hsp>
    <Hsp>
      <Hsp_num>2</Hsp_num>
      <Hsp_bit-score>742.471</Hsp_bit-score>
      <Hsp_score>822</Hsp_score>
      <Hsp_evalue>0</Hsp_evalue>
      <Hsp_query-from>1</Hsp_query-from>
      <Hsp_query-to>804</Hsp_query-to>
      <Hsp_hit-from>24568826</Hsp_hit-from>
      <Hsp_hit-to>24568030</Hsp_hit-to>
      <Hsp_query-frame>1</Hsp_query-frame>
      <Hsp_hit-frame>-1</Hsp_hit-frame>
      <Hsp_identity>662</Hsp_identity>
      <Hsp_positive>662</Hsp_positive>
      <Hsp_gaps>43</Hsp_gaps>
      <Hsp_align-len>822</Hsp_align-len>
      <Hsp_qseq>AAAGACACTTTAATGCATGA-ACTTCTTTG---------TTTAAATAACAATTTCCCCCTTTTGGGG-GCTATGTCTCGTCGAGTCCTACCACCATTATAAATTATCTCATCGTTTGCTTTCTTTTTTTTAAGTTGTAACCATTTCCACTCGTAATCATACAACTTCTCTACTCTTCTAGAGCAAAAACCCAAAAAT-ATATTGCTATCTTCGTTAATGGCTGATAATAAGGTCAATCTTTCGATTAATGGACAATCAAAAGTGCCTCCAGGTTTCAGATTCCATCCCACCGAAGAAGAACTTCTCCATTACTATCTCCGTAAGAAAGTTAACTCTCAAAAGATCGATCTTGATGTCATTCGTGAAGTTGATCTAAACAAGCTTGAGCCTTGGGATATTCAAGGTTA-AACCCTAAATATGAAAAAAAACTCTTTCATTTCTACGAACTCTCTATTTCTTTGTTCTTTATTT-TTGAACCATTTTGGTATGCAAATGCAGAGGAATGTAGAATCGGTTCAACGCCACAAAACGACTGGTACTTCTTCAGCCACAAGGACAAGAAGTATCCAACCGGGACCAGGACGAACCGGGCAACAGTCGCTGGATTCTGGAAAGCTACCGGACGTGACAAAATCATCTGCAGTTGTGTCCGGAGAATTGGACTGAGGAAGACACTCGTGTTCTACAAAGGAAGAGCTCCTCACGGTCAGAAATCCGACTGGATCATGCATGAGTATCGCCTCGACGATACTCCAATGTCTAATGTAAGTATA--TA-TAGCAATCATCAAT-TTGCAGTTTAGGTTAGAATAAACAAAT</Hsp_qseq>
      <Hsp_hseq>AAAGACACTTTAATGCATGATAATTTTCTACATATAACATTTAAATAATAATTTCTCCCTTTTGCGGAGCTATGTGTCATAGACTCCCACCATCATTATAAATGATCTCATCGCCTGCTTTCT-----------------CATCT--ACTTGTAACCATACAACTTCGCTACTCTGGTAGAGCAAAAAA--AAAAATGATATCGTTACCATCATCAATGGCGGAGAGTAAGGTAAACCTGTCGATCAACGGACAATCAAAAGTGCCACCAGGTTTCAGATTCCATCCAACAGAAGAAGAGCTTCTCCATTACTATCTTCGCAAGAAAGTTCACTCTCAAAAGATAGATCTTGATGTCATTCGTGAAGTTGATCTCAACAAGCTGGAGCCTTGGGATATTCAAGGTTCTAACAATAAACCCGAATTAATA----TGAAAATATATAAAATTTTCATTTCTATGAGGTTCAGTTATTGAACCATTTTAGTAAGCAAATGCAGAAGAATGTAGAATCGGTTCGACGCCGCAGAACGACTGGTACTTCTTCAGTCACAAGGACAAAAAATATCCAACGGGGACCAGGACAAACCGGGCAACAGTTTCCGGATTCTGGAAGGCGACTGGACGTGACAAGATCATCTACAGTTGTGTCAGGAGGATTGGATTGAGAAAGACGCTCGTGTTCTACAAAGGAAGAGCTCCCCATGGTCAGAAATCTGATTGGATCATGCATGAGTATCGCCTCGACGAGACTCCAACAACTAATGTAAGTATAGCTATTATCAATATTCATTATTTCATTGTAGGTTGTTACAAACAGAT</Hsp_hseq>
      <Hsp_midline>|||||||||||||||||||| | || | |          ||||||||| |||||| |||||||| || ||||||| || | || ||| |||| |||||||||| |||||||||  ||||||||                 ||| |  ||| |||| ||||||||||| |||||||  |||||||||||   |||||| |||| | || | || | |||||| || | |||||| || || ||||| || ||||||||||||||||| |||||||||||||||||||| || |||||||| ||||||||||||||||| || ||||||||| ||||||||||||| ||||||||||||||||||||||||||||| |||||||| ||||||||||||||||||||||  |||  ||||   |||  || |    |  |  | ||  || | |  |||||| ||   || | || |||||||||||| ||| ||||||||||| ||||||||||||||||| ||||| || |||||||||||||||||||| ||||||||||| || |||||||| ||||||||||| ||||||||||||||  | ||||||||||| || || ||||||||||| ||||||| |||||||||| |||| |||||| |||| ||||| |||||||||||||||||||||||||| || ||||||||||| || ||||||||||||||||||||||||||||| |||||||   ||||||||||||||  || || ||||  ||| | || || | ||||||   | ||||| ||</Hsp_midline>
    </Hsp>
    <Hsp>
      <Hsp_num>3</Hsp_num>
      <Hsp_bit-score>724.437</Hsp_bit-score>
      <Hsp_score>802</Hsp_score>
      <Hsp_evalue>0</Hsp_evalue>
      <Hsp_query-from>1144</Hsp_query-from>
      <Hsp_query-to>1823</Hsp_query-to>
      <Hsp_hit-from>24567514</Hsp_hit-from>
      <Hsp_hit-to>24566810</Hsp_hit-to>
      <Hsp_query-frame>1</Hsp_query-frame>
      <Hsp_hit-frame>-1</Hsp_hit-frame>
      <Hsp_identity>585</Hsp_identity>
      <Hsp_positive>585</Hsp_positive>
      <Hsp_gaps>31</Hsp_gaps>
      <Hsp_align-len>708</Hsp_align-len>
      <Hsp_qseq>ATCTCTTATTGCATTTCA-----TAAGATCGATTTGTGT--TCCATTATCAGGGCTATGCTGATGTTGTTACAGAAGATCCAATGAGCTATAACGAAGAAGGTTGGGTGGTATGTCGAGTGTTCAGGAAGAAGAACTATCAAAAGATTGACGATTGTCCTAAAATCACTCTATCTTCTTTACCTGATGACACGGAGGAAGAGAAGGGG---CCCACCTTTCACAACACTCAAAACGTTACCGGTTTAGACCATGTTCTTCTCTACATGGACCGTACCGGTTCTAACATTTGCATGCCCGAGAGCCAAACAACGACTCAAC---------ATCAAGATGATGTCTTATTCATGCAACTCCCAAGTCTTGAGACACCTAAATCCGAGAGCCCGGTCGACCAAAGTTTCCTGACTCCAAGCAAACTCGATTTCTCTCCCGTTCAAGAGAAGATAACCGAAAGACCGGTTTGCAGCAACTGGGCTAGTCTTGACCGGCTCGTAGCTTGGCAATTGAACAATGGTCATCATAATCCGTGTCATCGTAAGAGTTTTGATGAAGAAGAAGAAAATGGTGATACTATGATGCAGCGATGGGATCTTCATTGGAATAATGATGATAATGTTGATCTTTGGAGTAGTTTCACTGAGTCTT---------CTTCGTCTTTAGACCCACTTCTTCATTTATCTGTATGATTATCTATACA</Hsp_qseq>
      <Hsp_hseq>ATCTCTTATTGCGTTTTAATTTCTGAAACCGGTTTGTTACATCCATTATCAGGAATATTCAGATGTTGTAAGTGAAGATCCAATGAGCTACAACGAAGAAGGTTGGGTGGTATGTCGAGTGTTCAGGAAGAAGAACTATCAAAAGATCGACGACTCTCCTAAAATCACTCTATCTTCTTCACCTGGTGACACGGAGGAAAAGAAAAGGTCCACCACCTCCCACAACACTCAAAACGGCAACGTCTTGGACCACGTTCTTCTATACATGGACCGTTCCTGTCCCAACATCTGCATGCCCGAGCTCCAAACCACGATCCAACGTCAACATAATCAAGACGATATTTTATTCATGCAACTCCCAAGTCTTGAGACACCCAAATCCGAGGACCTGGTCGACCAAAGTTTAAATATTCCAAACCAGCTCGATTCCTCTCTGGTTCAAGAGAAGAAAAACGGCAGACCGGTTTGCAGTAATTGGGCTAGTCTTGACCGACTAGTGGCGTGGCAGTTGAACAACGGTCATCATAA---GTGTGATCGTGCGAGTTTTGATGAAGAAGAGGAAGATGGTGATACCATGATGCAGCGATGGGATCTTCACTGGAGTAATGATGATCATGTCGATCTTTGGAGTAGTTTCACTGAATCTTCTTCATCCCCTTCGTCTTTAGATCCTCTTCTCCATTTATCTGTATGATTGTTTATTCA</Hsp_hseq>
      <Hsp_midline>|||||||||||| ||| |     | | | || |||||    ||||||||||||  ||| | |||||||| |  ||||||||||||||||| |||||||||||||||||||||||||||||||||||||||||||||||||||||||| ||||| | ||||||||||||||||||||||| ||||| ||||||||||||| ||||  ||    ||||||  ||||||||||||||||  | ||  || ||||| |||||||| |||||||||||| || || | ||||| ||||||||||||  |||||| ||||  ||||         ||||||| ||| | |||||||||||||||||||||||||||||||| |||||||||  || |||||||||||||||    | ||||| | | ||||||| |||||  ||||||||||||| || ||  |||||||||||||| || ||||||||||||||||| || || || ||||| |||||||| |||||||||||   |||| |||||  |||||||||||||||||| ||| |||||||||| ||||||||||||||||||||||| |||| |||||||||| |||| ||||||||||||||||||||||| ||||         ||||||||||||| || ||||| ||||||||||||||||| | ||| ||</Hsp_midline>
    </Hsp>
    <Hsp>
      <Hsp_num>4</Hsp_num>
      <Hsp_bit-score>709.109</Hsp_bit-score>
      <Hsp_score>785</Hsp_score>
      <Hsp_evalue>0</Hsp_evalue>
      <Hsp_query-from>1112</Hsp_query-from>
      <Hsp_query-to>1835</Hsp_query-to>
      <Hsp_hit-from>33343116</Hsp_hit-from>
      <Hsp_hit-to>33343845</Hsp_hit-to>
      <Hsp_query-frame>1</Hsp_query-frame>
      <Hsp_hit-frame>1</Hsp_hit-frame>
      <Hsp_identity>607</Hsp_identity>
      <Hsp_positive>607</Hsp_positive>
      <Hsp_gaps>28</Hsp_gaps>
      <Hsp_align-len>741</Hsp_align-len>
      <Hsp_qseq>AAGTTGCATTTTT-ACATCATCAAGATTTAATCATCTCTTATTGCATTTCATAA--GATCGATTTGTGTTCCATTATCAGGGCTATGCTGATGTTGTTACAGAAGATCCAATGAGCTATAACGAAGAAGGTTGGGTGGTATGTCGAGTGTTCAGGAAGAAGAACTATCAAAAGATTGACGATTGTCCTAAAATCACTCTATCTTCTTTACCTGATGACACGGAGGAAGA--GAAGGGGC-CCACCTTTCACAACACTCAAAACGTTACCGGTTTAGACCATGTTCTTCTCTACATGGACCGTACCGGTTCTAACATTTGCATGCCCGAGAGCCAAACAACGACTCAACATCAAGATGATGTCTTATTCATGCAACTCCCAAGTCTTGAGACACCTAAATCCGAGAGCCCGGTCGACCAAAGTTTCCTGACTCCAAGCAAACTCGATTTCTCTCCCGTTCAAGAGAAGATAACCGAAAGACCGGTTTGCAGCAACTGGGCTAGTCTTGACCGGCTCGTAGCTTGGCAATTGAACAATGGTCATCATAATCCGTGTCATCGTAAGAGTTTTGATGAAGAAGAAGAAAATGGTGATACTATGATGCAGCGATGGGATCTTCATTGGAATAATGATGATAATGTTGATCTTTGGAGTAGTTTCACTGA---------GTCTTCTTCGTCTTTAGACCCACTTCTTCATTTATCTGTATGAT--TATCTATACATACACATACACA</Hsp_qseq>
      <Hsp_hseq>AAGTCGCATTTACGACGTCA--AAGTCTTCATGATCTTCTAATGCATTTT-TAATTGATCGGTTTGT--TCCATTAGCAGGGCTGTTCTGATGTTGTAACTGAAGACCCAATGAGTTACAACGAAGACGGTTGGGTGGTATGTCGAGTGTTCAGGAAGAAAAATTATCAAAAGATCGACGATTCTCCTAAAATCACTCTATTTTCTTCACCTGATGACACTGACGAAAACAGAAGGCCCACCACCTTTCACAACACTCTAAACGCAACTGTTTTGGACCACGTTCTTCTATGCATGGACCGTTCCGGTCCCAATATTTTCATGCCCGAGATCCAAACCAAAACTCAACATCAAGACGATCTTTTATTCATGCAACTACCAAGTCTTGAGACACCCAAATCTGAAAATCTAGTTGGCCAATGTTTAACGACCACTAACCAACTCGATGCCTCTTTGGTTGAAGAGAAGATAACCGGCAGACCGGGTTGCAGTAATTGGGCTAGTCTTGACCGGTTAGTGGCATGGCAATTGAACAATGGTCATCATA---CGTGTGATCGTACGAGTTTTGACGAAGAAGAAG---ATGGTGATGCCATGATGCAGCGATGGGATCTTCACTGGAATAATGAAGATAATGTCGATATCTGGAGTAGCTTCGCAGAATCTTCTTCGTCTCCTTCGTCTTTAGACCCTCTTCTTCATTTATCTGTATGATTGTATATACACATAAACATACACA</Hsp_hseq>
      <Hsp_midline>|||| ||||||   || |||  |||  || || ||||  || |||||||  |||  ||||| |||||  ||||||| ||||||| | |||||||||| || ||||| |||||||| || |||||||| |||||||||||||||||||||||||||||||| || ||||||||||| ||||||| ||||||||||||||||| ||||| |||||||||||| || ||| |  |||||  | |||||||||||||||||| |||||  || | ||| ||||| |||||||| | |||||||||| ||||| | || |||| ||||||||||| |||||| |  |||||||||||||| ||| | |||||||||||||| ||||||||||||||||| ||||| || |  |  || | |||| ||||   |||  | | | ||||||||  ||||   ||| |||||||||||||||  ||||||| |||||| || |||||||||||||||||| | || || |||||||||||||||||||||||||   ||||| |||||| ||||||||| ||||||||||   |||||||| | ||||||||||||||||||||||| ||||||||||| |||||||| ||| | |||||||| ||| | ||         |||| |||||||||||||||| ||||||||||||||||||||||  ||| || ||||| |||||||||</Hsp_midline>
    </Hsp>
    <Hsp>
      <Hsp_num>5</Hsp_num>
      <Hsp_bit-score>125.719</Hsp_bit-score>
      <Hsp_score>138</Hsp_score>
      <Hsp_evalue>1.95045e-23</Hsp_evalue>
      <Hsp_query-from>519</Hsp_query-from>
      <Hsp_query-to>728</Hsp_query-to>
      <Hsp_hit-from>5686892</Hsp_hit-from>
      <Hsp_hit-to>5687101</Hsp_hit-to>
      <Hsp_query-frame>1</Hsp_query-frame>
      <Hsp_hit-frame>1</Hsp_hit-frame>
      <Hsp_identity>156</Hsp_identity>
      <Hsp_positive>156</Hsp_positive>
      <Hsp_gaps>4</Hsp_gaps>
      <Hsp_align-len>212</Hsp_align-len>
      <Hsp_qseq>GACTGGTACTTCTTCAGCCACAAGGACAAGAAGTATCCAACCGGGACCAGGACGAACCGGGCAACAGTCGCTGGATTCTGGAAAGCTACCGGACGTGACAAAATCATCTGCAGTTGTGTCC--GGAGAATTGGACTGAGGAAGACACTCGTGTTCTACAAAGGAAGAGCTCCTCACGGTCAGAAATCCGACTGGATCATGCATGAGTATCGC</Hsp_qseq>
      <Hsp_hseq>GATTGGTACTTCTTTAGCCATAAAGACAAGAAGTATCCCACAGGGACTCGAACCAACAGAGCAACAAAAGTAGGGTTTTGGAAAGCCACTGGAAGAGATAAGGCTATATAC--TTGAGGCACAGTCTTATTGGTATGAGGAAAACACTTGTGTTTTACAAGGGAAGAGCCCCAAATGGACAAAAATCCGATTGGATCATGCATGAATACCGC</Hsp_hseq>
      <Hsp_midline>|| ||||||||||| ||||| || |||||||||||||| || |||||  | || ||| | ||||||   |  || || |||||||| || ||| | || ||    || | |  ||| | |   |    |||||  ||||||| ||||| ||||| ||||| |||||||| ||  | || || |||||||| |||||||||||||| || |||</Hsp_midline>
    </Hsp>
    <Hsp>
      <Hsp_num>6</Hsp_num>
      <Hsp_bit-score>94.1598</Hsp_bit-score>
      <Hsp_score>103</Hsp_score>
      <Hsp_evalue>1.15282e-13</Hsp_evalue>
      <Hsp_query-from>516</Hsp_query-from>
      <Hsp_query-to>735</Hsp_query-to>
      <Hsp_hit-from>46654954</Hsp_hit-from>
      <Hsp_hit-to>46654729</Hsp_hit-to>
      <Hsp_query-frame>1</Hsp_query-frame>
      <Hsp_hit-frame>-1</Hsp_hit-frame>
      <Hsp_identity>161</Hsp_identity>
      <Hsp_positive>161</Hsp_positive>
      <Hsp_gaps>16</Hsp_gaps>
      <Hsp_align-len>231</Hsp_align-len>
      <Hsp_qseq>AACGACTGGTACTTCTTCAGCCAC-AAG-GACAAGAAGTATCCAACCGGGACCAGGACGAACCGGGCAACAGTCGCTGGATTCTGGAAAGCTACCGGACGTGACAAAATCATCTGCAGTTGTGTCCGGAGAA---------TTGGACTGAGGAAGACACTCGTGTTCTACAAAGGAAGAGCTCCTCACGGTCAGAAATCCGACTGGATCATGCATGAGTATCGCCTCGACG</Hsp_qseq>
      <Hsp_hseq>AAAGAGTGGCACTTCTTCA--CACGAAGAGATAGGAAGTACCCAACCGGGCTGAGAACGAACAGAGCAACAGAAGCTGGTTACTGGAAGGCAACTGGTAAAGACAGAGAGATCAAAAGCTCAAA---GACAAACTCGCTTCTCGGGATGAAGAAAACTCTCGTCTTTTACAAAGGCAGAGCTCCTAAAGGTGAGAAAAGCTGTTGGGTCATGCATGAGTATCGCCTCGACG</Hsp_hseq>
      <Hsp_midline>|| || ||| |||||||||  ||| ||| || | |||||| |||||||||   || |||||| | |||||||  ||||| | |||||| || || ||    |||| |   |||   || |       || ||         | ||  ||| ||| || ||||| || |||||||| ||||||||| | ||| |||||  |   ||| ||||||||||||||||||||||||</Hsp_midline>
    </Hsp>
    <Hsp>
      <Hsp_num>7</Hsp_num>
      <Hsp_bit-score>93.2581</Hsp_bit-score>
      <Hsp_score>102</Hsp_score>
      <Hsp_evalue>1.15282e-13</Hsp_evalue>
      <Hsp_query-from>503</Hsp_query-from>
      <Hsp_query-to>733</Hsp_query-to>
      <Hsp_hit-from>42589237</Hsp_hit-from>
      <Hsp_hit-to>42589467</Hsp_hit-to>
      <Hsp_query-frame>1</Hsp_query-frame>
      <Hsp_hit-frame>1</Hsp_hit-frame>
      <Hsp_identity>159</Hsp_identity>
      <Hsp_positive>159</Hsp_positive>
      <Hsp_gaps>0</Hsp_gaps>
      <Hsp_align-len>231</Hsp_align-len>
      <Hsp_qseq>TTCAACGCCACAAAACGACTGGTACTTCTTCAGCCACAAGGACAAGAAGTATCCAACCGGGACCAGGACGAACCGGGCAACAGTCGCTGGATTCTGGAAAGCTACCGGACGTGACAAAATCATCTGCAGTTGTGTCCGGAGAATTGGACTGAGGAAGACACTCGTGTTCTACAAAGGAAGAGCTCCTCACGGTCAGAAATCCGACTGGATCATGCATGAGTATCGCCTCGA</Hsp_qseq>
      <Hsp_hseq>TTCAATGGGAGAGAAAGAGTGGTACTTCTTCAGCCTAAGAGACCGGAAATACCCAACCGGTTTAAGGACAAACCGAGCAACTGAAGCCGGTTATTGGAAAACCACGGGTAAAGATAAAGAGATATACAGAAGTGGAGTGCTGGTTGGGATGAAGAAAACCCTAGTTTTCTACAAAGGAAGAGCTCCAAAGGGCGAGAAAAGCAATTGGGTTATGCATGAGTATAGGCTTGA</Hsp_hseq>
      <Hsp_midline>||||| |  | | || || ||||||||||||||||  |  |||  ||| || ||||||||    ||||| ||||| ||||| |  || || |  |||||| | || ||    || |||   || | |||  |||    |    ||||  ||| ||| || || || ||||||||||||||||||||  | ||  |||||  | | ||| | |||||||||||| | || ||</Hsp_midline>
    </Hsp>
    <Hsp>
      <Hsp_num>8</Hsp_num>
      <Hsp_bit-score>84.2413</Hsp_bit-score>
      <Hsp_score>92</Hsp_score>
      <Hsp_evalue>5.97174e-11</Hsp_evalue>
      <Hsp_query-from>525</Hsp_query-from>
      <Hsp_query-to>733</Hsp_query-to>
      <Hsp_hit-from>53573770</Hsp_hit-from>
      <Hsp_hit-to>53573981</Hsp_hit-to>
      <Hsp_query-frame>1</Hsp_query-frame>
      <Hsp_hit-frame>1</Hsp_hit-frame>
      <Hsp_identity>146</Hsp_identity>
      <Hsp_positive>146</Hsp_positive>
      <Hsp_gaps>3</Hsp_gaps>
      <Hsp_align-len>212</Hsp_align-len>
      <Hsp_qseq>TACTTCTTCAGCCACAAGGACAAGAAGTATCCAACCGGGACCAGGACGAACCGGGCAACAGTCGCTGGATTCTGGAAAGCTACCGGACGTGACAAAATCATCTGCAGTTGT---GTCCGGAGAATTGGACTGAGGAAGACACTCGTGTTCTACAAAGGAAGAGCTCCTCACGGTCAGAAATCCGACTGGATCATGCATGAGTATCGCCTCGA</Hsp_qseq>
      <Hsp_hseq>TACTTTTTTTGCCAGCGGGATAGGAAGTACCCGACCGGCATGAGGACGAACCGTGCAACCCTGTCCGGTTACTGGAAGGCAACCGGGAAGGACAAGGAGATCTTTAGGGGCAAAGCTTGTATTGTTGGGATGAAGAAAACACTTGTGTTCTATAGAGGAAGAGCTCCGAAAGGTGAAAAGACCAATTGGGTTATGCATGAGTATCGTCTTGA</Hsp_hseq>
      <Hsp_midline>||||| ||  ||||   ||| | |||||| || ||||| |  ||||||||||| |||||  |  | || | |||||| || |||||    |||||    ||||  ||  |    |   | |   ||||  ||| ||| ||||| |||||||| | ||||||||||||  | ||| | ||  || | ||| | |||||||||||||| || ||</Hsp_midline>
    </Hsp>
    <Hsp>
      <Hsp_num>9</Hsp_num>
      <Hsp_bit-score>82.4379</Hsp_bit-score>
      <Hsp_score>90</Hsp_score>
      <Hsp_evalue>2.08434e-10</Hsp_evalue>
      <Hsp_query-from>514</Hsp_query-from>
      <Hsp_query-to>731</Hsp_query-to>
      <Hsp_hit-from>46376383</Hsp_hit-from>
      <Hsp_hit-to>46376166</Hsp_hit-to>
      <Hsp_query-frame>1</Hsp_query-frame>
      <Hsp_hit-frame>-1</Hsp_hit-frame>
      <Hsp_identity>151</Hsp_identity>
      <Hsp_positive>151</Hsp_positive>
      <Hsp_gaps>2</Hsp_gaps>
      <Hsp_align-len>219</Hsp_align-len>
      <Hsp_qseq>AAAACGACTGGTACTTCTTCAGCCACAAGGACAAGAAGTATCCAACCGGGACCAGGACGAACCGGGCAACAGTCGCTGGATTCTGGAAAGCTACCGG-ACGTGACAAAATCATCTGCAGTTGTGTCCGGAGAATTGGACTGAGGAAGACACTCGTGTTCTACAAAGGAAGAGCTCCTCACGGTCAGAAATCCGACTGGATCATGCATGAGTATCGCCTC</Hsp_qseq>
      <Hsp_hseq>AAAAAGAATGGTATTTCTTCAGCCCAAGGGACAGGAAGTATCCGAACGGGTCCAGACCCAACCGGGTTGCTGGATCCGGTTACTGGAAAGCAACCGGTACG-GATAAGGTTATCTCGACCGAGGGAAGAAGAGTTGGTATCAAGAAGGCTTTGGTGTTTTACGTTGGAAAAGCACCAAAAGGTACCAAAACTAATTGGATCATGCATGAGTACCGTCTC</Hsp_hseq>
      <Hsp_midline>|||| || ||||| ||||||||||  | ||||| ||||||||| | |||| ||||  | |||||||   | |   | || | ||||||||| ||||| ||| || ||  | ||||  |     |   | ||| ||||  | | |||| |  | ||||| |||   |||| ||| ||  | |||   ||| |  | ||||||||||||||||| || |||</Hsp_midline>
    </Hsp>
    <Hsp>
      <Hsp_num>10</Hsp_num>
      <Hsp_bit-score>81.5362</Hsp_bit-score>
      <Hsp_score>89</Hsp_score>
      <Hsp_evalue>7.27507e-10</Hsp_evalue>
      <Hsp_query-from>519</Hsp_query-from>
      <Hsp_query-to>736</Hsp_query-to>
      <Hsp_hit-from>44151733</Hsp_hit-from>
      <Hsp_hit-to>44151516</Hsp_hit-to>
      <Hsp_query-frame>1</Hsp_query-frame>
      <Hsp_hit-frame>-1</Hsp_hit-frame>
      <Hsp_identity>158</Hsp_identity>
      <Hsp_positive>158</Hsp_positive>
      <Hsp_gaps>14</Hsp_gaps>
      <Hsp_align-len>225</Hsp_align-len>
      <Hsp_qseq>GACTGGTACTTCTTCAGCCACAAG-GACAAGAAGTATCCAACCGGGACCAGGACGAACCGGGCAACAGTCGCTGGATTCTGGAAAGCTACCGGACGTGACAAAATCATCTGCAGTTGTGTCCGG--AGA---ATTGGACTGAGGAAGACACTCGTGTTCTACAAAGGAAGAGCTCCTCACGGTCAGAAATCCG-ACTGGATCATGCATGAGTATCGCCTCGACGA</Hsp_qseq>
      <Hsp_hseq>GAATGGTATTTTTTCGGGC-CACGTGACCGGAAGTATCCAAACGGGTTTAGGACGAACCGAGCAACGAGAGGTGGATACTGGAAATCGACCGG----GA-AAGATCGGAGAGTGACGAGTCAGAGCAGAGCGATTGGGATGAAGAAGACTTTGGTTTACTATAGAGGAAGAGCTCCTCAAGGT-ATACGTACGGATTGGGTCATGCATGAGTATCGTCTCGATGA</Hsp_hseq>
      <Hsp_midline>|| ||||| || ||| | | || | |||  ||||||||||| ||||   ||||||||||| |||||    | ||||| ||||||| | |||||    || || |||       |  | ||| |   |||   |||||  ||| ||||||  | || | ||| | ||||||||||||||| ||| | |  | || | ||| |||||||||||||||| ||||| ||</Hsp_midline>
    </Hsp>
    <Hsp>
      <Hsp_num>11</Hsp_num>
      <Hsp_bit-score>75.2244</Hsp_bit-score>
      <Hsp_score>82</Hsp_score>
      <Hsp_evalue>3.09344e-08</Hsp_evalue>
      <Hsp_query-from>253</Hsp_query-from>
      <Hsp_query-to>383</Hsp_query-to>
      <Hsp_hit-from>54106846</Hsp_hit-from>
      <Hsp_hit-to>54106976</Hsp_hit-to>
      <Hsp_query-frame>1</Hsp_query-frame>
      <Hsp_hit-frame>1</Hsp_hit-frame>
      <Hsp_identity>95</Hsp_identity>
      <Hsp_positive>95</Hsp_positive>
      <Hsp_gaps>0</Hsp_gaps>
      <Hsp_align-len>131</Hsp_align-len>
      <Hsp_qseq>CCTCCAGGTTTCAGATTCCATCCCACCGAAGAAGAACTTCTCCATTACTATCTCCGTAAGAAAGTTAACTCTCAAAAGATCGATCTTGATGTCATTCGTGAAGTTGATCTAAACAAGCTTGAGCCTTGGGA</Hsp_qseq>
      <Hsp_hseq>CCTCCAGGTTTTAGATTTCATCCAACCGATGAGGAGCTGATTACCTACTATCTGAAAAGAAAAATTAACGGTCTAGAAATCGAACTTGAGGTTATCGCTGAAGTTGATCTCTACAAGTGCGAGCCATGGGA</Hsp_hseq>
      <Hsp_midline>||||||||||| ||||| ||||| ||||| || || ||  |    ||||||||    |  ||| |||||  || | | ||||| ||||| || ||   ||||||||||||  |||||   ||||| |||||</Hsp_midline>
    </Hsp>
    <Hsp>
      <Hsp_num>12</Hsp_num>
      <Hsp_bit-score>63.5025</Hsp_bit-score>
      <Hsp_score>69</Hsp_score>
      <Hsp_evalue>0.000195217</Hsp_evalue>
      <Hsp_query-from>519</Hsp_query-from>
      <Hsp_query-to>731</Hsp_query-to>
      <Hsp_hit-from>46345216</Hsp_hit-from>
      <Hsp_hit-to>46344998</Hsp_hit-to>
      <Hsp_query-frame>1</Hsp_query-frame>
      <Hsp_hit-frame>-1</Hsp_hit-frame>
      <Hsp_identity>150</Hsp_identity>
      <Hsp_positive>150</Hsp_positive>
      <Hsp_gaps>16</Hsp_gaps>
      <Hsp_align-len>224</Hsp_align-len>
      <Hsp_qseq>GACTGGTACTTCTTCAGCCACAAGGACAAGAAGTATCCAACCGGGACCAGGACGAACCG---GGCAACAGTCGCTGGATTCTGGAAAGCTACCGGACGTGACAAA--------ATCATCTGCAGTTGTGTCCGGAGAATTGGACTGAGGAAGACACTCGTGTTCTACAAAGGAAGAGCTCCTCACGGTCAGAAATCCGACTGGATCATGCATGAGTATCGCCTC</Hsp_qseq>
      <Hsp_hseq>GAATGGTACTTCTTCAGTCCTAGAGATCGGAAGTATCCGAACGGAGCTAGGCCGAACAGAGCGGCAAC-GTCA--GGGTACTGGAAAGCGACGGGTACTGACAAACCGGTGCTAGCCTCTGACG--GTAACCAAAAGGTCGGCGTGAAGAAGGCACTGGTCTTCTACAGGGGCAAACCTCCAAAAGGTATTAAAAGTGATTGGATCATGCATGAGTATCGTCTC</Hsp_hseq>
      <Hsp_midline>|| |||||||||||||| |  |  ||   ||||||||| | |||  | ||| ||||| |   |||||| |||   || | ||||||||| || ||   |||||||        | | ||||  |  ||  ||  |   | ||  ||| |||| |||| || |||||||  || | | ||||  | |||   |||   || |||||||||||||||||||| |||</Hsp_midline>
    </Hsp>
    <Hsp>
      <Hsp_num>13</Hsp_num>
      <Hsp_bit-score>58.9941</Hsp_bit-score>
      <Hsp_score>64</Hsp_score>
      <Hsp_evalue>0.00237823</Hsp_evalue>
      <Hsp_query-from>519</Hsp_query-from>
      <Hsp_query-to>583</Hsp_query-to>
      <Hsp_hit-from>54107617</Hsp_hit-from>
      <Hsp_hit-to>54107681</Hsp_hit-to>
      <Hsp_query-frame>1</Hsp_query-frame>
      <Hsp_hit-frame>1</Hsp_hit-frame>
      <Hsp_identity>54</Hsp_identity>
      <Hsp_positive>54</Hsp_positive>
      <Hsp_gaps>2</Hsp_gaps>
      <Hsp_align-len>66</Hsp_align-len>
      <Hsp_qseq>GACTGGTACTTCTTCAG-CCACAAGGACAAGAAGTATCCAACCGGGACCAGGACGAACCGGGCAAC</Hsp_qseq>
      <Hsp_hseq>GAATGGTACTTCTTCAGCCCACGA-GACCGGAAGTATCCTAACGGTTCCAGGACAAACCGAGCAAC</Hsp_hseq>
      <Hsp_midline>|| |||||||||||||| |||| | |||  ||||||||| | |||  ||||||| ||||| |||||</Hsp_midline>
    </Hsp>
    <Hsp>
      <Hsp_num>14</Hsp_num>
      <Hsp_bit-score>58.0924</Hsp_bit-score>
      <Hsp_score>63</Hsp_score>
      <Hsp_evalue>0.00830085</Hsp_evalue>
      <Hsp_query-from>516</Hsp_query-from>
      <Hsp_query-to>736</Hsp_query-to>
      <Hsp_hit-from>157319</Hsp_hit-from>
      <Hsp_hit-to>157102</Hsp_hit-to>
      <Hsp_query-frame>1</Hsp_query-frame>
      <Hsp_hit-frame>-1</Hsp_hit-frame>
      <Hsp_identity>148</Hsp_identity>
      <Hsp_positive>148</Hsp_positive>
      <Hsp_gaps>7</Hsp_gaps>
      <Hsp_align-len>223</Hsp_align-len>
      <Hsp_qseq>AACGACTGGTACTTCTTCAGCCACAAGGACAAGAAGTATCCAACCGGGACCAGGACGAACCGGGCAACAGTCGCTGGATTCTGGAAAGCTACCGGACGTGACAAAATCATCTGCAGTTGTGT--CCGGAGAATTGGACTGAGGAAGACACTCGTGTTCTACAAAGGAAGAGCTCCTCACGGTCAGAAATCCGACTGGATCATGCATGAGTATCGCCTCGACGA</Hsp_qseq>
      <Hsp_hseq>AAGGAATGGTATTTCTTCTCTCCTAGAGACAGAAAATATCCGAACGGTTCTCGGCCGAACAGGTCAGCTGGTTCGGGTTACTGGAAAGCAACTGGAGCTGATAAACCGAT-TGGACTTCCTAAACCGG----TTGGGATTAAGAAGGCTCTGGTTTTCTACGCCGGGAAAGCTCCCAAGGGTGAGAAAACCAATTGGATCATGCATGAGTACCGTCTTGCCGA</Hsp_hseq>
      <Hsp_midline>|| || ||||| ||||||   |  |  ||||  || ||||| | |||  |  || ||||| || || | |   | || | ||||||||| || |||  ||| |||   || || | ||      ||||    ||||  | | |||| | || || ||||||   || | ||||||  | ||| ||||| || | ||||||||||||||||| || || | |||</Hsp_midline>
    </Hsp>
    <Hsp>
      <Hsp_num>15</Hsp_num>
      <Hsp_bit-score>56.2891</Hsp_bit-score>
      <Hsp_score>61</Hsp_score>
      <Hsp_evalue>0.0289728</Hsp_evalue>
      <Hsp_query-from>645</Hsp_query-from>
      <Hsp_query-to>727</Hsp_query-to>
      <Hsp_hit-from>15996187</Hsp_hit-from>
      <Hsp_hit-to>15996105</Hsp_hit-to>
      <Hsp_query-frame>1</Hsp_query-frame>
      <Hsp_hit-frame>-1</Hsp_hit-frame>
      <Hsp_identity>62</Hsp_identity>
      <Hsp_positive>62</Hsp_positive>
      <Hsp_gaps>0</Hsp_gaps>
      <Hsp_align-len>83</Hsp_align-len>
      <Hsp_qseq>ATTGGACTGAGGAAGACACTCGTGTTCTACAAAGGAAGAGCTCCTCACGGTCAGAAATCCGACTGGATCATGCATGAGTATCG</Hsp_qseq>
      <Hsp_hseq>ATAGGTCTAAAGAAGTCACTGGTGTTCTACCAAGGAAGAGCTGCGAAAGGAGTTAAGACTGATTGGATGATGCATGAGTTTCG</Hsp_hseq>
      <Hsp_midline>|| || || | |||| |||| ||||||||| ||||||||||| |  | ||    ||  | || ||||| |||||||||| |||</Hsp_midline>
    </Hsp>
  </Hit_hsps>
</Hit>
<Hit>
  <Hit_num>29</Hit_num>
  <Hit_id>gi|1997709583|emb|HG994369.1|</Hit_id>
  <Hit_def>Brassica napus genome assembly, chromosome: C05</Hit_def>
  <Hit_accession>HG994369</Hit_accession>
  <Hit_len>56382805</Hit_len>
  <Hit_hsps>
    <Hsp>
      <Hsp_num>1</Hsp_num>
      <Hsp_bit-score>829.934</Hsp_bit-score>
      <Hsp_score>919</Hsp_score>
      <Hsp_evalue>0</Hsp_evalue>
      <Hsp_query-from>1</Hsp_query-from>
      <Hsp_query-to>791</Hsp_query-to>
      <Hsp_hit-from>34862352</Hsp_hit-from>
      <Hsp_hit-to>34863145</Hsp_hit-to>
      <Hsp_query-frame>1</Hsp_query-frame>
      <Hsp_hit-frame>1</Hsp_hit-frame>
      <Hsp_identity>678</Hsp_identity>
      <Hsp_positive>678</Hsp_positive>
      <Hsp_gaps>37</Hsp_gaps>
      <Hsp_align-len>811</Hsp_align-len>
      <Hsp_qseq>AAAGACACTTTAATGCATGA---------ACTTCTTTGTTTAAATAACAATTTCCCCCTT-TTGGGGGCTATGTCTCGTCGAGT---CCTACCACCATTATAAATT-ATCTCATCGTTTGCTTTCTTTTTTTTAAGTTGTAACCATTTCCACTCGTAATCATACAACTTCTCTACTCTTCTAGAGCAAAAAC---CCAAAAATATATTGCTATCTTCGTTAATGGCTGATAATAAGGTCAATCTTTCGATTAATGGACAATCAAAAGTGCCTCCAGGTTTCAGATTCCATCCCACCGAAGAAGAACTTCTCCATTACTATCTCCGTAAGAAAGTTAACTCTCAAAAGATCGATCTTGATGTCATTCGTGAAGTTGATCTAAACAAGCTTGAGCCTTGGGATATTCAAGGTTAAACCCTAAATATGAAAAAAAACTCTTTCATTTCTACGAACTCTCT--ATTTCTTTGTTCTTT-ATTTTTGAACCATTTTGGTATGCAAATGCAGAGGAATGTAGAATCGGTTCAACGCCACAAAACGACTGGTACTTCTTCAGCCACAAGGACAAGAAGTATCCAACCGGGACCAGGACGAACCGGGCAACAGTCGCTGGATTCTGGAAAGCTACCGGACGTGACAAAATCATCTGCAGTTGTGTCCGGAGAATTGGACTGAGGAAGACACTCGTGTTCTACAAAGGAAGAGCTCCTCACGGTCAGAAATCCGACTGGATCATGCATGAGTATCGCCTCGACGATACTCCAATGTCTAATGTAAGTATATATAGCAATCATCAATTTGCAGTTTAGGTT</Hsp_qseq>
      <Hsp_hseq>AAAGACACTTTAATGCATACTAATATTCCACATCTTTATTTAAATAATAATTTCCCCCTTATTAGGGGCT--GTATCCTCGAGTGATCCCACCACCATTATAAAATGATCTCATCGCCTGCTCTCTTATGCT-AAGTTGTAACCACTTC-ACTTGTAATCATTCAACTTCTCTACTCTACTAGAGCAAAAACAAACTAAAAAGCTATCGTTATTATCTTCAATGGCGGAGAATAATGTAAATCTTTCGATTAATGGACAATCAAAAGTGCCTCCAGGTTTCAGATTCCATCCAACAGAAGAAGAACTTCTCCATTACTATCTCCGCAAGAAAGTTCACTCTCAAAAGATCGATCTTGATGTCATTCGTGAAGTAGATCTCAACAAGCTTGAGCCTTGGGATATTCAAGGTT------TTTCTAACAAATAAAAC-CTTT-ATATC-AAAACCTCTTTTGATGCCTATCAAGTTTCATTTTTGAACCATTTTGGTTAGCAAATGCAGAGGAATGTAGAATCGGGTTGACGCCACAGAACGATTGGTACTTCTTCAGTCATAAGGATAAGAAATATCCAACCGGGACTAGAACAAACCGGGCAACAGTCGCTGGATTCTGGAAAGCTACTGGACGTGATAAGATCATCTATAGTTGTGTCCGGAGAATTGGATTGAGAAAGACGCTAGTGTTCTATAAAGGAAGAGCTCCTCATGGTGAAAAATCTGAATGGATCATGCATGAGTATCGCCTCGACGATACTCCAACAAGTAATGTAAG----TGTAGCTATCATCAATAAGCATTGTAGGTT</Hsp_hseq>
      <Hsp_midline>||||||||||||||||||           || ||||| ||||||||| |||||||||||| || ||||||  || || ||||||   || |||||||||||||| | |||||||||  |||| |||| |  | |||||||||||| ||| ||| |||||||| ||||||||||||||| |||||||||||||   | |||||  ||| | |||  || | |||||| || ||||| || ||||||||||||||||||||||||||||||||||||||||||||||||||||| || ||||||||||||||||||||||||||||| ||||||||| ||||||||||||||||||||||||||||||||||||| ||||| |||||||||||||||||||||||||||||||      |   ||  ||| ||||| |||| || || |  | |||| |  ||  || |    ||| |||||||||||||||||||  |||||||||||||||||||||||||| |  |||||||| ||||| |||||||||||||| || ||||| ||||| |||||||||||||| || || ||||||||||||||||||||||||||||||||||| |||||||| || |||||||  ||||||||||||||||||||| |||| ||||| || |||||||| ||||||||||||||||| ||| | ||||| || |||||||||||||||||||||||||||||||||||||    |||||||||    | |||| |||||||||  ||| | ||||||</Hsp_midline>
    </Hsp>
    <Hsp>
      <Hsp_num>2</Hsp_num>
      <Hsp_bit-score>746.979</Hsp_bit-score>
      <Hsp_score>827</Hsp_score>
      <Hsp_evalue>0</Hsp_evalue>
      <Hsp_query-from>1</Hsp_query-from>
      <Hsp_query-to>804</Hsp_query-to>
      <Hsp_hit-from>24622171</Hsp_hit-from>
      <Hsp_hit-to>24621375</Hsp_hit-to>
      <Hsp_query-frame>1</Hsp_query-frame>
      <Hsp_hit-frame>-1</Hsp_hit-frame>
      <Hsp_identity>663</Hsp_identity>
      <Hsp_positive>663</Hsp_positive>
      <Hsp_gaps>43</Hsp_gaps>
      <Hsp_align-len>822</Hsp_align-len>
      <Hsp_qseq>AAAGACACTTTAATGCATGA-ACTTCTTTG---------TTTAAATAACAATTTCCCCCTTTTGGGG-GCTATGTCTCGTCGAGTCCTACCACCATTATAAATTATCTCATCGTTTGCTTTCTTTTTTTTAAGTTGTAACCATTTCCACTCGTAATCATACAACTTCTCTACTCTTCTAGAGCAAAAACCCAAAAAT-ATATTGCTATCTTCGTTAATGGCTGATAATAAGGTCAATCTTTCGATTAATGGACAATCAAAAGTGCCTCCAGGTTTCAGATTCCATCCCACCGAAGAAGAACTTCTCCATTACTATCTCCGTAAGAAAGTTAACTCTCAAAAGATCGATCTTGATGTCATTCGTGAAGTTGATCTAAACAAGCTTGAGCCTTGGGATATTCAAGGTTA-AACCCTAAATATGAAAAAAAACTCTTTCATTTCTACGAACTCTCTATTTCTTTGTTCTTTATTT-TTGAACCATTTTGGTATGCAAATGCAGAGGAATGTAGAATCGGTTCAACGCCACAAAACGACTGGTACTTCTTCAGCCACAAGGACAAGAAGTATCCAACCGGGACCAGGACGAACCGGGCAACAGTCGCTGGATTCTGGAAAGCTACCGGACGTGACAAAATCATCTGCAGTTGTGTCCGGAGAATTGGACTGAGGAAGACACTCGTGTTCTACAAAGGAAGAGCTCCTCACGGTCAGAAATCCGACTGGATCATGCATGAGTATCGCCTCGACGATACTCCAATGTCTAATGTAAGTATA--TA-TAGCAATCATCAAT-TTGCAGTTTAGGTTAGAATAAACAAAT</Hsp_qseq>
      <Hsp_hseq>AAAGACACTTTAATGCATGATAATTTTCTACATATAACATTTAAATAATAATTTCTCCCTTTTGCGGAGCTATGTGTCATAGACTCCCACCATCATTATAAATGATCTCATCGCCTGCTTTCT-----------------CATCT--ACTTGTAACCATACAACTTCGCTACTCTGGTAGAGCAAAAAA--AAAAATGATATCGTTACCATCATCAATGGCGGAGAGTAAGGTAAACCTGTCGATCAATGGACAATCAAAAGTGCCACCAGGTTTCAGATTCCATCCAACAGAAGAAGAGCTTCTCCATTACTATCTTCGCAAGAAAGTTCACTCTCAAAAGATAGATCTTGATGTCATTCGTGAAGTTGATCTCAACAAGCTGGAGCCTTGGGATATTCAAGGTTCTAACAATAAACCCGAATTAATA----TGAAAATATATAAAATTTTCATTTCTATGAGGTTCAGTTATTGAACCATTTTAGTAAGCAAATGCAGAAGAATGTAGAATCGGTTCGACGCCGCAGAACGACTGGTACTTCTTCAGTCACAAGGACAAAAAATATCCAACGGGGACCAGGACAAACCGGGCAACAGTTTCCGGATTCTGGAAGGCGACTGGACGTGACAAGATCATCTACAGTTGTGTCAGGAGGATTGGATTGAGAAAGACGCTCGTGTTCTACAAAGGAAGAGCTCCCCATGGTCAGAAATCTGATTGGATCATGCATGAGTATCGCCTCGACGAGACTCCAACAACTAATGTAAGTATAGCTATTATCAATATTCATTATTTCATTGTAGGTTGTTACAAACAGAT</Hsp_hseq>
      <Hsp_midline>|||||||||||||||||||| | || | |          ||||||||| |||||| |||||||| || ||||||| || | || ||| |||| |||||||||| |||||||||  ||||||||                 ||| |  ||| |||| ||||||||||| |||||||  |||||||||||   |||||| |||| | || | || | |||||| || | |||||| || || ||||| |||||||||||||||||||| |||||||||||||||||||| || |||||||| ||||||||||||||||| || ||||||||| ||||||||||||| ||||||||||||||||||||||||||||| |||||||| ||||||||||||||||||||||  |||  ||||   |||  || |    |  |  | ||  || | |  |||||| ||   || | || |||||||||||| ||| ||||||||||| ||||||||||||||||| ||||| || |||||||||||||||||||| ||||||||||| || |||||||| ||||||||||| ||||||||||||||  | ||||||||||| || || ||||||||||| ||||||| |||||||||| |||| |||||| |||| ||||| |||||||||||||||||||||||||| || ||||||||||| || ||||||||||||||||||||||||||||| |||||||   ||||||||||||||  || || ||||  ||| | || || | ||||||   | ||||| ||</Hsp_midline>
    </Hsp>
    <Hsp>
      <Hsp_num>3</Hsp_num>
      <Hsp_bit-score>724.437</Hsp_bit-score>
      <Hsp_score>802</Hsp_score>
      <Hsp_evalue>0</Hsp_evalue>
      <Hsp_query-from>1144</Hsp_query-from>
      <Hsp_query-to>1823</Hsp_query-to>
      <Hsp_hit-from>24620859</Hsp_hit-from>
      <Hsp_hit-to>24620155</Hsp_hit-to>
      <Hsp_query-frame>1</Hsp_query-frame>
      <Hsp_hit-frame>-1</Hsp_hit-frame>
      <Hsp_identity>585</Hsp_identity>
      <Hsp_positive>585</Hsp_positive>
      <Hsp_gaps>31</Hsp_gaps>
      <Hsp_align-len>708</Hsp_align-len>
      <Hsp_qseq>ATCTCTTATTGCATTTCA-----TAAGATCGATTTGTGT--TCCATTATCAGGGCTATGCTGATGTTGTTACAGAAGATCCAATGAGCTATAACGAAGAAGGTTGGGTGGTATGTCGAGTGTTCAGGAAGAAGAACTATCAAAAGATTGACGATTGTCCTAAAATCACTCTATCTTCTTTACCTGATGACACGGAGGAAGAGAAGGGG---CCCACCTTTCACAACACTCAAAACGTTACCGGTTTAGACCATGTTCTTCTCTACATGGACCGTACCGGTTCTAACATTTGCATGCCCGAGAGCCAAACAACGACTCAAC---------ATCAAGATGATGTCTTATTCATGCAACTCCCAAGTCTTGAGACACCTAAATCCGAGAGCCCGGTCGACCAAAGTTTCCTGACTCCAAGCAAACTCGATTTCTCTCCCGTTCAAGAGAAGATAACCGAAAGACCGGTTTGCAGCAACTGGGCTAGTCTTGACCGGCTCGTAGCTTGGCAATTGAACAATGGTCATCATAATCCGTGTCATCGTAAGAGTTTTGATGAAGAAGAAGAAAATGGTGATACTATGATGCAGCGATGGGATCTTCATTGGAATAATGATGATAATGTTGATCTTTGGAGTAGTTTCACTGAGTCTT---------CTTCGTCTTTAGACCCACTTCTTCATTTATCTGTATGATTATCTATACA</Hsp_qseq>
      <Hsp_hseq>ATCTCTTATTGCGTTTTAATTTCTGAAACCGGTTTGTTACATCCATTATCAGGAATATTCAGATGTTGTAAGTGAAGATCCAATGAGCTACAACGAAGAAGGTTGGGTGGTATGTCGAGTGTTCAGGAAGAAGAACTATCAAAAGATCGACGACTCTCCTAAAATCACTCTATCTTCTTCACCTGGTGACACGGAGGAAAAGAAAAGGTCCACCACCTCCCACAACACTCAAAACGGCAACGTCTTGGACCACGTTCTTCTATACATGGACCGTTCCTGTCCCAACATCTGCATGCCCGAGCTCCAAACCACGATCCAACGTCAACATAATCAAGACGATATTTTATTCATGCAACTCCCAAGTCTTGAGACACCCAAATCCGAGGACCTGGTCGACCAAAGTTTAAATATTCCAAACCAGCTCGATTCCTCTCTGGTTCAAGAGAAGAAAAACGGCAGACCGGTTTGCAGTAATTGGGCTAGTCTTGACCGACTAGTGGCGTGGCAGTTGAACAACGGTCATCATAA---GTGTGATCGTGCGAGTTTTGATGAAGAAGAGGAAGATGGTGATACCATGATGCAGCGATGGGATCTTCACTGGAGTAATGATGATCATGTCGATCTTTGGAGTAGTTTCACTGAATCTTCTTCATCCCCTTCGTCTTTAGATCCTCTTCTCCATTTATCTGTATGATTGTTTATTCA</Hsp_hseq>
      <Hsp_midline>|||||||||||| ||| |     | | | || |||||    ||||||||||||  ||| | |||||||| |  ||||||||||||||||| |||||||||||||||||||||||||||||||||||||||||||||||||||||||| ||||| | ||||||||||||||||||||||| ||||| ||||||||||||| ||||  ||    ||||||  ||||||||||||||||  | ||  || ||||| |||||||| |||||||||||| || || | ||||| ||||||||||||  |||||| ||||  ||||         ||||||| ||| | |||||||||||||||||||||||||||||||| |||||||||  || |||||||||||||||    | ||||| | | ||||||| |||||  ||||||||||||| || ||  |||||||||||||| || ||||||||||||||||| || || || ||||| |||||||| |||||||||||   |||| |||||  |||||||||||||||||| ||| |||||||||| ||||||||||||||||||||||| |||| |||||||||| |||| ||||||||||||||||||||||| ||||         ||||||||||||| || ||||| ||||||||||||||||| | ||| ||</Hsp_midline>
    </Hsp>
    <Hsp>
      <Hsp_num>4</Hsp_num>
      <Hsp_bit-score>709.109</Hsp_bit-score>
      <Hsp_score>785</Hsp_score>
      <Hsp_evalue>0</Hsp_evalue>
      <Hsp_query-from>1112</Hsp_query-from>
      <Hsp_query-to>1835</Hsp_query-to>
      <Hsp_hit-from>34863797</Hsp_hit-from>
      <Hsp_hit-to>34864526</Hsp_hit-to>
      <Hsp_query-frame>1</Hsp_query-frame>
      <Hsp_hit-frame>1</Hsp_hit-frame>
      <Hsp_identity>607</Hsp_identity>
      <Hsp_positive>607</Hsp_positive>
      <Hsp_gaps>28</Hsp_gaps>
      <Hsp_align-len>741</Hsp_align-len>
      <Hsp_qseq>AAGTTGCATTTTT-ACATCATCAAGATTTAATCATCTCTTATTGCATTTCATAA--GATCGATTTGTGTTCCATTATCAGGGCTATGCTGATGTTGTTACAGAAGATCCAATGAGCTATAACGAAGAAGGTTGGGTGGTATGTCGAGTGTTCAGGAAGAAGAACTATCAAAAGATTGACGATTGTCCTAAAATCACTCTATCTTCTTTACCTGATGACACGGAGGAAGA--GAAGGGGC-CCACCTTTCACAACACTCAAAACGTTACCGGTTTAGACCATGTTCTTCTCTACATGGACCGTACCGGTTCTAACATTTGCATGCCCGAGAGCCAAACAACGACTCAACATCAAGATGATGTCTTATTCATGCAACTCCCAAGTCTTGAGACACCTAAATCCGAGAGCCCGGTCGACCAAAGTTTCCTGACTCCAAGCAAACTCGATTTCTCTCCCGTTCAAGAGAAGATAACCGAAAGACCGGTTTGCAGCAACTGGGCTAGTCTTGACCGGCTCGTAGCTTGGCAATTGAACAATGGTCATCATAATCCGTGTCATCGTAAGAGTTTTGATGAAGAAGAAGAAAATGGTGATACTATGATGCAGCGATGGGATCTTCATTGGAATAATGATGATAATGTTGATCTTTGGAGTAGTTTCACTGA---------GTCTTCTTCGTCTTTAGACCCACTTCTTCATTTATCTGTATGAT--TATCTATACATACACATACACA</Hsp_qseq>
      <Hsp_hseq>AAGTCGCATTTACGACGTCA--AAGTCTTCATGATCTTCTAATGCATTTT-TAATTGATCGGTTTGT--TCCATTAGCAGGGCTGTTCTGATGTTGTAACTGAAGACCCAATGAGTTACAACGAAGACGGTTGGGTGGTATGTCGAGTGTTCAGGAAGAAAAATTATCAAAAGATCGACGATTCTCCTAAAATCACTCTATTTTCTTCACCTGATGACACTGACGAAAACAGAAGGCCCACCACCTTTCACAACACTCTAAACGCAACTGTTTTGGACCACGTTCTTCTATGCATGGACCGTTCCGGTCCCAATATTTTCATGCCCGAGATCCAAACCAAAACTCAACATCAAGACGATCTTTTATTCATGCAACTACCAAGTCTTGAGACACCCAAATCTGAAAATCTAGTTGGCCAATGTTTAACGACCACTAACCAACTCGATGCCTCTTTGGTTGAAGAGAAGATAACCGGCAGACCGGGTTGCAGTAATTGGGCTAGTCTTGACCGGTTAGTGGCATGGCAATTGAACAATGGTCATCATA---CGTGTGATCGTACGAGTTTTGACGAAGAAGAAG---ATGGTGATGCCATGATGCAGCGATGGGATCTTCACTGGAATAATGAAGATAATGTCGATATCTGGAGTAGCTTCGCAGAATCTTCTTCGTCTCCTTCGTCTTTAGACCCTCTTCTTCATTTATCTGTATGATTGTATATACACATAAACATACACA</Hsp_hseq>
      <Hsp_midline>|||| ||||||   || |||  |||  || || ||||  || |||||||  |||  ||||| |||||  ||||||| ||||||| | |||||||||| || ||||| |||||||| || |||||||| |||||||||||||||||||||||||||||||| || ||||||||||| ||||||| ||||||||||||||||| ||||| |||||||||||| || ||| |  |||||  | |||||||||||||||||| |||||  || | ||| ||||| |||||||| | |||||||||| ||||| | || |||| ||||||||||| |||||| |  |||||||||||||| ||| | |||||||||||||| ||||||||||||||||| ||||| || |  |  || | |||| ||||   |||  | | | ||||||||  ||||   ||| |||||||||||||||  ||||||| |||||| || |||||||||||||||||| | || || |||||||||||||||||||||||||   ||||| |||||| ||||||||| ||||||||||   |||||||| | ||||||||||||||||||||||| ||||||||||| |||||||| ||| | |||||||| ||| | ||         |||| |||||||||||||||| ||||||||||||||||||||||  ||| || ||||| |||||||||</Hsp_midline>
    </Hsp>
    <Hsp>
      <Hsp_num>5</Hsp_num>
      <Hsp_bit-score>127.522</Hsp_bit-score>
      <Hsp_score>140</Hsp_score>
      <Hsp_evalue>5.58813e-24</Hsp_evalue>
      <Hsp_query-from>513</Hsp_query-from>
      <Hsp_query-to>728</Hsp_query-to>
      <Hsp_hit-from>5797112</Hsp_hit-from>
      <Hsp_hit-to>5797327</Hsp_hit-to>
      <Hsp_query-frame>1</Hsp_query-frame>
      <Hsp_hit-frame>1</Hsp_hit-frame>
      <Hsp_identity>160</Hsp_identity>
      <Hsp_positive>160</Hsp_positive>
      <Hsp_gaps>4</Hsp_gaps>
      <Hsp_align-len>218</Hsp_align-len>
      <Hsp_qseq>CAAAACGACTGGTACTTCTTCAGCCACAAGGACAAGAAGTATCCAACCGGGACCAGGACGAACCGGGCAACAGTCGCTGGATTCTGGAAAGCTACCGGACGTGACAAAATCATCTGCAGTTGTGTCC--GGAGAATTGGACTGAGGAAGACACTCGTGTTCTACAAAGGAAGAGCTCCTCACGGTCAGAAATCCGACTGGATCATGCATGAGTATCGC</Hsp_qseq>
      <Hsp_hseq>CAGAATGATTGGTACTTCTTTAGCCATAAAGACAAGAAGTATCCCACAGGGACTCGAACCAACAGAGCAACAAAAGTAGGGTTTTGGAAAGCCACTGGAAGAGATAAGGCTATATAC--TTGAGGCACAGTCTTATTGGTATGAGGAAAACACTTGTGTTTTACAAGGGAAGAGCCCCAAATGGACAAAAATCCGATTGGATCATGCATGAATACCGC</Hsp_hseq>
      <Hsp_midline>|| || || ||||||||||| ||||| || |||||||||||||| || |||||  | || ||| | ||||||   |  || || |||||||| || ||| | || ||    || | |  ||| | |   |    |||||  ||||||| ||||| ||||| ||||| |||||||| ||  | || || |||||||| |||||||||||||| || |||</Hsp_midline>
    </Hsp>
    <Hsp>
      <Hsp_num>6</Hsp_num>
      <Hsp_bit-score>94.1598</Hsp_bit-score>
      <Hsp_score>103</Hsp_score>
      <Hsp_evalue>1.15282e-13</Hsp_evalue>
      <Hsp_query-from>516</Hsp_query-from>
      <Hsp_query-to>735</Hsp_query-to>
      <Hsp_hit-from>48975191</Hsp_hit-from>
      <Hsp_hit-to>48974966</Hsp_hit-to>
      <Hsp_query-frame>1</Hsp_query-frame>
      <Hsp_hit-frame>-1</Hsp_hit-frame>
      <Hsp_identity>161</Hsp_identity>
      <Hsp_positive>161</Hsp_positive>
      <Hsp_gaps>16</Hsp_gaps>
      <Hsp_align-len>231</Hsp_align-len>
      <Hsp_qseq>AACGACTGGTACTTCTTCAGCCAC-AAG-GACAAGAAGTATCCAACCGGGACCAGGACGAACCGGGCAACAGTCGCTGGATTCTGGAAAGCTACCGGACGTGACAAAATCATCTGCAGTTGTGTCCGGAGAA---------TTGGACTGAGGAAGACACTCGTGTTCTACAAAGGAAGAGCTCCTCACGGTCAGAAATCCGACTGGATCATGCATGAGTATCGCCTCGACG</Hsp_qseq>
      <Hsp_hseq>AAAGAGTGGCACTTCTTCA--CACGAAGAGATAGGAAGTACCCAACCGGGCTGAGAACGAACAGAGCAACAGAAGCTGGTTACTGGAAGGCAACTGGTAAAGACAGAGAGATCAAAAGCTCAAA---GACAAACTCGCTTCTCGGGATGAAGAAAACTCTCGTCTTTTACAAAGGCAGAGCTCCTAAAGGTGAGAAAAGCTGTTGGGTCATGCATGAGTATCGCCTCGACG</Hsp_hseq>
      <Hsp_midline>|| || ||| |||||||||  ||| ||| || | |||||| |||||||||   || |||||| | |||||||  ||||| | |||||| || || ||    |||| |   |||   || |       || ||         | ||  ||| ||| || ||||| || |||||||| ||||||||| | ||| |||||  |   ||| ||||||||||||||||||||||||</Hsp_midline>
    </Hsp>
    <Hsp>
      <Hsp_num>7</Hsp_num>
      <Hsp_bit-score>93.2581</Hsp_bit-score>
      <Hsp_score>102</Hsp_score>
      <Hsp_evalue>1.15282e-13</Hsp_evalue>
      <Hsp_query-from>503</Hsp_query-from>
      <Hsp_query-to>733</Hsp_query-to>
      <Hsp_hit-from>44454937</Hsp_hit-from>
      <Hsp_hit-to>44455167</Hsp_hit-to>
      <Hsp_query-frame>1</Hsp_query-frame>
      <Hsp_hit-frame>1</Hsp_hit-frame>
      <Hsp_identity>159</Hsp_identity>
      <Hsp_positive>159</Hsp_positive>
      <Hsp_gaps>0</Hsp_gaps>
      <Hsp_align-len>231</Hsp_align-len>
      <Hsp_qseq>TTCAACGCCACAAAACGACTGGTACTTCTTCAGCCACAAGGACAAGAAGTATCCAACCGGGACCAGGACGAACCGGGCAACAGTCGCTGGATTCTGGAAAGCTACCGGACGTGACAAAATCATCTGCAGTTGTGTCCGGAGAATTGGACTGAGGAAGACACTCGTGTTCTACAAAGGAAGAGCTCCTCACGGTCAGAAATCCGACTGGATCATGCATGAGTATCGCCTCGA</Hsp_qseq>
      <Hsp_hseq>TTCAATGGGAGAGAAAGAGTGGTACTTCTTCAGCCTAAGAGACCGGAAATACCCAACCGGTTTAAGGACAAACCGAGCAACTGAAGCCGGTTATTGGAAAACCACGGGTAAAGATAAAGAGATATACAGAAGTGGAGTGCTGGTTGGGATGAAGAAAACCCTAGTTTTCTACAAAGGAAGAGCTCCAAAGGGCGAGAAAAGCAATTGGGTTATGCATGAGTATAGGCTTGA</Hsp_hseq>
      <Hsp_midline>||||| |  | | || || ||||||||||||||||  |  |||  ||| || ||||||||    ||||| ||||| ||||| |  || || |  |||||| | || ||    || |||   || | |||  |||    |    ||||  ||| ||| || || || ||||||||||||||||||||  | ||  |||||  | | ||| | |||||||||||| | || ||</Hsp_midline>
    </Hsp>
    <Hsp>
      <Hsp_num>8</Hsp_num>
      <Hsp_bit-score>84.2413</Hsp_bit-score>
      <Hsp_score>92</Hsp_score>
      <Hsp_evalue>5.97174e-11</Hsp_evalue>
      <Hsp_query-from>525</Hsp_query-from>
      <Hsp_query-to>733</Hsp_query-to>
      <Hsp_hit-from>55706966</Hsp_hit-from>
      <Hsp_hit-to>55707177</Hsp_hit-to>
      <Hsp_query-frame>1</Hsp_query-frame>
      <Hsp_hit-frame>1</Hsp_hit-frame>
      <Hsp_identity>146</Hsp_identity>
      <Hsp_positive>146</Hsp_positive>
      <Hsp_gaps>3</Hsp_gaps>
      <Hsp_align-len>212</Hsp_align-len>
      <Hsp_qseq>TACTTCTTCAGCCACAAGGACAAGAAGTATCCAACCGGGACCAGGACGAACCGGGCAACAGTCGCTGGATTCTGGAAAGCTACCGGACGTGACAAAATCATCTGCAGTTGT---GTCCGGAGAATTGGACTGAGGAAGACACTCGTGTTCTACAAAGGAAGAGCTCCTCACGGTCAGAAATCCGACTGGATCATGCATGAGTATCGCCTCGA</Hsp_qseq>
      <Hsp_hseq>TACTTTTTTTGCCAGCGGGATAGGAAGTACCCGACCGGCATGAGGACGAACCGTGCAACCCTGTCCGGTTACTGGAAGGCAACCGGGAAGGACAAGGAGATCTTTAGGGGCAAAGCTTGTATTGTTGGGATGAAGAAAACACTTGTGTTCTATAGAGGAAGAGCTCCGAAAGGTGAAAAGACCAATTGGGTTATGCATGAGTATCGTCTTGA</Hsp_hseq>
      <Hsp_midline>||||| ||  ||||   ||| | |||||| || ||||| |  ||||||||||| |||||  |  | || | |||||| || |||||    |||||    ||||  ||  |    |   | |   ||||  ||| ||| ||||| |||||||| | ||||||||||||  | ||| | ||  || | ||| | |||||||||||||| || ||</Hsp_midline>
    </Hsp>
    <Hsp>
      <Hsp_num>9</Hsp_num>
      <Hsp_bit-score>81.5362</Hsp_bit-score>
      <Hsp_score>89</Hsp_score>
      <Hsp_evalue>7.27507e-10</Hsp_evalue>
      <Hsp_query-from>519</Hsp_query-from>
      <Hsp_query-to>736</Hsp_query-to>
      <Hsp_hit-from>45520111</Hsp_hit-from>
      <Hsp_hit-to>45519894</Hsp_hit-to>
      <Hsp_query-frame>1</Hsp_query-frame>
      <Hsp_hit-frame>-1</Hsp_hit-frame>
      <Hsp_identity>158</Hsp_identity>
      <Hsp_positive>158</Hsp_positive>
      <Hsp_gaps>14</Hsp_gaps>
      <Hsp_align-len>225</Hsp_align-len>
      <Hsp_qseq>GACTGGTACTTCTTCAGCCACAAG-GACAAGAAGTATCCAACCGGGACCAGGACGAACCGGGCAACAGTCGCTGGATTCTGGAAAGCTACCGGACGTGACAAAATCATCTGCAGTTGTGTCCGG--AGA---ATTGGACTGAGGAAGACACTCGTGTTCTACAAAGGAAGAGCTCCTCACGGTCAGAAATCCG-ACTGGATCATGCATGAGTATCGCCTCGACGA</Hsp_qseq>
      <Hsp_hseq>GAATGGTATTTTTTCGGGC-CACGTGACCGGAAGTATCCAAACGGGTTTAGGACGAACCGAGCAACGAGAGGTGGATACTGGAAATCGACCGG----GA-AAGATCGGAGAGTGACGAGTCAGAGCAGAGCGATTGGGATGAAGAAGACTTTGGTTTACTATAGAGGAAGAGCTCCTCAAGGT-ATACGTACGGATTGGGTCATGCATGAGTATCGTCTCGATGA</Hsp_hseq>
      <Hsp_midline>|| ||||| || ||| | | || | |||  ||||||||||| ||||   ||||||||||| |||||    | ||||| ||||||| | |||||    || || |||       |  | ||| |   |||   |||||  ||| ||||||  | || | ||| | ||||||||||||||| ||| | |  | || | ||| |||||||||||||||| ||||| ||</Hsp_midline>
    </Hsp>
    <Hsp>
      <Hsp_num>10</Hsp_num>
      <Hsp_bit-score>77.9295</Hsp_bit-score>
      <Hsp_score>85</Hsp_score>
      <Hsp_evalue>8.86285e-09</Hsp_evalue>
      <Hsp_query-from>514</Hsp_query-from>
      <Hsp_query-to>731</Hsp_query-to>
      <Hsp_hit-from>48697343</Hsp_hit-from>
      <Hsp_hit-to>48697126</Hsp_hit-to>
      <Hsp_query-frame>1</Hsp_query-frame>
      <Hsp_hit-frame>-1</Hsp_hit-frame>
      <Hsp_identity>150</Hsp_identity>
      <Hsp_positive>150</Hsp_positive>
      <Hsp_gaps>2</Hsp_gaps>
      <Hsp_align-len>219</Hsp_align-len>
      <Hsp_qseq>AAAACGACTGGTACTTCTTCAGCCACAAGGACAAGAAGTATCCAACCGGGACCAGGACGAACCGGGCAACAGTCGCTGGATTCTGGAAAGCTACCGG-ACGTGACAAAATCATCTGCAGTTGTGTCCGGAGAATTGGACTGAGGAAGACACTCGTGTTCTACAAAGGAAGAGCTCCTCACGGTCAGAAATCCGACTGGATCATGCATGAGTATCGCCTC</Hsp_qseq>
      <Hsp_hseq>AAAAAGAATGGTATTTCTTCAGCCCAAGGGACAGGAAGTATCCGAACGGGTCCAGACCCAACCGGGTTGCTGGATCCGGTTATTGGAAAGCAACCGGTACG-GATAAGGTTATCTCGACCGAGGGAAGAAGAGTTGGTATCAAGAAGGCTTTGGTGTTTTACGTTGGAAAAGCACCAAAAGGTACCAAAACTAATTGGATCATGCATGAGTACCGTCTC</Hsp_hseq>
      <Hsp_midline>|||| || ||||| ||||||||||  | ||||| ||||||||| | |||| ||||  | |||||||   | |   | || |  |||||||| ||||| ||| || ||  | ||||  |     |   | ||| ||||  | | |||| |  | ||||| |||   |||| ||| ||  | |||   ||| |  | ||||||||||||||||| || |||</Hsp_midline>
    </Hsp>
    <Hsp>
      <Hsp_num>11</Hsp_num>
      <Hsp_bit-score>75.2244</Hsp_bit-score>
      <Hsp_score>82</Hsp_score>
      <Hsp_evalue>3.09344e-08</Hsp_evalue>
      <Hsp_query-from>253</Hsp_query-from>
      <Hsp_query-to>383</Hsp_query-to>
      <Hsp_hit-from>56298325</Hsp_hit-from>
      <Hsp_hit-to>56298455</Hsp_hit-to>
      <Hsp_query-frame>1</Hsp_query-frame>
      <Hsp_hit-frame>1</Hsp_hit-frame>
      <Hsp_identity>95</Hsp_identity>
      <Hsp_positive>95</Hsp_positive>
      <Hsp_gaps>0</Hsp_gaps>
      <Hsp_align-len>131</Hsp_align-len>
      <Hsp_qseq>CCTCCAGGTTTCAGATTCCATCCCACCGAAGAAGAACTTCTCCATTACTATCTCCGTAAGAAAGTTAACTCTCAAAAGATCGATCTTGATGTCATTCGTGAAGTTGATCTAAACAAGCTTGAGCCTTGGGA</Hsp_qseq>
      <Hsp_hseq>CCTCCAGGTTTTAGATTTCATCCAACCGATGAGGAGCTGATTACCTACTATCTGAAAAGAAAAATTAACGGTCTAGAAATCGAACTTGAGGTTATCGCTGAAGTTGATCTCTACAAGTGCGAGCCATGGGA</Hsp_hseq>
      <Hsp_midline>||||||||||| ||||| ||||| ||||| || || ||  |    ||||||||    |  ||| |||||  || | | ||||| ||||| || ||   ||||||||||||  |||||   ||||| |||||</Hsp_midline>
    </Hsp>
    <Hsp>
      <Hsp_num>12</Hsp_num>
      <Hsp_bit-score>63.5025</Hsp_bit-score>
      <Hsp_score>69</Hsp_score>
      <Hsp_evalue>0.000195217</Hsp_evalue>
      <Hsp_query-from>519</Hsp_query-from>
      <Hsp_query-to>731</Hsp_query-to>
      <Hsp_hit-from>48671938</Hsp_hit-from>
      <Hsp_hit-to>48671720</Hsp_hit-to>
      <Hsp_query-frame>1</Hsp_query-frame>
      <Hsp_hit-frame>-1</Hsp_hit-frame>
      <Hsp_identity>150</Hsp_identity>
      <Hsp_positive>150</Hsp_positive>
      <Hsp_gaps>16</Hsp_gaps>
      <Hsp_align-len>224</Hsp_align-len>
      <Hsp_qseq>GACTGGTACTTCTTCAGCCACAAGGACAAGAAGTATCCAACCGGGACCAGGACGAACCG---GGCAACAGTCGCTGGATTCTGGAAAGCTACCGGACGTGACAAA--------ATCATCTGCAGTTGTGTCCGGAGAATTGGACTGAGGAAGACACTCGTGTTCTACAAAGGAAGAGCTCCTCACGGTCAGAAATCCGACTGGATCATGCATGAGTATCGCCTC</Hsp_qseq>
      <Hsp_hseq>GAATGGTACTTCTTCAGTCCTAGAGATCGGAAGTATCCGAACGGAGCTAGGCCGAACAGAGCGGCAAC-GTCA--GGGTACTGGAAAGCGACGGGTACTGACAAACCGGTGCTAGCCTCTGACG--GTAACCAAAAGGTCGGCGTGAAGAAGGCACTGGTCTTCTACAGGGGCAAACCTCCAAAAGGTATTAAAAGTGATTGGATCATGCATGAGTATCGTCTC</Hsp_hseq>
      <Hsp_midline>|| |||||||||||||| |  |  ||   ||||||||| | |||  | ||| ||||| |   |||||| |||   || | ||||||||| || ||   |||||||        | | ||||  |  ||  ||  |   | ||  ||| |||| |||| || |||||||  || | | ||||  | |||   |||   || |||||||||||||||||||| |||</Hsp_midline>
    </Hsp>
    <Hsp>
      <Hsp_num>13</Hsp_num>
      <Hsp_bit-score>58.9941</Hsp_bit-score>
      <Hsp_score>64</Hsp_score>
      <Hsp_evalue>0.00237823</Hsp_evalue>
      <Hsp_query-from>516</Hsp_query-from>
      <Hsp_query-to>736</Hsp_query-to>
      <Hsp_hit-from>159151</Hsp_hit-from>
      <Hsp_hit-to>158934</Hsp_hit-to>
      <Hsp_query-frame>1</Hsp_query-frame>
      <Hsp_hit-frame>-1</Hsp_hit-frame>
      <Hsp_identity>147</Hsp_identity>
      <Hsp_positive>147</Hsp_positive>
      <Hsp_gaps>5</Hsp_gaps>
      <Hsp_align-len>222</Hsp_align-len>
      <Hsp_qseq>AACGACTGGTACTTCTTCAGCCACAAGGACAAGAAGTATCCAACCGGGACCAGGACGAACCGGGCAACAGTCGCTGGATTCTGGAAAGCTACCGGACGTGACAAAATCATCTGCAGTTGTGT-CCGGAGAATTGGACTGAGGAAGACACTCGTGTTCTACAAAGGAAGAGCTCCTCACGGTCAGAAATCCGACTGGATCATGCATGAGTATCGCCTCGACGA</Hsp_qseq>
      <Hsp_hseq>AAGGAATGGTATTTCTTCTCTCCTAGAGACAGAAAATATCCGAACGGTTCTCGGCCGAACAGGTCAGCTGGTTCGGGTTACTGGAAAGCAACTGGAGCTGATAAACCGATCGGACTTCCTAAACCGG----TTGGGATTAAGAAGGCTCTGGTTTTCTACGCCGGGAAAGCTCCCAAGGGTGAGAAAACCAATTGGATCATGCATGAGTACCGTCTTGCCGA</Hsp_hseq>
      <Hsp_midline>|| || ||||| ||||||   |  |  ||||  || ||||| | |||  |  || ||||| || || | |   | || | ||||||||| || |||  ||| |||   ||| |   |  |   ||||    ||||  | | |||| | || || ||||||   || | ||||||  | ||| ||||| || | ||||||||||||||||| || || | |||</Hsp_midline>
    </Hsp>
    <Hsp>
      <Hsp_num>14</Hsp_num>
      <Hsp_bit-score>58.9941</Hsp_bit-score>
      <Hsp_score>64</Hsp_score>
      <Hsp_evalue>0.00237823</Hsp_evalue>
      <Hsp_query-from>519</Hsp_query-from>
      <Hsp_query-to>583</Hsp_query-to>
      <Hsp_hit-from>56299096</Hsp_hit-from>
      <Hsp_hit-to>56299160</Hsp_hit-to>
      <Hsp_query-frame>1</Hsp_query-frame>
      <Hsp_hit-frame>1</Hsp_hit-frame>
      <Hsp_identity>54</Hsp_identity>
      <Hsp_positive>54</Hsp_positive>
      <Hsp_gaps>2</Hsp_gaps>
      <Hsp_align-len>66</Hsp_align-len>
      <Hsp_qseq>GACTGGTACTTCTTCAG-CCACAAGGACAAGAAGTATCCAACCGGGACCAGGACGAACCGGGCAAC</Hsp_qseq>
      <Hsp_hseq>GAATGGTACTTCTTCAGCCCACGA-GACCGGAAGTATCCTAACGGTTCCAGGACAAACCGAGCAAC</Hsp_hseq>
      <Hsp_midline>|| |||||||||||||| |||| | |||  ||||||||| | |||  ||||||| ||||| |||||</Hsp_midline>
    </Hsp>
    <Hsp>
      <Hsp_num>15</Hsp_num>
      <Hsp_bit-score>56.2891</Hsp_bit-score>
      <Hsp_score>61</Hsp_score>
      <Hsp_evalue>0.0289728</Hsp_evalue>
      <Hsp_query-from>645</Hsp_query-from>
      <Hsp_query-to>727</Hsp_query-to>
      <Hsp_hit-from>16120510</Hsp_hit-from>
      <Hsp_hit-to>16120428</Hsp_hit-to>
      <Hsp_query-frame>1</Hsp_query-frame>
      <Hsp_hit-frame>-1</Hsp_hit-frame>
      <Hsp_identity>62</Hsp_identity>
      <Hsp_positive>62</Hsp_positive>
      <Hsp_gaps>0</Hsp_gaps>
      <Hsp_align-len>83</Hsp_align-len>
      <Hsp_qseq>ATTGGACTGAGGAAGACACTCGTGTTCTACAAAGGAAGAGCTCCTCACGGTCAGAAATCCGACTGGATCATGCATGAGTATCG</Hsp_qseq>
      <Hsp_hseq>ATAGGTCTAAAGAAGTCACTGGTGTTCTACCAAGGAAGAGCTGCGAAAGGAGTTAAGACTGATTGGATGATGCATGAGTTTCG</Hsp_hseq>
      <Hsp_midline>|| || || | |||| |||| ||||||||| ||||||||||| |  | ||    ||  | || ||||| |||||||||| |||</Hsp_midline>
    </Hsp>
    <Hsp>
      <Hsp_num>16</Hsp_num>
      <Hsp_bit-score>51.7806</Hsp_bit-score>
      <Hsp_score>56</Hsp_score>
      <Hsp_evalue>0.352961</Hsp_evalue>
      <Hsp_query-from>1087</Hsp_query-from>
      <Hsp_query-to>1114</Hsp_query-to>
      <Hsp_hit-from>5429078</Hsp_hit-from>
      <Hsp_hit-to>5429051</Hsp_hit-to>
      <Hsp_query-frame>1</Hsp_query-frame>
      <Hsp_hit-frame>-1</Hsp_hit-frame>
      <Hsp_identity>28</Hsp_identity>
      <Hsp_positive>28</Hsp_positive>
      <Hsp_gaps>0</Hsp_gaps>
      <Hsp_align-len>28</Hsp_align-len>
      <Hsp_qseq>GATTTTTTTTTTTGTTTCAAAATAAAAG</Hsp_qseq>
      <Hsp_hseq>GATTTTTTTTTTTGTTTCAAAATAAAAG</Hsp_hseq>
      <Hsp_midline>||||||||||||||||||||||||||||</Hsp_midline>
    </Hsp>
  </Hit_hsps>
</Hit>
<Hit>
  <Hit_num>30</Hit_num>
  <Hit_id>gi|1516510546|emb|LR031570.1|</Hit_id>
  <Hit_def>Brassica rapa genome, scaffold: A05</Hit_def>
  <Hit_accession>LR031570</Hit_accession>
  <Hit_len>47572232</Hit_len>
  <Hit_hsps>
    <Hsp>
      <Hsp_num>1</Hsp_num>
      <Hsp_bit-score>815.507</Hsp_bit-score>
      <Hsp_score>903</Hsp_score>
      <Hsp_evalue>0</Hsp_evalue>
      <Hsp_query-from>1</Hsp_query-from>
      <Hsp_query-to>791</Hsp_query-to>
      <Hsp_hit-from>34648450</Hsp_hit-from>
      <Hsp_hit-to>34649222</Hsp_hit-to>
      <Hsp_query-frame>1</Hsp_query-frame>
      <Hsp_hit-frame>1</Hsp_hit-frame>
      <Hsp_identity>672</Hsp_identity>
      <Hsp_positive>672</Hsp_positive>
      <Hsp_gaps>52</Hsp_gaps>
      <Hsp_align-len>808</Hsp_align-len>
      <Hsp_qseq>AAAGACACTTTAATGCATGA---------ACTTCTTTGTTTAAATAACAATTTCCCCCTT-TTGGGGGCTATGTCTCGTCGAGT---CCTACCACCATTATAAATT-ATCTCATCGTTTGCTTTCTTTTTTTTAAGTTGTAACCATTTCCACTCGTAATCATACAACTTCTCTACTCTTCTAGAGCAAAAAC---CCAAAAATATATTGCTATCTTCGTTAATGGCTGATAATAAGGTCAATCTTTCGATTAATGGACAATCAAAAGTGCCTCCAGGTTTCAGATTCCATCCCACCGAAGAAGAACTTCTCCATTACTATCTCCGTAAGAAAGTTAACTCTCAAAAGATCGATCTTGATGTCATTCGTGAAGTTGATCTAAACAAGCTTGAGCCTTGGGATATTCAAGGTTAAACCCTAAATATGAAAAAAAACTCTTTCATTTCTACGAACTCTCTATTTCTTTGTTCTTTATTTTTGAACCATTTTGGTATGCAAATGCAGAGGAATGTAGAATCGGTTCAACGCCACAAAACGACTGGTACTTCTTCAGCCACAAGGACAAGAAGTATCCAACCGGGACCAGGACGAACCGGGCAACAGTCGCTGGATTCTGGAAAGCTACCGGACGTGACAAAATCATCTGCAGTTGTGTCCGGAGAATTGGACTGAGGAAGACACTCGTGTTCTACAAAGGAAGAGCTCCTCACGGTCAGAAATCCGACTGGATCATGCATGAGTATCGCCTCGACGATACTCCAATGTCTAATGTAAGTATATATAGCAATCATCAATTTGCAGTTTAGGTT</Hsp_qseq>
      <Hsp_hseq>AAAGACACTTTAATGCATTCTAATTTTCCACATCTTTATTTAAATAATAATTTCCCCCTTATTAGGGGCT--GTATCCTCGAGTGATCCCACCACCATTATAAAATGATCTCATCGCCTGCTATGCT------AAGTTGTAACCACTTC-ACTTGTAATCATTCAACTTCTCTACTCTACTAGAGCAAAAACAAACTAAAAAGATATCGTTATCATCATCAATGGCGGAGAAAAATGTAAATCTTTCAATTAATGGACAATCAAAAGTGCCTCCAGGTTTCAGATTCCATCCAACAGAAGAAGAACTTCTCCATTACTATCTCCGCAAGAAAGTTCACTCTCAAAAGATCGATCTTGATGTCATTCGTGAAGTAGATCTCAACAAGCTTGAGCCTTGGGATATTCAAGGTT-----CT-TCTAACACATAAAAC-CTTT-ATATCAA--AAC-CTCT-TTTCT----------TTTTTGAACCATTTTGGTTAGCAAATGCAGAGGAATGTAGAATCGGGTTGACGCCACAGAACGATTGGTACTTCTTCAGTCATAAGGACAAGAAATATCCAACCGGGACTAGAACAAACCGGGCAACAGTCGCTGGATTCTGGAAAGCTACTGGACGTGATAAGATCATCTATAGTTGTGTCCGGAGAATTGGATTGAGAAAGACCCTCGTGTTCTATAAAGGAAGAGCTCCTCATGGTGAAAAATCTGATTGGATCATGCATGAGTATCGCCTCGACGATACTCCAACAAGTAATGTAAG----TGTAGCTATCATCAATAATCATTGTAGGTT</Hsp_hseq>
      <Hsp_midline>||||||||||||||||||           || ||||| ||||||||| |||||||||||| || ||||||  || || ||||||   || |||||||||||||| | |||||||||  |||| |  |      |||||||||||| ||| ||| |||||||| ||||||||||||||| |||||||||||||   | ||||| |||| | |||| || | |||||| || || || || |||||||| |||||||||||||||||||||||||||||||||||||||||||| || ||||||||||||||||||||||||||||| ||||||||| ||||||||||||||||||||||||||||||||||||| ||||| |||||||||||||||||||||||||||||||     ||   ||  | | ||||| |||| || || |  ||| |||| |||||          ||||||||||||||||||  |||||||||||||||||||||||||| |  |||||||| ||||| |||||||||||||| || ||||||||||| |||||||||||||| || || ||||||||||||||||||||||||||||||||||| |||||||| || |||||||  ||||||||||||||||||||| |||| ||||| ||||||||||| ||||||||||||||||| ||| | ||||| || |||||||||||||||||||||||||||||||||||||    |||||||||    | |||| |||||||||   || | ||||||</Hsp_midline>
    </Hsp>
    <Hsp>
      <Hsp_num>2</Hsp_num>
      <Hsp_bit-score>717.224</Hsp_bit-score>
      <Hsp_score>794</Hsp_score>
      <Hsp_evalue>0</Hsp_evalue>
      <Hsp_query-from>1138</Hsp_query-from>
      <Hsp_query-to>1835</Hsp_query-to>
      <Hsp_hit-from>34649799</Hsp_hit-from>
      <Hsp_hit-to>34650505</Hsp_hit-to>
      <Hsp_query-frame>1</Hsp_query-frame>
      <Hsp_hit-frame>1</Hsp_hit-frame>
      <Hsp_identity>593</Hsp_identity>
      <Hsp_positive>593</Hsp_positive>
      <Hsp_gaps>27</Hsp_gaps>
      <Hsp_align-len>716</Hsp_align-len>
      <Hsp_qseq>TTAATCATCTCTTATTGCATTTCATAA--GATCGATTTGTGTTCCATTATCAGGGCTATGCTGATGTTGTTACAGAAGATCCAATGAGCTATAACGAAGAAGGTTGGGTGGTATGTCGAGTGTTCAGGAAGAAGAACTATCAAAAGATTGACGATTGTCCTAAAATCACTCTATCTTCTTTACCTGATGACACGGAGG--AAGAGAAGGGGC-CCACCTTTCACAACACTCAAAACGTTACCGGTTTAGACCATGTTCTTCTCTACATGGACCGTACCGGTTCTAACATTTGCATGCCCGAGAGCCAAACAACGACTCAACATCAAGATGATGTCTTATTCATGCAACTCCCAAGTCTTGAGACACCTAAATCCGAGAGCCCGGTCGACCAAAGTTTCCTGACTCCAAGCAAACTCGATT--TCTCTCCCGTTCAAGAGAAGATAACCGAAAGACCGGTTTGCAGCAACTGGGCTAGTCTTGACCGGCTCGTAGCTTGGCAATTGAACAATGGTCATCATAATCCGTGTCATCGTAAGAGTTTTGATGAAGAAGAAGAAAATGGTGATACTATGATGCAGCGATGGGATCTTCATTGGAATAATGATGATAATGTTGATCTTTGGAGTAGTTTCACTGA---------GTCTTCTTCGTCTTTAGACCCACTTCTTCATTTATCTGTATGAT--TATCTATACATACACATACACA</Hsp_qseq>
      <Hsp_hseq>TTCATAATCTTCTAATGCATTTT-TAATTGATCGGTCTGT--TCCATTAGCAGGGCTGTTCTGATGTTGTAACTGAAGACCCAATGAGTTACAACGAAGACGGTTGGGTGGTATGTCGAGTGTTCAGGAAGAAAAATTATCAAAAGATCGACGATTCTCCTAAAATCACTCTATTTTCTTCACCTGATGACACTGACGAAAACAGAAGGCCCACCACCTTTCACAACACTCTAAACGCAACCGTTTTGGACCACGTTCTTCTATGCATGGACCGTTCCGGTCCCAATATTTTCATGCCCGAGATCCAAACCAAAAATCAACATCAAGACGATCTTTTATTCATGCAACTCCCAAGTCTTGAGACACCCAAATCTGAAAATCTTGTCGGCCAATGTTTAACGACCACTAACCAACTCGATTCCTCTCTTTGGTTGAAGAGAAGATAACCGGCAGACCGGGTTGCAGTAATTGGGCTAGTCTTGACCGGTTAGTGGCGTGGCAATTGAACAATGGTCATCATA---CGTGTGATCGTACGAGTTTTGACGAAGAAGAAG---ATGGTGATGCCATGATGCAGCGATGGGATCTTCACTGGAATAATGATGATAATGTCGATATCTGGAGTAGCTTCGCAGAATCTTCTTCGTCTCCTTCGTCTTTAGACCCTCTTCTTCATTTATCTGTATGATTGTATATACACATAAACATACACA</Hsp_hseq>
      <Hsp_midline>|| || ||||  || |||||||  |||  ||||| | |||  ||||||| ||||||| | |||||||||| || ||||| |||||||| || |||||||| |||||||||||||||||||||||||||||||| || ||||||||||| ||||||| ||||||||||||||||| ||||| |||||||||||| || |  || ||||||  | |||||||||||||||||| |||||  |||| ||| ||||| |||||||| | |||||||||| ||||| | || |||| ||||||||||| |||||| |  | |||||||||||| ||| | |||||||||||||||||||||||||||||||| ||||| || |  |  |||| |||| ||||   |||  | | | |||||||||  |||||   ||| |||||||||||||||  ||||||| |||||| || |||||||||||||||||| | || || |||||||||||||||||||||||||   ||||| |||||| ||||||||| ||||||||||   |||||||| | ||||||||||||||||||||||| |||||||||||||||||||| ||| | |||||||| ||| | ||         |||| |||||||||||||||| ||||||||||||||||||||||  ||| || ||||| |||||||||</Hsp_midline>
    </Hsp>
    <Hsp>
      <Hsp_num>3</Hsp_num>
      <Hsp_bit-score>217.691</Hsp_bit-score>
      <Hsp_score>240</Hsp_score>
      <Hsp_evalue>4.01662e-51</Hsp_evalue>
      <Hsp_query-from>482</Hsp_query-from>
      <Hsp_query-to>736</Hsp_query-to>
      <Hsp_hit-from>6600418</Hsp_hit-from>
      <Hsp_hit-to>6600672</Hsp_hit-to>
      <Hsp_query-frame>1</Hsp_query-frame>
      <Hsp_hit-frame>1</Hsp_hit-frame>
      <Hsp_identity>201</Hsp_identity>
      <Hsp_positive>201</Hsp_positive>
      <Hsp_gaps>0</Hsp_gaps>
      <Hsp_align-len>255</Hsp_align-len>
      <Hsp_qseq>TGCAGAGGAATGTAGAATCGGTTCAACGCCACAAAACGACTGGTACTTCTTCAGCCACAAGGACAAGAAGTATCCAACCGGGACCAGGACGAACCGGGCAACAGTCGCTGGATTCTGGAAAGCTACCGGACGTGACAAAATCATCTGCAGTTGTGTCCGGAGAATTGGACTGAGGAAGACACTCGTGTTCTACAAAGGAAGAGCTCCTCACGGTCAGAAATCCGACTGGATCATGCATGAGTATCGCCTCGACGA</Hsp_qseq>
      <Hsp_hseq>TGCAGAGATGTGTAAAATAGGAACAACGCCTCAAAACGACTGGTATTTCTTTAGCCACAAAGACAAAAAATATCCGACAGGAACCAGAACTAACCGAGCTACGGCGGCCGGATTTTGGAAAGCAACGGGTCGCGACAAGATCATATATAGTAATGGCCGTAGGATCGGGATGAGAAAGACTCTTGTTTTTTACAAAGGTCGAGCTCCTCACGGCCAAAAATCTGATTGGATCATGCATGAGTATAGACTCGACGA</Hsp_hseq>
      <Hsp_midline>|||||||   |||| ||| ||  ||||||| |||||||||||||| ||||| |||||||| ||||| || ||||| || || ||||| || ||||| || || |  || ||||| |||||||| || || || ||||| ||||| |  |||  || ||| || || ||  |||| ||||| || || || ||||||||  ||||||||||||| || ||||| || |||||||||||||||||| | ||||||||</Hsp_midline>
    </Hsp>
    <Hsp>
      <Hsp_num>4</Hsp_num>
      <Hsp_bit-score>149.163</Hsp_bit-score>
      <Hsp_score>164</Hsp_score>
      <Hsp_evalue>1.70942e-30</Hsp_evalue>
      <Hsp_query-from>235</Hsp_query-from>
      <Hsp_query-to>394</Hsp_query-to>
      <Hsp_hit-from>6599892</Hsp_hit-from>
      <Hsp_hit-to>6600051</Hsp_hit-to>
      <Hsp_query-frame>1</Hsp_query-frame>
      <Hsp_hit-frame>1</Hsp_hit-frame>
      <Hsp_identity>131</Hsp_identity>
      <Hsp_positive>131</Hsp_positive>
      <Hsp_gaps>2</Hsp_gaps>
      <Hsp_align-len>161</Hsp_align-len>
      <Hsp_qseq>AATGGACAATCAAAAGTGCCTCCAGGTTTCAGATTCCATCCCACCGAAGAAGAACTTCTCCATTACTATCTCCGTAAGAAAGTTAACTCTCAA-AAGATCGATCTTGATGTCATTCGTGAAGTTGATCTAAACAAGCTTGAGCCTTGGGATATTCAAGGTT</Hsp_qseq>
      <Hsp_hseq>AACGGACAATCTCAAGTGCCTCCTGGGTTTAGGTTTCACCCGACCGAGGAAGAGCTGCTGCAGTATTATCTCCGGAAGAAAGTCAA-TAGCATCAAGATCGATCTCGACGTTATTCGCGACGTTGATCTTAACAAGCTCGAGCCTTGGGATATTCAAGGTT</Hsp_hseq>
      <Hsp_midline>|| ||||||||  |||||||||| || || || || || || ||||| ||||| || || || || |||||||| |||||||| || |  ||  ||||||||||| || || ||||| || |||||||| |||||||| ||||||||||||||||||||||</Hsp_midline>
    </Hsp>
    <Hsp>
      <Hsp_num>5</Hsp_num>
      <Hsp_bit-score>89.6514</Hsp_bit-score>
      <Hsp_score>98</Hsp_score>
      <Hsp_evalue>1.40442e-12</Hsp_evalue>
      <Hsp_query-from>525</Hsp_query-from>
      <Hsp_query-to>733</Hsp_query-to>
      <Hsp_hit-from>46539681</Hsp_hit-from>
      <Hsp_hit-to>46539892</Hsp_hit-to>
      <Hsp_query-frame>1</Hsp_query-frame>
      <Hsp_hit-frame>1</Hsp_hit-frame>
      <Hsp_identity>149</Hsp_identity>
      <Hsp_positive>149</Hsp_positive>
      <Hsp_gaps>11</Hsp_gaps>
      <Hsp_align-len>216</Hsp_align-len>
      <Hsp_qseq>TACTTCTTCAGCCACAAGGACAAGAAGTATCCAACCGGGACCAGGACGAACCGGGCAACAGTCGCTGGATTCTGGAAAGCTACCGGACGTGACAAAATCATCTGCAGTTG-------TGTCCGGAGAATTGGACTGAGGAAGACACTCGTGTTCTACAAAGGAAGAGCTCCTCACGGTCAGAAATCCGACTGGATCATGCATGAGTATCGCCTCGA</Hsp_qseq>
      <Hsp_hseq>TACTTCTTTTGCCAGCGGGATAGGAAGTACCCAACCGGTATGAGGACGAACCGTGCAACCCTGTCGGGTTACTGGAAAGCGACGGGGAAGGACAAGGAGATCTTTAGAGGCAAAGGTTGTCTTG----TTGGGATGAAGAAAACACTTGTGTTCTATAGAGGAAGAGCTCCAAAAGGTGAAAAGACCAATTGGGTTATGCATGAGTTTCGTCTTGA</Hsp_hseq>
      <Hsp_midline>||||||||  ||||   ||| | |||||| |||||||| |  ||||||||||| |||||  |  | || | ||||||||| || ||    |||||    ||||  ||  |       ||||  |    ||||  ||| ||| ||||| |||||||| | ||||||||||||  | ||| | ||  || | ||| | |||||||||| ||| || ||</Hsp_midline>
    </Hsp>
    <Hsp>
      <Hsp_num>6</Hsp_num>
      <Hsp_bit-score>88.7497</Hsp_bit-score>
      <Hsp_score>97</Hsp_score>
      <Hsp_evalue>4.9019e-12</Hsp_evalue>
      <Hsp_query-from>503</Hsp_query-from>
      <Hsp_query-to>733</Hsp_query-to>
      <Hsp_hit-from>39653204</Hsp_hit-from>
      <Hsp_hit-to>39653434</Hsp_hit-to>
      <Hsp_query-frame>1</Hsp_query-frame>
      <Hsp_hit-frame>1</Hsp_hit-frame>
      <Hsp_identity>158</Hsp_identity>
      <Hsp_positive>158</Hsp_positive>
      <Hsp_gaps>0</Hsp_gaps>
      <Hsp_align-len>231</Hsp_align-len>
      <Hsp_qseq>TTCAACGCCACAAAACGACTGGTACTTCTTCAGCCACAAGGACAAGAAGTATCCAACCGGGACCAGGACGAACCGGGCAACAGTCGCTGGATTCTGGAAAGCTACCGGACGTGACAAAATCATCTGCAGTTGTGTCCGGAGAATTGGACTGAGGAAGACACTCGTGTTCTACAAAGGAAGAGCTCCTCACGGTCAGAAATCCGACTGGATCATGCATGAGTATCGCCTCGA</Hsp_qseq>
      <Hsp_hseq>TTCAATGGGAGAGAAAGAGTGGTACTTCTTCAGCCTAAGAGACCGGAAATACCCAACCGGTTTAAGGACAAACCGAGCAACTGAAGCCGGTTATTGGAAAACCACGGGTAAAGATAAAGAGATATACAGAAGTGGAGTGCTGGTTGGGATGAAGAAAACCTTAGTTTTCTACAAAGGAAGAGCTCCAAAGGGCGAGAAAAGCAATTGGGTTATGCATGAGTATAGGCTTGA</Hsp_hseq>
      <Hsp_midline>||||| |  | | || || ||||||||||||||||  |  |||  ||| || ||||||||    ||||| ||||| ||||| |  || || |  |||||| | || ||    || |||   || | |||  |||    |    ||||  ||| ||| ||  | || ||||||||||||||||||||  | ||  |||||  | | ||| | |||||||||||| | || ||</Hsp_midline>
    </Hsp>
    <Hsp>
      <Hsp_num>7</Hsp_num>
      <Hsp_bit-score>72.5194</Hsp_bit-score>
      <Hsp_score>79</Hsp_score>
      <Hsp_evalue>3.76858e-07</Hsp_evalue>
      <Hsp_query-from>519</Hsp_query-from>
      <Hsp_query-to>736</Hsp_query-to>
      <Hsp_hit-from>40118768</Hsp_hit-from>
      <Hsp_hit-to>40118551</Hsp_hit-to>
      <Hsp_query-frame>1</Hsp_query-frame>
      <Hsp_hit-frame>-1</Hsp_hit-frame>
      <Hsp_identity>156</Hsp_identity>
      <Hsp_positive>156</Hsp_positive>
      <Hsp_gaps>14</Hsp_gaps>
      <Hsp_align-len>225</Hsp_align-len>
      <Hsp_qseq>GACTGGTACTTCTTCAGCCACAAG-GACAAGAAGTATCCAACCGGGACCAGGACGAACCGGGCAACAGTCGCTGGATTCTGGAAAGCTACCGGACGTGACAAAATCATCTGCAGTTGTGTCC--GGAGA---ATTGGACTGAGGAAGACACTCGTGTTCTACAAAGGAAGAGCTCCTCACGGTCAGAAATCCG-ACTGGATCATGCATGAGTATCGCCTCGACGA</Hsp_qseq>
      <Hsp_hseq>GAATGGTATTTTTTCGGGC-CACGTGACCGGAAGTATCCGAACGGGTTTAGAACGAACCGAGCAACGAGAGGTGGATACTGGAAATCGACCGG----GA-AAGATCGGAGAGTGACGAGTCAAAGCAGAGCGATTGGGATGAAGAAGACTTTGGTTTACTATAGAGGAAGAGCTCCTCAAGGT-ATACGTACGGATTGGGTCATGCATGAGTATCGTCTCGATGA</Hsp_hseq>
      <Hsp_midline>|| ||||| || ||| | | || | |||  ||||||||| | ||||   || |||||||| |||||    | ||||| ||||||| | |||||    || || |||       |  | |||   | |||   |||||  ||| ||||||  | || | ||| | ||||||||||||||| ||| | |  | || | ||| |||||||||||||||| ||||| ||</Hsp_midline>
    </Hsp>
    <Hsp>
      <Hsp_num>8</Hsp_num>
      <Hsp_bit-score>63.5025</Hsp_bit-score>
      <Hsp_score>69</Hsp_score>
      <Hsp_evalue>0.000195217</Hsp_evalue>
      <Hsp_query-from>519</Hsp_query-from>
      <Hsp_query-to>731</Hsp_query-to>
      <Hsp_hit-from>41083149</Hsp_hit-from>
      <Hsp_hit-to>41082931</Hsp_hit-to>
      <Hsp_query-frame>1</Hsp_query-frame>
      <Hsp_hit-frame>-1</Hsp_hit-frame>
      <Hsp_identity>150</Hsp_identity>
      <Hsp_positive>150</Hsp_positive>
      <Hsp_gaps>16</Hsp_gaps>
      <Hsp_align-len>224</Hsp_align-len>
      <Hsp_qseq>GACTGGTACTTCTTCAGCCACAAGGACAAGAAGTATCCAACCGGGACCAGGACGAACCG---GGCAACAGTCGCTGGATTCTGGAAAGCTACCGGACGTGACAAA--------ATCATCTGCAGTTGTGTCCGGAGAATTGGACTGAGGAAGACACTCGTGTTCTACAAAGGAAGAGCTCCTCACGGTCAGAAATCCGACTGGATCATGCATGAGTATCGCCTC</Hsp_qseq>
      <Hsp_hseq>GAATGGTACTTCTTCAGTCCTAGAGATCGGAAGTATCCGAACGGAGCTAGGCCGAACAGAGCGGCAAC-GTCA--GGGTACTGGAAAGCGACGGGTACTGACAAACCGGTGCTAGCCTCTGACG--GTAACCAAAAGGTCGGCGTGAAGAAGGCACTGGTCTTCTACAGTGGCAAACCTCCAAAAGGTATTAAAAGTGATTGGATCATGCATGAGTATCGTCTC</Hsp_hseq>
      <Hsp_midline>|| |||||||||||||| |  |  ||   ||||||||| | |||  | ||| ||||| |   |||||| |||   || | ||||||||| || ||   |||||||        | | ||||  |  ||  ||  |   | ||  ||| |||| |||| || |||||||  || | | ||||  | |||   |||   || |||||||||||||||||||| |||</Hsp_midline>
    </Hsp>
    <Hsp>
      <Hsp_num>9</Hsp_num>
      <Hsp_bit-score>48.1739</Hsp_bit-score>
      <Hsp_score>52</Hsp_score>
      <Hsp_evalue>4.29995</Hsp_evalue>
      <Hsp_query-from>519</Hsp_query-from>
      <Hsp_query-to>730</Hsp_query-to>
      <Hsp_hit-from>43229948</Hsp_hit-from>
      <Hsp_hit-to>43229737</Hsp_hit-to>
      <Hsp_query-frame>1</Hsp_query-frame>
      <Hsp_hit-frame>-1</Hsp_hit-frame>
      <Hsp_identity>140</Hsp_identity>
      <Hsp_positive>140</Hsp_positive>
      <Hsp_gaps>4</Hsp_gaps>
      <Hsp_align-len>214</Hsp_align-len>
      <Hsp_qseq>GACTGGTACTTCTTCAGCCACAAGGACAAGAAGTATCCAACCGGGACCAGGACGAACCGGGCAACAGTCGCTGGATTCTGGAAAGCTACCGGACGTGACAAAATCATCTGCAGTTGTGTCCGGAGAATTGGACTGAGGAAGACACTCGTGTTCTACAAAGGAAGAGCTCCTCACGG--TCAGAAATCCGACTGGATCATGCATGAGTATCGCCT</Hsp_qseq>
      <Hsp_hseq>GAATGGTACTTCTACAGCGCGTTAGATAAGAAGTACGGGAACGGCGCTAGAATGAACCGAGCCACTAACAAAGGCTACTGGAAAGCCACCGGAAAAGACAGAGAAATCCGCCGTGACATTCAGCTGCTCGGTATGAAAAAGACACTCGTTTTCCACAGCGGGCGTGCCCCGGATGGGCTCCGCA--CCAACTGGGTCATGCACGAGTATCGCCT</Hsp_hseq>
      <Hsp_midline>|| |||||||||| ||||      || ||||||||    | |||  | || | |||||| || ||   |   || | ||||||||| ||||||   |||| |   ||| || ||    | | |    | ||  |||  ||||||||||| ||| |||  ||  | || ||  | ||  || | |  || ||||| ||||||| |||||||||||</Hsp_midline>
    </Hsp>
  </Hit_hsps>
</Hit>
<Hit>
  <Hit_num>31</Hit_num>
  <Hit_id>gi|2067564491|emb|LS974621.2|</Hit_id>
  <Hit_def>Brassica rapa genome assembly, chromosome: A05</Hit_def>
  <Hit_accession>LS974621</Hit_accession>
  <Hit_len>45267812</Hit_len>
  <Hit_hsps>
    <Hsp>
      <Hsp_num>1</Hsp_num>
      <Hsp_bit-score>815.507</Hsp_bit-score>
      <Hsp_score>903</Hsp_score>
      <Hsp_evalue>0</Hsp_evalue>
      <Hsp_query-from>1</Hsp_query-from>
      <Hsp_query-to>791</Hsp_query-to>
      <Hsp_hit-from>31308665</Hsp_hit-from>
      <Hsp_hit-to>31309437</Hsp_hit-to>
      <Hsp_query-frame>1</Hsp_query-frame>
      <Hsp_hit-frame>1</Hsp_hit-frame>
      <Hsp_identity>672</Hsp_identity>
      <Hsp_positive>672</Hsp_positive>
      <Hsp_gaps>52</Hsp_gaps>
      <Hsp_align-len>808</Hsp_align-len>
      <Hsp_qseq>AAAGACACTTTAATGCATGA---------ACTTCTTTGTTTAAATAACAATTTCCCCCTT-TTGGGGGCTATGTCTCGTCGAGT---CCTACCACCATTATAAATT-ATCTCATCGTTTGCTTTCTTTTTTTTAAGTTGTAACCATTTCCACTCGTAATCATACAACTTCTCTACTCTTCTAGAGCAAAAAC---CCAAAAATATATTGCTATCTTCGTTAATGGCTGATAATAAGGTCAATCTTTCGATTAATGGACAATCAAAAGTGCCTCCAGGTTTCAGATTCCATCCCACCGAAGAAGAACTTCTCCATTACTATCTCCGTAAGAAAGTTAACTCTCAAAAGATCGATCTTGATGTCATTCGTGAAGTTGATCTAAACAAGCTTGAGCCTTGGGATATTCAAGGTTAAACCCTAAATATGAAAAAAAACTCTTTCATTTCTACGAACTCTCTATTTCTTTGTTCTTTATTTTTGAACCATTTTGGTATGCAAATGCAGAGGAATGTAGAATCGGTTCAACGCCACAAAACGACTGGTACTTCTTCAGCCACAAGGACAAGAAGTATCCAACCGGGACCAGGACGAACCGGGCAACAGTCGCTGGATTCTGGAAAGCTACCGGACGTGACAAAATCATCTGCAGTTGTGTCCGGAGAATTGGACTGAGGAAGACACTCGTGTTCTACAAAGGAAGAGCTCCTCACGGTCAGAAATCCGACTGGATCATGCATGAGTATCGCCTCGACGATACTCCAATGTCTAATGTAAGTATATATAGCAATCATCAATTTGCAGTTTAGGTT</Hsp_qseq>
      <Hsp_hseq>AAAGACACTTTAATGCATTCTAATTTTCCACATCTTTATTTAAATAATAATTTCCCCCTTATTAGGGGCT--GTATCCTCGAGTGATCCCACCACCATTATAAAATGATCTCATCGCCTGCTATGCT------AAGTTGTAACCACTTC-ACTTGTAATCATTCAACTTCTCTACTCTACTAGAGCAAAAACAAACTAAAAAGATATCGTTATCATCATCAATGGCGGAGAAAAATGTAAATCTTTCAATTAATGGACAATCAAAAGTGCCTCCAGGTTTCAGATTCCATCCAACAGAAGAAGAACTTCTCCATTACTATCTCCGCAAGAAAGTTCACTCTCAAAAGATCGATCTTGATGTCATTCGTGAAGTAGATCTCAACAAGCTTGAGCCTTGGGATATTCAAGGTT-----CT-TCTAACACATAAAAC-CTTT-ATATCAA--AAC-CTCT-TTTCT----------TTTTTGAACCATTTTGGTTAGCAAATGCAGAGGAATGTAGAATCGGGTTGACGCCACAGAACGATTGGTACTTCTTCAGTCATAAGGACAAGAAATATCCAACCGGGACTAGAACAAACCGGGCAACAGTCGCTGGATTCTGGAAAGCTACTGGACGTGATAAGATCATCTATAGTTGTGTCCGGAGAATTGGATTGAGAAAGACCCTCGTGTTCTATAAAGGAAGAGCTCCTCATGGTGAAAAATCTGATTGGATCATGCATGAGTATCGCCTCGACGATACTCCAACAAGTAATGTAAG----TGTAGCTATCATCAATAATCATTGTAGGTT</Hsp_hseq>
      <Hsp_midline>||||||||||||||||||           || ||||| ||||||||| |||||||||||| || ||||||  || || ||||||   || |||||||||||||| | |||||||||  |||| |  |      |||||||||||| ||| ||| |||||||| ||||||||||||||| |||||||||||||   | ||||| |||| | |||| || | |||||| || || || || |||||||| |||||||||||||||||||||||||||||||||||||||||||| || ||||||||||||||||||||||||||||| ||||||||| ||||||||||||||||||||||||||||||||||||| ||||| |||||||||||||||||||||||||||||||     ||   ||  | | ||||| |||| || || |  ||| |||| |||||          ||||||||||||||||||  |||||||||||||||||||||||||| |  |||||||| ||||| |||||||||||||| || ||||||||||| |||||||||||||| || || ||||||||||||||||||||||||||||||||||| |||||||| || |||||||  ||||||||||||||||||||| |||| ||||| ||||||||||| ||||||||||||||||| ||| | ||||| || |||||||||||||||||||||||||||||||||||||    |||||||||    | |||| |||||||||   || | ||||||</Hsp_midline>
    </Hsp>
    <Hsp>
      <Hsp_num>2</Hsp_num>
      <Hsp_bit-score>717.224</Hsp_bit-score>
      <Hsp_score>794</Hsp_score>
      <Hsp_evalue>0</Hsp_evalue>
      <Hsp_query-from>1138</Hsp_query-from>
      <Hsp_query-to>1835</Hsp_query-to>
      <Hsp_hit-from>31310014</Hsp_hit-from>
      <Hsp_hit-to>31310720</Hsp_hit-to>
      <Hsp_query-frame>1</Hsp_query-frame>
      <Hsp_hit-frame>1</Hsp_hit-frame>
      <Hsp_identity>593</Hsp_identity>
      <Hsp_positive>593</Hsp_positive>
      <Hsp_gaps>27</Hsp_gaps>
      <Hsp_align-len>716</Hsp_align-len>
      <Hsp_qseq>TTAATCATCTCTTATTGCATTTCATAA--GATCGATTTGTGTTCCATTATCAGGGCTATGCTGATGTTGTTACAGAAGATCCAATGAGCTATAACGAAGAAGGTTGGGTGGTATGTCGAGTGTTCAGGAAGAAGAACTATCAAAAGATTGACGATTGTCCTAAAATCACTCTATCTTCTTTACCTGATGACACGGAGG--AAGAGAAGGGGC-CCACCTTTCACAACACTCAAAACGTTACCGGTTTAGACCATGTTCTTCTCTACATGGACCGTACCGGTTCTAACATTTGCATGCCCGAGAGCCAAACAACGACTCAACATCAAGATGATGTCTTATTCATGCAACTCCCAAGTCTTGAGACACCTAAATCCGAGAGCCCGGTCGACCAAAGTTTCCTGACTCCAAGCAAACTCGATT--TCTCTCCCGTTCAAGAGAAGATAACCGAAAGACCGGTTTGCAGCAACTGGGCTAGTCTTGACCGGCTCGTAGCTTGGCAATTGAACAATGGTCATCATAATCCGTGTCATCGTAAGAGTTTTGATGAAGAAGAAGAAAATGGTGATACTATGATGCAGCGATGGGATCTTCATTGGAATAATGATGATAATGTTGATCTTTGGAGTAGTTTCACTGA---------GTCTTCTTCGTCTTTAGACCCACTTCTTCATTTATCTGTATGAT--TATCTATACATACACATACACA</Hsp_qseq>
      <Hsp_hseq>TTCATAATCTTCTAATGCATTTT-TAATTGATCGGTCTGT--TCCATTAGCAGGGCTGTTCTGATGTTGTAACTGAAGACCCAATGAGTTACAACGAAGACGGTTGGGTGGTATGTCGAGTGTTCAGGAAGAAAAATTATCAAAAGATCGACGATTCTCCTAAAATCACTCTATTTTCTTCACCTGATGACACTGACGAAAACAGAAGGCCCACCACCTTTCACAACACTCTAAACGCAACCGTTTTGGACCACGTTCTTCTATGCATGGACCGTTCCGGTCCCAATATTTTCATGCCCGAGATCCAAACCAAAAATCAACATCAAGACGATCTTTTATTCATGCAACTCCCAAGTCTTGAGACACCCAAATCTGAAAATCTTGTCGGCCAATGTTTAACGACCACTAACCAACTCGATTCCTCTCTTTGGTTGAAGAGAAGATAACCGGCAGACCGGGTTGCAGTAATTGGGCTAGTCTTGACCGGTTAGTGGCGTGGCAATTGAACAATGGTCATCATA---CGTGTGATCGTACGAGTTTTGACGAAGAAGAAG---ATGGTGATGCCATGATGCAGCGATGGGATCTTCACTGGAATAATGATGATAATGTCGATATCTGGAGTAGCTTCGCAGAATCTTCTTCGTCTCCTTCGTCTTTAGACCCTCTTCTTCATTTATCTGTATGATTGTATATACACATAAACATACACA</Hsp_hseq>
      <Hsp_midline>|| || ||||  || |||||||  |||  ||||| | |||  ||||||| ||||||| | |||||||||| || ||||| |||||||| || |||||||| |||||||||||||||||||||||||||||||| || ||||||||||| ||||||| ||||||||||||||||| ||||| |||||||||||| || |  || ||||||  | |||||||||||||||||| |||||  |||| ||| ||||| |||||||| | |||||||||| ||||| | || |||| ||||||||||| |||||| |  | |||||||||||| ||| | |||||||||||||||||||||||||||||||| ||||| || |  |  |||| |||| ||||   |||  | | | |||||||||  |||||   ||| |||||||||||||||  ||||||| |||||| || |||||||||||||||||| | || || |||||||||||||||||||||||||   ||||| |||||| ||||||||| ||||||||||   |||||||| | ||||||||||||||||||||||| |||||||||||||||||||| ||| | |||||||| ||| | ||         |||| |||||||||||||||| ||||||||||||||||||||||  ||| || ||||| |||||||||</Hsp_midline>
    </Hsp>
    <Hsp>
      <Hsp_num>3</Hsp_num>
      <Hsp_bit-score>217.691</Hsp_bit-score>
      <Hsp_score>240</Hsp_score>
      <Hsp_evalue>4.01662e-51</Hsp_evalue>
      <Hsp_query-from>482</Hsp_query-from>
      <Hsp_query-to>736</Hsp_query-to>
      <Hsp_hit-from>669993</Hsp_hit-from>
      <Hsp_hit-to>670247</Hsp_hit-to>
      <Hsp_query-frame>1</Hsp_query-frame>
      <Hsp_hit-frame>1</Hsp_hit-frame>
      <Hsp_identity>201</Hsp_identity>
      <Hsp_positive>201</Hsp_positive>
      <Hsp_gaps>0</Hsp_gaps>
      <Hsp_align-len>255</Hsp_align-len>
      <Hsp_qseq>TGCAGAGGAATGTAGAATCGGTTCAACGCCACAAAACGACTGGTACTTCTTCAGCCACAAGGACAAGAAGTATCCAACCGGGACCAGGACGAACCGGGCAACAGTCGCTGGATTCTGGAAAGCTACCGGACGTGACAAAATCATCTGCAGTTGTGTCCGGAGAATTGGACTGAGGAAGACACTCGTGTTCTACAAAGGAAGAGCTCCTCACGGTCAGAAATCCGACTGGATCATGCATGAGTATCGCCTCGACGA</Hsp_qseq>
      <Hsp_hseq>TGCAGAGATGTGTAAAATAGGAACAACGCCTCAAAACGACTGGTATTTCTTTAGCCACAAAGACAAAAAATATCCGACAGGAACCAGAACTAACCGAGCTACGGCGGCCGGATTTTGGAAAGCAACGGGTCGCGACAAGATCATATATAGTAATGGCCGTAGGATCGGGATGAGAAAGACTCTTGTTTTTTACAAAGGTCGAGCTCCTCACGGCCAAAAATCTGATTGGATCATGCATGAGTATAGACTCGACGA</Hsp_hseq>
      <Hsp_midline>|||||||   |||| ||| ||  ||||||| |||||||||||||| ||||| |||||||| ||||| || ||||| || || ||||| || ||||| || || |  || ||||| |||||||| || || || ||||| ||||| |  |||  || ||| || || ||  |||| ||||| || || || ||||||||  ||||||||||||| || ||||| || |||||||||||||||||| | ||||||||</Hsp_midline>
    </Hsp>
    <Hsp>
      <Hsp_num>4</Hsp_num>
      <Hsp_bit-score>149.163</Hsp_bit-score>
      <Hsp_score>164</Hsp_score>
      <Hsp_evalue>1.70942e-30</Hsp_evalue>
      <Hsp_query-from>235</Hsp_query-from>
      <Hsp_query-to>394</Hsp_query-to>
      <Hsp_hit-from>669467</Hsp_hit-from>
      <Hsp_hit-to>669626</Hsp_hit-to>
      <Hsp_query-frame>1</Hsp_query-frame>
      <Hsp_hit-frame>1</Hsp_hit-frame>
      <Hsp_identity>131</Hsp_identity>
      <Hsp_positive>131</Hsp_positive>
      <Hsp_gaps>2</Hsp_gaps>
      <Hsp_align-len>161</Hsp_align-len>
      <Hsp_qseq>AATGGACAATCAAAAGTGCCTCCAGGTTTCAGATTCCATCCCACCGAAGAAGAACTTCTCCATTACTATCTCCGTAAGAAAGTTAACTCTCAA-AAGATCGATCTTGATGTCATTCGTGAAGTTGATCTAAACAAGCTTGAGCCTTGGGATATTCAAGGTT</Hsp_qseq>
      <Hsp_hseq>AACGGACAATCTCAAGTGCCTCCTGGGTTTAGGTTTCACCCGACCGAGGAAGAGCTGCTGCAGTATTATCTCCGGAAGAAAGTCAA-TAGCATCAAGATCGATCTCGACGTTATTCGCGACGTTGATCTTAACAAGCTCGAGCCTTGGGATATTCAAGGTT</Hsp_hseq>
      <Hsp_midline>|| ||||||||  |||||||||| || || || || || || ||||| ||||| || || || || |||||||| |||||||| || |  ||  ||||||||||| || || ||||| || |||||||| |||||||| ||||||||||||||||||||||</Hsp_midline>
    </Hsp>
    <Hsp>
      <Hsp_num>5</Hsp_num>
      <Hsp_bit-score>89.6514</Hsp_bit-score>
      <Hsp_score>98</Hsp_score>
      <Hsp_evalue>1.40442e-12</Hsp_evalue>
      <Hsp_query-from>525</Hsp_query-from>
      <Hsp_query-to>733</Hsp_query-to>
      <Hsp_hit-from>43434269</Hsp_hit-from>
      <Hsp_hit-to>43434480</Hsp_hit-to>
      <Hsp_query-frame>1</Hsp_query-frame>
      <Hsp_hit-frame>1</Hsp_hit-frame>
      <Hsp_identity>149</Hsp_identity>
      <Hsp_positive>149</Hsp_positive>
      <Hsp_gaps>11</Hsp_gaps>
      <Hsp_align-len>216</Hsp_align-len>
      <Hsp_qseq>TACTTCTTCAGCCACAAGGACAAGAAGTATCCAACCGGGACCAGGACGAACCGGGCAACAGTCGCTGGATTCTGGAAAGCTACCGGACGTGACAAAATCATCTGCAGTTG-------TGTCCGGAGAATTGGACTGAGGAAGACACTCGTGTTCTACAAAGGAAGAGCTCCTCACGGTCAGAAATCCGACTGGATCATGCATGAGTATCGCCTCGA</Hsp_qseq>
      <Hsp_hseq>TACTTCTTTTGCCAGCGGGATAGGAAGTACCCAACCGGTATGAGGACGAACCGTGCAACCCTGTCGGGTTACTGGAAAGCGACGGGGAAGGACAAGGAGATCTTTAGAGGCAAAGGTTGTCTTG----TTGGGATGAAGAAAACACTTGTGTTCTATAGAGGAAGAGCTCCAAAAGGTGAAAAGACCAATTGGGTTATGCATGAGTTTCGTCTTGA</Hsp_hseq>
      <Hsp_midline>||||||||  ||||   ||| | |||||| |||||||| |  ||||||||||| |||||  |  | || | ||||||||| || ||    |||||    ||||  ||  |       ||||  |    ||||  ||| ||| ||||| |||||||| | ||||||||||||  | ||| | ||  || | ||| | |||||||||| ||| || ||</Hsp_midline>
    </Hsp>
    <Hsp>
      <Hsp_num>6</Hsp_num>
      <Hsp_bit-score>88.7497</Hsp_bit-score>
      <Hsp_score>97</Hsp_score>
      <Hsp_evalue>4.9019e-12</Hsp_evalue>
      <Hsp_query-from>503</Hsp_query-from>
      <Hsp_query-to>733</Hsp_query-to>
      <Hsp_hit-from>36338382</Hsp_hit-from>
      <Hsp_hit-to>36338612</Hsp_hit-to>
      <Hsp_query-frame>1</Hsp_query-frame>
      <Hsp_hit-frame>1</Hsp_hit-frame>
      <Hsp_identity>158</Hsp_identity>
      <Hsp_positive>158</Hsp_positive>
      <Hsp_gaps>0</Hsp_gaps>
      <Hsp_align-len>231</Hsp_align-len>
      <Hsp_qseq>TTCAACGCCACAAAACGACTGGTACTTCTTCAGCCACAAGGACAAGAAGTATCCAACCGGGACCAGGACGAACCGGGCAACAGTCGCTGGATTCTGGAAAGCTACCGGACGTGACAAAATCATCTGCAGTTGTGTCCGGAGAATTGGACTGAGGAAGACACTCGTGTTCTACAAAGGAAGAGCTCCTCACGGTCAGAAATCCGACTGGATCATGCATGAGTATCGCCTCGA</Hsp_qseq>
      <Hsp_hseq>TTCAATGGGAGAGAAAGAGTGGTACTTCTTCAGCCTAAGAGACCGGAAATACCCAACCGGTTTAAGGACAAACCGAGCAACTGAAGCCGGTTATTGGAAAACCACGGGTAAAGATAAAGAGATATACAGAAGTGGAGTGCTGGTTGGGATGAAGAAAACCTTAGTTTTCTACAAAGGAAGAGCTCCAAAGGGCGAGAAAAGCAATTGGGTTATGCATGAGTATAGGCTTGA</Hsp_hseq>
      <Hsp_midline>||||| |  | | || || ||||||||||||||||  |  |||  ||| || ||||||||    ||||| ||||| ||||| |  || || |  |||||| | || ||    || |||   || | |||  |||    |    ||||  ||| ||| ||  | || ||||||||||||||||||||  | ||  |||||  | | ||| | |||||||||||| | || ||</Hsp_midline>
    </Hsp>
    <Hsp>
      <Hsp_num>7</Hsp_num>
      <Hsp_bit-score>75.2244</Hsp_bit-score>
      <Hsp_score>82</Hsp_score>
      <Hsp_evalue>3.09344e-08</Hsp_evalue>
      <Hsp_query-from>253</Hsp_query-from>
      <Hsp_query-to>383</Hsp_query-to>
      <Hsp_hit-from>43833731</Hsp_hit-from>
      <Hsp_hit-to>43833861</Hsp_hit-to>
      <Hsp_query-frame>1</Hsp_query-frame>
      <Hsp_hit-frame>1</Hsp_hit-frame>
      <Hsp_identity>95</Hsp_identity>
      <Hsp_positive>95</Hsp_positive>
      <Hsp_gaps>0</Hsp_gaps>
      <Hsp_align-len>131</Hsp_align-len>
      <Hsp_qseq>CCTCCAGGTTTCAGATTCCATCCCACCGAAGAAGAACTTCTCCATTACTATCTCCGTAAGAAAGTTAACTCTCAAAAGATCGATCTTGATGTCATTCGTGAAGTTGATCTAAACAAGCTTGAGCCTTGGGA</Hsp_qseq>
      <Hsp_hseq>CCTCCAGGTTTTAGATTTCATCCAACCGATGAGGAGCTGATTACCTACTATCTGAAAAGAAAAATTAACGGTCTAGAAATCGAACTTGAGGTTATCGCTGAAGTTGATCTCTACAAGTGCGAGCCATGGGA</Hsp_hseq>
      <Hsp_midline>||||||||||| ||||| ||||| ||||| || || ||  |    ||||||||    |  ||| |||||  || | | ||||| ||||| || ||   ||||||||||||  |||||   ||||| |||||</Hsp_midline>
    </Hsp>
    <Hsp>
      <Hsp_num>8</Hsp_num>
      <Hsp_bit-score>72.5194</Hsp_bit-score>
      <Hsp_score>79</Hsp_score>
      <Hsp_evalue>3.76858e-07</Hsp_evalue>
      <Hsp_query-from>519</Hsp_query-from>
      <Hsp_query-to>736</Hsp_query-to>
      <Hsp_hit-from>36804043</Hsp_hit-from>
      <Hsp_hit-to>36803826</Hsp_hit-to>
      <Hsp_query-frame>1</Hsp_query-frame>
      <Hsp_hit-frame>-1</Hsp_hit-frame>
      <Hsp_identity>156</Hsp_identity>
      <Hsp_positive>156</Hsp_positive>
      <Hsp_gaps>14</Hsp_gaps>
      <Hsp_align-len>225</Hsp_align-len>
      <Hsp_qseq>GACTGGTACTTCTTCAGCCACAAG-GACAAGAAGTATCCAACCGGGACCAGGACGAACCGGGCAACAGTCGCTGGATTCTGGAAAGCTACCGGACGTGACAAAATCATCTGCAGTTGTGTCC--GGAGA---ATTGGACTGAGGAAGACACTCGTGTTCTACAAAGGAAGAGCTCCTCACGGTCAGAAATCCG-ACTGGATCATGCATGAGTATCGCCTCGACGA</Hsp_qseq>
      <Hsp_hseq>GAATGGTATTTTTTCGGGC-CACGTGACCGGAAGTATCCGAACGGGTTTAGAACGAACCGAGCAACGAGAGGTGGATACTGGAAATCGACCGG----GA-AAGATCGGAGAGTGACGAGTCAAAGCAGAGCGATTGGGATGAAGAAGACTTTGGTTTACTATAGAGGAAGAGCTCCTCAAGGT-ATACGTACGGATTGGGTCATGCATGAGTATCGTCTCGATGA</Hsp_hseq>
      <Hsp_midline>|| ||||| || ||| | | || | |||  ||||||||| | ||||   || |||||||| |||||    | ||||| ||||||| | |||||    || || |||       |  | |||   | |||   |||||  ||| ||||||  | || | ||| | ||||||||||||||| ||| | |  | || | ||| |||||||||||||||| ||||| ||</Hsp_midline>
    </Hsp>
    <Hsp>
      <Hsp_num>9</Hsp_num>
      <Hsp_bit-score>63.5025</Hsp_bit-score>
      <Hsp_score>69</Hsp_score>
      <Hsp_evalue>0.000195217</Hsp_evalue>
      <Hsp_query-from>519</Hsp_query-from>
      <Hsp_query-to>731</Hsp_query-to>
      <Hsp_hit-from>37769814</Hsp_hit-from>
      <Hsp_hit-to>37769596</Hsp_hit-to>
      <Hsp_query-frame>1</Hsp_query-frame>
      <Hsp_hit-frame>-1</Hsp_hit-frame>
      <Hsp_identity>150</Hsp_identity>
      <Hsp_positive>150</Hsp_positive>
      <Hsp_gaps>16</Hsp_gaps>
      <Hsp_align-len>224</Hsp_align-len>
      <Hsp_qseq>GACTGGTACTTCTTCAGCCACAAGGACAAGAAGTATCCAACCGGGACCAGGACGAACCG---GGCAACAGTCGCTGGATTCTGGAAAGCTACCGGACGTGACAAA--------ATCATCTGCAGTTGTGTCCGGAGAATTGGACTGAGGAAGACACTCGTGTTCTACAAAGGAAGAGCTCCTCACGGTCAGAAATCCGACTGGATCATGCATGAGTATCGCCTC</Hsp_qseq>
      <Hsp_hseq>GAATGGTACTTCTTCAGTCCTAGAGATCGGAAGTATCCGAACGGAGCTAGGCCGAACAGAGCGGCAAC-GTCA--GGGTACTGGAAAGCGACGGGTACTGACAAACCGGTGCTAGCCTCTGACG--GTAACCAAAAGGTCGGCGTGAAGAAGGCACTGGTCTTCTACAGTGGCAAACCTCCAAAAGGTATTAAAAGTGATTGGATCATGCATGAGTATCGTCTC</Hsp_hseq>
      <Hsp_midline>|| |||||||||||||| |  |  ||   ||||||||| | |||  | ||| ||||| |   |||||| |||   || | ||||||||| || ||   |||||||        | | ||||  |  ||  ||  |   | ||  ||| |||| |||| || |||||||  || | | ||||  | |||   |||   || |||||||||||||||||||| |||</Hsp_midline>
    </Hsp>
    <Hsp>
      <Hsp_num>10</Hsp_num>
      <Hsp_bit-score>54.4857</Hsp_bit-score>
      <Hsp_score>59</Hsp_score>
      <Hsp_evalue>0.101125</Hsp_evalue>
      <Hsp_query-from>519</Hsp_query-from>
      <Hsp_query-to>583</Hsp_query-to>
      <Hsp_hit-from>43834498</Hsp_hit-from>
      <Hsp_hit-to>43834562</Hsp_hit-to>
      <Hsp_query-frame>1</Hsp_query-frame>
      <Hsp_hit-frame>1</Hsp_hit-frame>
      <Hsp_identity>53</Hsp_identity>
      <Hsp_positive>53</Hsp_positive>
      <Hsp_gaps>2</Hsp_gaps>
      <Hsp_align-len>66</Hsp_align-len>
      <Hsp_qseq>GACTGGTACTTCTTCAG-CCACAAGGACAAGAAGTATCCAACCGGGACCAGGACGAACCGGGCAAC</Hsp_qseq>
      <Hsp_hseq>GAATGGTACTTCTTCAGCCCACGA-GACCGGAAGTATCCTAACGGTTCGAGGACAAACCGAGCAAC</Hsp_hseq>
      <Hsp_midline>|| |||||||||||||| |||| | |||  ||||||||| | |||  | ||||| ||||| |||||</Hsp_midline>
    </Hsp>
    <Hsp>
      <Hsp_num>11</Hsp_num>
      <Hsp_bit-score>48.1739</Hsp_bit-score>
      <Hsp_score>52</Hsp_score>
      <Hsp_evalue>4.29995</Hsp_evalue>
      <Hsp_query-from>519</Hsp_query-from>
      <Hsp_query-to>730</Hsp_query-to>
      <Hsp_hit-from>39918414</Hsp_hit-from>
      <Hsp_hit-to>39918203</Hsp_hit-to>
      <Hsp_query-frame>1</Hsp_query-frame>
      <Hsp_hit-frame>-1</Hsp_hit-frame>
      <Hsp_identity>140</Hsp_identity>
      <Hsp_positive>140</Hsp_positive>
      <Hsp_gaps>4</Hsp_gaps>
      <Hsp_align-len>214</Hsp_align-len>
      <Hsp_qseq>GACTGGTACTTCTTCAGCCACAAGGACAAGAAGTATCCAACCGGGACCAGGACGAACCGGGCAACAGTCGCTGGATTCTGGAAAGCTACCGGACGTGACAAAATCATCTGCAGTTGTGTCCGGAGAATTGGACTGAGGAAGACACTCGTGTTCTACAAAGGAAGAGCTCCTCACGG--TCAGAAATCCGACTGGATCATGCATGAGTATCGCCT</Hsp_qseq>
      <Hsp_hseq>GAATGGTACTTCTACAGCGCGTTAGATAAGAAGTACGGGAACGGCGCTAGAATGAACCGAGCCACTAACAAAGGCTACTGGAAAGCCACCGGAAAAGACAGAGAAATCCGCCGTGACATTCAGCTGCTCGGTATGAAAAAGACACTCGTTTTCCACAGCGGGCGTGCCCCGGATGGGCTCCGCA--CCAACTGGGTCATGCACGAGTATCGCCT</Hsp_hseq>
      <Hsp_midline>|| |||||||||| ||||      || ||||||||    | |||  | || | |||||| || ||   |   || | ||||||||| ||||||   |||| |   ||| || ||    | | |    | ||  |||  ||||||||||| ||| |||  ||  | || ||  | ||  || | |  || ||||| ||||||| |||||||||||</Hsp_midline>
    </Hsp>
  </Hit_hsps>
</Hit>
<Hit>
  <Hit_num>32</Hit_num>
  <Hit_id>gi|1997652681|emb|HG994359.1|</Hit_id>
  <Hit_def>Brassica napus genome assembly, chromosome: A05</Hit_def>
  <Hit_accession>HG994359</Hit_accession>
  <Hit_len>42112164</Hit_len>
  <Hit_hsps>
    <Hsp>
      <Hsp_num>1</Hsp_num>
      <Hsp_bit-score>815.507</Hsp_bit-score>
      <Hsp_score>903</Hsp_score>
      <Hsp_evalue>0</Hsp_evalue>
      <Hsp_query-from>1</Hsp_query-from>
      <Hsp_query-to>791</Hsp_query-to>
      <Hsp_hit-from>28583112</Hsp_hit-from>
      <Hsp_hit-to>28583884</Hsp_hit-to>
      <Hsp_query-frame>1</Hsp_query-frame>
      <Hsp_hit-frame>1</Hsp_hit-frame>
      <Hsp_identity>672</Hsp_identity>
      <Hsp_positive>672</Hsp_positive>
      <Hsp_gaps>52</Hsp_gaps>
      <Hsp_align-len>808</Hsp_align-len>
      <Hsp_qseq>AAAGACACTTTAATGCATGA---------ACTTCTTTGTTTAAATAACAATTTCCCCCTT-TTGGGGGCTATGTCTCGTCGAGT---CCTACCACCATTATAAATT-ATCTCATCGTTTGCTTTCTTTTTTTTAAGTTGTAACCATTTCCACTCGTAATCATACAACTTCTCTACTCTTCTAGAGCAAAAAC---CCAAAAATATATTGCTATCTTCGTTAATGGCTGATAATAAGGTCAATCTTTCGATTAATGGACAATCAAAAGTGCCTCCAGGTTTCAGATTCCATCCCACCGAAGAAGAACTTCTCCATTACTATCTCCGTAAGAAAGTTAACTCTCAAAAGATCGATCTTGATGTCATTCGTGAAGTTGATCTAAACAAGCTTGAGCCTTGGGATATTCAAGGTTAAACCCTAAATATGAAAAAAAACTCTTTCATTTCTACGAACTCTCTATTTCTTTGTTCTTTATTTTTGAACCATTTTGGTATGCAAATGCAGAGGAATGTAGAATCGGTTCAACGCCACAAAACGACTGGTACTTCTTCAGCCACAAGGACAAGAAGTATCCAACCGGGACCAGGACGAACCGGGCAACAGTCGCTGGATTCTGGAAAGCTACCGGACGTGACAAAATCATCTGCAGTTGTGTCCGGAGAATTGGACTGAGGAAGACACTCGTGTTCTACAAAGGAAGAGCTCCTCACGGTCAGAAATCCGACTGGATCATGCATGAGTATCGCCTCGACGATACTCCAATGTCTAATGTAAGTATATATAGCAATCATCAATTTGCAGTTTAGGTT</Hsp_qseq>
      <Hsp_hseq>AAAGACACTTTAATGCATTCTAATTTTCCACATCTTTATTTAAATAATAATTTCCCCCTTATTAGGGGCT--GTATCCTCGAGTGATCCCACCACCATTATAAAATGATCTCATCGCCTGCTATGCT------AAGTTGTAACCACTTC-ACTTGTAATCATTCAACTTCTCTACTCTACTAGAGCAAAAACAAACTAAAAAGATATCGTTATCATCATCAATGGCGGAGAAAAATGTAAATCTTTCAATTAATGGACAATCAAAAGTGCCTCCAGGTTTCAGATTCCATCCAACAGAAGAAGAACTTCTCCATTACTATCTCCGCAAGAAAGTTCACTCTCAAAAGATCGATCTTGATGTCATTCGTGAAGTAGATCTCAACAAGCTTGAGCCTTGGGATATTCAAGGTT-----CT-TCTAACACATAAAAC-CTTT-ATATCAA--AAC-CTCT-TTTCT----------TTTTTGAACCATTTTGGTTAGCAAATGCAGAGGAATGTAGAATCGGGTTGACGCCACAGAACGATTGGTACTTCTTCAGTCATAAGGACAAGAAATATCCAACCGGGACTAGAACAAACCGGGCAACAGTCGCTGGATTCTGGAAAGCTACTGGACGTGATAAGATCATCTATAGTTGTGTCCGGAGAATTGGATTGAGAAAGACCCTCGTGTTCTATAAAGGAAGAGCTCCTCATGGTGAAAAATCTGATTGGATCATGCATGAGTATCGCCTCGACGATACTCCAACAAGTAATGTAAG----TGTAGCTATCATCAATAATCATTGTAGGTT</Hsp_hseq>
      <Hsp_midline>||||||||||||||||||           || ||||| ||||||||| |||||||||||| || ||||||  || || ||||||   || |||||||||||||| | |||||||||  |||| |  |      |||||||||||| ||| ||| |||||||| ||||||||||||||| |||||||||||||   | ||||| |||| | |||| || | |||||| || || || || |||||||| |||||||||||||||||||||||||||||||||||||||||||| || ||||||||||||||||||||||||||||| ||||||||| ||||||||||||||||||||||||||||||||||||| ||||| |||||||||||||||||||||||||||||||     ||   ||  | | ||||| |||| || || |  ||| |||| |||||          ||||||||||||||||||  |||||||||||||||||||||||||| |  |||||||| ||||| |||||||||||||| || ||||||||||| |||||||||||||| || || ||||||||||||||||||||||||||||||||||| |||||||| || |||||||  ||||||||||||||||||||| |||| ||||| ||||||||||| ||||||||||||||||| ||| | ||||| || |||||||||||||||||||||||||||||||||||||    |||||||||    | |||| |||||||||   || | ||||||</Hsp_midline>
    </Hsp>
    <Hsp>
      <Hsp_num>2</Hsp_num>
      <Hsp_bit-score>717.224</Hsp_bit-score>
      <Hsp_score>794</Hsp_score>
      <Hsp_evalue>0</Hsp_evalue>
      <Hsp_query-from>1138</Hsp_query-from>
      <Hsp_query-to>1835</Hsp_query-to>
      <Hsp_hit-from>28584461</Hsp_hit-from>
      <Hsp_hit-to>28585167</Hsp_hit-to>
      <Hsp_query-frame>1</Hsp_query-frame>
      <Hsp_hit-frame>1</Hsp_hit-frame>
      <Hsp_identity>593</Hsp_identity>
      <Hsp_positive>593</Hsp_positive>
      <Hsp_gaps>27</Hsp_gaps>
      <Hsp_align-len>716</Hsp_align-len>
      <Hsp_qseq>TTAATCATCTCTTATTGCATTTCATAA--GATCGATTTGTGTTCCATTATCAGGGCTATGCTGATGTTGTTACAGAAGATCCAATGAGCTATAACGAAGAAGGTTGGGTGGTATGTCGAGTGTTCAGGAAGAAGAACTATCAAAAGATTGACGATTGTCCTAAAATCACTCTATCTTCTTTACCTGATGACACGGAGG--AAGAGAAGGGGC-CCACCTTTCACAACACTCAAAACGTTACCGGTTTAGACCATGTTCTTCTCTACATGGACCGTACCGGTTCTAACATTTGCATGCCCGAGAGCCAAACAACGACTCAACATCAAGATGATGTCTTATTCATGCAACTCCCAAGTCTTGAGACACCTAAATCCGAGAGCCCGGTCGACCAAAGTTTCCTGACTCCAAGCAAACTCGATT--TCTCTCCCGTTCAAGAGAAGATAACCGAAAGACCGGTTTGCAGCAACTGGGCTAGTCTTGACCGGCTCGTAGCTTGGCAATTGAACAATGGTCATCATAATCCGTGTCATCGTAAGAGTTTTGATGAAGAAGAAGAAAATGGTGATACTATGATGCAGCGATGGGATCTTCATTGGAATAATGATGATAATGTTGATCTTTGGAGTAGTTTCACTGA---------GTCTTCTTCGTCTTTAGACCCACTTCTTCATTTATCTGTATGAT--TATCTATACATACACATACACA</Hsp_qseq>
      <Hsp_hseq>TTCATAATCTTCTAATGCATTTT-TAATTGATCGGTCTGT--TCCATTAGCAGGGCTGTTCTGATGTTGTAACTGAAGACCCAATGAGTTACAACGAAGACGGTTGGGTGGTATGTCGAGTGTTCAGGAAGAAAAATTATCAAAAGATCGACGATTCTCCTAAAATCACTCTATTTTCTTCACCTGATGACACTGACGAAAACAGAAGGCCCACCACCTTTCACAACACTCTAAACGCAACCGTTTTGGACCACGTTCTTCTATGCATGGACCGTTCCGGTCCCAATATTTTCATGCCCGAGATCCAAACCAAAAATCAACATCAAGACGATCTTTTATTCATGCAACTCCCAAGTCTTGAGACACCCAAATCTGAAAATCTTGTCGGCCAATGTTTAACGACCACTAACCAACTCGATTCCTCTCTTTGGTTGAAGAGAAGATAACCGGCAGACCGGGTTGCAGTAATTGGGCTAGTCTTGACCGGTTAGTGGCGTGGCAATTGAACAATGGTCATCATA---CGTGTGATCGTACGAGTTTTGACGAAGAAGAAG---ATGGTGATGCCATGATGCAGCGATGGGATCTTCACTGGAATAATGATGATAATGTCGATATCTGGAGTAGCTTCGCAGAATCTTCTTCGTCTCCTTCGTCTTTAGACCCTCTTCTTCATTTATCTGTATGATTGTATATACACATAAACATACACA</Hsp_hseq>
      <Hsp_midline>|| || ||||  || |||||||  |||  ||||| | |||  ||||||| ||||||| | |||||||||| || ||||| |||||||| || |||||||| |||||||||||||||||||||||||||||||| || ||||||||||| ||||||| ||||||||||||||||| ||||| |||||||||||| || |  || ||||||  | |||||||||||||||||| |||||  |||| ||| ||||| |||||||| | |||||||||| ||||| | || |||| ||||||||||| |||||| |  | |||||||||||| ||| | |||||||||||||||||||||||||||||||| ||||| || |  |  |||| |||| ||||   |||  | | | |||||||||  |||||   ||| |||||||||||||||  ||||||| |||||| || |||||||||||||||||| | || || |||||||||||||||||||||||||   ||||| |||||| ||||||||| ||||||||||   |||||||| | ||||||||||||||||||||||| |||||||||||||||||||| ||| | |||||||| ||| | ||         |||| |||||||||||||||| ||||||||||||||||||||||  ||| || ||||| |||||||||</Hsp_midline>
    </Hsp>
    <Hsp>
      <Hsp_num>3</Hsp_num>
      <Hsp_bit-score>226.707</Hsp_bit-score>
      <Hsp_score>250</Hsp_score>
      <Hsp_evalue>7.75391e-54</Hsp_evalue>
      <Hsp_query-from>482</Hsp_query-from>
      <Hsp_query-to>736</Hsp_query-to>
      <Hsp_hit-from>641561</Hsp_hit-from>
      <Hsp_hit-to>641815</Hsp_hit-to>
      <Hsp_query-frame>1</Hsp_query-frame>
      <Hsp_hit-frame>1</Hsp_hit-frame>
      <Hsp_identity>203</Hsp_identity>
      <Hsp_positive>203</Hsp_positive>
      <Hsp_gaps>0</Hsp_gaps>
      <Hsp_align-len>255</Hsp_align-len>
      <Hsp_qseq>TGCAGAGGAATGTAGAATCGGTTCAACGCCACAAAACGACTGGTACTTCTTCAGCCACAAGGACAAGAAGTATCCAACCGGGACCAGGACGAACCGGGCAACAGTCGCTGGATTCTGGAAAGCTACCGGACGTGACAAAATCATCTGCAGTTGTGTCCGGAGAATTGGACTGAGGAAGACACTCGTGTTCTACAAAGGAAGAGCTCCTCACGGTCAGAAATCCGACTGGATCATGCATGAGTATCGCCTCGACGA</Hsp_qseq>
      <Hsp_hseq>TGCAGAGATGTGTAAAATAGGAACAACGCCTCAAAACGACTGGTATTTCTTTAGCCACAAGGACAAAAAATATCCGACAGGAACCAGAACTAACCGAGCTACGGCAGCCGGATTTTGGAAAGCAACGGGTCGTGACAAGATCATATATAGTAATGGCCGTAGGATCGGGATGAGAAAGACTCTTGTTTTTTACAAAGGTCGAGCTCCTCACGGCCAAAAATCTGATTGGATCATGCATGAGTATAGACTCGACGA</Hsp_hseq>
      <Hsp_midline>|||||||   |||| ||| ||  ||||||| |||||||||||||| ||||| |||||||||||||| || ||||| || || ||||| || ||||| || || |  || ||||| |||||||| || || |||||||| ||||| |  |||  || ||| || || ||  |||| ||||| || || || ||||||||  ||||||||||||| || ||||| || |||||||||||||||||| | ||||||||</Hsp_midline>
    </Hsp>
    <Hsp>
      <Hsp_num>4</Hsp_num>
      <Hsp_bit-score>149.163</Hsp_bit-score>
      <Hsp_score>164</Hsp_score>
      <Hsp_evalue>1.70942e-30</Hsp_evalue>
      <Hsp_query-from>235</Hsp_query-from>
      <Hsp_query-to>394</Hsp_query-to>
      <Hsp_hit-from>641046</Hsp_hit-from>
      <Hsp_hit-to>641205</Hsp_hit-to>
      <Hsp_query-frame>1</Hsp_query-frame>
      <Hsp_hit-frame>1</Hsp_hit-frame>
      <Hsp_identity>131</Hsp_identity>
      <Hsp_positive>131</Hsp_positive>
      <Hsp_gaps>2</Hsp_gaps>
      <Hsp_align-len>161</Hsp_align-len>
      <Hsp_qseq>AATGGACAATCAAAAGTGCCTCCAGGTTTCAGATTCCATCCCACCGAAGAAGAACTTCTCCATTACTATCTCCGTAAGAAAGTTAACTCTCAA-AAGATCGATCTTGATGTCATTCGTGAAGTTGATCTAAACAAGCTTGAGCCTTGGGATATTCAAGGTT</Hsp_qseq>
      <Hsp_hseq>AACGGACAATCTCAAGTGCCTCCTGGGTTTAGGTTTCACCCGACCGAGGAAGAGCTGCTGCAGTATTATCTCCGGAAGAAAGTCAA-TAGCATCAAGATCGATCTCGACGTTATTCGCGACGTTGATCTTAACAAGCTCGAGCCTTGGGATATTCAAGGTT</Hsp_hseq>
      <Hsp_midline>|| ||||||||  |||||||||| || || || || || || ||||| ||||| || || || || |||||||| |||||||| || |  ||  ||||||||||| || || ||||| || |||||||| |||||||| ||||||||||||||||||||||</Hsp_midline>
    </Hsp>
    <Hsp>
      <Hsp_num>5</Hsp_num>
      <Hsp_bit-score>89.6514</Hsp_bit-score>
      <Hsp_score>98</Hsp_score>
      <Hsp_evalue>1.40442e-12</Hsp_evalue>
      <Hsp_query-from>525</Hsp_query-from>
      <Hsp_query-to>733</Hsp_query-to>
      <Hsp_hit-from>40496602</Hsp_hit-from>
      <Hsp_hit-to>40496813</Hsp_hit-to>
      <Hsp_query-frame>1</Hsp_query-frame>
      <Hsp_hit-frame>1</Hsp_hit-frame>
      <Hsp_identity>149</Hsp_identity>
      <Hsp_positive>149</Hsp_positive>
      <Hsp_gaps>11</Hsp_gaps>
      <Hsp_align-len>216</Hsp_align-len>
      <Hsp_qseq>TACTTCTTCAGCCACAAGGACAAGAAGTATCCAACCGGGACCAGGACGAACCGGGCAACAGTCGCTGGATTCTGGAAAGCTACCGGACGTGACAAAATCATCTGCAGTTG-------TGTCCGGAGAATTGGACTGAGGAAGACACTCGTGTTCTACAAAGGAAGAGCTCCTCACGGTCAGAAATCCGACTGGATCATGCATGAGTATCGCCTCGA</Hsp_qseq>
      <Hsp_hseq>TACTTCTTTTGCCAGCGGGATAGGAAGTACCCAACCGGTATGAGGACGAACCGTGCAACCCTGTCGGGTTACTGGAAAGCGACGGGGAAGGACAAGGAGATCTTTAGAGGCAAAGGTTGTCTTG----TTGGGATGAAGAAAACACTTGTGTTCTATAGAGGAAGAGCTCCAAAAGGTGAAAAGACCAATTGGGTTATGCATGAGTTTCGTCTTGA</Hsp_hseq>
      <Hsp_midline>||||||||  ||||   ||| | |||||| |||||||| |  ||||||||||| |||||  |  | || | ||||||||| || ||    |||||    ||||  ||  |       ||||  |    ||||  ||| ||| ||||| |||||||| | ||||||||||||  | ||| | ||  || | ||| | |||||||||| ||| || ||</Hsp_midline>
    </Hsp>
    <Hsp>
      <Hsp_num>6</Hsp_num>
      <Hsp_bit-score>88.7497</Hsp_bit-score>
      <Hsp_score>97</Hsp_score>
      <Hsp_evalue>4.9019e-12</Hsp_evalue>
      <Hsp_query-from>503</Hsp_query-from>
      <Hsp_query-to>733</Hsp_query-to>
      <Hsp_hit-from>33817577</Hsp_hit-from>
      <Hsp_hit-to>33817807</Hsp_hit-to>
      <Hsp_query-frame>1</Hsp_query-frame>
      <Hsp_hit-frame>1</Hsp_hit-frame>
      <Hsp_identity>158</Hsp_identity>
      <Hsp_positive>158</Hsp_positive>
      <Hsp_gaps>0</Hsp_gaps>
      <Hsp_align-len>231</Hsp_align-len>
      <Hsp_qseq>TTCAACGCCACAAAACGACTGGTACTTCTTCAGCCACAAGGACAAGAAGTATCCAACCGGGACCAGGACGAACCGGGCAACAGTCGCTGGATTCTGGAAAGCTACCGGACGTGACAAAATCATCTGCAGTTGTGTCCGGAGAATTGGACTGAGGAAGACACTCGTGTTCTACAAAGGAAGAGCTCCTCACGGTCAGAAATCCGACTGGATCATGCATGAGTATCGCCTCGA</Hsp_qseq>
      <Hsp_hseq>TTCAATGGGAGAGAAAGAGTGGTACTTCTTCAGCCTAAGAGACCGGAAATACCCAACCGGTTTAAGGACAAACCGAGCAACTGAAGCCGGTTATTGGAAAACCACGGGTAAAGATAAAGAGATATACAGAAGTGGAGTGCTGGTTGGGATGAAAAAAACCCTAGTTTTCTACAAAGGAAGAGCTCCAAAGGGCGAGAAAAGCAATTGGGTTATGCATGAGTATAGGCTTGA</Hsp_hseq>
      <Hsp_midline>||||| |  | | || || ||||||||||||||||  |  |||  ||| || ||||||||    ||||| ||||| ||||| |  || || |  |||||| | || ||    || |||   || | |||  |||    |    ||||  |||  || || || || ||||||||||||||||||||  | ||  |||||  | | ||| | |||||||||||| | || ||</Hsp_midline>
    </Hsp>
    <Hsp>
      <Hsp_num>7</Hsp_num>
      <Hsp_bit-score>79.7328</Hsp_bit-score>
      <Hsp_score>87</Hsp_score>
      <Hsp_evalue>2.53925e-09</Hsp_evalue>
      <Hsp_query-from>253</Hsp_query-from>
      <Hsp_query-to>383</Hsp_query-to>
      <Hsp_hit-from>41015570</Hsp_hit-from>
      <Hsp_hit-to>41015700</Hsp_hit-to>
      <Hsp_query-frame>1</Hsp_query-frame>
      <Hsp_hit-frame>1</Hsp_hit-frame>
      <Hsp_identity>96</Hsp_identity>
      <Hsp_positive>96</Hsp_positive>
      <Hsp_gaps>0</Hsp_gaps>
      <Hsp_align-len>131</Hsp_align-len>
      <Hsp_qseq>CCTCCAGGTTTCAGATTCCATCCCACCGAAGAAGAACTTCTCCATTACTATCTCCGTAAGAAAGTTAACTCTCAAAAGATCGATCTTGATGTCATTCGTGAAGTTGATCTAAACAAGCTTGAGCCTTGGGA</Hsp_qseq>
      <Hsp_hseq>CCTCCAGGTTTCAGATTTCATCCAACCGATGAGGAGCTGATTACCTACTATCTGAAAAGAAAAATTAACGGTCTAGAAATCGAACTTGAGGTTATCGCTGAAGTTGATCTCTACAAGTGCGAGCCATGGGA</Hsp_hseq>
      <Hsp_midline>||||||||||||||||| ||||| ||||| || || ||  |    ||||||||    |  ||| |||||  || | | ||||| ||||| || ||   ||||||||||||  |||||   ||||| |||||</Hsp_midline>
    </Hsp>
    <Hsp>
      <Hsp_num>8</Hsp_num>
      <Hsp_bit-score>75.2244</Hsp_bit-score>
      <Hsp_score>82</Hsp_score>
      <Hsp_evalue>3.09344e-08</Hsp_evalue>
      <Hsp_query-from>542</Hsp_query-from>
      <Hsp_query-to>733</Hsp_query-to>
      <Hsp_hit-from>40439348</Hsp_hit-from>
      <Hsp_hit-to>40439543</Hsp_hit-to>
      <Hsp_query-frame>1</Hsp_query-frame>
      <Hsp_hit-frame>1</Hsp_hit-frame>
      <Hsp_identity>137</Hsp_identity>
      <Hsp_positive>137</Hsp_positive>
      <Hsp_gaps>12</Hsp_gaps>
      <Hsp_align-len>200</Hsp_align-len>
      <Hsp_qseq>GGACAAGAAGTATCCAACCGGGACCAGGACGAACCGGGCAACAGTCGCTGGATTCTGGAAAGCTACCGGACGTGACAAAATCATCTGCAGTTG-------TGTCCGGAGAATTGGACTGAGGAAGACACTCGTGTTCTACAA-AGGAAGAGCTCCTCACGGTCAGAAATCCGACTGGATCATGCATGAGTATCGCCTCGA</Hsp_qseq>
      <Hsp_hseq>GGATAGGAAGTACCCAACCGGTATGAGGACGAACCGTGCAACCCTGTCGGGTTACTGGAAAGCGACGGGGAAGGACAAGGAGATCTTTAGAGGCAAAGGTTGTCTTG----TTGGGATGAAGAAAACACTTGTGTTCTATAGGAGGAAGAGCTCCAAAAGGTGAAAAGACCAATTGGGTTATGCATGAGTTTCGTCTTGA</Hsp_hseq>
      <Hsp_midline>||| | |||||| |||||||| |  ||||||||||| |||||  |  | || | ||||||||| || ||    |||||    ||||  ||  |       ||||  |    ||||  ||| ||| ||||| |||||||| |  ||||||||||||  | ||| | ||  || | ||| | |||||||||| ||| || ||</Hsp_midline>
    </Hsp>
    <Hsp>
      <Hsp_num>9</Hsp_num>
      <Hsp_bit-score>72.5194</Hsp_bit-score>
      <Hsp_score>79</Hsp_score>
      <Hsp_evalue>3.76858e-07</Hsp_evalue>
      <Hsp_query-from>519</Hsp_query-from>
      <Hsp_query-to>736</Hsp_query-to>
      <Hsp_hit-from>34297719</Hsp_hit-from>
      <Hsp_hit-to>34297502</Hsp_hit-to>
      <Hsp_query-frame>1</Hsp_query-frame>
      <Hsp_hit-frame>-1</Hsp_hit-frame>
      <Hsp_identity>156</Hsp_identity>
      <Hsp_positive>156</Hsp_positive>
      <Hsp_gaps>14</Hsp_gaps>
      <Hsp_align-len>225</Hsp_align-len>
      <Hsp_qseq>GACTGGTACTTCTTCAGCCACAAG-GACAAGAAGTATCCAACCGGGACCAGGACGAACCGGGCAACAGTCGCTGGATTCTGGAAAGCTACCGGACGTGACAAAATCATCTGCAGTTGTGTCC--GGAGA---ATTGGACTGAGGAAGACACTCGTGTTCTACAAAGGAAGAGCTCCTCACGGTCAGAAATCCG-ACTGGATCATGCATGAGTATCGCCTCGACGA</Hsp_qseq>
      <Hsp_hseq>GAATGGTATTTTTTCGGGC-CACGTGACCGGAAGTATCCGAACGGGTTTAGAACGAACCGAGCAACGAGAGGTGGATACTGGAAATCGACCGG----GA-AAGATCGGAGAGTGACGAGTCAAAGCAGAGCGATTGGGATGAAGAAGACTTTGGTTTACTATAGAGGAAGAGCTCCTCAAGGT-ATACGTACGGATTGGGTCATGCATGAGTATCGTCTCGATGA</Hsp_hseq>
      <Hsp_midline>|| ||||| || ||| | | || | |||  ||||||||| | ||||   || |||||||| |||||    | ||||| ||||||| | |||||    || || |||       |  | |||   | |||   |||||  ||| ||||||  | || | ||| | ||||||||||||||| ||| | |  | || | ||| |||||||||||||||| ||||| ||</Hsp_midline>
    </Hsp>
    <Hsp>
      <Hsp_num>10</Hsp_num>
      <Hsp_bit-score>72.5194</Hsp_bit-score>
      <Hsp_score>79</Hsp_score>
      <Hsp_evalue>3.76858e-07</Hsp_evalue>
      <Hsp_query-from>516</Hsp_query-from>
      <Hsp_query-to>725</Hsp_query-to>
      <Hsp_hit-from>35473218</Hsp_hit-from>
      <Hsp_hit-to>35473011</Hsp_hit-to>
      <Hsp_query-frame>1</Hsp_query-frame>
      <Hsp_hit-frame>-1</Hsp_hit-frame>
      <Hsp_identity>144</Hsp_identity>
      <Hsp_positive>144</Hsp_positive>
      <Hsp_gaps>8</Hsp_gaps>
      <Hsp_align-len>213</Hsp_align-len>
      <Hsp_qseq>AACGACTGGTACTTCTTCAGCCACAAGGACAAGAAGTATCCAACCGGGACCAGGACGAACCGGGCAACAGTCGCTGGATTCTGGAAAGCTACCGGACGTGACAAAATCATCTGCAGTTGTGTCCGGAGA---ATTGGACTGAGGAAGACACTCGTGTTCTACAAAGGAAGAGCTCCTCACGGTCAGAAATCCGACTGGATCATGCATGAGTAT</Hsp_qseq>
      <Hsp_hseq>AAAGAGTGGTACTTTTTCACACTAAGGGATCGGAAGTACCCAACAGGACTGAGAACGAACAGAGCAACAGAAGCTGGTTACTGGAAAGCAACTGGTAAAGACAGAGAGATCAAAAGCT-----CAAAGACAAACTCGCTTCAAGAAAACTCTCGTCTTTTACAAAGGCAGAGCTCCTAAAGGAGAAAAAACCTGTTGGGTCATGCATGAGTAT</Hsp_hseq>
      <Hsp_midline>|| || |||||||| ||||  |  | |||   |||||| ||||| ||    || |||||| | |||||||  ||||| | ||||||||| || ||    |||| |   |||   || |     |  |||   | | |  | | ||| || ||||| || |||||||| ||||||||| | ||  | ||| ||   ||| ||||||||||||||</Hsp_midline>
    </Hsp>
    <Hsp>
      <Hsp_num>11</Hsp_num>
      <Hsp_bit-score>63.5025</Hsp_bit-score>
      <Hsp_score>69</Hsp_score>
      <Hsp_evalue>0.000195217</Hsp_evalue>
      <Hsp_query-from>519</Hsp_query-from>
      <Hsp_query-to>731</Hsp_query-to>
      <Hsp_hit-from>35302164</Hsp_hit-from>
      <Hsp_hit-to>35301946</Hsp_hit-to>
      <Hsp_query-frame>1</Hsp_query-frame>
      <Hsp_hit-frame>-1</Hsp_hit-frame>
      <Hsp_identity>150</Hsp_identity>
      <Hsp_positive>150</Hsp_positive>
      <Hsp_gaps>16</Hsp_gaps>
      <Hsp_align-len>224</Hsp_align-len>
      <Hsp_qseq>GACTGGTACTTCTTCAGCCACAAGGACAAGAAGTATCCAACCGGGACCAGGACGAACCG---GGCAACAGTCGCTGGATTCTGGAAAGCTACCGGACGTGACAAA--------ATCATCTGCAGTTGTGTCCGGAGAATTGGACTGAGGAAGACACTCGTGTTCTACAAAGGAAGAGCTCCTCACGGTCAGAAATCCGACTGGATCATGCATGAGTATCGCCTC</Hsp_qseq>
      <Hsp_hseq>GAATGGTACTTCTTCAGTCCTAGAGATCGGAAGTATCCGAACGGAGCTAGGCCGAACAGAGCGGCAAC-GTCA--GGGTACTGGAAAGCGACGGGTACTGACAAACCGGTGCTAGCCTCTGACG--GTAACCAAAAGGTCGGCGTGAAGAAGGCACTGGTCTTCTACAGTGGCAAACCTCCAAAAGGTATTAAAAGTGATTGGATCATGCATGAGTATCGTCTC</Hsp_hseq>
      <Hsp_midline>|| |||||||||||||| |  |  ||   ||||||||| | |||  | ||| ||||| |   |||||| |||   || | ||||||||| || ||   |||||||        | | ||||  |  ||  ||  |   | ||  ||| |||| |||| || |||||||  || | | ||||  | |||   |||   || |||||||||||||||||||| |||</Hsp_midline>
    </Hsp>
    <Hsp>
      <Hsp_num>12</Hsp_num>
      <Hsp_bit-score>61.6992</Hsp_bit-score>
      <Hsp_score>67</Hsp_score>
      <Hsp_evalue>0.000681375</Hsp_evalue>
      <Hsp_query-from>519</Hsp_query-from>
      <Hsp_query-to>730</Hsp_query-to>
      <Hsp_hit-from>37522431</Hsp_hit-from>
      <Hsp_hit-to>37522220</Hsp_hit-to>
      <Hsp_query-frame>1</Hsp_query-frame>
      <Hsp_hit-frame>-1</Hsp_hit-frame>
      <Hsp_identity>143</Hsp_identity>
      <Hsp_positive>143</Hsp_positive>
      <Hsp_gaps>4</Hsp_gaps>
      <Hsp_align-len>214</Hsp_align-len>
      <Hsp_qseq>GACTGGTACTTCTTCAGCCACAAGGACAAGAAGTATCCAACCGGGACCAGGACGAACCGGGCAACAGTCGCTGGATTCTGGAAAGCTACCGGACGTGACAAAATCATCTGCAGTTGTGTCCGGAGAATTGGACTGAGGAAGACACTCGTGTTCTACAAAGGAAGAGCTCCTCACGG--TCAGAAATCCGACTGGATCATGCATGAGTATCGCCT</Hsp_qseq>
      <Hsp_hseq>GAATGGTACTTCTACAGCGCGTTAGACAAGAAGTACGGAAACGGCGCTAGGATGAACCGAGCCACTAACAAAGGCTACTGGAAAGCCACCGGAAAAGACAGAGAAATCCGCCGTGACATTCAGCTGCTCGGTATGAAAAAGACACTCGTTTTCCACAGCGGGCGTGCCCCGGATGGGCTCCGCA--CCAACTGGGTCATGCACGAGTATCGCCT</Hsp_hseq>
      <Hsp_midline>|| |||||||||| ||||      |||||||||||   || |||  | |||| |||||| || ||   |   || | ||||||||| ||||||   |||| |   ||| || ||    | | |    | ||  |||  ||||||||||| ||| |||  ||  | || ||  | ||  || | |  || ||||| ||||||| |||||||||||</Hsp_midline>
    </Hsp>
    <Hsp>
      <Hsp_num>13</Hsp_num>
      <Hsp_bit-score>58.9941</Hsp_bit-score>
      <Hsp_score>64</Hsp_score>
      <Hsp_evalue>0.00237823</Hsp_evalue>
      <Hsp_query-from>519</Hsp_query-from>
      <Hsp_query-to>583</Hsp_query-to>
      <Hsp_hit-from>41018397</Hsp_hit-from>
      <Hsp_hit-to>41018461</Hsp_hit-to>
      <Hsp_query-frame>1</Hsp_query-frame>
      <Hsp_hit-frame>1</Hsp_hit-frame>
      <Hsp_identity>54</Hsp_identity>
      <Hsp_positive>54</Hsp_positive>
      <Hsp_gaps>2</Hsp_gaps>
      <Hsp_align-len>66</Hsp_align-len>
      <Hsp_qseq>GACTGGTACTTCTTCAG-CCACAAGGACAAGAAGTATCCAACCGGGACCAGGACGAACCGGGCAAC</Hsp_qseq>
      <Hsp_hseq>GAATGGTACTTCTTCAGCCCACGA-GACCGGAAGTATCCTAACGGTTCCAGGACAAACCGAGCAAC</Hsp_hseq>
      <Hsp_midline>|| |||||||||||||| |||| | |||  ||||||||| | |||  ||||||| ||||| |||||</Hsp_midline>
    </Hsp>
  </Hit_hsps>
</Hit>
<Hit>
  <Hit_num>33</Hit_num>
  <Hit_id>gi|1338506394|ref|XM_006304610.2|</Hit_id>
  <Hit_def>PREDICTED: Capsella rubella NAC domain-containing protein 12 (LOC17899246), mRNA</Hit_def>
  <Hit_accession>XM_006304610</Hit_accession>
  <Hit_len>1302</Hit_len>
  <Hit_hsps>
    <Hsp>
      <Hsp_num>1</Hsp_num>
      <Hsp_bit-score>805.589</Hsp_bit-score>
      <Hsp_score>892</Hsp_score>
      <Hsp_evalue>0</Hsp_evalue>
      <Hsp_query-from>1189</Hsp_query-from>
      <Hsp_query-to>1845</Hsp_query-to>
      <Hsp_hit-from>520</Hsp_hit-from>
      <Hsp_hit-to>1208</Hsp_hit-to>
      <Hsp_query-frame>1</Hsp_query-frame>
      <Hsp_hit-frame>1</Hsp_hit-frame>
      <Hsp_identity>595</Hsp_identity>
      <Hsp_positive>595</Hsp_positive>
      <Hsp_gaps>38</Hsp_gaps>
      <Hsp_align-len>692</Hsp_align-len>
      <Hsp_qseq>GGCTATGCTGATGTTGTTACAGAAGATCCAATGAGCTATAACGAAGAAGGTTGGGTGGTATGTCGAGTGTTCAGGAAGAAGAACTATCAAAAGATTGACGATTGTCCTAAAATCACTCTATCTTCTTTACCTGATGACACGGAGGAAGAGAAGGGGC---CCACCTTTCACAACACTCAAAACGTTACCGGTTTAGACCATGTTCTTCTCTACATGGACCGTACCGGTTCTAACATTTGCATGCCCGAGAGCCAAACAACGA------CTCAACATCAAGATGATGTCTTATTCATGCAACTCCCAAGTCTTGAGACACCTAAATCCGAGAGCCCGGTCGACCAAAGTTTCCTG---ACTCCAAGCAAACTCGATTTCTCTCCCGTTCAAGAGAAGATAACCGAAAGACCGGTTTGCAGCAACTGGGCTAGTCTTGACCGGCTCGTAGCTTGGCAATTGAACAATGGTCATCATAATCCGTGTCATCGTAAGAGTTTTGATGAAGA------AGAAGAAAATGGTGATACTATGATGCAGCGATGGGATCTTCATTGGAATAATG---ATGATAATGTTGATCTTTGGAGTAGTTTCACTGAGTCTTCTTCG---------TCTTTAGACCCACTTCTTCATTTATCTGTATGATTATCTATAC---ATACACATACAC--AAAATATAAAA</Hsp_qseq>
      <Hsp_hseq>GGCTACTCTGATGTTCTAACCGAAGATCCAATGAGCTATAACGAAGAAGGTTGGGTGGTATGTCGAGTTTTCAGGAAGAAGAACTATCAAAAGATCGACGATTGTCCTAAAATCACTCTATCTTCTTCACCCGACAACACCGAGGAAGAGAAGAGGCCCACCACCTTTCACAACACTCAAAACGGCACTGTTTTAGACCATGTTCTTCTTTGCATGAACCGTACCGGTTCTAACGTTTGCATGCCCGAGAGCCAAACGACTACTAAACCTCAACTTCAAGACGATGTCTTGTTCATGCAACTCCCAAGTCTTGAAACACCCAAATCTGAAAGCCCGGTCGACCAAAGTATCATGACTACTCTAAACCAACTCGATCCTTCTCCGGTTCTAGAGAAGATAACCGGCAGACCGGTTTGCAGTAATTGGGCTAGTCTTGACCGGCTTGTGGCTTGGCAACTGAACAATGGTCATCATA---CGTGTGACCGTAAGAGTTTTGATGAAGAAGAAGCAGAAGGAGATGGTGATACTATGATGCAGCGATGGGATCTTCATTGGAATAATGATAATGATAATGTTGATTTTTGGAGTAGTTTCACGGAGTCATCTTCGTCTCCTTCTTCTTTAGACCCTCTTCTTCATTTATCTGTATGATTGTATATACAAAATACACACACACAGAAAATATTAAA</Hsp_hseq>
      <Hsp_midline>|||||  |||||||| | || ||||||||||||||||||||||||||||||||||||||||||||||| |||||||||||||||||||||||||| ||||||||||||||||||||||||||||||| ||| ||  |||| |||||||||||| |||   ||||||||||||||||||||||||  || | |||||||||||||||||| | |||| ||||||||||||||||| |||||||||||||||||||||| || |      |||||| |||||| |||||||| ||||||||||||||||||||||| ||||| ||||| || |||||||||||||||||| || ||   |||| || | ||||||||   ||||| |||| ||||||||||||||  |||||||||||||| || |||||||||||||||||||| || ||||||||| ||||||||||||||||||   ||||| | ||||||||||||||||||||      ||||| | |||||||||||||||||||||||||||||||||||||||||||||   |||||||||||||| |||||||||||||||| ||||| ||||||         ||||||||||| ||||||||||||||||||||||| | |||||   ||||||| ||||  ||||||| |||</Hsp_midline>
    </Hsp>
    <Hsp>
      <Hsp_num>2</Hsp_num>
      <Hsp_bit-score>405.241</Hsp_bit-score>
      <Hsp_score>448</Hsp_score>
      <Hsp_evalue>1.39823e-107</Hsp_evalue>
      <Hsp_query-from>485</Hsp_query-from>
      <Hsp_query-to>753</Hsp_query-to>
      <Hsp_hit-from>252</Hsp_hit-from>
      <Hsp_hit-to>520</Hsp_hit-to>
      <Hsp_query-frame>1</Hsp_query-frame>
      <Hsp_hit-frame>1</Hsp_hit-frame>
      <Hsp_identity>251</Hsp_identity>
      <Hsp_positive>251</Hsp_positive>
      <Hsp_gaps>0</Hsp_gaps>
      <Hsp_align-len>269</Hsp_align-len>
      <Hsp_qseq>AGAGGAATGTAGAATCGGTTCAACGCCACAAAACGACTGGTACTTCTTCAGCCACAAGGACAAGAAGTATCCAACCGGGACCAGGACGAACCGGGCAACAGTCGCTGGATTCTGGAAAGCTACCGGACGTGACAAAATCATCTGCAGTTGTGTCCGGAGAATTGGACTGAGGAAGACACTCGTGTTCTACAAAGGAAGAGCTCCTCACGGTCAGAAATCCGACTGGATCATGCATGAGTATCGCCTCGACGATACTCCAATGTCTAATG</Hsp_qseq>
      <Hsp_hseq>AGAGGAATGTAGAATTGGTTCGACACCGCAAAACGACTGGTACTTCTTTAGCCACAAGGACAAGAAGTATCCAACCGGGACAAGGACAAACCGGGCAACAGTTGCTGGATTCTGGAAAGCTACCGGACGTGACAAGATCATATGCAGTTGTGTCCGAAGGATTGGACTGAGGAAGACACTAGTGTTCTACAAAGGTAGAGCTCCTCATGGTCAGAAATCGGATTGGATCATGCATGAGTATCGCCTCGACGATACTCCAATGACTAATG</Hsp_hseq>
      <Hsp_midline>||||||||||||||| ||||| || || |||||||||||||||||||| |||||||||||||||||||||||||||||||| ||||| |||||||||||||| |||||||||||||||||||||||||||||||| ||||| |||||||||||||| || |||||||||||||||||||| |||||||||||||| ||||||||||| ||||||||||| || ||||||||||||||||||||||||||||||||||||||| ||||||</Hsp_midline>
    </Hsp>
    <Hsp>
      <Hsp_num>3</Hsp_num>
      <Hsp_bit-score>309.662</Hsp_bit-score>
      <Hsp_score>342</Hsp_score>
      <Hsp_evalue>8.27157e-79</Hsp_evalue>
      <Hsp_query-from>136</Hsp_query-from>
      <Hsp_query-to>391</Hsp_query-to>
      <Hsp_hit-from>1</Hsp_hit-from>
      <Hsp_hit-to>253</Hsp_hit-to>
      <Hsp_query-frame>1</Hsp_query-frame>
      <Hsp_hit-frame>1</Hsp_hit-frame>
      <Hsp_identity>229</Hsp_identity>
      <Hsp_positive>229</Hsp_positive>
      <Hsp_gaps>19</Hsp_gaps>
      <Hsp_align-len>264</Hsp_align-len>
      <Hsp_qseq>CACTCGTAATCATACAACTT-CTCTA---CTCTTCT--AGAGCAAA-AAC-CCAAAAATATATTGCTATCTTCGTTAATGGCTGATAATAAGGTCAATCTTTCGATTAATGGACAATCAAAAGTGCCTCCAGGTTTCAGATTCCATCCCACCGAAGAAGAACTTCTCCATTACTATCTCCGTAAGAAAGTTAACTCTCAAAAGATCGATCTTGATGTCATTCGTGAAGTTGATCTAAACAAGCTTGAGCCTTGGGATATTCAAG</Hsp_qseq>
      <Hsp_hseq>CACTTGTAATCATACAACTTTCTCTAGTACTCTTCTTGAGAGCAAAGAACACCAAAAAGAAA-----------GATGATGACGGATAATAAGGTAAACTTGTCGATTAATGGACAATCCAAAGTGCCTCCAGGTTTCAGATTCCATCCCACCGAAGAAGAACTTCTCCATTACTATCTTCGTAAGAAAGTTAACTCTCAAAAGATCGATCTTGATGTGATTCGTGAAGTTGATCTCAACAAGCTTGAGCCTTGGGACATTCAAG</Hsp_hseq>
      <Hsp_midline>|||| ||||||||||||||| |||||   |||||||  |||||||| ||| ||||||| | |           | | ||| | ||||||||||| ||  | ||||||||||||||||| ||||||||||||||||||||||||||||||||||||||||||||||||||||||||||| |||||||||||||||||||||||||||||||||||||| ||||||||||||||||| |||||||||||||||||||| |||||||</Hsp_midline>
    </Hsp>
  </Hit_hsps>
</Hit>
<Hit>
  <Hit_num>34</Hit_num>
  <Hit_id>gi|1126731859|emb|LT669794.1|</Hit_id>
  <Hit_def>Arabis alpina genome assembly, chromosome: 7</Hit_def>
  <Hit_accession>LT669794</Hit_accession>
  <Hit_len>50579949</Hit_len>
  <Hit_hsps>
    <Hsp>
      <Hsp_num>1</Hsp_num>
      <Hsp_bit-score>804.687</Hsp_bit-score>
      <Hsp_score>891</Hsp_score>
      <Hsp_evalue>0</Hsp_evalue>
      <Hsp_query-from>2</Hsp_query-from>
      <Hsp_query-to>786</Hsp_query-to>
      <Hsp_hit-from>37843277</Hsp_hit-from>
      <Hsp_hit-to>37844063</Hsp_hit-to>
      <Hsp_query-frame>1</Hsp_query-frame>
      <Hsp_hit-frame>1</Hsp_hit-frame>
      <Hsp_identity>668</Hsp_identity>
      <Hsp_positive>668</Hsp_positive>
      <Hsp_gaps>52</Hsp_gaps>
      <Hsp_align-len>812</Hsp_align-len>
      <Hsp_qseq>AAGACACTTTAATGCATGAACTTCTTTGTTTAAATAACAATTTCCCC--CTTT-TGGGGGCTATGTCTCGTCGAGTCCTACCACCATTATAAATTATCTCATCGTTTGCTTTCTTTTTT---TTAAGTTGTAACCATTTC--------CACTCGTAATCATACAACTTCTCTACTCTTCTAGAGCAAAAACCCAAAAATATATTGCTATCTTCGTTAATGGCTGATAATAAGGTCAATCTTTCGATTAATGGACAATCAAAAGTGCCTCCAGGTTTCAGATTCCATCCCACCGAAGAAGAACTTCTCCATTACTATCTCCGTAAGAAAGTTAACTCTCAAAAGATCGATCTTGATGTCATTCGTGAAGTTGATCTAAACAAGCTTGAGCCTTGGGATATTCAAGGTT-----------AAACCCTAAATATGAAAAAAAACTCTTTCA-TTTCTACGAACTCTCTATTTCTTTGTTCTTTATTTTTGAACCATTTTGGTATGCAAATGCAGAGGAATGTAGAATCGGTTCAACGCCACAAAACGACTGGTACTTCTTCAGCCACAAGGACAAGAAGTATCCAACCGGGACCAGGACGAACCGGGCAACAGTCGCTGGATTCTGGAAAGCTACCGGACGTGACAAAATCATCTGCAGTTGTGTCCGGAGAATTGGACTGAGGAAGACACTCGTGTTCTACAAAGGAAGAGCTCCTCACGGTCAGAAATCCGACTGGATCATGCATGAGTATCGCCTCGACGATACTCCAATGTCTAATGTAAGTATATAT-AGCAATCATCAATTTGCAGTTT</Hsp_qseq>
      <Hsp_hseq>AAGACACTTTAATGCATGA---------------TAAC--TTTCCACTTCTTTATTGGGGCTATGTGTCATCAAGTCCCACCACCATTATAAATCATCTCAGCGCCTGCTTTCTCACTCAAATTAAGTTGTAGCCATTTTGGCATTTTCACTTGTAATCATA-AATTTCTCTATTTTGCTAGAGCAAAAAAAAAAAAAAAAATCGTCGTTATCATCAATGGCGGAGAATAAGGTAAATCTGTCGATTAATGGACAGTCAAAAGTGCCTCCAGGTTTCAGATTCCATCCCACCGAAGAAGAACTACTCCATTACTATTTGCGTAAGAAAGTTAACTCTCAGAAGATCGATCTTGATGTCATTCGTGAAGTGGATCTCAACAAGCTTGAGCCTTGGGATATTCAAGGTTCTTCTAACAAGAAACCCTAAT----AAGAAATACTCCTTAACTTTAGAC-AAGTCTTTATTTCTTTCTTCTATATTCTTTAATCATTTTGGTGAGAAAATGCAGAGGAATGTAGAATCGGTTCGACACCGCAAAATGATTGGTACTTTTTTAGCCACAAGGACAAGAAGTATCCCACCGGAACCAGGACAAACCGGGCAACAGTCGCCGGATTCTGGAAAGCTACCGGACGTGACAAGATCATCTACAGTTGTGTCAGGAGGATTGGTTTGAGAAAGACACTTGTGTTCTACAAAGGAAGAGCTCCTCACGGTCAGAAATCCGATTGGATCATGCATGAGTATCGCCTTGACGATACTCCTGCATCTAATGTAAGTAGATATGATCAATATTCACTTT--AGTTT</Hsp_hseq>
      <Hsp_midline>|||||||||||||||||||               ||||  ||||| |  |||| | |||||||||| || || ||||| ||||||||||||||| |||||| ||  ||||||||   |    |||||||||| ||||||         |||| ||||||||| || ||||||| | | ||||||||||||   ||||| | || |   |  || | |||||| || |||||||| ||||| |||||||||||||| ||||||||||||||||||||||||||||||||||||||||||||||| |||||||||||| | |||||||||||||||||||| ||||||||||||||||||||||||||||| ||||| |||||||||||||||||||||||||||||||           |||||||||     || ||| |||| || | |||  || || ||| ||||||||| |||| |||| || || |||||||||  | ||||||||||||||||||||||||||| || || ||||| || |||||||| || ||||||||||||||||||||||| ||||| |||||||| ||||||||||||||||| ||||||||||||||||||||||||||||| ||||||| |||||||||| |||| |||||  |||| |||||||| ||||||||||||||||||||||||||||||||||||||||| ||||||||||||||||||||||| |||||||||||    ||||||||||||| |||| | ||||  ||| |||  |||||</Hsp_midline>
    </Hsp>
    <Hsp>
      <Hsp_num>2</Hsp_num>
      <Hsp_bit-score>483.687</Hsp_bit-score>
      <Hsp_score>535</Hsp_score>
      <Hsp_evalue>6.34235e-131</Hsp_evalue>
      <Hsp_query-from>1135</Hsp_query-from>
      <Hsp_query-to>1847</Hsp_query-to>
      <Hsp_hit-from>37844271</Hsp_hit-from>
      <Hsp_hit-to>37844919</Hsp_hit-to>
      <Hsp_query-frame>1</Hsp_query-frame>
      <Hsp_hit-frame>1</Hsp_hit-frame>
      <Hsp_identity>541</Hsp_identity>
      <Hsp_positive>541</Hsp_positive>
      <Hsp_gaps>114</Hsp_gaps>
      <Hsp_align-len>738</Hsp_align-len>
      <Hsp_qseq>GATTTAATCATCTCTTATTGCATTTCATAAGATCGATTTGTGTTCCATTATCAGGGCTATGCTGATGTTGTTACAGAAGATCCAATGAGCTATAACGAAGAAGGTTGGGTGGTATGTCGAGTGTTCAGGAAGAAGAACTATCAAAAGATTGACGATTGTCCTAAAATCACTCTATCTTCTTTACCTGATGACACGGAGGAAGAGAAGGGGCCCACCTTTCACAACACTCAAAACGTTACCGGTTTAGACCATGTTCTTCTCTACATGGACCGTAC---CGGTTCTAACATTTGCATGCCCGAGAGCCAAA------CAACG------ACTCAACATCAAGATGATGTCTTATTCATGCAACTCCCAAGTCTTGAGACACCTAAATCCGAGAGCCCGGTCGACCAAAGTTTCCTGACTCCAAGCAAACTCGATTTCTCTCCCGTTCAAGAGAAGATAACCGAAAGACCGGTTTGCAGCAACTGGGCTAGTCTTGACCGGCTCGTAGCTTGGCAATTGAACAATGGTCATCATA---------ATCCGTGTCATCGTAAGAGTTTTGATGAAGAAGAAGAAAATGGTGATACTATGATGCAGCGATGGGATCTTCATTGGAATAATGATGATAATGTTGATCTTTGGAGTAGTTTCACTGAGTCTTCTTCGTCTTTAGACCCACTTCTTCATTTATCTGTATGATTATCTATACATACACATACACAAAAT-ATAAAATA</Hsp_qseq>
      <Hsp_hseq>GATTTTTACATCTCTTATTCACTTTTATAAGATCCACTAGT--TCCATTATCAGGGATCTTCGGATGTTGCAAGCGAAGATCCGATGAGCTATAACGAAGATGGTTGGGTGGTATGTCGAGTGTTCAGGAAGAAGAACTATCAAAAGATCGACGATTGTCCTAAAATCACTATATCTTCTTCACCTGATGACACGGAGCAAGAGA---GGACCACGTTTCACAACACTCAAAACGACACCGGTTTAGACCATATTCTTCTCTACATGGACCGTACCAGCAGTTCTAATTTTTGCAACCCCGAAAGCCAAACATTACCAACGATCAACATTCAACATCAACACGATCTCTTGTTCATGCAACTCCCACGTCTAGA--------------AGAGAC------ACCA------CCCAAGTCCGAG--AAC-----------CCGGTTCAAGAGAAGATAACCGGCAAACCGGTTTGCAGTAACTGGGGTAGCCTTGACCGGCTAGTGGCGTGGCAATTGAACAATGGTCATCATAGAATGGCTGACACGTGTGATTGTCCAAGTTTCGATGAGGAAGAAGAAAATGG------------------------------------------TGATAATATCGATCTTTGGAGTAGTTTCACTGCGTCTCCTTCTTCTCTGGACCCTCTTGTTCATTTATCTGTGTAATTACATTT---TACTCATACAAAAGATAATAAAATA</Hsp_hseq>
      <Hsp_midline>|||||   |||||||||||   ||| |||||||| | | ||  ||||||||||||| | | | |||||||  |  |||||||| ||||||||||||||||| ||||||||||||||||||||||||||||||||||||||||||||||| ||||||||||||||||||||| ||||||||| |||||||||||||||| ||||||   || |||| |||||||||||||||||||  ||||||||||||||| ||||||||||||||||||||||   | |||||||  ||||||  ||||| |||||||      |||||      | |||||||||| | ||| |||| ||||||||||||||| |||| ||              |||| |      ||||      ||  | ||| ||  |||           || |||||||||||||||||||  | |||||||||||| ||||||| ||| ||||||||||| || || |||||||||||||||||||||||||         |  ||||| || ||   ||||| ||||| ||||||||||||||                                          ||||||| | |||||||||||||||||||||| |||| |||| ||| | ||||| ||| ||||||||||||| | ||||  | |   ||| |||||| || || ||||||||</Hsp_midline>
    </Hsp>
    <Hsp>
      <Hsp_num>3</Hsp_num>
      <Hsp_bit-score>188.837</Hsp_bit-score>
      <Hsp_score>208</Hsp_score>
      <Hsp_evalue>1.94873e-42</Hsp_evalue>
      <Hsp_query-from>483</Hsp_query-from>
      <Hsp_query-to>736</Hsp_query-to>
      <Hsp_hit-from>37029201</Hsp_hit-from>
      <Hsp_hit-to>37028948</Hsp_hit-to>
      <Hsp_query-frame>1</Hsp_query-frame>
      <Hsp_hit-frame>-1</Hsp_hit-frame>
      <Hsp_identity>194</Hsp_identity>
      <Hsp_positive>194</Hsp_positive>
      <Hsp_gaps>0</Hsp_gaps>
      <Hsp_align-len>254</Hsp_align-len>
      <Hsp_qseq>GCAGAGGAATGTAGAATCGGTTCAACGCCACAAAACGACTGGTACTTCTTCAGCCACAAGGACAAGAAGTATCCAACCGGGACCAGGACGAACCGGGCAACAGTCGCTGGATTCTGGAAAGCTACCGGACGTGACAAAATCATCTGCAGTTGTGTCCGGAGAATTGGACTGAGGAAGACACTCGTGTTCTACAAAGGAAGAGCTCCTCACGGTCAGAAATCCGACTGGATCATGCATGAGTATCGCCTCGACGA</Hsp_qseq>
      <Hsp_hseq>GCAGATAGATGCAGAATAGGATCAACACCGCAAAATGAGTGGTATTTCTTCAGCCACAAGGATAGGAAATATCCGACAGGGTCAAGAACGAATCGTGCAACTAACTCAGGGTTTTGGAAAGCAACGGGACGTGACAAGATCATAAGAAACTGTTACAAGAAGATAGGCATGAGGAAGACTCTTGTCTTCTACAAAGGAAGAGCTCCTCATGGCCAAAAGACAGATTGGATCATGCACGAATATCGTCTTGAAGA</Hsp_hseq>
      <Hsp_midline>|||||   ||| ||||| || ||||| || ||||| || ||||| ||||||||||||||||| | ||| ||||| || ||| | || ||||| || |||||   | | || || |||||||| || ||||||||||| |||||  | |  |||  |  ||  || ||  |||||||||| || || ||||||||||||||||||||||| || || ||  | || ||||||||||| || ||||| || || ||</Hsp_midline>
    </Hsp>
    <Hsp>
      <Hsp_num>4</Hsp_num>
      <Hsp_bit-score>181.623</Hsp_bit-score>
      <Hsp_score>200</Hsp_score>
      <Hsp_evalue>2.89217e-40</Hsp_evalue>
      <Hsp_query-from>250</Hsp_query-from>
      <Hsp_query-to>724</Hsp_query-to>
      <Hsp_hit-from>3198845</Hsp_hit-from>
      <Hsp_hit-to>3199309</Hsp_hit-to>
      <Hsp_query-frame>1</Hsp_query-frame>
      <Hsp_hit-frame>1</Hsp_hit-frame>
      <Hsp_identity>334</Hsp_identity>
      <Hsp_positive>334</Hsp_positive>
      <Hsp_gaps>20</Hsp_gaps>
      <Hsp_align-len>480</Hsp_align-len>
      <Hsp_qseq>GTGCCTCCAGGTTTCAGATTCCATCCCACCGAAGAAGAACTTCTCCATTACTATCTCCGTAAGAAAGTTAACTCTCAAAAGATCGATCTTGATGTCATTCGTGAAGTTGATCTAAACAAGCTTGAGCCTTGGGATATTCAAGGTTAAACCCTAAATATGAAAAAAAACTCTTTCATTTCTACGAACTCTCTATTTCTTTGTTCTTTATTTT--TGAACCATTTTGGTATGCAAATGCAGAGGAATGTAGAATCGGTTCAACGCCACAAAACGACTGGTACTTCTTCAGCCACAAGGACAAGAAGTATCCAACCGGGACCAGGACGAACCGGGCAACAGTCGCTGGATTCTGGAAAGCTACCGGACGTGACAAAATCATCTGCAGTTGTGTCCGGAGA---ATTGGACTGAGGAAGACACTCGTGTTCTACAAAGGAAGAGCTCCTCACGGTCAGAAATCCGACTGGATCATGCATGAGTA</Hsp_qseq>
      <Hsp_hseq>GTTCCTCCGGGATTCAGGTTCCATCCAACAGATGAAGAGCTCGTTGGTTACTATTTGAGGAAGAAAGTTGCATCGCAAAAGATAGATCTTGACGTCATTAGAGATATTGATCTCTACAGAATCGAACCATGGGATTTACAAGGTT----CCTACAAA--AACACTAGTTTTTTTATTTCTT-GA--TCTGAACATCTGAATACATGGATCTGATGAAC-ATTTGGTTATATATAT--AGAGAAATGCCGAATTGGATACGAGGAACGAAATGAATGGTATTTCTTCAGCCACAAAGACAAGAAATATCCAACAGGAACAAGGACAAACAGAGCGACCATGGCCGGTTTTTGGAAAGCCACGGGTCGAGACAAGGCTGTTTAC-GACAAGTC--GAAACTGATCGGTATGAGGAAAACACTAGTATTCTACAAAGGAAGAGCCCCTAATGGCCAAAAAACTGATTGGATCATGCATGAATA</Hsp_hseq>
      <Hsp_midline>|| ||||| || ||||| |||||||| || || ||||| ||  |   ||||||| |  | |||||||||   || |||||||| |||||||| |||||| | ||  |||||||  |||   | || || |||||| | |||||||    |||| | |  || |  |  | ||| ||||||  ||  |||  |  |||   | | |   | |  ||||| |||| | |||  | ||  |||| ||||  |||| || |    |  || ||| || ||||| |||||||||||||| |||||||| |||||||| || || ||||| ||| | || ||  | || || || |||||||| || || || |||||     | | | |    |||  || |   || ||  ||||||| ||||| || ||||||||||||||||| ||| | || || ||| | || |||||||||||||| ||</Hsp_midline>
    </Hsp>
    <Hsp>
      <Hsp_num>5</Hsp_num>
      <Hsp_bit-score>76.1261</Hsp_bit-score>
      <Hsp_score>83</Hsp_score>
      <Hsp_evalue>3.09344e-08</Hsp_evalue>
      <Hsp_query-from>250</Hsp_query-from>
      <Hsp_query-to>393</Hsp_query-to>
      <Hsp_hit-from>37029754</Hsp_hit-from>
      <Hsp_hit-to>37029611</Hsp_hit-to>
      <Hsp_query-frame>1</Hsp_query-frame>
      <Hsp_hit-frame>-1</Hsp_hit-frame>
      <Hsp_identity>103</Hsp_identity>
      <Hsp_positive>103</Hsp_positive>
      <Hsp_gaps>0</Hsp_gaps>
      <Hsp_align-len>144</Hsp_align-len>
      <Hsp_qseq>GTGCCTCCAGGTTTCAGATTCCATCCCACCGAAGAAGAACTTCTCCATTACTATCTCCGTAAGAAAGTTAACTCTCAAAAGATCGATCTTGATGTCATTCGTGAAGTTGATCTAAACAAGCTTGAGCCTTGGGATATTCAAGGT</Hsp_qseq>
      <Hsp_hseq>GTACCGCCTGGTTTCCGGTTTCACCCAACAGATGAAGAACTTCTTCATTACTACTTGAAGAAGAAGATTTCTTATGAAAAATTCGAGATGGAAGTCATCAAAGAGGTTGATTTGAACAAGATTGAGCCGTGGGATTTGCAAGGT</Hsp_hseq>
      <Hsp_midline>|| || || |||||| | || || || || || ||||||||||| ||||||||  |    |||||  ||   | | ||||  ||||  | || |||||    || |||||| | |||||| ||||||| |||||| | ||||||</Hsp_midline>
    </Hsp>
    <Hsp>
      <Hsp_num>6</Hsp_num>
      <Hsp_bit-score>58.0924</Hsp_bit-score>
      <Hsp_score>63</Hsp_score>
      <Hsp_evalue>0.00830085</Hsp_evalue>
      <Hsp_query-from>1843</Hsp_query-from>
      <Hsp_query-to>1914</Hsp_query-to>
      <Hsp_hit-from>37844980</Hsp_hit-from>
      <Hsp_hit-to>37845047</Hsp_hit-to>
      <Hsp_query-frame>1</Hsp_query-frame>
      <Hsp_hit-frame>1</Hsp_hit-frame>
      <Hsp_identity>58</Hsp_identity>
      <Hsp_positive>58</Hsp_positive>
      <Hsp_gaps>4</Hsp_gaps>
      <Hsp_align-len>72</Hsp_align-len>
      <Hsp_qseq>AAATAAAGTTTGTTAAAAAATGTCTCATGTTCTATTGATAGTACGTCTTGATTTTGGGGTTTAACATTTGTT</Hsp_qseq>
      <Hsp_hseq>AAATAAAGGTTGTTAATAAATGTCTCAAATACG-TTGATA-TATATCCCG--TTTGGGGTTTAACATTTGTT</Hsp_hseq>
      <Hsp_midline>|||||||| ||||||| ||||||||||  | |  |||||| ||  ||  |  ||||||||||||||||||||</Hsp_midline>
    </Hsp>
    <Hsp>
      <Hsp_num>7</Hsp_num>
      <Hsp_bit-score>54.4857</Hsp_bit-score>
      <Hsp_score>59</Hsp_score>
      <Hsp_evalue>0.101125</Hsp_evalue>
      <Hsp_query-from>957</Hsp_query-from>
      <Hsp_query-to>1024</Hsp_query-to>
      <Hsp_hit-from>3469236</Hsp_hit-from>
      <Hsp_hit-to>3469169</Hsp_hit-to>
      <Hsp_query-frame>1</Hsp_query-frame>
      <Hsp_hit-frame>-1</Hsp_hit-frame>
      <Hsp_identity>56</Hsp_identity>
      <Hsp_positive>56</Hsp_positive>
      <Hsp_gaps>4</Hsp_gaps>
      <Hsp_align-len>70</Hsp_align-len>
      <Hsp_qseq>TTAACACATCATATATACATTTATATAAAAAGATTTTTTCACAAGGCTTAAAA--TAGTTTAACACGGCT</Hsp_qseq>
      <Hsp_hseq>TTAACACATCAAATATACATTTA-ATAAAAAGAATTTGACA-AAACCTTCAAATGTAGTTTGATATGGCT</Hsp_hseq>
      <Hsp_midline>||||||||||| ||||||||||| ||||||||| |||  || ||  ||| |||  |||||| | | ||||</Hsp_midline>
    </Hsp>
    <Hsp>
      <Hsp_num>8</Hsp_num>
      <Hsp_bit-score>52.6823</Hsp_bit-score>
      <Hsp_score>57</Hsp_score>
      <Hsp_evalue>0.352961</Hsp_evalue>
      <Hsp_query-from>1090</Hsp_query-from>
      <Hsp_query-to>1129</Hsp_query-to>
      <Hsp_hit-from>15120930</Hsp_hit-from>
      <Hsp_hit-to>15120893</Hsp_hit-to>
      <Hsp_query-frame>1</Hsp_query-frame>
      <Hsp_hit-frame>-1</Hsp_hit-frame>
      <Hsp_identity>36</Hsp_identity>
      <Hsp_positive>36</Hsp_positive>
      <Hsp_gaps>2</Hsp_gaps>
      <Hsp_align-len>40</Hsp_align-len>
      <Hsp_qseq>TTTTTTTTTTGTTTCAAAATAAAAGTTGCATTTTTACATC</Hsp_qseq>
      <Hsp_hseq>TTTTTTTTTTGTTTCAAAATATAAGTTG--TTTTGACATC</Hsp_hseq>
      <Hsp_midline>||||||||||||||||||||| ||||||  |||| |||||</Hsp_midline>
    </Hsp>
  </Hit_hsps>
</Hit>
<Hit>
  <Hit_num>35</Hit_num>
  <Hit_id>gi|1820521183|emb|LR778313.1|</Hit_id>
  <Hit_def>Raphanus sativus genome assembly, chromosome: 4</Hit_def>
  <Hit_accession>LR778313</Hit_accession>
  <Hit_len>44034337</Hit_len>
  <Hit_hsps>
    <Hsp>
      <Hsp_num>1</Hsp_num>
      <Hsp_bit-score>795.67</Hsp_bit-score>
      <Hsp_score>881</Hsp_score>
      <Hsp_evalue>0</Hsp_evalue>
      <Hsp_query-from>1</Hsp_query-from>
      <Hsp_query-to>761</Hsp_query-to>
      <Hsp_hit-from>20522562</Hsp_hit-from>
      <Hsp_hit-to>20523325</Hsp_hit-to>
      <Hsp_query-frame>1</Hsp_query-frame>
      <Hsp_hit-frame>1</Hsp_hit-frame>
      <Hsp_identity>652</Hsp_identity>
      <Hsp_positive>652</Hsp_positive>
      <Hsp_gaps>33</Hsp_gaps>
      <Hsp_align-len>779</Hsp_align-len>
      <Hsp_qseq>AAAGACACTTTAATGCATGA---------ACTTCTTTGTTTAAATAACAATTTCCCCCTTT-TGGGGGCTATGTC-TCGTCGAGTCCTACCACCATTATAAATT-ATCTCATCGT-TTGCTTTCTTTTTTTTAAGTTGTAACCATTTCCACTCGTAATCATACAACTTCTCTACTCTTCTAGAGC--AAAAACCCAAAAATATATTGCTATCTTCGTTAATGGCTGATAATAAGGTCAATCTTTCGATTAATGGACAATCAAAAGTGCCTCCAGGTTTCAGATTCCATCCCACCGAAGAAGAACTTCTCCATTACTATCTCCGTAAGAAAGTTAACTCTCAAAAGATCGATCTTGATGTCATTCGTGAAGTTGATCTAAACAAGCTTGAGCCTTGGGATATTCAAGGTTAAACCCTAAATATGAAAAAAAACTCTTTCATTTCTACGAACTCTCT--ATTTCTTTGTTCTTT-ATTTTTGAACCATTTTGGTATGCAAATGCAGAGGAATGTAGAATCGGTTCAACGCCACAAAACGACTGGTACTTCTTCAGCCACAAGGACAAGAAGTATCCAACCGGGACCAGGACGAACCGGGCAACAGTCGCTGGATTCTGGAAAGCTACCGGACGTGACAAAATCATCTGCAGTTGTGTCCGGAGAATTGGACTGAGGAAGACACTCGTGTTCTACAAAGGAAGAGCTCCTCACGGTCAGAAATCCGACTGGATCATGCATGAGTATCGCCTCGACGATACTCCAATGTCTAATGTAAGTATA</Hsp_qseq>
      <Hsp_hseq>AAAGACACTTTAATGCATAATAATTTTCCACATCTTTATTTAAATAATAATTTCCCCCTTAATAGGGGCTCTATCATTGAGTAATCCCACCACCATTATAAAATGATCTCATCGCCTTGCTCTCTTATGCT-AAGTTGTAACCACTTC-ACTTGTAATCA----ACTTCTCTACTCTACTAGAGCCAAAAAAAGTAAAAAGATATCGTTATCATCATAAATGGCGGAGAATAAGGTAAATCTTTCGATTAATGGACAGTCAAAAGTGCCTCCAGGTTTCAGATTCCATCCGACAGAAGAAGAACTTCTCCATTACTATCTCCGCAAGAAAGTTCACTCACAAAAGATCGATCTTGATGTCATTCGTGAAGTAGATCTCAACAAGCTTGAGCCTTGGGATATTCAAGGTT--CTTCTAA-----CAAATAAACCCTTT-ATATC-AAAATCTCTTTTCATGTCTATCAAGTTTCTTTTTTGAACCATTTTGGTTAGCAAATGCAGAGGAATGTAGAATCGGTTTGACGCCACAGAACGATTGGTACTTCTTCAGTCATAAGGACAAGAAATATCCAACTGGGACAAGAACAAACCGGGCTACAGTCACTGGATTCTGGAAAGCTACTGGACGTGATAAGATCATCTATTGTTGTGTCCGGAGAATTGGACTGAGAAAGACGCTCGTGTTCTATAAAGGAAGAGCTCCTCATGGTGAGAAATCTGATTGGATCATGCATGAGTATCGCCTCGACGATACTCCAACAAGTAATGTAAGTGTA</Hsp_hseq>
      <Hsp_midline>|||||||||||||||||| |         || ||||| ||||||||| ||||||||||||  | |||||| | || | |   | ||| |||||||||||||| | |||||||||  ||||| |||| |  | |||||||||||| ||| ||| |||||||    ||||||||||||| |||||||  |||||   ||||| |||| | |||| || | |||||| || |||||||| |||||||||||||||||||| |||||||||||||||||||||||||||||||| || ||||||||||||||||||||||||||||| ||||||||| |||| |||||||||||||||||||||||||||||||| ||||| |||||||||||||||||||||||||||||||     ||||      ||| |||| |||| || || |  | |||| |  || ||| |    |||  ||||||||||||||||||  ||||||||||||||||||||||||||||  |||||||| ||||| |||||||||||||| || ||||||||||| |||||||| ||||| || || |||||||| |||||| ||||||||||||||||||| |||||||| || |||||||   ||||||||||||||||||||||||| ||||| ||||||||||| ||||||||||||||||| ||| ||||||| || |||||||||||||||||||||||||||||||||||||    |||||||||| ||</Hsp_midline>
    </Hsp>
    <Hsp>
      <Hsp_num>2</Hsp_num>
      <Hsp_bit-score>731.651</Hsp_bit-score>
      <Hsp_score>810</Hsp_score>
      <Hsp_evalue>0</Hsp_evalue>
      <Hsp_query-from>1138</Hsp_query-from>
      <Hsp_query-to>1835</Hsp_query-to>
      <Hsp_hit-from>20523861</Hsp_hit-from>
      <Hsp_hit-to>20524562</Hsp_hit-to>
      <Hsp_query-frame>1</Hsp_query-frame>
      <Hsp_hit-frame>1</Hsp_hit-frame>
      <Hsp_identity>589</Hsp_identity>
      <Hsp_positive>589</Hsp_positive>
      <Hsp_gaps>20</Hsp_gaps>
      <Hsp_align-len>710</Hsp_align-len>
      <Hsp_qseq>TTAATCATCTCTTATTGCATTTCATAAGATCGATTTGTGTTCCATTATCAGGGCTATGCTGATGTTGTTACAGAAGATCCAATGAGCTATAACGAAGAAGGTTGGGTGGTATGTCGAGTGTTCAGGAAGAAGAACTATCAAAAGATTGACGATTGTCCTAAAATCACTCTATCTTCTTTACCTGATGACACGGAGGAAGAGAAGGGGCCCAC---CTTTCACAACACTCAAAACGTTACCGGTTTAGACCATGTTCTTCTCTACATGGACCGTACCGGTTCTAACATTTGCATGCCCGAGAGCCAAACAACGACTCAACATCAAGATGATGTCTTATTCATGCAACTCCCAAGTCTTGAGACACCTAAATCCGAGAGCCCGGTCGACCAAAGTTTCCTGACTCCAAGCAAACTCGATTTCTCTCCCGTTCAAGAGAAGATAACCGAAAGACCGGTTTGCAGCAACTGGGCTAGTCTTGACCGGCTCGTAGCTTGGCAATTGAACAATGGTCATCATAATCCGTGTCATCGTAAGAGTTTTGATGAAGAAGAAGAAAATGGTGATACTATGATGCAGCGATGGGATCTTCATTGGAATAATGATGATAATGTTGATCTTTGGAGTAGTTTCACTGAGTCTTC---------TTCGTCTTTAGACCCACTTCTTCATTTATCTGTATGATTATCTATACATACACATACACA</Hsp_qseq>
      <Hsp_hseq>TTCATAATCTTCTAATGCATTTTAATTGATCGATTTGT--TACATTAACAGGAATGTTCTGATGTTGTAACTGAAGACCCAATGAGTTACAACGAAGACGGTTGGGTGGTATGTCGAGTGTTCAGGAAGAAGAACTATCAAAAGATCGACGATTCTCCTAAAATCACTCAATCTTCTTCACCTGATGACACTGACGAAAACAAAAGGCCCACCACCTTTCACAACACTCTAAACGCAACCGTTTTGGACCACGTTCTTCTATGCATGGACCTTTCCGGTCCCAATATTTCCGTGCCCGAGGTCCAAACCAAAACTCAACATCAAGACGATCTTTTATTCATGCAACTCCCAAGTCTTGAGACACCCAAATCCGAAAACCTAGTTGGCCAAAGTTTAACGACCACTAACCAACTCGATTCCTCTCTGGTTCAAGAGAAGATAACCGGCAGACCGGTTTGCAGTAATTGGGCTAGTCTTGACCGGTTAGTGGCGTGGCAATTGAACAATGGTCATCTTA---CGTGTGATCGTACGAGTTTTGACGAAGAAGAAGAA---GGTGATGCCATGATGCAGCGATGGGATCTACACTGGAATAATGATGATAATGTCGATATCTGGAGTAGTTTCGCCGAATCATCTTCGTCACTTTCGTCTTTAGACCCTCTTCTTCATTTATCTGTATGATTGTATATACACAAACATATACA</Hsp_hseq>
      <Hsp_midline>|| || ||||  || ||||||| |   |||||||||||  | ||||| ||||  | | |||||||||| || ||||| |||||||| || |||||||| ||||||||||||||||||||||||||||||||||||||||||||||| ||||||| |||||||||||||| |||||||| |||||||||||| || ||| | ||  |||||||   |||||||||||||| |||||  |||| ||| ||||| |||||||| | |||||||| | ||||| | || |||| | ||||||||  |||||| |  |||||||||||||| ||| | |||||||||||||||||||||||||||||||| |||||||| | ||  || | |||||||||   |||  | | | ||||||||| |||||  |||||||||||||||||||  |||||||||||||| || |||||||||||||||||| | || || |||||||||||||||||||||| ||   ||||| |||||| ||||||||| ||||||||||||   |||||| | |||||||||||||||||||| || |||||||||||||||||||| ||| | |||||||||||| | || || ||         ||||||||||||||| ||||||||||||||||||||||| | |||||| | ||||| |||</Hsp_midline>
    </Hsp>
    <Hsp>
      <Hsp_num>3</Hsp_num>
      <Hsp_bit-score>205.067</Hsp_bit-score>
      <Hsp_score>226</Hsp_score>
      <Hsp_evalue>2.53477e-47</Hsp_evalue>
      <Hsp_query-from>505</Hsp_query-from>
      <Hsp_query-to>741</Hsp_query-to>
      <Hsp_hit-from>11402426</Hsp_hit-from>
      <Hsp_hit-to>11402662</Hsp_hit-to>
      <Hsp_query-frame>1</Hsp_query-frame>
      <Hsp_hit-frame>1</Hsp_hit-frame>
      <Hsp_identity>190</Hsp_identity>
      <Hsp_positive>190</Hsp_positive>
      <Hsp_gaps>6</Hsp_gaps>
      <Hsp_align-len>240</Hsp_align-len>
      <Hsp_qseq>CAACGCCACAAAACGACTGGTACTTCTTCAGCCACAAGGACAAGAAGTATCCAACCGGGACCAGGACGAACCGGGCAACAGTCGCTGGATTCTGGAAAGCTACCGGACGTGACAAAATCATCT---GCAGTTGTGTCCGGAGAATTGGACTGAGGAAGACACTCGTGTTCTACAAAGGAAGAGCTCCTCACGGTCAGAAATCCGACTGGATCATGCATGAGTATCGCCTCGACGATACTC</Hsp_qseq>
      <Hsp_hseq>CAACGCCACAAAACGATTGGTACTTCTTTAGCCACAAGGACAAGAAGTATCCCACGGGAACAAGAACAAACCGAGCGACCACGGTCGGGTTTTGGAAAGCAACCGGACGTGACAAGATCATATATAGCAATGGTG---ATAGGATCGGTATGCGGAAAACGCTTGTCTTCTACAAAGGTCGAGCCCCTCATGGTCAAAAATCCGACTGGATCATGCACGAATATAGACTCGACGATAATC</Hsp_hseq>
      <Hsp_midline>|||||||||||||||| ||||||||||| ||||||||||||||||||||||| || || || || || ||||| || ||    |  || || |||||||| |||||||||||||| ||||| |   ||| | |||     || || ||  || |||| || || || |||||||||||  |||| ||||| ||||| |||||||||||||||||||| || ||| | |||||||||| ||</Hsp_midline>
    </Hsp>
    <Hsp>
      <Hsp_num>4</Hsp_num>
      <Hsp_bit-score>131.129</Hsp_bit-score>
      <Hsp_score>144</Hsp_score>
      <Hsp_evalue>4.58702e-25</Hsp_evalue>
      <Hsp_query-from>235</Hsp_query-from>
      <Hsp_query-to>394</Hsp_query-to>
      <Hsp_hit-from>11401365</Hsp_hit-from>
      <Hsp_hit-to>11401524</Hsp_hit-to>
      <Hsp_query-frame>1</Hsp_query-frame>
      <Hsp_hit-frame>1</Hsp_hit-frame>
      <Hsp_identity>127</Hsp_identity>
      <Hsp_positive>127</Hsp_positive>
      <Hsp_gaps>2</Hsp_gaps>
      <Hsp_align-len>161</Hsp_align-len>
      <Hsp_qseq>AATGGACAATCAAAAGTGCCTCCAGGTTTCAGATTCCATCCCACCGAAGAAGAACTTCTCCATTACTATCTCCGTAAGAAAGTTAACTCTCAA-AAGATCGATCTTGATGTCATTCGTGAAGTTGATCTAAACAAGCTTGAGCCTTGGGATATTCAAGGTT</Hsp_qseq>
      <Hsp_hseq>AACGGACAGTCACAAGTGCCTCCTGGCTTTAGGTTTCACCCGACTGAGGAAGAGCTCTTGCAGTATTACCTCCGCAAAAAAAT-ATCTAACATCAAGATTGATCTCGATGTTATTCGTGATGTTGATCTCAACAAGCTCGAGCCTTGGGATATTCAAGGTT</Hsp_hseq>
      <Hsp_midline>|| ||||| ||| |||||||||| || || || || || || || || ||||| ||  | || || || ||||| || ||| | | ||  ||  ||||| ||||| ||||| |||||||| |||||||| |||||||| ||||||||||||||||||||||</Hsp_midline>
    </Hsp>
    <Hsp>
      <Hsp_num>5</Hsp_num>
      <Hsp_bit-score>125.719</Hsp_bit-score>
      <Hsp_score>138</Hsp_score>
      <Hsp_evalue>1.95045e-23</Hsp_evalue>
      <Hsp_query-from>519</Hsp_query-from>
      <Hsp_query-to>733</Hsp_query-to>
      <Hsp_hit-from>5468228</Hsp_hit-from>
      <Hsp_hit-to>5468442</Hsp_hit-to>
      <Hsp_query-frame>1</Hsp_query-frame>
      <Hsp_hit-frame>1</Hsp_hit-frame>
      <Hsp_identity>160</Hsp_identity>
      <Hsp_positive>160</Hsp_positive>
      <Hsp_gaps>4</Hsp_gaps>
      <Hsp_align-len>217</Hsp_align-len>
      <Hsp_qseq>GACTGGTACTTCTTCAGCCACAAGGACAAGAAGTATCCAACCGGGACCAGGACGAACCGGGCAACAGTCGCTGGATTCTGGAAAGCTACCGGACGTGACAAAATCATCTGCAGTTGTGTCCGGAGAAT-TGGAC-TGAGGAAGACACTCGTGTTCTACAAAGGAAGAGCTCCTCACGGTCAGAAATCCGACTGGATCATGCATGAGTATCGCCTCGA</Hsp_qseq>
      <Hsp_hseq>GAATGGTATTTCTTTAGCCACAAGGACAAAAAGTACCCAACAGGGACACGAACCAATAGAGCAACGGGGTCAGGATTTTGGAAAGCAACGGGTCGAGATAAGGCCATATAC--TCGAAGCAAGAGCTTGTGGGCATGAGAAAGACTCTTGTGTTTTACAAAGGTCGAGCCCCAAATGGTCAGAAATCCGATTGGATAATGCATGAATATCGTCTTGA</Hsp_hseq>
      <Hsp_midline>|| ||||| ||||| |||||||||||||| ||||| ||||| |||||  | || ||  | ||||| |   | ||||| |||||||| || || || || ||   ||| | |  | |   |  |||  | ||| | |||| ||||| || ||||| ||||||||  |||| ||  | |||||||||||||| ||||| |||||||| ||||| || ||</Hsp_midline>
    </Hsp>
    <Hsp>
      <Hsp_num>6</Hsp_num>
      <Hsp_bit-score>103.177</Hsp_bit-score>
      <Hsp_score>113</Hsp_score>
      <Hsp_evalue>2.22546e-16</Hsp_evalue>
      <Hsp_query-from>519</Hsp_query-from>
      <Hsp_query-to>728</Hsp_query-to>
      <Hsp_hit-from>8722622</Hsp_hit-from>
      <Hsp_hit-to>8722413</Hsp_hit-to>
      <Hsp_query-frame>1</Hsp_query-frame>
      <Hsp_hit-frame>-1</Hsp_hit-frame>
      <Hsp_identity>151</Hsp_identity>
      <Hsp_positive>151</Hsp_positive>
      <Hsp_gaps>4</Hsp_gaps>
      <Hsp_align-len>212</Hsp_align-len>
      <Hsp_qseq>GACTGGTACTTCTTCAGCCACAAGGACAAGAAGTATCCAACCGGGACCAGGACGAACCGGGCAACAGTCGCTGGATTCTGGAAAGCTACCGGACGTGACAAAATCATCTGCAGTTGTGTCC--GGAGAATTGGACTGAGGAAGACACTCGTGTTCTACAAAGGAAGAGCTCCTCACGGTCAGAAATCCGACTGGATCATGCATGAGTATCGC</Hsp_qseq>
      <Hsp_hseq>GATTGGTATTTCTTTAGCCATAAAGACAAAAAGTACCCCACAGGGACTCGAACCAATCGAGCAACCAAAGCAGGGTTTTGGAAAGCCACAGGAAGAGATAAGGCTATATAC--TTGAGGCATAGTCTTATTGGCATGAGGAAAACACTTGTGTTCTACATGGGGAGAGCCCCAAATGGACAAAAATCTGATTGGATCATGCATGAATACCGC</Hsp_hseq>
      <Hsp_midline>|| ||||| ||||| ||||| || ||||| ||||| || || |||||  | || || || |||||    || || || |||||||| || ||| | || ||    || | |  ||| | |   |    |||||  ||||||| ||||| ||||||||||  || ||||| ||  | || || ||||| || |||||||||||||| || |||</Hsp_midline>
    </Hsp>
    <Hsp>
      <Hsp_num>7</Hsp_num>
      <Hsp_bit-score>102.275</Hsp_bit-score>
      <Hsp_score>112</Hsp_score>
      <Hsp_evalue>2.22546e-16</Hsp_evalue>
      <Hsp_query-from>503</Hsp_query-from>
      <Hsp_query-to>733</Hsp_query-to>
      <Hsp_hit-from>36119448</Hsp_hit-from>
      <Hsp_hit-to>36119678</Hsp_hit-to>
      <Hsp_query-frame>1</Hsp_query-frame>
      <Hsp_hit-frame>1</Hsp_hit-frame>
      <Hsp_identity>161</Hsp_identity>
      <Hsp_positive>161</Hsp_positive>
      <Hsp_gaps>0</Hsp_gaps>
      <Hsp_align-len>231</Hsp_align-len>
      <Hsp_qseq>TTCAACGCCACAAAACGACTGGTACTTCTTCAGCCACAAGGACAAGAAGTATCCAACCGGGACCAGGACGAACCGGGCAACAGTCGCTGGATTCTGGAAAGCTACCGGACGTGACAAAATCATCTGCAGTTGTGTCCGGAGAATTGGACTGAGGAAGACACTCGTGTTCTACAAAGGAAGAGCTCCTCACGGTCAGAAATCCGACTGGATCATGCATGAGTATCGCCTCGA</Hsp_qseq>
      <Hsp_hseq>TTCAATGGGAGAAAAAGAGTGGTACTTCTTCAGCCTAAGAGACCGGAAATATCCAACCGGTTTAAGGACAAACCGAGCAACTGAAGCCGGTTATTGGAAAACCACGGGTAAAGATAAAGAGATATACAGAAGTGGAGTGCTGGTTGGGATGAAGAAAACCCTAGTTTTCTACAAAGGAAGAGCTCCAAAGGGTGAGAAAAGCAATTGGGTTTTGCATGAGTATAGGCTTGA</Hsp_hseq>
      <Hsp_midline>||||| |  | |||| || ||||||||||||||||  |  |||  ||| |||||||||||    ||||| ||||| ||||| |  || || |  |||||| | || ||    || |||   || | |||  |||    |    ||||  ||| ||| || || || ||||||||||||||||||||  | ||| |||||  | | ||| |  ||||||||||| | || ||</Hsp_midline>
    </Hsp>
    <Hsp>
      <Hsp_num>8</Hsp_num>
      <Hsp_bit-score>99.5699</Hsp_bit-score>
      <Hsp_score>109</Hsp_score>
      <Hsp_evalue>2.71117e-15</Hsp_evalue>
      <Hsp_query-from>516</Hsp_query-from>
      <Hsp_query-to>735</Hsp_query-to>
      <Hsp_hit-from>2826175</Hsp_hit-from>
      <Hsp_hit-to>2826400</Hsp_hit-to>
      <Hsp_query-frame>1</Hsp_query-frame>
      <Hsp_hit-frame>1</Hsp_hit-frame>
      <Hsp_identity>161</Hsp_identity>
      <Hsp_positive>161</Hsp_positive>
      <Hsp_gaps>14</Hsp_gaps>
      <Hsp_align-len>230</Hsp_align-len>
      <Hsp_qseq>AACGACTGGTACTTCTTCAGCCACAAGGACAAGAAGTATCCAACCGGGACC-AGGACGAACCGGGCAACAGTCGCTGGATTCTGGAAAGCTACCGGACGTGACAAAATCATCTGCAGTTGTGTCCGGAGAA---------TTGGACTGAGGAAGACACTCGTGTTCTACAAAGGAAGAGCTCCTCACGGTCAGAAATCCGACTGGATCATGCATGAGTATCGCCTCGACG</Hsp_qseq>
      <Hsp_hseq>AAAGAGTGGTACTTCTTCACGCTTAGAGACCGCAAGTACCCAAC-GGGACTGAGGACGAACAGAGCAACAGAAGCTGGTTACTGGAAAGCTACTGGTAAAGACAGAGAGATCAAAAGCTCAAA---GACAAACTCGCTTCTCGGAATGAAGAAAACTCTCGTCTTTTACAAAGGCAGAGCTCCTAAAGGTGAGAAAAGCTGTTGGGTCATGCACGAGTATCGCCTCGACG</Hsp_hseq>
      <Hsp_midline>|| || |||||||||||||  |  |  |||   ||||| ||||| |||||  ||||||||| | |||||||  ||||| | |||||||||||| ||    |||| |   |||   || |       || ||         | ||| ||| ||| || ||||| || |||||||| ||||||||| | ||| |||||  |   ||| ||||||| ||||||||||||||||</Hsp_midline>
    </Hsp>
    <Hsp>
      <Hsp_num>9</Hsp_num>
      <Hsp_bit-score>97.7665</Hsp_bit-score>
      <Hsp_score>107</Hsp_score>
      <Hsp_evalue>9.4629e-15</Hsp_evalue>
      <Hsp_query-from>525</Hsp_query-from>
      <Hsp_query-to>733</Hsp_query-to>
      <Hsp_hit-from>42883917</Hsp_hit-from>
      <Hsp_hit-to>42884128</Hsp_hit-to>
      <Hsp_query-frame>1</Hsp_query-frame>
      <Hsp_hit-frame>1</Hsp_hit-frame>
      <Hsp_identity>149</Hsp_identity>
      <Hsp_positive>149</Hsp_positive>
      <Hsp_gaps>3</Hsp_gaps>
      <Hsp_align-len>212</Hsp_align-len>
      <Hsp_qseq>TACTTCTTCAGCCACAAGGACAAGAAGTATCCAACCGGGACCAGGACGAACCGGGCAACAGTCGCTGGATTCTGGAAAGCTACCGGACGTGACAAAATCATCTGCAGTTGTGTCCGGAGAATTG---GACTGAGGAAGACACTCGTGTTCTACAAAGGAAGAGCTCCTCACGGTCAGAAATCCGACTGGATCATGCATGAGTATCGCCTCGA</Hsp_qseq>
      <Hsp_hseq>TACTTCTTTTGCCAGAGGGATAGGAAGTACCCAACCGGCATGAGGACGAACCGTGCAACCCTGTCCGGTTACTGGAAGGCGACCGGGAAGGACAAGGAGATCTTTAGAGGCAAAGGTTGTATTGTTGGGATGAAGAAAACACTTGTGTTCTATAGAGGAAGAGCTCCAAAAGGTGAAAAGACCAATTGGGTAATGCATGAGTATCGTCTTGA</Hsp_hseq>
      <Hsp_midline>||||||||  |||| | ||| | |||||| |||||||| |  ||||||||||| |||||  |  | || | |||||| || |||||    |||||    ||||  ||  |     |  | ||||   |  ||| ||| ||||| |||||||| | ||||||||||||  | ||| | ||  || | ||| | |||||||||||||| || ||</Hsp_midline>
    </Hsp>
    <Hsp>
      <Hsp_num>10</Hsp_num>
      <Hsp_bit-score>84.2413</Hsp_bit-score>
      <Hsp_score>92</Hsp_score>
      <Hsp_evalue>5.97174e-11</Hsp_evalue>
      <Hsp_query-from>516</Hsp_query-from>
      <Hsp_query-to>735</Hsp_query-to>
      <Hsp_hit-from>37814622</Hsp_hit-from>
      <Hsp_hit-to>37814397</Hsp_hit-to>
      <Hsp_query-frame>1</Hsp_query-frame>
      <Hsp_hit-frame>-1</Hsp_hit-frame>
      <Hsp_identity>161</Hsp_identity>
      <Hsp_positive>161</Hsp_positive>
      <Hsp_gaps>18</Hsp_gaps>
      <Hsp_align-len>232</Hsp_align-len>
      <Hsp_qseq>AACGACTGGTACTTCTTCAGCCAC-AAG-GACAAGAAGTATCCAACCGGGACC-AGGACGAACCGGGCAACAGTCGCTGGATTCTGGAAAGCTACCGGACGTGACAAAATCATCTGCAGTTGTGTCCGGAGAA---------TTGGACTGAGGAAGACACTCGTGTTCTACAAAGGAAGAGCTCCTCACGGTCAGAAATCCGACTGGATCATGCATGAGTATCGCCTCGACG</Hsp_qseq>
      <Hsp_hseq>AAGGAGTGGTACTTCTTCA--CACTAAGAGATAGGAAGTACCCAAG-GGGACTGAGAACGAACAGAGCAACAGAAGCTGGTTATTGGAAAGCAACTGGCAAAGACAGAGAGATCAAAAGCTCAAA---GACAAAATCGCTTCTCGGGATGAAGAAAACTCTCGTCTTTTACAAAGGCAGAGCTCCTAAAGGTGAGAAAAGCTCTTGGGTCATGCACGAGTATCGCCTCGACG</Hsp_hseq>
      <Hsp_midline>|| || |||||||||||||  ||| ||| || | |||||| ||||  |||||  || |||||| | |||||||  ||||| |  |||||||| || ||    |||| |   |||   || |       || ||         | ||  ||| ||| || ||||| || |||||||| ||||||||| | ||| |||||  |   ||| ||||||| ||||||||||||||||</Hsp_midline>
    </Hsp>
    <Hsp>
      <Hsp_num>11</Hsp_num>
      <Hsp_bit-score>81.5362</Hsp_bit-score>
      <Hsp_score>89</Hsp_score>
      <Hsp_evalue>7.27507e-10</Hsp_evalue>
      <Hsp_query-from>503</Hsp_query-from>
      <Hsp_query-to>733</Hsp_query-to>
      <Hsp_hit-from>3390644</Hsp_hit-from>
      <Hsp_hit-to>3390414</Hsp_hit-to>
      <Hsp_query-frame>1</Hsp_query-frame>
      <Hsp_hit-frame>-1</Hsp_hit-frame>
      <Hsp_identity>159</Hsp_identity>
      <Hsp_positive>159</Hsp_positive>
      <Hsp_gaps>6</Hsp_gaps>
      <Hsp_align-len>234</Hsp_align-len>
      <Hsp_qseq>TTCAACGCCACAAAACGACTGGTACTTCTTCAGCCACAAGGACAAGAAGTATCCAACCGGGACCAGGACGAACCGGGCAACAGTCGCTGGATTCTGGAAAGCTACCGGACGTGACAAAATCATCTGC---AGTTGTGTCCGGAGAATTGGACTGAGGAAGACACTCGTGTTCTACAAAGGAAGAGCTCCTCACGGTCAGAAATCCGACTGGATCATGCATGAGTATCGCCTCGA</Hsp_qseq>
      <Hsp_hseq>TTCAATGGGAGAGAAAGAGTGGTATTTCTTCTGCTTAAGAGACCGGAAATATCCAACCGGTTTAAGAACAAACCGAGCAACTGAAGCCGGTTATTGGAAAACCACAGGTAAAGATAAAGAGATATACCTAAGTGGAGTGCTGG---TTGGGATGAAGAAAACCCTTGTTTTCTACAAAGGAAGAGCTCCAAAGGGTGAGAAAAGCAATTGGGTTATGCATGAGTATAGGCTTGA</Hsp_hseq>
      <Hsp_midline>||||| |  | | || || ||||| |||||| ||   |  |||  ||| |||||||||||    || || ||||| ||||| |  || || |  |||||| | || ||    || |||   || | |   ||| | || | |    ||||  ||| ||| || || || ||||||||||||||||||||  | ||| |||||  | | ||| | |||||||||||| | || ||</Hsp_midline>
    </Hsp>
    <Hsp>
      <Hsp_num>12</Hsp_num>
      <Hsp_bit-score>71.6177</Hsp_bit-score>
      <Hsp_score>78</Hsp_score>
      <Hsp_evalue>3.76858e-07</Hsp_evalue>
      <Hsp_query-from>652</Hsp_query-from>
      <Hsp_query-to>735</Hsp_query-to>
      <Hsp_hit-from>2226251</Hsp_hit-from>
      <Hsp_hit-to>2226334</Hsp_hit-to>
      <Hsp_query-frame>1</Hsp_query-frame>
      <Hsp_hit-frame>1</Hsp_hit-frame>
      <Hsp_identity>66</Hsp_identity>
      <Hsp_positive>66</Hsp_positive>
      <Hsp_gaps>0</Hsp_gaps>
      <Hsp_align-len>84</Hsp_align-len>
      <Hsp_qseq>TGAGGAAGACACTCGTGTTCTACAAAGGAAGAGCTCCTCACGGTCAGAAATCCGACTGGATCATGCATGAGTATCGCCTCGACG</Hsp_qseq>
      <Hsp_hseq>TGAGAAAGACACTTGTATTTTACAAAGGTCGAGCTCCTAAAGGTTGTAAAACTGATTGGGTCATGCATGAGTTTCGTCTCCACG</Hsp_hseq>
      <Hsp_midline>|||| |||||||| || || ||||||||  |||||||| | |||   ||| | || ||| |||||||||||| ||| ||| |||</Hsp_midline>
    </Hsp>
    <Hsp>
      <Hsp_num>13</Hsp_num>
      <Hsp_bit-score>71.6177</Hsp_bit-score>
      <Hsp_score>78</Hsp_score>
      <Hsp_evalue>3.76858e-07</Hsp_evalue>
      <Hsp_query-from>519</Hsp_query-from>
      <Hsp_query-to>736</Hsp_query-to>
      <Hsp_hit-from>36522677</Hsp_hit-from>
      <Hsp_hit-to>36522460</Hsp_hit-to>
      <Hsp_query-frame>1</Hsp_query-frame>
      <Hsp_hit-frame>-1</Hsp_hit-frame>
      <Hsp_identity>156</Hsp_identity>
      <Hsp_positive>156</Hsp_positive>
      <Hsp_gaps>16</Hsp_gaps>
      <Hsp_align-len>226</Hsp_align-len>
      <Hsp_qseq>GACTGGTACTTCTTCAGCCACAAG-GACAAGAAGTATCCAACCGGGACCAGGACGAACCGGGCAACAGTCGCTGGATTCTGGAAAGCTACCGGACGTGACAAAATCATCTGCAGTTGTGTCC--GGAGA---ATTGGACTGAGGAAGACACTCGTGTTCTACAAAGGAAGAGCTCCTCACGG--TCAGAAATCCGACTGGATCATGCATGAGTATCGCCTCGACGA</Hsp_qseq>
      <Hsp_hseq>GAATGGTATTTTTTCGGGC-CACGTGACCGGAAATATCCGAACGGGTTCAGGACGAACCGAGCAACAAGAGGTGGATACTGGAAATCGACTGG----GA-AAGATCGGAGAGTGACGAGTCAAAGCAGAGCCATTGGGATGAAGAAGACTTTGGTTTACTATAGAGGAAGAGCTCCTCAAGGGATTCGTA--CGGATTGGGTCATGCATGAGTATCGTCTCGATGA</Hsp_hseq>
      <Hsp_midline>|| ||||| || ||| | | || | |||  ||| ||||| | ||||  |||||||||||| ||||||   | ||||| ||||||| | || ||    || || |||       |  | |||   | |||   |||||  ||| ||||||  | || | ||| | ||||||||||||||| ||  |  | |  | || ||| |||||||||||||||| ||||| ||</Hsp_midline>
    </Hsp>
    <Hsp>
      <Hsp_num>14</Hsp_num>
      <Hsp_bit-score>70.716</Hsp_bit-score>
      <Hsp_score>77</Hsp_score>
      <Hsp_evalue>1.31536e-06</Hsp_evalue>
      <Hsp_query-from>253</Hsp_query-from>
      <Hsp_query-to>383</Hsp_query-to>
      <Hsp_hit-from>43262904</Hsp_hit-from>
      <Hsp_hit-to>43263034</Hsp_hit-to>
      <Hsp_query-frame>1</Hsp_query-frame>
      <Hsp_hit-frame>1</Hsp_hit-frame>
      <Hsp_identity>94</Hsp_identity>
      <Hsp_positive>94</Hsp_positive>
      <Hsp_gaps>0</Hsp_gaps>
      <Hsp_align-len>131</Hsp_align-len>
      <Hsp_qseq>CCTCCAGGTTTCAGATTCCATCCCACCGAAGAAGAACTTCTCCATTACTATCTCCGTAAGAAAGTTAACTCTCAAAAGATCGATCTTGATGTCATTCGTGAAGTTGATCTAAACAAGCTTGAGCCTTGGGA</Hsp_qseq>
      <Hsp_hseq>CCTCCAGGTTTCAGATTTCATCCAACGGATGAGGAGCTAATTACTTATTACCTGAAAAGAAAAATTAACGGTCTAGAAATCGAACTTGAGGTTATCGCTGAAGTTGATCTCTACAAGTGCGAGCCATGGGA</Hsp_hseq>
      <Hsp_midline>||||||||||||||||| ||||| || || || || ||  |   ||| || ||    |  ||| |||||  || | | ||||| ||||| || ||   ||||||||||||  |||||   ||||| |||||</Hsp_midline>
    </Hsp>
    <Hsp>
      <Hsp_num>15</Hsp_num>
      <Hsp_bit-score>67.1093</Hsp_bit-score>
      <Hsp_score>73</Hsp_score>
      <Hsp_evalue>1.60244e-05</Hsp_evalue>
      <Hsp_query-from>251</Hsp_query-from>
      <Hsp_query-to>383</Hsp_query-to>
      <Hsp_hit-from>2825632</Hsp_hit-from>
      <Hsp_hit-to>2825764</Hsp_hit-to>
      <Hsp_query-frame>1</Hsp_query-frame>
      <Hsp_hit-frame>1</Hsp_hit-frame>
      <Hsp_identity>99</Hsp_identity>
      <Hsp_positive>99</Hsp_positive>
      <Hsp_gaps>6</Hsp_gaps>
      <Hsp_align-len>136</Hsp_align-len>
      <Hsp_qseq>TGCCTCCAGGTTTCAGATTCCATCCCACCGAAGAAGAACTTCTCCATTACTATCTCCGTAAGAAAGTTA---ACTCTCAAAAGATCGATCTTGATGTCATTCGTGAAGTTGATCTAAACAAGCTTGAGCCTTGGGA</Hsp_qseq>
      <Hsp_hseq>TGCCACCTGGGTTTAGGTTTCATCCCACCGATGAAGAGCTCATCACTTACTACCTCCTCAAGAAAGTCCTCGACTC-CAATTTCTC-ATGT-GCCGCCATTTCTCAAGTTGATCTCAACAAGTCTGAGCCTTGGGA</Hsp_hseq>
      <Hsp_midline>|||| || || || || || ||||||||||| ||||| ||  ||  |||||| ||||  ||||||||     |||| |||    || || | |  | ||||  | |||||||||| ||||||  ||||||||||||</Hsp_midline>
    </Hsp>
    <Hsp>
      <Hsp_num>16</Hsp_num>
      <Hsp_bit-score>61.6992</Hsp_bit-score>
      <Hsp_score>67</Hsp_score>
      <Hsp_evalue>0.000681375</Hsp_evalue>
      <Hsp_query-from>251</Hsp_query-from>
      <Hsp_query-to>383</Hsp_query-to>
      <Hsp_hit-from>37815222</Hsp_hit-from>
      <Hsp_hit-to>37815090</Hsp_hit-to>
      <Hsp_query-frame>1</Hsp_query-frame>
      <Hsp_hit-frame>-1</Hsp_hit-frame>
      <Hsp_identity>98</Hsp_identity>
      <Hsp_positive>98</Hsp_positive>
      <Hsp_gaps>8</Hsp_gaps>
      <Hsp_align-len>137</Hsp_align-len>
      <Hsp_qseq>TGCCTCCAGGTTTCAGATTCCATCCCACCGAAGAAGAACTTCTCCATTACTATCTCCGTAAGAAAG---TTAACTCTCAAAAGATCGATCT-TGATGTCATTCGTGAAGTTGATCTAAACAAGCTTGAGCCTTGGGA</Hsp_qseq>
      <Hsp_hseq>TGCCACCTGGATTTAGGTTTCATCCAACTGATGAAGAGCTCATTACTTACTATCTCCTCAAGAAAGTCCTTGACTC-CAATTTCTC---CTGTGCGGCCATTTCTCAAGTTGATCTCAACAAGTGTGAGCCTTGGGA</Hsp_hseq>
      <Hsp_midline>|||| || || || || || ||||| || || ||||| ||  |   |||||||||||  |||||||   || |||| |||    ||   || ||  | ||||  | |||||||||| ||||||  ||||||||||||</Hsp_midline>
    </Hsp>
    <Hsp>
      <Hsp_num>17</Hsp_num>
      <Hsp_bit-score>60.7975</Hsp_bit-score>
      <Hsp_score>66</Hsp_score>
      <Hsp_evalue>0.000681375</Hsp_evalue>
      <Hsp_query-from>519</Hsp_query-from>
      <Hsp_query-to>731</Hsp_query-to>
      <Hsp_hit-from>37599560</Hsp_hit-from>
      <Hsp_hit-to>37599342</Hsp_hit-to>
      <Hsp_query-frame>1</Hsp_query-frame>
      <Hsp_hit-frame>-1</Hsp_hit-frame>
      <Hsp_identity>150</Hsp_identity>
      <Hsp_positive>150</Hsp_positive>
      <Hsp_gaps>12</Hsp_gaps>
      <Hsp_align-len>222</Hsp_align-len>
      <Hsp_qseq>GACTGGTACTTCTTCAGCCACAAGGACAAGAAGTATCCAACCGGGACCAGGACGAACCGGGCAACAGTCG-CTGGATTCTGGAAAGCTACCGGACGTGACAAAATCATCTGC-AGTTGTGTCCGG-----AGAA--TTGGACTGAGGAAGACACTCGTGTTCTACAAAGGAAGAGCTCCTCACGGTCAGAAATCCGACTGGATCATGCATGAGTATCGCCTC</Hsp_qseq>
      <Hsp_hseq>GAATGGTACTTCTTCAGTCCTAGAGATCGGAAGTATCCAAACGGAGCTAGGCCGAACAGAGCGGC-GACGTCAGGGTACTGGAAAGCGACGGGTACTGACAAA--CCGGTGCTAGCCTCGGACGGGAACCAGAAGGTCGGCGTGAAGAAGGCACTGGTCTTCTACAGTGGCAAACCTCCAAAAGGTATTAAAAGTGATTGGATCATGCACGAGTATCGTCTC</Hsp_hseq>
      <Hsp_midline>|| |||||||||||||| |  |  ||   ||||||||||| |||  | ||| ||||| | ||  | | || | || | ||||||||| || ||   |||||||  |   ||| ||    |  |||     ||||  | ||  ||| |||| |||| || |||||||  || | | ||||  | |||   |||   || ||||||||||| |||||||| |||</Hsp_midline>
    </Hsp>
    <Hsp>
      <Hsp_num>18</Hsp_num>
      <Hsp_bit-score>58.9941</Hsp_bit-score>
      <Hsp_score>64</Hsp_score>
      <Hsp_evalue>0.00237823</Hsp_evalue>
      <Hsp_query-from>519</Hsp_query-from>
      <Hsp_query-to>583</Hsp_query-to>
      <Hsp_hit-from>43265175</Hsp_hit-from>
      <Hsp_hit-to>43265239</Hsp_hit-to>
      <Hsp_query-frame>1</Hsp_query-frame>
      <Hsp_hit-frame>1</Hsp_hit-frame>
      <Hsp_identity>54</Hsp_identity>
      <Hsp_positive>54</Hsp_positive>
      <Hsp_gaps>2</Hsp_gaps>
      <Hsp_align-len>66</Hsp_align-len>
      <Hsp_qseq>GACTGGTACTTCTTCAG-CCACAAGGACAAGAAGTATCCAACCGGGACCAGGACGAACCGGGCAAC</Hsp_qseq>
      <Hsp_hseq>GAATGGTACTTCTTCAGCCCACGA-GACCGGAAGTATCCTAACGGTTCCAGGACAAACCGAGCAAC</Hsp_hseq>
      <Hsp_midline>|| |||||||||||||| |||| | |||  ||||||||| | |||  ||||||| ||||| |||||</Hsp_midline>
    </Hsp>
    <Hsp>
      <Hsp_num>19</Hsp_num>
      <Hsp_bit-score>57.1907</Hsp_bit-score>
      <Hsp_score>62</Hsp_score>
      <Hsp_evalue>0.00830085</Hsp_evalue>
      <Hsp_query-from>256</Hsp_query-from>
      <Hsp_query-to>306</Hsp_query-to>
      <Hsp_hit-from>7415335</Hsp_hit-from>
      <Hsp_hit-to>7415285</Hsp_hit-to>
      <Hsp_query-frame>1</Hsp_query-frame>
      <Hsp_hit-frame>-1</Hsp_hit-frame>
      <Hsp_identity>43</Hsp_identity>
      <Hsp_positive>43</Hsp_positive>
      <Hsp_gaps>0</Hsp_gaps>
      <Hsp_align-len>51</Hsp_align-len>
      <Hsp_qseq>CCAGGTTTCAGATTCCATCCCACCGAAGAAGAACTTCTCCATTACTATCTC</Hsp_qseq>
      <Hsp_hseq>CCAGGTTTCAGATTCCACCCGACCGAGGAGGAGCTTCTTAATTACTACCTC</Hsp_hseq>
      <Hsp_midline>||||||||||||||||| || ||||| || || |||||  ||||||| |||</Hsp_midline>
    </Hsp>
    <Hsp>
      <Hsp_num>20</Hsp_num>
      <Hsp_bit-score>52.6823</Hsp_bit-score>
      <Hsp_score>57</Hsp_score>
      <Hsp_evalue>0.352961</Hsp_evalue>
      <Hsp_query-from>519</Hsp_query-from>
      <Hsp_query-to>727</Hsp_query-to>
      <Hsp_hit-from>2880181</Hsp_hit-from>
      <Hsp_hit-to>2880395</Hsp_hit-to>
      <Hsp_query-frame>1</Hsp_query-frame>
      <Hsp_hit-frame>1</Hsp_hit-frame>
      <Hsp_identity>148</Hsp_identity>
      <Hsp_positive>148</Hsp_positive>
      <Hsp_gaps>14</Hsp_gaps>
      <Hsp_align-len>219</Hsp_align-len>
      <Hsp_qseq>GACTGGTACTTCTTCAGCCACAAGGACAAGAAGTATCCAACCGGGACCAGGACGAACCG---GGCAACAGTCGCTGGATTCTGGAAAGCTACCGGACGTGACAAAA----TCAT-CTGCAGTTGTGTCCGGAGAAT-TGGAC-TGAGGAAGACACTCGTGTTCTACAAAGGAAGAGCTCCTCACGGTCAGAAATCCGACTGGATCATGCATGAGTATCG</Hsp_qseq>
      <Hsp_hseq>GAATGGTATTTCTTTAGCCCTAGAGACCGGAAGTATCCAAACGGAGCGAGGCCAAACAGAGCGGCCAC-GTCG--GGATACTGGAAGGCGACGGGGACTGATAAACCGGTTCTTGCCTCCGACG-GTAAGCAGAAGGTGGGCGTGAAGAAGGCACTTGTCTTCTACAGTGGAAAGCCTCCAAAAGGAGTTAAGAGCGATTGGATCATGCATGAGTATCG</Hsp_hseq>
      <Hsp_midline>|| ||||| ||||| ||||  |  |||  ||||||||||| |||  | ||| | ||| |   ||| || ||||  |||| |||||| || || ||   ||| |||     || | |  | |  | ||  | ||||  ||| | ||| |||| |||| || |||||||  ||||   ||||  | ||    ||   ||| ||||||||||||||||||||</Hsp_midline>
    </Hsp>
    <Hsp>
      <Hsp_num>21</Hsp_num>
      <Hsp_bit-score>50.8789</Hsp_bit-score>
      <Hsp_score>55</Hsp_score>
      <Hsp_evalue>1.23195</Hsp_evalue>
      <Hsp_query-from>519</Hsp_query-from>
      <Hsp_query-to>732</Hsp_query-to>
      <Hsp_hit-from>40202091</Hsp_hit-from>
      <Hsp_hit-to>40201878</Hsp_hit-to>
      <Hsp_query-frame>1</Hsp_query-frame>
      <Hsp_hit-frame>-1</Hsp_hit-frame>
      <Hsp_identity>144</Hsp_identity>
      <Hsp_positive>144</Hsp_positive>
      <Hsp_gaps>6</Hsp_gaps>
      <Hsp_align-len>217</Hsp_align-len>
      <Hsp_qseq>GACTGGTACTTCTTCAGC-CACAAGGACAAGAAGTATCCAACCGGGACCAGGACGAACCGGGCAACAGTCGCTGGATTCTGGAAAGCTACCGGACGTGACAAAATCATCTGCAGTTGTGTCCGGAGAATTGGACTGAGGAAGACACTCGTGTTCTACAAAGGAAGAGCTCCTCACGG--TCAGAAATCCGACTGGATCATGCATGAGTATCGCCTCG</Hsp_qseq>
      <Hsp_hseq>GAATGGTACTTCTACAGCGCGCTAG-ATAAGAAGTACGGGAACGGCGCTAGGATGAACCGAGCCACTAACAAAGGCTACTGGAAAGCAACTGGAAAAGACAGAGAAATCCGCCGTGACATTCAGTTGCTCGGCATGAAAAAGACACTCGTTTTCCACAGCGGGCGTGCCCCGGATGGGCTCCGGA--CCAATTGGGTCATGCACGAGTATCGCCTCG</Hsp_hseq>
      <Hsp_midline>|| |||||||||| |||| | | || | ||||||||    | |||  | |||| |||||| || ||   |   || | ||||||||| || |||   |||| |   ||| || ||    | | |    | ||  |||  ||||||||||| ||| |||  ||  | || ||  | ||  || | |  || | ||| ||||||| |||||||||||||</Hsp_midline>
    </Hsp>
    <Hsp>
      <Hsp_num>22</Hsp_num>
      <Hsp_bit-score>49.9773</Hsp_bit-score>
      <Hsp_score>54</Hsp_score>
      <Hsp_evalue>1.23195</Hsp_evalue>
      <Hsp_query-from>543</Hsp_query-from>
      <Hsp_query-to>730</Hsp_query-to>
      <Hsp_hit-from>1686945</Hsp_hit-from>
      <Hsp_hit-to>1687132</Hsp_hit-to>
      <Hsp_query-frame>1</Hsp_query-frame>
      <Hsp_hit-frame>1</Hsp_hit-frame>
      <Hsp_identity>126</Hsp_identity>
      <Hsp_positive>126</Hsp_positive>
      <Hsp_gaps>4</Hsp_gaps>
      <Hsp_align-len>190</Hsp_align-len>
      <Hsp_qseq>GACAAGAAGTATCCAACCGGGACCAGGACGAACCGGGCAACAGTCGCTGGATTCTGGAAAGCTACCGGACGTGACAAAATCATCTGCAGTTGTGTCCGGAGAATTGGACTGAGGAAGACACTCGTGTTCTACAAAGGAAGAGCTCCTCACGG--TCAGAAATCCGACTGGATCATGCATGAGTATCGCCT</Hsp_qseq>
      <Hsp_hseq>GATAAGAAGTACGGCAACGGTGCTAGGATGAACCGAGCCACCAACTTAGGCTACTGGAAAGCCACCGGAAAAGACAGAGAAATCCGCAGTGACGTTCAGTTGCTCGGTATGAAAAAGACACTCGTTTTCCACAGCGGGCGTGCCCCAGATGGGCTCCGGA--CCAATTGGGTCATGCACGAGTATCGCCT</Hsp_hseq>
      <Hsp_midline>|| ||||||||    | |||  | |||| |||||| || ||   |   || | ||||||||| ||||||   |||| |   ||| |||||   || | |    | ||  |||  ||||||||||| ||| |||  ||  | || ||  | ||  || | |  || | ||| ||||||| |||||||||||</Hsp_midline>
    </Hsp>
  </Hit_hsps>
</Hit>
<Hit>
  <Hit_num>36</Hit_num>
  <Hit_id>gi|1997670487|emb|HG994363.1|</Hit_id>
  <Hit_def>Brassica napus genome assembly, chromosome: A09</Hit_def>
  <Hit_accession>HG994363</Hit_accession>
  <Hit_len>53549826</Hit_len>
  <Hit_hsps>
    <Hsp>
      <Hsp_num>1</Hsp_num>
      <Hsp_bit-score>752.389</Hsp_bit-score>
      <Hsp_score>833</Hsp_score>
      <Hsp_evalue>0</Hsp_evalue>
      <Hsp_query-from>1</Hsp_query-from>
      <Hsp_query-to>804</Hsp_query-to>
      <Hsp_hit-from>33481441</Hsp_hit-from>
      <Hsp_hit-to>33482229</Hsp_hit-to>
      <Hsp_query-frame>1</Hsp_query-frame>
      <Hsp_hit-frame>1</Hsp_hit-frame>
      <Hsp_identity>663</Hsp_identity>
      <Hsp_positive>663</Hsp_positive>
      <Hsp_gaps>65</Hsp_gaps>
      <Hsp_align-len>829</Hsp_align-len>
      <Hsp_qseq>AAAGACACTTTAATGCATGA-ACTTCTTTG---------TTTAAATAACAATTTCCCCCTTTTGGGG-GCTATGTCTCGTCGAGTCCTACCACCATTATAAATTATCTCATCGTTTGCTTTCTTTTTTTTAAGTTGTAACCATTTCCACTCGTAATCATACAACTTCTCTACTCTTCTAGAGCAAAAACCCAAAAATATATTGCTATCTTCGTTAATGGCTGATAATAAGGTCAATCTTTCGATTAATGGACAATCAAAAGTGCCTCCAGGTTTCAGATTCCATCCCACCGAAGAAGAACTTCTCCATTACTATCTCCGTAAGAAAGTTAACTCTCAAAAGATCGATCTTGATGTCATTCGTGAAGTTGATCTAAACAAGCTTGAGCCTTGGGATATTCAAGGTT--------AAACCCTAA---ATATGAAA---AAAAACTCTTTCATTTCTACGAACTCTCTATTTCTTTGTTCTTTATTTTTGAACCATTTTGGTATGCAAATGCAGAGGAATGTAGAATCGGTTCAACGCCACAAAACGACTGGTACTTCTTCAGCCACAAGGACAAGAAGTATCCAACCGGGACCAGGACGAACCGGGCAACAGTCGCTGGATTCTGGAAAGCTACCGGACGTGACAAAATCATCTGCAGTTGTGTCCGGAGAATTGGACTGAGGAAGACACTCGTGTTCTACAAAGGAAGAGCTCCTCACGGTCAGAAATCCGACTGGATCATGCATGAGTATCGCCTCGACGATACTCCAATGTCTAATGTAAGTATATATAGCAATCATCAATTTGCAGTTTAGGTTAGAATAAACAAAT</Hsp_qseq>
      <Hsp_hseq>AAAGACACTTTAATGCATGATAATTTTCTACATATAACATTTAAATAATAATTTCTCCCTTTTGCGGAGCTATGTGTCATAGACTCCCACCATCATTATAAATGATCTCATCGCCTGCTTTCT-----------------CATCT--ACTTGTAACCACACAACTTCGCTACTCTGGTAGAGCAAAAAAA-AAAAAGATATCGTTACCATCATCAATGGCGGAGAATAAGGTAAACCTGTCGATCAATGGACAATCAAAAGTGCCACCAGGTTTCAGATTCCATCCAACAGAAGAAGAGCTTCTCCATTACTATCTTCGCAAGAAAGTTCACTCTCAAAAGATAGATCTTGATGTCATTCGTGAAGTTGATCTCAACAAGCTTGAGCCTTGGGATATTCAAGGTTCTAACAATAAACCCGAATTAATATGAAAGTAAATAAAATTTTCTTTTCTATGAG--------------GTTCA--ATTATTGAACCACTTTGGTAAGCAAATGCAGAAGAATGTAGAATCGGTTCAGCGCCGCAGACCGACTGGTACTTCTTCAGTCACAAGGACAAAAAATATCCAACGGGGACCAGGACAAACCGGGCAACAGTTTCCGGATTCTGGAAGGCGACTGGACGTGACAAGATCATCTACAGTTGTGTCAGGAGGATTGGATTGAGAAAGACGCTCGTGTTCTACAAAGGAAGAGCTCCCCATGGTCAGAAATCTGATTGGATCATGCATGAGTATCGCCTCGACGAGACTCCAACAACTAATGTAAG----TATAGCTATTATCAATATTCATTGTAGGTTGTTACAAACAGAT</Hsp_hseq>
      <Hsp_midline>|||||||||||||||||||| | || | |          ||||||||| |||||| |||||||| || ||||||| || | || ||| |||| |||||||||| |||||||||  ||||||||                 ||| |  ||| |||| || |||||||| |||||||  |||||||||||   ||||| |||| | || | || | |||||| || |||||||| || || ||||| |||||||||||||||||||| |||||||||||||||||||| || |||||||| ||||||||||||||||| || ||||||||| ||||||||||||| ||||||||||||||||||||||||||||| |||||||||||||||||||||||||||||||        |||||| ||   ||||||||   || ||   |||| |||||| ||               ||||   ||| |||||||| ||||||| ||||||||||| |||||||||||||||||| |||| || | |||||||||||||||||| ||||||||||| || |||||||| ||||||||||| ||||||||||||||  | ||||||||||| || || ||||||||||| ||||||| |||||||||| |||| |||||| |||| ||||| |||||||||||||||||||||||||| || ||||||||||| || ||||||||||||||||||||||||||||| |||||||   ||||||||||    |||||| || |||||| | || | ||||||   | ||||| ||</Hsp_midline>
    </Hsp>
    <Hsp>
      <Hsp_num>2</Hsp_num>
      <Hsp_bit-score>730.749</Hsp_bit-score>
      <Hsp_score>809</Hsp_score>
      <Hsp_evalue>0</Hsp_evalue>
      <Hsp_query-from>1177</Hsp_query-from>
      <Hsp_query-to>1847</Hsp_query-to>
      <Hsp_hit-from>33482758</Hsp_hit-from>
      <Hsp_hit-to>33483453</Hsp_hit-to>
      <Hsp_query-frame>1</Hsp_query-frame>
      <Hsp_hit-frame>1</Hsp_hit-frame>
      <Hsp_identity>581</Hsp_identity>
      <Hsp_positive>581</Hsp_positive>
      <Hsp_gaps>31</Hsp_gaps>
      <Hsp_align-len>699</Hsp_align-len>
      <Hsp_qseq>TTCCATTATCAGGGCTATGCTGATGTTGTTACAGAAGATCCAATGAGCTATAACGAAGAAGGTTGGGTGGTATGTCGAGTGTTCAGGAAGAAGAACTATCAAAAGATTGACGATTGTCCTAAAATCACTCTATCTTCTTTACCTGATGACACGGAGG--AAGAGAAGGGGC-CCACCTTTCACAACACTCAAAACGTTACCGGTTTAGACCATGTTCTTCTCTACATGGACCGTACCGGTTCTAACATTTGCATGCCCGAGAGCCAAACAACGACTCAAC---------ATCAAGATGATGTCTTATTCATGCAACTCCCAAGTCTTGAGACACCTAAATCCGAGAGCCCGGTCGACCAAAGTTTCCTGACTCCAAGCAAACTCGATTTCTCTCCCGTTCAAGAGAAGATAACCGAAAGACCGGTTTGCAGCAACTGGGCTAGTCTTGACCGGCTCGTAGCTTGGCAATTGAACAATGGTCATCATAATCCGTGTCATCGTAAGAGTTTTGATGAAGAAGAAGAAAATGGTGATACTATGATGCAGCGATGGGATCTTCATTGGAATAATGATGATAATGTTGATCTTTGGAGTAGTTTCACTGAGTCTT---------CTTCGTCTTTAGACCCACTTCTTCATTTATCTGTATGATTATCTAT-------ACATACACATACACAAAATATAAAATA</Hsp_qseq>
      <Hsp_hseq>TTCCATTATCAGGAATATTCAGATGTTGTAAGTGAAGATCCAATGAGCTACAACGAAGAAGGTTGGGTGGTATGTCGAGTGTTCAGGAAGAAGAACTATCAAAAGATCGACGACTCTCCTAAAATCACTCTATCTTCTTCACCTGGTGACACGGAGGAAAAGAGAAAGTCCACCACCTCCCACAACACTCACAATGGCAACGTCTTGGACCACGTTCTTCTATACATGGACCGTTCCTGTCCCAACATCTGCATGCCCGAGCTCCAAACCACGATCCAACGTCAACATAATCAAGACGATATTTTATTCATGCAACTTCCAAGTCTTGAGACACCCAAATCCGAGGACCTGGTCTACCAAAGTTTAAAGATTCCAAACCAGCTCGATTCCTCTCTGGTTCAAGAGAAGAAAAACGGCAGACCGGTTTGCAGTAATTGGGCTAGTCTTGACCGGCTAGTGGCGTGGCAGTTGAACAACGGTCATCATAA---GTGTGATCGTGCGAGTTTTGATGAAGAAGAGGAAGATGGTGATACCATGATGCAGCGTTGGGATCTTCACTGGAGTAATGATGATCATGTTGATCTTTGGAGTAGTTTCACTGAATCTTCTTCATCCCCTTCGTCTTTAGATCCTCTTCTTCATTTATCTGTATGATTGTATATTCACGTAACATACATATATACAATACATAAAATA</Hsp_hseq>
      <Hsp_midline>|||||||||||||  ||| | |||||||| |  ||||||||||||||||| |||||||||||||||||||||||||||||||||||||||||||||||||||||||| ||||| | ||||||||||||||||||||||| ||||| |||||||||||  ||||||| |  | ||||||  ||||||||||| || |  | ||  || ||||| |||||||| |||||||||||| || || | ||||| ||||||||||||  |||||| ||||  ||||         ||||||| ||| | |||||||||||||| ||||||||||||||||| |||||||||  || |||| ||||||||||   || ||||| | | ||||||| |||||  ||||||||||||| || ||  |||||||||||||| || |||||||||||||||||||| || || ||||| |||||||| |||||||||||   |||| |||||  |||||||||||||||||| ||| |||||||||| ||||||||||| ||||||||||| |||| |||||||||| |||||||||||||||||||||||||||| ||||         ||||||||||||| || ||||||||||||||||||||||| | |||       ||||||| ||| |||| | ||||||||</Hsp_midline>
    </Hsp>
    <Hsp>
      <Hsp_num>3</Hsp_num>
      <Hsp_bit-score>209.575</Hsp_bit-score>
      <Hsp_score>231</Hsp_score>
      <Hsp_evalue>2.08066e-48</Hsp_evalue>
      <Hsp_query-from>505</Hsp_query-from>
      <Hsp_query-to>736</Hsp_query-to>
      <Hsp_hit-from>46086984</Hsp_hit-from>
      <Hsp_hit-to>46086753</Hsp_hit-to>
      <Hsp_query-frame>1</Hsp_query-frame>
      <Hsp_hit-frame>-1</Hsp_hit-frame>
      <Hsp_identity>188</Hsp_identity>
      <Hsp_positive>188</Hsp_positive>
      <Hsp_gaps>6</Hsp_gaps>
      <Hsp_align-len>235</Hsp_align-len>
      <Hsp_qseq>CAACGCCACAAAACGACTGGTACTTCTTCAGCCACAAGGACAAGAAGTATCCAACCGGGACCAGGACGAACCGGGCAAC---AGTCGCTGGATTCTGGAAAGCTACCGGACGTGACAAAATCATCTGCAGTTGTGTCCGGAGAATTGGACTGAGGAAGACACTCGTGTTCTACAAAGGAAGAGCTCCTCACGGTCAGAAATCCGACTGGATCATGCATGAGTATCGCCTCGACGA</Hsp_qseq>
      <Hsp_hseq>CAACCCCCCAAAACGATTGGTACTTCTTTAGCCACAAGGACAAGAAGTATCCCACGGGAACAAGAACCAACCGAGCGACCACAGTCG---GATTCTGGAAAGCAACCGGACGTGACAAGATCATATACAGCAATGGCGATAGAATCGGTATGCGGAAAACGCTTGTCTTCTATAAAGGTCGAGCCCCTCATGGTCAAAAATCCGACTGGATCATGCACGAATATAGACTCGACGA</Hsp_hseq>
      <Hsp_midline>|||| || |||||||| ||||||||||| ||||||||||||||||||||||| || || || || || ||||| || ||   |||||   ||||||||||||| |||||||||||||| ||||| | |||   || |   ||||| ||  || |||| || || || ||||| |||||  |||| ||||| ||||| |||||||||||||||||||| || ||| | ||||||||</Hsp_midline>
    </Hsp>
    <Hsp>
      <Hsp_num>4</Hsp_num>
      <Hsp_bit-score>192.443</Hsp_bit-score>
      <Hsp_score>212</Hsp_score>
      <Hsp_evalue>1.59961e-43</Hsp_evalue>
      <Hsp_query-from>485</Hsp_query-from>
      <Hsp_query-to>740</Hsp_query-to>
      <Hsp_hit-from>18889766</Hsp_hit-from>
      <Hsp_hit-to>18890021</Hsp_hit-to>
      <Hsp_query-frame>1</Hsp_query-frame>
      <Hsp_hit-frame>1</Hsp_hit-frame>
      <Hsp_identity>196</Hsp_identity>
      <Hsp_positive>196</Hsp_positive>
      <Hsp_gaps>0</Hsp_gaps>
      <Hsp_align-len>256</Hsp_align-len>
      <Hsp_qseq>AGAGGAATGTAGAATCGGTTCAACGCCACAAAACGACTGGTACTTCTTCAGCCACAAGGACAAGAAGTATCCAACCGGGACCAGGACGAACCGGGCAACAGTCGCTGGATTCTGGAAAGCTACCGGACGTGACAAAATCATCTGCAGTTGTGTCCGGAGAATTGGACTGAGGAAGACACTCGTGTTCTACAAAGGAAGAGCTCCTCACGGTCAGAAATCCGACTGGATCATGCATGAGTATCGCCTCGACGATACT</Hsp_qseq>
      <Hsp_hseq>AGAGAGATGCAAGATAGGCTCAACGCCGCAGAACGAATGGTATTTCTTTAGCCACAAGGATAGGAAATATCCGACGGGATCAAGGACAAACCGTGCTACTCACGCAGGGTTCTGGAAAGCGACAGGACGTGACAAGTGCATAAGGAACTCTTACAAGAAGATAGGAATGAGGAAGACTCTCGTGTTCTACAAAGGAAGAGCTCCTCATGGCCAAAAGACTGATTGGATCATGCATGAGTACCGTCTTGAAGATGCT</Hsp_hseq>
      <Hsp_midline>||||  ||| |  || || |||||||| || ||||| ||||| ||||| ||||||||||| | ||| ||||| || ||  | ||||| ||||| || ||   ||| || ||||||||||| || |||||||||||   |||  | |  | |  |  ||  || ||| |||||||||| ||||||||||||||||||||||||||||| || || ||  | || ||||||||||||||||| || || || ||| ||</Hsp_midline>
    </Hsp>
    <Hsp>
      <Hsp_num>5</Hsp_num>
      <Hsp_bit-score>158.179</Hsp_bit-score>
      <Hsp_score>174</Hsp_score>
      <Hsp_evalue>3.29996e-33</Hsp_evalue>
      <Hsp_query-from>244</Hsp_query-from>
      <Hsp_query-to>727</Hsp_query-to>
      <Hsp_hit-from>9405584</Hsp_hit-from>
      <Hsp_hit-to>9406064</Hsp_hit-to>
      <Hsp_query-frame>1</Hsp_query-frame>
      <Hsp_hit-frame>1</Hsp_hit-frame>
      <Hsp_identity>336</Hsp_identity>
      <Hsp_positive>336</Hsp_positive>
      <Hsp_gaps>27</Hsp_gaps>
      <Hsp_align-len>496</Hsp_align-len>
      <Hsp_qseq>TCAAAAGTGCCTCCAGGTTTCAGATTCCATCCCACCGAAGAAGAACTTCTCCATTACTATCTCCGTAAGAAAGTTAACTCTCAAAAGATCGATCTTGATGTCATTCGTGAAGTTGATCTAAACAAGCTTGAGCCTTGGGATATTCAAGGTTAAACCCTAAATATGAAAAAAAACTC-TTTCATTTCTACGAACTCTCTATTTCTTTGTTCT-----TTATTTTTGAACCATTTTGGTATGCAAA--TGCAGAGGAATGTAGAATCGGTTCAACGCCA--CAAAACGACTGGTACTTCTTCAGCCACAAGGACAAGAAGTATCCAACCGGGACCAGGACGAACCGGGCAACAGTCGCTGGATTCTGGAAAGCTACCGGACGTGACAAAATCATCTGCAGTTGTGTCCGGAGA--ATTGGACTGAGGAAGACACTCGTGTTCTACAAAGGAAGAGCTCCTCACGGTCAGAAATCCGACTGGATCATGCATGAGTATCG</Hsp_qseq>
      <Hsp_hseq>TCACATGTACCTCCTGGATTCAGATTTCATCCAACCGATGAAGAACTTGTAGACTACTACCTAAGGAAAAAGGTTGCATCAAAGAGAATAGAAATCGATTTCATCAAAGACGTTGATCTCTACAAGATTGAGCCATGGGATCTTCAAGGTTTGGCCC-------GAAAATCATGTCATTTCTCTTTAATGATCCTTGTGTTAATTTATAGGAAGGCTAAATTGTGA----TTTTTCTTTGTAAAACTATAGAGTTATGCAAAATAGGA--AACGAAGAGCAAAGTGAATGGTACTTCTTTAGCCATAAAGACAAGAAGTATCCCACGGGAACTCGAACCAATAGAGCGACAAAAGCAGGATTCTGGAAAGCCACTGGAAGAGACAAGTCTATAT--ATTTAAGACATGGTCTTATCGGTATGAGGAAGACACTCGTGTTTTACAAAGGAAGAGCCCCAAATGGACAGAAATCGGATTGGATCATGCACGAGTATCG</Hsp_hseq>
      <Hsp_midline>||| | || ||||| || |||||||| ||||| ||||| ||||||||| |  | ||||| ||  | || || |||   ||  | |  || ||  | ||| ||||    || ||||||||  ||||| ||||||| |||||| |||||||||   |||       |||||  |  || ||||  ||  | || |  | | ||  ||| |        | | || |||    ||||  | || |||  |  ||||  ||| | ||| ||   ||||     ||||  || ||||||||||| ||||| || |||||||||||||| || || ||  | || ||  | || |||   || |||||||||||||| || ||| | |||||    || |  | ||  | |  |     || ||  ||||||||||||||||||| |||||||||||||| ||  | || |||||||| || ||||||||||| ||||||||</Hsp_midline>
    </Hsp>
    <Hsp>
      <Hsp_num>6</Hsp_num>
      <Hsp_bit-score>134.736</Hsp_bit-score>
      <Hsp_score>148</Hsp_score>
      <Hsp_evalue>3.76525e-26</Hsp_evalue>
      <Hsp_query-from>519</Hsp_query-from>
      <Hsp_query-to>733</Hsp_query-to>
      <Hsp_hit-from>4361441</Hsp_hit-from>
      <Hsp_hit-to>4361655</Hsp_hit-to>
      <Hsp_query-frame>1</Hsp_query-frame>
      <Hsp_hit-frame>1</Hsp_hit-frame>
      <Hsp_identity>161</Hsp_identity>
      <Hsp_positive>161</Hsp_positive>
      <Hsp_gaps>4</Hsp_gaps>
      <Hsp_align-len>217</Hsp_align-len>
      <Hsp_qseq>GACTGGTACTTCTTCAGCCACAAGGACAAGAAGTATCCAACCGGGACCAGGACGAACCGGGCAACAGTCGCTGGATTCTGGAAAGCTACCGGACGTGACAAAATCATCTGCAGTTGTGTCCGGAG--AATTGGACTGAGGAAGACACTCGTGTTCTACAAAGGAAGAGCTCCTCACGGTCAGAAATCCGACTGGATCATGCATGAGTATCGCCTCGA</Hsp_qseq>
      <Hsp_hseq>GAATGGTATTTCTTTAGCTACAAGGACAAGAAGTATCCAACAGGGACACGGACAAATAGAGCAACAGGCTCGGGATTTTGGAAAACAACAGGTCGAGACAAGGCCATAT--ACTCGAAGCAAGAGCTTGTAGGAATGAGGAAAACACTTGTGTTTTACAAAGGCCGTGCCCCAAATGGTCAAAAGTCCGATTGGATAATGCATGAATATCGTCTTGA</Hsp_hseq>
      <Hsp_midline>|| ||||| ||||| ||| |||||||||||||||||||||| |||||  |||| ||  | ||||||| | | ||||| |||||| | || || || |||||   ||| |  | | |   |  |||    | ||| ||||||| ||||| ||||| ||||||||  | || ||  | ||||| || ||||| ||||| |||||||| ||||| || ||</Hsp_midline>
    </Hsp>
    <Hsp>
      <Hsp_num>7</Hsp_num>
      <Hsp_bit-score>131.129</Hsp_bit-score>
      <Hsp_score>144</Hsp_score>
      <Hsp_evalue>4.58702e-25</Hsp_evalue>
      <Hsp_query-from>235</Hsp_query-from>
      <Hsp_query-to>394</Hsp_query-to>
      <Hsp_hit-from>46087502</Hsp_hit-from>
      <Hsp_hit-to>46087343</Hsp_hit-to>
      <Hsp_query-frame>1</Hsp_query-frame>
      <Hsp_hit-frame>-1</Hsp_hit-frame>
      <Hsp_identity>127</Hsp_identity>
      <Hsp_positive>127</Hsp_positive>
      <Hsp_gaps>2</Hsp_gaps>
      <Hsp_align-len>161</Hsp_align-len>
      <Hsp_qseq>AATGGACAATCAAAAGTGCCTCCAGGTTTCAGATTCCATCCCACCGAAGAAGAACTTCTCCATTACTATCTCCGTAAGAAAGTTAACTCTCAA-AAGATCGATCTTGATGTCATTCGTGAAGTTGATCTAAACAAGCTTGAGCCTTGGGATATTCAAGGTT</Hsp_qseq>
      <Hsp_hseq>AACGGACAGTCACAAGTGCCTCCTGGCTTTAGGTTTCACCCGACTGAGGAAGAGCTCTTGCAGTATTACCTCCGCAAAAAAAT-ATCTAACATCAAGATTGATCTCGATGTTATTCGTGATGTTGATCTCAACAAGCTCGAGCCTTGGGATATTCAAGGTT</Hsp_hseq>
      <Hsp_midline>|| ||||| ||| |||||||||| || || || || || || || || ||||| ||  | || || || ||||| || ||| | | ||  ||  ||||| ||||| ||||| |||||||| |||||||| |||||||| ||||||||||||||||||||||</Hsp_midline>
    </Hsp>
    <Hsp>
      <Hsp_num>8</Hsp_num>
      <Hsp_bit-score>127.522</Hsp_bit-score>
      <Hsp_score>140</Hsp_score>
      <Hsp_evalue>5.58813e-24</Hsp_evalue>
      <Hsp_query-from>513</Hsp_query-from>
      <Hsp_query-to>728</Hsp_query-to>
      <Hsp_hit-from>50787889</Hsp_hit-from>
      <Hsp_hit-to>50788104</Hsp_hit-to>
      <Hsp_query-frame>1</Hsp_query-frame>
      <Hsp_hit-frame>1</Hsp_hit-frame>
      <Hsp_identity>160</Hsp_identity>
      <Hsp_positive>160</Hsp_positive>
      <Hsp_gaps>4</Hsp_gaps>
      <Hsp_align-len>218</Hsp_align-len>
      <Hsp_qseq>CAAAACGACTGGTACTTCTTCAGCCACAAGGACAAGAAGTATCCAACCGGGACCAGGACGAACCGGGCAACAGTCGCTGGATTCTGGAAAGCTACCGGACGTGACAAAATCATCTGCAGTTGTGTC--CGGAGAATTGGACTGAGGAAGACACTCGTGTTCTACAAAGGAAGAGCTCCTCACGGTCAGAAATCCGACTGGATCATGCATGAGTATCGC</Hsp_qseq>
      <Hsp_hseq>CAAAGTGATTGGTACTTCTTTAGCCATAAAGACAAGAAGTATCCCACAGGGACTCGAACCAATAGAGCAACCAAAGCAGGATTTTGGAAAGCCACAGGAAGAGACAAGGCTATAT--ACTTGAGGCATAGTCTTATTGGTATGAGGAAAACACTTGTGTTCTACATGGGGAGAGCCCCAAATGGACAAAAATCCGACTGGATCATGCACGAATACCGC</Hsp_hseq>
      <Hsp_midline>||||  || ||||||||||| ||||| || |||||||||||||| || |||||  | || ||  | |||||    || ||||| |||||||| || ||| | |||||    || |  | ||| | |   |    |||||  ||||||| ||||| ||||||||||  || ||||| ||  | || || |||||||||||||||||||| || || |||</Hsp_midline>
    </Hsp>
    <Hsp>
      <Hsp_num>9</Hsp_num>
      <Hsp_bit-score>82.4379</Hsp_bit-score>
      <Hsp_score>90</Hsp_score>
      <Hsp_evalue>2.08434e-10</Hsp_evalue>
      <Hsp_query-from>250</Hsp_query-from>
      <Hsp_query-to>393</Hsp_query-to>
      <Hsp_hit-from>18889399</Hsp_hit-from>
      <Hsp_hit-to>18889542</Hsp_hit-to>
      <Hsp_query-frame>1</Hsp_query-frame>
      <Hsp_hit-frame>1</Hsp_hit-frame>
      <Hsp_identity>107</Hsp_identity>
      <Hsp_positive>107</Hsp_positive>
      <Hsp_gaps>6</Hsp_gaps>
      <Hsp_align-len>147</Hsp_align-len>
      <Hsp_qseq>GTGCCTCCAGGTTTCAGATTCCATCCCACCGAAGAAGAACTTCTCCATTACTATCTCCGTAAGAAAGTTAACTCT---CAAAAGATCGATCTTGATGTCATTCGTGAAGTTGATCTAAACAAGCTTGAGCCTTGGGATATTCAAGGT</Hsp_qseq>
      <Hsp_hseq>GTGCCACCTGGGTTTCGGTTTCATCCGACAGACGAAGAGCTTCTACATTACTACCTAAAGAAGAAAAT---CTCTTACCAGAAGTTTGAGATGGAAGTTATCAGAGAGGTTGACTTAAACAAGCTTGAGCCTTGGGATTTACAAGGT</Hsp_hseq>
      <Hsp_midline>||||| || || ||  | || ||||| || || ||||| ||||| |||||||| ||    |||||| |   ||||   || ||| | ||  | || || ||  | || |||||  ||||||||||||||||||||||| | ||||||</Hsp_midline>
    </Hsp>
    <Hsp>
      <Hsp_num>10</Hsp_num>
      <Hsp_bit-score>73.4211</Hsp_bit-score>
      <Hsp_score>80</Hsp_score>
      <Hsp_evalue>1.07972e-07</Hsp_evalue>
      <Hsp_query-from>514</Hsp_query-from>
      <Hsp_query-to>728</Hsp_query-to>
      <Hsp_hit-from>2435625</Hsp_hit-from>
      <Hsp_hit-to>2435839</Hsp_hit-to>
      <Hsp_query-frame>1</Hsp_query-frame>
      <Hsp_hit-frame>1</Hsp_hit-frame>
      <Hsp_identity>145</Hsp_identity>
      <Hsp_positive>145</Hsp_positive>
      <Hsp_gaps>0</Hsp_gaps>
      <Hsp_align-len>215</Hsp_align-len>
      <Hsp_qseq>AAAACGACTGGTACTTCTTCAGCCACAAGGACAAGAAGTATCCAACCGGGACCAGGACGAACCGGGCAACAGTCGCTGGATTCTGGAAAGCTACCGGACGTGACAAAATCATCTGCAGTTGTGTCCGGAGAATTGGACTGAGGAAGACACTCGTGTTCTACAAAGGAAGAGCTCCTCACGGTCAGAAATCCGACTGGATCATGCATGAGTATCGC</Hsp_qseq>
      <Hsp_hseq>AAAAAGAGTGGTACTTCTTCTGCGTAAGAGATCGGAAATACCCGACTGGTTTAAGGACGAACCGGGCTACTAAGGCCGGTTATTGGAAAGCTACAGGCAAAGACAAAGAGATCTTCAAAGAAAAATGTATTGTTGGTATGAAGAAAACTTTGGTTTTCTACAAAGGAAGAGCTCCTAAAGGAGTAAAAACCAATTGGGTCATGCACGAATATCGC</Hsp_hseq>
      <Hsp_midline>|||| || |||||||||||| ||   |  ||   ||| || || || ||    |||||||||||||| ||    || || |  ||||||||||| ||    ||||||   |||| ||         | |   ||||  ||| ||| ||  | || ||||||||||||||||||||| | ||    ||| || | ||| ||||||| || ||||||</Hsp_midline>
    </Hsp>
    <Hsp>
      <Hsp_num>11</Hsp_num>
      <Hsp_bit-score>59.8958</Hsp_bit-score>
      <Hsp_score>65</Hsp_score>
      <Hsp_evalue>0.00237823</Hsp_evalue>
      <Hsp_query-from>646</Hsp_query-from>
      <Hsp_query-to>730</Hsp_query-to>
      <Hsp_hit-from>47184387</Hsp_hit-from>
      <Hsp_hit-to>47184471</Hsp_hit-to>
      <Hsp_query-frame>1</Hsp_query-frame>
      <Hsp_hit-frame>1</Hsp_hit-frame>
      <Hsp_identity>64</Hsp_identity>
      <Hsp_positive>64</Hsp_positive>
      <Hsp_gaps>0</Hsp_gaps>
      <Hsp_align-len>85</Hsp_align-len>
      <Hsp_qseq>TTGGACTGAGGAAGACACTCGTGTTCTACAAAGGAAGAGCTCCTCACGGTCAGAAATCCGACTGGATCATGCATGAGTATCGCCT</Hsp_qseq>
      <Hsp_hseq>TTGGAATGAAGAAGACTTTGGTCTTCTACAGAGGAAGAGCTCCTCGTGGGGAGAAGACTAGTTGGGTCATGCATGAATACCGACT</Hsp_hseq>
      <Hsp_midline>||||| ||| ||||||  | || ||||||| ||||||||||||||  ||  ||||  |    ||| |||||||||| || || ||</Hsp_midline>
    </Hsp>
    <Hsp>
      <Hsp_num>12</Hsp_num>
      <Hsp_bit-score>58.9941</Hsp_bit-score>
      <Hsp_score>64</Hsp_score>
      <Hsp_evalue>0.00237823</Hsp_evalue>
      <Hsp_query-from>519</Hsp_query-from>
      <Hsp_query-to>731</Hsp_query-to>
      <Hsp_hit-from>10211553</Hsp_hit-from>
      <Hsp_hit-to>10211338</Hsp_hit-to>
      <Hsp_query-frame>1</Hsp_query-frame>
      <Hsp_hit-frame>-1</Hsp_hit-frame>
      <Hsp_identity>144</Hsp_identity>
      <Hsp_positive>144</Hsp_positive>
      <Hsp_gaps>5</Hsp_gaps>
      <Hsp_align-len>217</Hsp_align-len>
      <Hsp_qseq>GACTGGTACTTCTTCAGCCACAAGGACAAGAAGTATCCAACCGGGACCAGGACGAACCGGGCAACAGTCGCTGGATTCTGGAAAGCTACCGGACGTGACAAAATCATCTGCAGTTGT----GTCCGGAGAATTGGACTGAGGAAGACACTCGTGTTCTACAAAGGAAGAGCTCCTCACGGTCAGAAATCCGACTGGATCATGCATGAGTATCGCCTC</Hsp_qseq>
      <Hsp_hseq>GAGTGGTACTTCTTTAGTCCTAGAGATCGGAAGTATCCCAATGGGGTTAGGCCGAATCGGGCAGCAACTTCTGGTTACTGGAAAGCCACGGGAACCGATAAACCAATATTTACGTGCAATAGTCACAAGG-TTGGGGTCAAGAAAGCGCTTGTGTTCTATGGTGGAAAACCTCCTAAAGGGATTAAAACTGATTGGATCATGCATGAATATCGCCTC</Hsp_hseq>
      <Hsp_midline>|| ||||||||||| || |  |  ||   ||||||||| |  |||   ||| |||| |||||| ||    |||| | ||||||||| || |||   || |||   || |  |  ||     |||   ||  ||||  | | |||  | || ||||||||    |||| | ||||| | ||    ||| | || |||||||||||||| |||||||||</Hsp_midline>
    </Hsp>
    <Hsp>
      <Hsp_num>13</Hsp_num>
      <Hsp_bit-score>56.2891</Hsp_bit-score>
      <Hsp_score>61</Hsp_score>
      <Hsp_evalue>0.0289728</Hsp_evalue>
      <Hsp_query-from>645</Hsp_query-from>
      <Hsp_query-to>727</Hsp_query-to>
      <Hsp_hit-from>38713742</Hsp_hit-from>
      <Hsp_hit-to>38713824</Hsp_hit-to>
      <Hsp_query-frame>1</Hsp_query-frame>
      <Hsp_hit-frame>1</Hsp_hit-frame>
      <Hsp_identity>62</Hsp_identity>
      <Hsp_positive>62</Hsp_positive>
      <Hsp_gaps>0</Hsp_gaps>
      <Hsp_align-len>83</Hsp_align-len>
      <Hsp_qseq>ATTGGACTGAGGAAGACACTCGTGTTCTACAAAGGAAGAGCTCCTCACGGTCAGAAATCCGACTGGATCATGCATGAGTATCG</Hsp_qseq>
      <Hsp_hseq>ATAGGTCTAAAGAAGTCACTGGTGTTCTACCAAGGAAGAGCTGCGAAAGGAGTTAAGACTGATTGGATGATGCATGAGTTTCG</Hsp_hseq>
      <Hsp_midline>|| || || | |||| |||| ||||||||| ||||||||||| |  | ||    ||  | || ||||| |||||||||| |||</Hsp_midline>
    </Hsp>
    <Hsp>
      <Hsp_num>14</Hsp_num>
      <Hsp_bit-score>54.4857</Hsp_bit-score>
      <Hsp_score>59</Hsp_score>
      <Hsp_evalue>0.101125</Hsp_evalue>
      <Hsp_query-from>648</Hsp_query-from>
      <Hsp_query-to>724</Hsp_query-to>
      <Hsp_hit-from>32446647</Hsp_hit-from>
      <Hsp_hit-to>32446571</Hsp_hit-to>
      <Hsp_query-frame>1</Hsp_query-frame>
      <Hsp_hit-frame>-1</Hsp_hit-frame>
      <Hsp_identity>58</Hsp_identity>
      <Hsp_positive>58</Hsp_positive>
      <Hsp_gaps>0</Hsp_gaps>
      <Hsp_align-len>77</Hsp_align-len>
      <Hsp_qseq>GGACTGAGGAAGACACTCGTGTTCTACAAAGGAAGAGCTCCTCACGGTCAGAAATCCGACTGGATCATGCATGAGTA</Hsp_qseq>
      <Hsp_hseq>GGACTCAAAAAGACACTTGTTTTCTATAGAGGTCGTGCTCCTAATGGTGAGCGTACTGACTGGGTCATGCATGAGTA</Hsp_hseq>
      <Hsp_midline>||||| |  |||||||| || ||||| | |||  | |||||| | ||| ||    | |||||| |||||||||||||</Hsp_midline>
    </Hsp>
    <Hsp>
      <Hsp_num>15</Hsp_num>
      <Hsp_bit-score>50.8789</Hsp_bit-score>
      <Hsp_score>55</Hsp_score>
      <Hsp_evalue>1.23195</Hsp_evalue>
      <Hsp_query-from>252</Hsp_query-from>
      <Hsp_query-to>306</Hsp_query-to>
      <Hsp_hit-from>6225507</Hsp_hit-from>
      <Hsp_hit-to>6225561</Hsp_hit-to>
      <Hsp_query-frame>1</Hsp_query-frame>
      <Hsp_hit-frame>1</Hsp_hit-frame>
      <Hsp_identity>44</Hsp_identity>
      <Hsp_positive>44</Hsp_positive>
      <Hsp_gaps>0</Hsp_gaps>
      <Hsp_align-len>55</Hsp_align-len>
      <Hsp_qseq>GCCTCCAGGTTTCAGATTCCATCCCACCGAAGAAGAACTTCTCCATTACTATCTC</Hsp_qseq>
      <Hsp_hseq>GCTTCCAGGTTTCAGATTCCACCCGACCGAGGAGGAGCTTACTGATTACTACCTC</Hsp_hseq>
      <Hsp_midline>|| |||||||||||||||||| || ||||| || || |||    ||||||| |||</Hsp_midline>
    </Hsp>
    <Hsp>
      <Hsp_num>16</Hsp_num>
      <Hsp_bit-score>48.1739</Hsp_bit-score>
      <Hsp_score>52</Hsp_score>
      <Hsp_evalue>4.29995</Hsp_evalue>
      <Hsp_query-from>259</Hsp_query-from>
      <Hsp_query-to>309</Hsp_query-to>
      <Hsp_hit-from>3752107</Hsp_hit-from>
      <Hsp_hit-to>3752157</Hsp_hit-to>
      <Hsp_query-frame>1</Hsp_query-frame>
      <Hsp_hit-frame>1</Hsp_hit-frame>
      <Hsp_identity>41</Hsp_identity>
      <Hsp_positive>41</Hsp_positive>
      <Hsp_gaps>0</Hsp_gaps>
      <Hsp_align-len>51</Hsp_align-len>
      <Hsp_qseq>GGTTTCAGATTCCATCCCACCGAAGAAGAACTTCTCCATTACTATCTCCGT</Hsp_qseq>
      <Hsp_hseq>GGATTCAGATTCAGTCCCACGGACGAGGAGCTAGTCCGTTACTATCTCCGT</Hsp_hseq>
      <Hsp_midline>|| |||||||||  |||||| || || || ||  ||| |||||||||||||</Hsp_midline>
    </Hsp>
  </Hit_hsps>
</Hit>
<Hit>
  <Hit_num>37</Hit_num>
  <Hit_id>gi|1516499363|emb|LR031568.1|</Hit_id>
  <Hit_def>Brassica rapa genome, scaffold: A09</Hit_def>
  <Hit_accession>LR031568</Hit_accession>
  <Hit_len>57670803</Hit_len>
  <Hit_hsps>
    <Hsp>
      <Hsp_num>1</Hsp_num>
      <Hsp_bit-score>737.061</Hsp_bit-score>
      <Hsp_score>816</Hsp_score>
      <Hsp_evalue>0</Hsp_evalue>
      <Hsp_query-from>1</Hsp_query-from>
      <Hsp_query-to>804</Hsp_query-to>
      <Hsp_hit-from>38083434</Hsp_hit-from>
      <Hsp_hit-to>38084230</Hsp_hit-to>
      <Hsp_query-frame>1</Hsp_query-frame>
      <Hsp_hit-frame>1</Hsp_hit-frame>
      <Hsp_identity>664</Hsp_identity>
      <Hsp_positive>664</Hsp_positive>
      <Hsp_gaps>65</Hsp_gaps>
      <Hsp_align-len>833</Hsp_align-len>
      <Hsp_qseq>AAAGACACTTTAATGCATGA-ACTTCTTTG---------TTTAAATAACAATTTCCCCCTTTTGGGG-GCTATGTCTCGTCGAGTCCTACCACCATTATAAATTATCTCATCGTTTGCTTTCTTTTTTTTAAGTTGTAACCATTTCCACTCGTAATCATACAACTTCTCTACTCTTCTAGAGCAAAAACCCAAAAATATATTGCTATCTTCGTTAATGGCTGATAATAAGGTCAATCTTTCGATTAATGGACAATCAAAAGTGCCTCCAGGTTTCAGATTCCATCCCACCGAAGAAGAACTTCTCCATTACTATCTCCGTAAGAAAGTTAACTCTCAAAAGATCGATCTTGATGTCATTCGTGAAGTTGATCTAAACAAGCTTGAGCCTTGGGATATTCAAGGTT--------AAACCCTAA---ATATGAAAAAA---AACTCTTTCATTTCTACGAACTCTCTATTTCTTTGTTCTTTATTTTTGAACCATTTTGGTATGCAAATGCAGAGGAATGTAGAATCGGTTCAACGCCACAAAACGACTGGTACTTCTTCAGCCACAAGGACAAGAAGTATCCAACCGGGACCAGGACGAACCGGGCAACAGTCGCTGGATTCTGGAAAGCTACCGGACGTGACAAAATCATCTGCAGTTGTGTCCGGAGAATTGGACTGAGGAAGACACTCGTGTTCTACAAAGGAAGAGCTCCTCACGGTCAGAAATCCGACTGGATCATGCATGAGTATCGCCTCGACGATACTCCAATGTCTAATGTAAGTATA--TA-TAGCAATCATCAAT-TTGCAGTTTAGGTTAGAATAAACAAAT</Hsp_qseq>
      <Hsp_hseq>AAAGACACTTTAATGCATGATAATTTTCTACATATAACATTTAAATAATAATTTCTCCCTTTTGCGGAGCTATGTGTCATAGACTCCCACCATCATTATAAATGATCTCATCGCCTGCTTTCT-----------------CATCT--ACTTGTAACCATACAACTTCGCTACTCTGGTAGAGCAAAAAAA-AAGAAGATATCGTTACCATCATCAATGGCGGAGAATAAGGTAAACCTGTCGATCAATGGACAATCAAAAGTGCCACCAGGTTTCAGATTCCATCCAACAGAAGAAGAGCTTCTCCATTACTATCTTTGCAAGAAAGTTCACTCTCAAAAGATAGATCTTGATGTCATTCGTGAAGTTGATCTCAACAAGCTTGAGCCTTGGGATATTCAAGGTTCTAACAATAAACCCGAATTAATATGAAAATATATAAAATTTTCTTTTCTATGAG--------------GTTCA--ATTATTGAACCACTTTTGTAAGCAAATGCAGAAGAATGTAGAATCGGTTCAGCGCCGCAGACCGACTGGTACTTCTTCAGTCACAAGGACAAAAAATATCCAACGGGGACCAGGACAAACCGGGCAACAGTTTCCGGATTCTGGAAGGCGACTGGACGTGACAAGATCATCTACAGTTGTGTCAGGAGGATTGGATTGAGAAAGACGCTCGTGTTCTACAAAGGAAGAGCTCCCCATGGTCAGAAATCTGATTGGATCATGCATGAGTATCGCCTCGACGAGACTCCAACAACTAATGTAAGTATAGCTATTATCAATATTCATTATTTCATTGTAGGTTGTTACAAACAGAT</Hsp_hseq>
      <Hsp_midline>|||||||||||||||||||| | || | |          ||||||||| |||||| |||||||| || ||||||| || | || ||| |||| |||||||||| |||||||||  ||||||||                 ||| |  ||| |||| ||||||||||| |||||||  |||||||||||   || || |||| | || | || | |||||| || |||||||| || || ||||| |||||||||||||||||||| |||||||||||||||||||| || |||||||| |||||||||||||||||  | ||||||||| ||||||||||||| ||||||||||||||||||||||||||||| |||||||||||||||||||||||||||||||        |||||| ||   ||||||||| |   ||   |||| |||||| ||               ||||   ||| |||||||| ||| ||| ||||||||||| |||||||||||||||||| |||| || | |||||||||||||||||| ||||||||||| || |||||||| ||||||||||| ||||||||||||||  | ||||||||||| || || ||||||||||| ||||||| |||||||||| |||| |||||| |||| ||||| |||||||||||||||||||||||||| || ||||||||||| || ||||||||||||||||||||||||||||| |||||||   ||||||||||||||  || || ||||  ||| | || || | ||||||   | ||||| ||</Hsp_midline>
    </Hsp>
    <Hsp>
      <Hsp_num>2</Hsp_num>
      <Hsp_bit-score>732.552</Hsp_bit-score>
      <Hsp_score>811</Hsp_score>
      <Hsp_evalue>0</Hsp_evalue>
      <Hsp_query-from>1177</Hsp_query-from>
      <Hsp_query-to>1838</Hsp_query-to>
      <Hsp_hit-from>38084757</Hsp_hit-from>
      <Hsp_hit-to>38085443</Hsp_hit-to>
      <Hsp_query-frame>1</Hsp_query-frame>
      <Hsp_hit-frame>1</Hsp_hit-frame>
      <Hsp_identity>576</Hsp_identity>
      <Hsp_positive>576</Hsp_positive>
      <Hsp_gaps>31</Hsp_gaps>
      <Hsp_align-len>690</Hsp_align-len>
      <Hsp_qseq>TTCCATTATCAGGGCTATGCTGATGTTGTTACAGAAGATCCAATGAGCTATAACGAAGAAGGTTGGGTGGTATGTCGAGTGTTCAGGAAGAAGAACTATCAAAAGATTGACGATTGTCCTAAAATCACTCTATCTTCTTTACCTGATGACACGGAGG--AAGAGAAGGGGC-CCACCTTTCACAACACTCAAAACGTTACCGGTTTAGACCATGTTCTTCTCTACATGGACCGTACCGGTTCTAACATTTGCATGCCCGAGAGCCAAACAACGACTCAAC---------ATCAAGATGATGTCTTATTCATGCAACTCCCAAGTCTTGAGACACCTAAATCCGAGAGCCCGGTCGACCAAAGTTTCCTGACTCCAAGCAAACTCGATTTCTCTCCCGTTCAAGAGAAGATAACCGAAAGACCGGTTTGCAGCAACTGGGCTAGTCTTGACCGGCTCGTAGCTTGGCAATTGAACAATGGTCATCATAATCCGTGTCATCGTAAGAGTTTTGATGAAGAAGAAGAAAATGGTGATACTATGATGCAGCGATGGGATCTTCATTGGAATAATGATGATAATGTTGATCTTTGGAGTAGTTTCACTGAGTCTT---------CTTCGTCTTTAGACCCACTTCTTCATTTATCTGTATGATTATCTAT-------ACATACACATACACAAAA</Hsp_qseq>
      <Hsp_hseq>TTCCATTATCAGGAATATTCAGATGTTGTAAGTGAAGATCCAATGAGCTACAACGAAGAAGGTTGGGTGGTATGTCGAGTGTTCAGGAAGAAGAACTATCAAAAGATCGACGACTCTCCTAAAATCACTCTATCTTCTTCACCTGGTGACACGGAGGAAAAGAGAAAGTCCACCACCTCCCACAACACTCAAAATGGCAACGTCTTGGACCACGTTCTTCTATACATGGACCGTTCCTGTCCCAACATCTGCATGCCCGAGCGCCAAACCACGATCCAACGTCAACATAATCAAGACGATATTTTATTCATGCAACTTCCAAGTCTTGAGACACCCAAATCCGAGGACCTGGTCTACCAAAGTTTAAAGATTCCAAACCAGCTCGATTCCTCTCTGGTTCAAGAGAAGAAAAACGGCAGACCGGTTTGCAGTAATTGGGCTAGTCTTGACCGGCTAGTGGCGTGGCAGTTGAACAACGGTCATCATAA---GTGTGATCGTGCGAGTTTTGATGAAGAAGAGGAAGATGGTGATACCATGATGCAGCGTTGGGATCTTCACTGGAGTAATGATGATCATGTTGATCTTTGGAGTAGTTTCACTGAATCTTCTTCATCCCCTTCGTCTTTAGATCCTCTTCTTCATTTATCTGTATGATTGTATATTCACGTAACATACATATATACAAAA</Hsp_hseq>
      <Hsp_midline>|||||||||||||  ||| | |||||||| |  ||||||||||||||||| |||||||||||||||||||||||||||||||||||||||||||||||||||||||| ||||| | ||||||||||||||||||||||| ||||| |||||||||||  ||||||| |  | ||||||  |||||||||||||| |  | ||  || ||||| |||||||| |||||||||||| || || | ||||| |||||||||||| ||||||| ||||  ||||         ||||||| ||| | |||||||||||||| ||||||||||||||||| |||||||||  || |||| ||||||||||   || ||||| | | ||||||| |||||  ||||||||||||| || ||  |||||||||||||| || |||||||||||||||||||| || || ||||| |||||||| |||||||||||   |||| |||||  |||||||||||||||||| ||| |||||||||| ||||||||||| ||||||||||| |||| |||||||||| |||||||||||||||||||||||||||| ||||         ||||||||||||| || ||||||||||||||||||||||| | |||       ||||||| ||| ||||||</Hsp_midline>
    </Hsp>
    <Hsp>
      <Hsp_num>3</Hsp_num>
      <Hsp_bit-score>209.575</Hsp_bit-score>
      <Hsp_score>231</Hsp_score>
      <Hsp_evalue>2.08066e-48</Hsp_evalue>
      <Hsp_query-from>505</Hsp_query-from>
      <Hsp_query-to>736</Hsp_query-to>
      <Hsp_hit-from>50383023</Hsp_hit-from>
      <Hsp_hit-to>50382792</Hsp_hit-to>
      <Hsp_query-frame>1</Hsp_query-frame>
      <Hsp_hit-frame>-1</Hsp_hit-frame>
      <Hsp_identity>188</Hsp_identity>
      <Hsp_positive>188</Hsp_positive>
      <Hsp_gaps>6</Hsp_gaps>
      <Hsp_align-len>235</Hsp_align-len>
      <Hsp_qseq>CAACGCCACAAAACGACTGGTACTTCTTCAGCCACAAGGACAAGAAGTATCCAACCGGGACCAGGACGAACCGGGCAAC---AGTCGCTGGATTCTGGAAAGCTACCGGACGTGACAAAATCATCTGCAGTTGTGTCCGGAGAATTGGACTGAGGAAGACACTCGTGTTCTACAAAGGAAGAGCTCCTCACGGTCAGAAATCCGACTGGATCATGCATGAGTATCGCCTCGACGA</Hsp_qseq>
      <Hsp_hseq>CAACCCCCCAAAACGATTGGTACTTCTTTAGCCACAAGGACAAGAAGTATCCCACGGGAACAAGAACCAACCGAGCGACCACAGTCG---GATTCTGGAAAGCAACCGGACGTGACAAGATCATATACAGCAATGGCGATAGAATCGGTATGCGGAAAACGCTTGTCTTCTATAAAGGTCGAGCCCCTCATGGTCAAAAATCCGACTGGATCATGCACGAATATAGACTCGACGA</Hsp_hseq>
      <Hsp_midline>|||| || |||||||| ||||||||||| ||||||||||||||||||||||| || || || || || ||||| || ||   |||||   ||||||||||||| |||||||||||||| ||||| | |||   || |   ||||| ||  || |||| || || || ||||| |||||  |||| ||||| ||||| |||||||||||||||||||| || ||| | ||||||||</Hsp_midline>
    </Hsp>
    <Hsp>
      <Hsp_num>4</Hsp_num>
      <Hsp_bit-score>192.443</Hsp_bit-score>
      <Hsp_score>212</Hsp_score>
      <Hsp_evalue>1.59961e-43</Hsp_evalue>
      <Hsp_query-from>485</Hsp_query-from>
      <Hsp_query-to>740</Hsp_query-to>
      <Hsp_hit-from>18999080</Hsp_hit-from>
      <Hsp_hit-to>18999335</Hsp_hit-to>
      <Hsp_query-frame>1</Hsp_query-frame>
      <Hsp_hit-frame>1</Hsp_hit-frame>
      <Hsp_identity>196</Hsp_identity>
      <Hsp_positive>196</Hsp_positive>
      <Hsp_gaps>0</Hsp_gaps>
      <Hsp_align-len>256</Hsp_align-len>
      <Hsp_qseq>AGAGGAATGTAGAATCGGTTCAACGCCACAAAACGACTGGTACTTCTTCAGCCACAAGGACAAGAAGTATCCAACCGGGACCAGGACGAACCGGGCAACAGTCGCTGGATTCTGGAAAGCTACCGGACGTGACAAAATCATCTGCAGTTGTGTCCGGAGAATTGGACTGAGGAAGACACTCGTGTTCTACAAAGGAAGAGCTCCTCACGGTCAGAAATCCGACTGGATCATGCATGAGTATCGCCTCGACGATACT</Hsp_qseq>
      <Hsp_hseq>AGAGAGATGCAAGATAGGCTCAACGCCGCAGAACGAATGGTATTTCTTTAGCCACAAGGATAGGAAATATCCGACGGGATCAAGGACAAACCGTGCTACTCACGCAGGGTTCTGGAAAGCGACAGGACGTGACAAGTGCATAAGGAACTCTTACAAGAAGATAGGAATGAGGAAGACTCTCGTGTTCTACAAAGGAAGAGCTCCTCATGGCCAAAAGACTGATTGGATCATGCATGAGTACCGTCTTGAAGATGCT</Hsp_hseq>
      <Hsp_midline>||||  ||| |  || || |||||||| || ||||| ||||| ||||| ||||||||||| | ||| ||||| || ||  | ||||| ||||| || ||   ||| || ||||||||||| || |||||||||||   |||  | |  | |  |  ||  || ||| |||||||||| ||||||||||||||||||||||||||||| || || ||  | || ||||||||||||||||| || || || ||| ||</Hsp_midline>
    </Hsp>
    <Hsp>
      <Hsp_num>5</Hsp_num>
      <Hsp_bit-score>158.179</Hsp_bit-score>
      <Hsp_score>174</Hsp_score>
      <Hsp_evalue>3.29996e-33</Hsp_evalue>
      <Hsp_query-from>244</Hsp_query-from>
      <Hsp_query-to>727</Hsp_query-to>
      <Hsp_hit-from>9441977</Hsp_hit-from>
      <Hsp_hit-to>9442457</Hsp_hit-to>
      <Hsp_query-frame>1</Hsp_query-frame>
      <Hsp_hit-frame>1</Hsp_hit-frame>
      <Hsp_identity>336</Hsp_identity>
      <Hsp_positive>336</Hsp_positive>
      <Hsp_gaps>27</Hsp_gaps>
      <Hsp_align-len>496</Hsp_align-len>
      <Hsp_qseq>TCAAAAGTGCCTCCAGGTTTCAGATTCCATCCCACCGAAGAAGAACTTCTCCATTACTATCTCCGTAAGAAAGTTAACTCTCAAAAGATCGATCTTGATGTCATTCGTGAAGTTGATCTAAACAAGCTTGAGCCTTGGGATATTCAAGGTTAAACCCTAAATATGAAAAAAAACTC-TTTCATTTCTACGAACTCTCTATTTCTTTGTTCT-----TTATTTTTGAACCATTTTGGTATGCAAA--TGCAGAGGAATGTAGAATCGGTTCAACGCCA--CAAAACGACTGGTACTTCTTCAGCCACAAGGACAAGAAGTATCCAACCGGGACCAGGACGAACCGGGCAACAGTCGCTGGATTCTGGAAAGCTACCGGACGTGACAAAATCATCTGCAGTTGTGTCCGGAGA--ATTGGACTGAGGAAGACACTCGTGTTCTACAAAGGAAGAGCTCCTCACGGTCAGAAATCCGACTGGATCATGCATGAGTATCG</Hsp_qseq>
      <Hsp_hseq>TCACATGTACCTCCTGGATTCAGATTTCATCCAACCGATGAAGAACTTGTAGACTACTACCTAAGGAAAAAGGTTGCATCAAAGAGAATAGAAATCGATTTCATCAAAGACGTTGATCTCTACAAGATTGAGCCATGGGATCTTCAAGGTTTGGCCC-------GAAAATCATGTCATTTCTCTTTAATGATCCTTGTGTTAATTTATAGGAAGGCTAAATTGTGA----TTTTTCTTTGTAAAACTATAGAGTTATGCAAAATAGGA--AACGAAGAGCAAAGTGAATGGTACTTCTTTAGCCATAAAGACAAGAAGTATCCCACGGGAACTCGAACCAATAGAGCGACAAAAGCAGGATTCTGGAAAGCCACTGGAAGAGACAAGTCTATAT--ATTTAAGACATGGTCTTATCGGTATGAGGAAGACACTCGTGTTTTACAAAGGAAGAGCCCCAAATGGACAGAAATCGGATTGGATCATGCACGAGTATCG</Hsp_hseq>
      <Hsp_midline>||| | || ||||| || |||||||| ||||| ||||| ||||||||| |  | ||||| ||  | || || |||   ||  | |  || ||  | ||| ||||    || ||||||||  ||||| ||||||| |||||| |||||||||   |||       |||||  |  || ||||  ||  | || |  | | ||  ||| |        | | || |||    ||||  | || |||  |  ||||  ||| | ||| ||   ||||     ||||  || ||||||||||| ||||| || |||||||||||||| || || ||  | || ||  | || |||   || |||||||||||||| || ||| | |||||    || |  | ||  | |  |     || ||  ||||||||||||||||||| |||||||||||||| ||  | || |||||||| || ||||||||||| ||||||||</Hsp_midline>
    </Hsp>
    <Hsp>
      <Hsp_num>6</Hsp_num>
      <Hsp_bit-score>134.736</Hsp_bit-score>
      <Hsp_score>148</Hsp_score>
      <Hsp_evalue>3.76525e-26</Hsp_evalue>
      <Hsp_query-from>519</Hsp_query-from>
      <Hsp_query-to>733</Hsp_query-to>
      <Hsp_hit-from>4442629</Hsp_hit-from>
      <Hsp_hit-to>4442843</Hsp_hit-to>
      <Hsp_query-frame>1</Hsp_query-frame>
      <Hsp_hit-frame>1</Hsp_hit-frame>
      <Hsp_identity>161</Hsp_identity>
      <Hsp_positive>161</Hsp_positive>
      <Hsp_gaps>4</Hsp_gaps>
      <Hsp_align-len>217</Hsp_align-len>
      <Hsp_qseq>GACTGGTACTTCTTCAGCCACAAGGACAAGAAGTATCCAACCGGGACCAGGACGAACCGGGCAACAGTCGCTGGATTCTGGAAAGCTACCGGACGTGACAAAATCATCTGCAGTTGTGTCCGGAG--AATTGGACTGAGGAAGACACTCGTGTTCTACAAAGGAAGAGCTCCTCACGGTCAGAAATCCGACTGGATCATGCATGAGTATCGCCTCGA</Hsp_qseq>
      <Hsp_hseq>GAATGGTATTTCTTTAGCTACAAGGACAAGAAGTATCCAACAGGGACACGGACAAATAGAGCAACAGGTTCGGGATTTTGGAAAGCAACAGGTCGAGACAAGGCCATAT--ACTCGAAGCAAGAGCTTGTAGGAATGAGGAAAACACTTGTGTTTTACAAAGGCCGTGCCCCAAATGGTCAAAAGTCCGATTGGATAATGCATGAATATCGTCTTGA</Hsp_hseq>
      <Hsp_midline>|| ||||| ||||| ||| |||||||||||||||||||||| |||||  |||| ||  | |||||||   | ||||| |||||||| || || || |||||   ||| |  | | |   |  |||    | ||| ||||||| ||||| ||||| ||||||||  | || ||  | ||||| || ||||| ||||| |||||||| ||||| || ||</Hsp_midline>
    </Hsp>
    <Hsp>
      <Hsp_num>7</Hsp_num>
      <Hsp_bit-score>131.129</Hsp_bit-score>
      <Hsp_score>144</Hsp_score>
      <Hsp_evalue>4.58702e-25</Hsp_evalue>
      <Hsp_query-from>235</Hsp_query-from>
      <Hsp_query-to>394</Hsp_query-to>
      <Hsp_hit-from>50383541</Hsp_hit-from>
      <Hsp_hit-to>50383382</Hsp_hit-to>
      <Hsp_query-frame>1</Hsp_query-frame>
      <Hsp_hit-frame>-1</Hsp_hit-frame>
      <Hsp_identity>127</Hsp_identity>
      <Hsp_positive>127</Hsp_positive>
      <Hsp_gaps>2</Hsp_gaps>
      <Hsp_align-len>161</Hsp_align-len>
      <Hsp_qseq>AATGGACAATCAAAAGTGCCTCCAGGTTTCAGATTCCATCCCACCGAAGAAGAACTTCTCCATTACTATCTCCGTAAGAAAGTTAACTCTCAA-AAGATCGATCTTGATGTCATTCGTGAAGTTGATCTAAACAAGCTTGAGCCTTGGGATATTCAAGGTT</Hsp_qseq>
      <Hsp_hseq>AACGGACAGTCACAAGTGCCTCCTGGCTTTAGGTTTCACCCGACTGAGGAAGAGCTCTTGCAGTATTACCTCCGCAAAAAAAT-ATCTAACATCAAGATTGATCTCGATGTTATTCGTGATGTTGATCTCAACAAGCTCGAGCCTTGGGATATTCAAGGTT</Hsp_hseq>
      <Hsp_midline>|| ||||| ||| |||||||||| || || || || || || || || ||||| ||  | || || || ||||| || ||| | | ||  ||  ||||| ||||| ||||| |||||||| |||||||| |||||||| ||||||||||||||||||||||</Hsp_midline>
    </Hsp>
    <Hsp>
      <Hsp_num>8</Hsp_num>
      <Hsp_bit-score>127.522</Hsp_bit-score>
      <Hsp_score>140</Hsp_score>
      <Hsp_evalue>5.58813e-24</Hsp_evalue>
      <Hsp_query-from>513</Hsp_query-from>
      <Hsp_query-to>728</Hsp_query-to>
      <Hsp_hit-from>54968813</Hsp_hit-from>
      <Hsp_hit-to>54969028</Hsp_hit-to>
      <Hsp_query-frame>1</Hsp_query-frame>
      <Hsp_hit-frame>1</Hsp_hit-frame>
      <Hsp_identity>160</Hsp_identity>
      <Hsp_positive>160</Hsp_positive>
      <Hsp_gaps>4</Hsp_gaps>
      <Hsp_align-len>218</Hsp_align-len>
      <Hsp_qseq>CAAAACGACTGGTACTTCTTCAGCCACAAGGACAAGAAGTATCCAACCGGGACCAGGACGAACCGGGCAACAGTCGCTGGATTCTGGAAAGCTACCGGACGTGACAAAATCATCTGCAGTTGTGTC--CGGAGAATTGGACTGAGGAAGACACTCGTGTTCTACAAAGGAAGAGCTCCTCACGGTCAGAAATCCGACTGGATCATGCATGAGTATCGC</Hsp_qseq>
      <Hsp_hseq>CAAAGTGATTGGTACTTCTTTAGCCATAAAGACAAGAAGTATCCCACAGGGACTCGAACCAATAGAGCAACCAAAGCAGGATTTTGGAAAGCCACAGGAAGAGACAAGGCTATAT--ACTTGAGGCATAGTCTTATTGGTATGAGGAAAACACTTGTGTTCTACATGGGGAGAGCCCCAAATGGACAAAAATCCGACTGGATCATGCACGAATACCGC</Hsp_hseq>
      <Hsp_midline>||||  || ||||||||||| ||||| || |||||||||||||| || |||||  | || ||  | |||||    || ||||| |||||||| || ||| | |||||    || |  | ||| | |   |    |||||  ||||||| ||||| ||||||||||  || ||||| ||  | || || |||||||||||||||||||| || || |||</Hsp_midline>
    </Hsp>
    <Hsp>
      <Hsp_num>9</Hsp_num>
      <Hsp_bit-score>82.4379</Hsp_bit-score>
      <Hsp_score>90</Hsp_score>
      <Hsp_evalue>2.08434e-10</Hsp_evalue>
      <Hsp_query-from>250</Hsp_query-from>
      <Hsp_query-to>393</Hsp_query-to>
      <Hsp_hit-from>18998713</Hsp_hit-from>
      <Hsp_hit-to>18998856</Hsp_hit-to>
      <Hsp_query-frame>1</Hsp_query-frame>
      <Hsp_hit-frame>1</Hsp_hit-frame>
      <Hsp_identity>107</Hsp_identity>
      <Hsp_positive>107</Hsp_positive>
      <Hsp_gaps>6</Hsp_gaps>
      <Hsp_align-len>147</Hsp_align-len>
      <Hsp_qseq>GTGCCTCCAGGTTTCAGATTCCATCCCACCGAAGAAGAACTTCTCCATTACTATCTCCGTAAGAAAGTTAACTCT---CAAAAGATCGATCTTGATGTCATTCGTGAAGTTGATCTAAACAAGCTTGAGCCTTGGGATATTCAAGGT</Hsp_qseq>
      <Hsp_hseq>GTGCCACCTGGGTTTCGGTTTCATCCGACAGACGAAGAGCTTCTACATTACTACCTAAAGAAGAAAAT---CTCTTACCAGAAGTTTGAGATGGAAGTTATCAGAGAGGTTGACTTAAACAAGCTTGAGCCTTGGGATTTACAAGGT</Hsp_hseq>
      <Hsp_midline>||||| || || ||  | || ||||| || || ||||| ||||| |||||||| ||    |||||| |   ||||   || ||| | ||  | || || ||  | || |||||  ||||||||||||||||||||||| | ||||||</Hsp_midline>
    </Hsp>
    <Hsp>
      <Hsp_num>10</Hsp_num>
      <Hsp_bit-score>73.4211</Hsp_bit-score>
      <Hsp_score>80</Hsp_score>
      <Hsp_evalue>1.07972e-07</Hsp_evalue>
      <Hsp_query-from>514</Hsp_query-from>
      <Hsp_query-to>728</Hsp_query-to>
      <Hsp_hit-from>2381402</Hsp_hit-from>
      <Hsp_hit-to>2381616</Hsp_hit-to>
      <Hsp_query-frame>1</Hsp_query-frame>
      <Hsp_hit-frame>1</Hsp_hit-frame>
      <Hsp_identity>145</Hsp_identity>
      <Hsp_positive>145</Hsp_positive>
      <Hsp_gaps>0</Hsp_gaps>
      <Hsp_align-len>215</Hsp_align-len>
      <Hsp_qseq>AAAACGACTGGTACTTCTTCAGCCACAAGGACAAGAAGTATCCAACCGGGACCAGGACGAACCGGGCAACAGTCGCTGGATTCTGGAAAGCTACCGGACGTGACAAAATCATCTGCAGTTGTGTCCGGAGAATTGGACTGAGGAAGACACTCGTGTTCTACAAAGGAAGAGCTCCTCACGGTCAGAAATCCGACTGGATCATGCATGAGTATCGC</Hsp_qseq>
      <Hsp_hseq>AAAAAGAGTGGTACTTCTTCTGCGTAAGAGATCGGAAATACCCGACTGGTTTAAGGACGAACCGGGCTACTAAGGCCGGTTATTGGAAAGCTACAGGCAAAGACAAAGAGATCTTCAAAGAAAAATGTATTGTTGGTATGAAGAAAACTTTGGTTTTCTACAAAGGAAGAGCTCCTAAAGGAGTAAAAACCAATTGGGTCATGCACGAATATCGC</Hsp_hseq>
      <Hsp_midline>|||| || |||||||||||| ||   |  ||   ||| || || || ||    |||||||||||||| ||    || || |  ||||||||||| ||    ||||||   |||| ||         | |   ||||  ||| ||| ||  | || ||||||||||||||||||||| | ||    ||| || | ||| ||||||| || ||||||</Hsp_midline>
    </Hsp>
    <Hsp>
      <Hsp_num>11</Hsp_num>
      <Hsp_bit-score>59.8958</Hsp_bit-score>
      <Hsp_score>65</Hsp_score>
      <Hsp_evalue>0.00237823</Hsp_evalue>
      <Hsp_query-from>646</Hsp_query-from>
      <Hsp_query-to>730</Hsp_query-to>
      <Hsp_hit-from>51413056</Hsp_hit-from>
      <Hsp_hit-to>51413140</Hsp_hit-to>
      <Hsp_query-frame>1</Hsp_query-frame>
      <Hsp_hit-frame>1</Hsp_hit-frame>
      <Hsp_identity>64</Hsp_identity>
      <Hsp_positive>64</Hsp_positive>
      <Hsp_gaps>0</Hsp_gaps>
      <Hsp_align-len>85</Hsp_align-len>
      <Hsp_qseq>TTGGACTGAGGAAGACACTCGTGTTCTACAAAGGAAGAGCTCCTCACGGTCAGAAATCCGACTGGATCATGCATGAGTATCGCCT</Hsp_qseq>
      <Hsp_hseq>TTGGAATGAAGAAGACTTTGGTCTTCTACAGAGGAAGAGCTCCTCGTGGGGAGAAGACTAGTTGGGTCATGCATGAATACCGACT</Hsp_hseq>
      <Hsp_midline>||||| ||| ||||||  | || ||||||| ||||||||||||||  ||  ||||  |    ||| |||||||||| || || ||</Hsp_midline>
    </Hsp>
    <Hsp>
      <Hsp_num>12</Hsp_num>
      <Hsp_bit-score>58.9941</Hsp_bit-score>
      <Hsp_score>64</Hsp_score>
      <Hsp_evalue>0.00237823</Hsp_evalue>
      <Hsp_query-from>519</Hsp_query-from>
      <Hsp_query-to>731</Hsp_query-to>
      <Hsp_hit-from>10274700</Hsp_hit-from>
      <Hsp_hit-to>10274485</Hsp_hit-to>
      <Hsp_query-frame>1</Hsp_query-frame>
      <Hsp_hit-frame>-1</Hsp_hit-frame>
      <Hsp_identity>144</Hsp_identity>
      <Hsp_positive>144</Hsp_positive>
      <Hsp_gaps>5</Hsp_gaps>
      <Hsp_align-len>217</Hsp_align-len>
      <Hsp_qseq>GACTGGTACTTCTTCAGCCACAAGGACAAGAAGTATCCAACCGGGACCAGGACGAACCGGGCAACAGTCGCTGGATTCTGGAAAGCTACCGGACGTGACAAAATCATCTGCAGTTGT----GTCCGGAGAATTGGACTGAGGAAGACACTCGTGTTCTACAAAGGAAGAGCTCCTCACGGTCAGAAATCCGACTGGATCATGCATGAGTATCGCCTC</Hsp_qseq>
      <Hsp_hseq>GAGTGGTACTTCTTTAGTCCTAGAGATCGGAAGTATCCCAATGGGGTTAGGCCGAATCGGGCAGCAACTTCTGGTTACTGGAAAGCCACGGGAACCGATAAACCAATATTTACGTGCAATAGTCACAAGG-TTGGGGTCAAGAAAGCGCTTGTGTTCTATGGTGGAAAACCTCCTAAAGGGATTAAAACTGATTGGATCATGCATGAATATCGCCTC</Hsp_hseq>
      <Hsp_midline>|| ||||||||||| || |  |  ||   ||||||||| |  |||   ||| |||| |||||| ||    |||| | ||||||||| || |||   || |||   || |  |  ||     |||   ||  ||||  | | |||  | || ||||||||    |||| | ||||| | ||    ||| | || |||||||||||||| |||||||||</Hsp_midline>
    </Hsp>
    <Hsp>
      <Hsp_num>13</Hsp_num>
      <Hsp_bit-score>56.2891</Hsp_bit-score>
      <Hsp_score>61</Hsp_score>
      <Hsp_evalue>0.0289728</Hsp_evalue>
      <Hsp_query-from>645</Hsp_query-from>
      <Hsp_query-to>727</Hsp_query-to>
      <Hsp_hit-from>43049065</Hsp_hit-from>
      <Hsp_hit-to>43049147</Hsp_hit-to>
      <Hsp_query-frame>1</Hsp_query-frame>
      <Hsp_hit-frame>1</Hsp_hit-frame>
      <Hsp_identity>62</Hsp_identity>
      <Hsp_positive>62</Hsp_positive>
      <Hsp_gaps>0</Hsp_gaps>
      <Hsp_align-len>83</Hsp_align-len>
      <Hsp_qseq>ATTGGACTGAGGAAGACACTCGTGTTCTACAAAGGAAGAGCTCCTCACGGTCAGAAATCCGACTGGATCATGCATGAGTATCG</Hsp_qseq>
      <Hsp_hseq>ATAGGTCTAAAGAAGTCACTGGTGTTCTACCAAGGAAGAGCTGCGAAAGGAGTTAAGACTGATTGGATGATGCATGAGTTTCG</Hsp_hseq>
      <Hsp_midline>|| || || | |||| |||| ||||||||| ||||||||||| |  | ||    ||  | || ||||| |||||||||| |||</Hsp_midline>
    </Hsp>
    <Hsp>
      <Hsp_num>14</Hsp_num>
      <Hsp_bit-score>54.4857</Hsp_bit-score>
      <Hsp_score>59</Hsp_score>
      <Hsp_evalue>0.101125</Hsp_evalue>
      <Hsp_query-from>648</Hsp_query-from>
      <Hsp_query-to>724</Hsp_query-to>
      <Hsp_hit-from>37046962</Hsp_hit-from>
      <Hsp_hit-to>37046886</Hsp_hit-to>
      <Hsp_query-frame>1</Hsp_query-frame>
      <Hsp_hit-frame>-1</Hsp_hit-frame>
      <Hsp_identity>58</Hsp_identity>
      <Hsp_positive>58</Hsp_positive>
      <Hsp_gaps>0</Hsp_gaps>
      <Hsp_align-len>77</Hsp_align-len>
      <Hsp_qseq>GGACTGAGGAAGACACTCGTGTTCTACAAAGGAAGAGCTCCTCACGGTCAGAAATCCGACTGGATCATGCATGAGTA</Hsp_qseq>
      <Hsp_hseq>GGACTCAAAAAGACACTTGTTTTCTATAGAGGTCGTGCTCCTAATGGTGAGCGTACTGACTGGGTCATGCATGAGTA</Hsp_hseq>
      <Hsp_midline>||||| |  |||||||| || ||||| | |||  | |||||| | ||| ||    | |||||| |||||||||||||</Hsp_midline>
    </Hsp>
    <Hsp>
      <Hsp_num>15</Hsp_num>
      <Hsp_bit-score>50.8789</Hsp_bit-score>
      <Hsp_score>55</Hsp_score>
      <Hsp_evalue>1.23195</Hsp_evalue>
      <Hsp_query-from>252</Hsp_query-from>
      <Hsp_query-to>306</Hsp_query-to>
      <Hsp_hit-from>6390608</Hsp_hit-from>
      <Hsp_hit-to>6390662</Hsp_hit-to>
      <Hsp_query-frame>1</Hsp_query-frame>
      <Hsp_hit-frame>1</Hsp_hit-frame>
      <Hsp_identity>44</Hsp_identity>
      <Hsp_positive>44</Hsp_positive>
      <Hsp_gaps>0</Hsp_gaps>
      <Hsp_align-len>55</Hsp_align-len>
      <Hsp_qseq>GCCTCCAGGTTTCAGATTCCATCCCACCGAAGAAGAACTTCTCCATTACTATCTC</Hsp_qseq>
      <Hsp_hseq>GCTTCCAGGTTTCAGATTCCACCCGACCGAGGAGGAGCTTACTGATTACTACCTC</Hsp_hseq>
      <Hsp_midline>|| |||||||||||||||||| || ||||| || || |||    ||||||| |||</Hsp_midline>
    </Hsp>
    <Hsp>
      <Hsp_num>16</Hsp_num>
      <Hsp_bit-score>50.8789</Hsp_bit-score>
      <Hsp_score>55</Hsp_score>
      <Hsp_evalue>1.23195</Hsp_evalue>
      <Hsp_query-from>1088</Hsp_query-from>
      <Hsp_query-to>1142</Hsp_query-to>
      <Hsp_hit-from>8189474</Hsp_hit-from>
      <Hsp_hit-to>8189419</Hsp_hit-to>
      <Hsp_query-frame>1</Hsp_query-frame>
      <Hsp_hit-frame>-1</Hsp_hit-frame>
      <Hsp_identity>47</Hsp_identity>
      <Hsp_positive>47</Hsp_positive>
      <Hsp_gaps>7</Hsp_gaps>
      <Hsp_align-len>59</Hsp_align-len>
      <Hsp_qseq>ATTTTTTTTTTTGTTTCAAAAT----AAAAGTTGCATTTTTACATCATCAAGATTTAAT</Hsp_qseq>
      <Hsp_hseq>ATTTTTTTTTTTGCTTCAAAATCATTAAAATTTTCATTTTTA---CATAAACATTTAAT</Hsp_hseq>
      <Hsp_midline>||||||||||||| ||||||||    |||| || ||||||||   ||| || |||||||</Hsp_midline>
    </Hsp>
    <Hsp>
      <Hsp_num>17</Hsp_num>
      <Hsp_bit-score>48.1739</Hsp_bit-score>
      <Hsp_score>52</Hsp_score>
      <Hsp_evalue>4.29995</Hsp_evalue>
      <Hsp_query-from>259</Hsp_query-from>
      <Hsp_query-to>309</Hsp_query-to>
      <Hsp_hit-from>3711102</Hsp_hit-from>
      <Hsp_hit-to>3711152</Hsp_hit-to>
      <Hsp_query-frame>1</Hsp_query-frame>
      <Hsp_hit-frame>1</Hsp_hit-frame>
      <Hsp_identity>41</Hsp_identity>
      <Hsp_positive>41</Hsp_positive>
      <Hsp_gaps>0</Hsp_gaps>
      <Hsp_align-len>51</Hsp_align-len>
      <Hsp_qseq>GGTTTCAGATTCCATCCCACCGAAGAAGAACTTCTCCATTACTATCTCCGT</Hsp_qseq>
      <Hsp_hseq>GGATTCAGATTCAGTCCCACGGACGAGGAGCTAGTCCGTTACTATCTCCGT</Hsp_hseq>
      <Hsp_midline>|| |||||||||  |||||| || || || ||  ||| |||||||||||||</Hsp_midline>
    </Hsp>
  </Hit_hsps>
</Hit>
<Hit>
  <Hit_num>38</Hit_num>
  <Hit_id>gi|2067584171|emb|LS974625.2|</Hit_id>
  <Hit_def>Brassica rapa genome assembly, chromosome: A09</Hit_def>
  <Hit_accession>LS974625</Hit_accession>
  <Hit_len>68194707</Hit_len>
  <Hit_hsps>
    <Hsp>
      <Hsp_num>1</Hsp_num>
      <Hsp_bit-score>737.061</Hsp_bit-score>
      <Hsp_score>816</Hsp_score>
      <Hsp_evalue>0</Hsp_evalue>
      <Hsp_query-from>1</Hsp_query-from>
      <Hsp_query-to>804</Hsp_query-to>
      <Hsp_hit-from>48534738</Hsp_hit-from>
      <Hsp_hit-to>48535534</Hsp_hit-to>
      <Hsp_query-frame>1</Hsp_query-frame>
      <Hsp_hit-frame>1</Hsp_hit-frame>
      <Hsp_identity>664</Hsp_identity>
      <Hsp_positive>664</Hsp_positive>
      <Hsp_gaps>65</Hsp_gaps>
      <Hsp_align-len>833</Hsp_align-len>
      <Hsp_qseq>AAAGACACTTTAATGCATGA-ACTTCTTTG---------TTTAAATAACAATTTCCCCCTTTTGGGG-GCTATGTCTCGTCGAGTCCTACCACCATTATAAATTATCTCATCGTTTGCTTTCTTTTTTTTAAGTTGTAACCATTTCCACTCGTAATCATACAACTTCTCTACTCTTCTAGAGCAAAAACCCAAAAATATATTGCTATCTTCGTTAATGGCTGATAATAAGGTCAATCTTTCGATTAATGGACAATCAAAAGTGCCTCCAGGTTTCAGATTCCATCCCACCGAAGAAGAACTTCTCCATTACTATCTCCGTAAGAAAGTTAACTCTCAAAAGATCGATCTTGATGTCATTCGTGAAGTTGATCTAAACAAGCTTGAGCCTTGGGATATTCAAGGTT--------AAACCCTAA---ATATGAAAAAA---AACTCTTTCATTTCTACGAACTCTCTATTTCTTTGTTCTTTATTTTTGAACCATTTTGGTATGCAAATGCAGAGGAATGTAGAATCGGTTCAACGCCACAAAACGACTGGTACTTCTTCAGCCACAAGGACAAGAAGTATCCAACCGGGACCAGGACGAACCGGGCAACAGTCGCTGGATTCTGGAAAGCTACCGGACGTGACAAAATCATCTGCAGTTGTGTCCGGAGAATTGGACTGAGGAAGACACTCGTGTTCTACAAAGGAAGAGCTCCTCACGGTCAGAAATCCGACTGGATCATGCATGAGTATCGCCTCGACGATACTCCAATGTCTAATGTAAGTATA--TA-TAGCAATCATCAAT-TTGCAGTTTAGGTTAGAATAAACAAAT</Hsp_qseq>
      <Hsp_hseq>AAAGACACTTTAATGCATGATAATTTTCTACATATAACATTTAAATAATAATTTCTCCCTTTTGCGGAGCTATGTGTCATAGACTCCCACCATCATTATAAATGATCTCATCGCCTGCTTTCT-----------------CATCT--ACTTGTAACCATACAACTTCGCTACTCTGGTAGAGCAAAAAAA-AAGAAGATATCGTTACCATCATCAATGGCGGAGAATAAGGTAAACCTGTCGATCAATGGACAATCAAAAGTGCCACCAGGTTTCAGATTCCATCCAACAGAAGAAGAGCTTCTCCATTACTATCTTTGCAAGAAAGTTCACTCTCAAAAGATAGATCTTGATGTCATTCGTGAAGTTGATCTCAACAAGCTTGAGCCTTGGGATATTCAAGGTTCTAACAATAAACCCGAATTAATATGAAAATATATAAAATTTTCTTTTCTATGAG--------------GTTCA--ATTATTGAACCACTTTTGTAAGCAAATGCAGAAGAATGTAGAATCGGTTCAGCGCCGCAGACCGACTGGTACTTCTTCAGTCACAAGGACAAAAAATATCCAACGGGGACCAGGACAAACCGGGCAACAGTTTCCGGATTCTGGAAGGCGACTGGACGTGACAAGATCATCTACAGTTGTGTCAGGAGGATTGGATTGAGAAAGACGCTCGTGTTCTACAAAGGAAGAGCTCCCCATGGTCAGAAATCTGATTGGATCATGCATGAGTATCGCCTCGACGAGACTCCAACAACTAATGTAAGTATAGCTATTATCAATATTCATTATTTCATTGTAGGTTGTTACAAACAGAT</Hsp_hseq>
      <Hsp_midline>|||||||||||||||||||| | || | |          ||||||||| |||||| |||||||| || ||||||| || | || ||| |||| |||||||||| |||||||||  ||||||||                 ||| |  ||| |||| ||||||||||| |||||||  |||||||||||   || || |||| | || | || | |||||| || |||||||| || || ||||| |||||||||||||||||||| |||||||||||||||||||| || |||||||| |||||||||||||||||  | ||||||||| ||||||||||||| ||||||||||||||||||||||||||||| |||||||||||||||||||||||||||||||        |||||| ||   ||||||||| |   ||   |||| |||||| ||               ||||   ||| |||||||| ||| ||| ||||||||||| |||||||||||||||||| |||| || | |||||||||||||||||| ||||||||||| || |||||||| ||||||||||| ||||||||||||||  | ||||||||||| || || ||||||||||| ||||||| |||||||||| |||| |||||| |||| ||||| |||||||||||||||||||||||||| || ||||||||||| || ||||||||||||||||||||||||||||| |||||||   ||||||||||||||  || || ||||  ||| | || || | ||||||   | ||||| ||</Hsp_midline>
    </Hsp>
    <Hsp>
      <Hsp_num>2</Hsp_num>
      <Hsp_bit-score>732.552</Hsp_bit-score>
      <Hsp_score>811</Hsp_score>
      <Hsp_evalue>0</Hsp_evalue>
      <Hsp_query-from>1177</Hsp_query-from>
      <Hsp_query-to>1838</Hsp_query-to>
      <Hsp_hit-from>48536061</Hsp_hit-from>
      <Hsp_hit-to>48536747</Hsp_hit-to>
      <Hsp_query-frame>1</Hsp_query-frame>
      <Hsp_hit-frame>1</Hsp_hit-frame>
      <Hsp_identity>576</Hsp_identity>
      <Hsp_positive>576</Hsp_positive>
      <Hsp_gaps>31</Hsp_gaps>
      <Hsp_align-len>690</Hsp_align-len>
      <Hsp_qseq>TTCCATTATCAGGGCTATGCTGATGTTGTTACAGAAGATCCAATGAGCTATAACGAAGAAGGTTGGGTGGTATGTCGAGTGTTCAGGAAGAAGAACTATCAAAAGATTGACGATTGTCCTAAAATCACTCTATCTTCTTTACCTGATGACACGGAGG--AAGAGAAGGGGC-CCACCTTTCACAACACTCAAAACGTTACCGGTTTAGACCATGTTCTTCTCTACATGGACCGTACCGGTTCTAACATTTGCATGCCCGAGAGCCAAACAACGACTCAAC---------ATCAAGATGATGTCTTATTCATGCAACTCCCAAGTCTTGAGACACCTAAATCCGAGAGCCCGGTCGACCAAAGTTTCCTGACTCCAAGCAAACTCGATTTCTCTCCCGTTCAAGAGAAGATAACCGAAAGACCGGTTTGCAGCAACTGGGCTAGTCTTGACCGGCTCGTAGCTTGGCAATTGAACAATGGTCATCATAATCCGTGTCATCGTAAGAGTTTTGATGAAGAAGAAGAAAATGGTGATACTATGATGCAGCGATGGGATCTTCATTGGAATAATGATGATAATGTTGATCTTTGGAGTAGTTTCACTGAGTCTT---------CTTCGTCTTTAGACCCACTTCTTCATTTATCTGTATGATTATCTAT-------ACATACACATACACAAAA</Hsp_qseq>
      <Hsp_hseq>TTCCATTATCAGGAATATTCAGATGTTGTAAGTGAAGATCCAATGAGCTACAACGAAGAAGGTTGGGTGGTATGTCGAGTGTTCAGGAAGAAGAACTATCAAAAGATCGACGACTCTCCTAAAATCACTCTATCTTCTTCACCTGGTGACACGGAGGAAAAGAGAAAGTCCACCACCTCCCACAACACTCAAAATGGCAACGTCTTGGACCACGTTCTTCTATACATGGACCGTTCCTGTCCCAACATCTGCATGCCCGAGCGCCAAACCACGATCCAACGTCAACATAATCAAGACGATATTTTATTCATGCAACTTCCAAGTCTTGAGACACCCAAATCCGAGGACCTGGTCTACCAAAGTTTAAAGATTCCAAACCAGCTCGATTCCTCTCTGGTTCAAGAGAAGAAAAACGGCAGACCGGTTTGCAGTAATTGGGCTAGTCTTGACCGGCTAGTGGCGTGGCAGTTGAACAACGGTCATCATAA---GTGTGATCGTGCGAGTTTTGATGAAGAAGAGGAAGATGGTGATACCATGATGCAGCGTTGGGATCTTCACTGGAGTAATGATGATCATGTTGATCTTTGGAGTAGTTTCACTGAATCTTCTTCATCCCCTTCGTCTTTAGATCCTCTTCTTCATTTATCTGTATGATTGTATATTCACGTAACATACATATATACAAAA</Hsp_hseq>
      <Hsp_midline>|||||||||||||  ||| | |||||||| |  ||||||||||||||||| |||||||||||||||||||||||||||||||||||||||||||||||||||||||| ||||| | ||||||||||||||||||||||| ||||| |||||||||||  ||||||| |  | ||||||  |||||||||||||| |  | ||  || ||||| |||||||| |||||||||||| || || | ||||| |||||||||||| ||||||| ||||  ||||         ||||||| ||| | |||||||||||||| ||||||||||||||||| |||||||||  || |||| ||||||||||   || ||||| | | ||||||| |||||  ||||||||||||| || ||  |||||||||||||| || |||||||||||||||||||| || || ||||| |||||||| |||||||||||   |||| |||||  |||||||||||||||||| ||| |||||||||| ||||||||||| ||||||||||| |||| |||||||||| |||||||||||||||||||||||||||| ||||         ||||||||||||| || ||||||||||||||||||||||| | |||       ||||||| ||| ||||||</Hsp_midline>
    </Hsp>
    <Hsp>
      <Hsp_num>3</Hsp_num>
      <Hsp_bit-score>209.575</Hsp_bit-score>
      <Hsp_score>231</Hsp_score>
      <Hsp_evalue>2.08066e-48</Hsp_evalue>
      <Hsp_query-from>505</Hsp_query-from>
      <Hsp_query-to>736</Hsp_query-to>
      <Hsp_hit-from>60855002</Hsp_hit-from>
      <Hsp_hit-to>60854771</Hsp_hit-to>
      <Hsp_query-frame>1</Hsp_query-frame>
      <Hsp_hit-frame>-1</Hsp_hit-frame>
      <Hsp_identity>188</Hsp_identity>
      <Hsp_positive>188</Hsp_positive>
      <Hsp_gaps>6</Hsp_gaps>
      <Hsp_align-len>235</Hsp_align-len>
      <Hsp_qseq>CAACGCCACAAAACGACTGGTACTTCTTCAGCCACAAGGACAAGAAGTATCCAACCGGGACCAGGACGAACCGGGCAAC---AGTCGCTGGATTCTGGAAAGCTACCGGACGTGACAAAATCATCTGCAGTTGTGTCCGGAGAATTGGACTGAGGAAGACACTCGTGTTCTACAAAGGAAGAGCTCCTCACGGTCAGAAATCCGACTGGATCATGCATGAGTATCGCCTCGACGA</Hsp_qseq>
      <Hsp_hseq>CAACCCCCCAAAACGATTGGTACTTCTTTAGCCACAAGGACAAGAAGTATCCCACGGGAACAAGAACCAACCGAGCGACCACAGTCG---GATTCTGGAAAGCAACCGGACGTGACAAGATCATATACAGCAATGGCGATAGAATCGGTATGCGGAAAACGCTTGTCTTCTATAAAGGTCGAGCCCCTCATGGTCAAAAATCCGACTGGATCATGCACGAATATAGACTCGACGA</Hsp_hseq>
      <Hsp_midline>|||| || |||||||| ||||||||||| ||||||||||||||||||||||| || || || || || ||||| || ||   |||||   ||||||||||||| |||||||||||||| ||||| | |||   || |   ||||| ||  || |||| || || || ||||| |||||  |||| ||||| ||||| |||||||||||||||||||| || ||| | ||||||||</Hsp_midline>
    </Hsp>
    <Hsp>
      <Hsp_num>4</Hsp_num>
      <Hsp_bit-score>192.443</Hsp_bit-score>
      <Hsp_score>212</Hsp_score>
      <Hsp_evalue>1.59961e-43</Hsp_evalue>
      <Hsp_query-from>485</Hsp_query-from>
      <Hsp_query-to>740</Hsp_query-to>
      <Hsp_hit-from>19327819</Hsp_hit-from>
      <Hsp_hit-to>19328074</Hsp_hit-to>
      <Hsp_query-frame>1</Hsp_query-frame>
      <Hsp_hit-frame>1</Hsp_hit-frame>
      <Hsp_identity>196</Hsp_identity>
      <Hsp_positive>196</Hsp_positive>
      <Hsp_gaps>0</Hsp_gaps>
      <Hsp_align-len>256</Hsp_align-len>
      <Hsp_qseq>AGAGGAATGTAGAATCGGTTCAACGCCACAAAACGACTGGTACTTCTTCAGCCACAAGGACAAGAAGTATCCAACCGGGACCAGGACGAACCGGGCAACAGTCGCTGGATTCTGGAAAGCTACCGGACGTGACAAAATCATCTGCAGTTGTGTCCGGAGAATTGGACTGAGGAAGACACTCGTGTTCTACAAAGGAAGAGCTCCTCACGGTCAGAAATCCGACTGGATCATGCATGAGTATCGCCTCGACGATACT</Hsp_qseq>
      <Hsp_hseq>AGAGAGATGCAAGATAGGCTCAACGCCGCAGAACGAATGGTATTTCTTTAGCCACAAGGATAGGAAATATCCGACGGGATCAAGGACAAACCGTGCTACTCACGCAGGGTTCTGGAAAGCGACAGGACGTGACAAGTGCATAAGGAACTCTTACAAGAAGATAGGAATGAGGAAGACTCTCGTGTTCTACAAAGGAAGAGCTCCTCATGGCCAAAAGACTGATTGGATCATGCATGAGTACCGTCTTGAAGATGCT</Hsp_hseq>
      <Hsp_midline>||||  ||| |  || || |||||||| || ||||| ||||| ||||| ||||||||||| | ||| ||||| || ||  | ||||| ||||| || ||   ||| || ||||||||||| || |||||||||||   |||  | |  | |  |  ||  || ||| |||||||||| ||||||||||||||||||||||||||||| || || ||  | || ||||||||||||||||| || || || ||| ||</Hsp_midline>
    </Hsp>
    <Hsp>
      <Hsp_num>5</Hsp_num>
      <Hsp_bit-score>158.179</Hsp_bit-score>
      <Hsp_score>174</Hsp_score>
      <Hsp_evalue>3.29996e-33</Hsp_evalue>
      <Hsp_query-from>244</Hsp_query-from>
      <Hsp_query-to>727</Hsp_query-to>
      <Hsp_hit-from>9757817</Hsp_hit-from>
      <Hsp_hit-to>9758297</Hsp_hit-to>
      <Hsp_query-frame>1</Hsp_query-frame>
      <Hsp_hit-frame>1</Hsp_hit-frame>
      <Hsp_identity>336</Hsp_identity>
      <Hsp_positive>336</Hsp_positive>
      <Hsp_gaps>27</Hsp_gaps>
      <Hsp_align-len>496</Hsp_align-len>
      <Hsp_qseq>TCAAAAGTGCCTCCAGGTTTCAGATTCCATCCCACCGAAGAAGAACTTCTCCATTACTATCTCCGTAAGAAAGTTAACTCTCAAAAGATCGATCTTGATGTCATTCGTGAAGTTGATCTAAACAAGCTTGAGCCTTGGGATATTCAAGGTTAAACCCTAAATATGAAAAAAAACTC-TTTCATTTCTACGAACTCTCTATTTCTTTGTTCT-----TTATTTTTGAACCATTTTGGTATGCAAA--TGCAGAGGAATGTAGAATCGGTTCAACGCCA--CAAAACGACTGGTACTTCTTCAGCCACAAGGACAAGAAGTATCCAACCGGGACCAGGACGAACCGGGCAACAGTCGCTGGATTCTGGAAAGCTACCGGACGTGACAAAATCATCTGCAGTTGTGTCCGGAGA--ATTGGACTGAGGAAGACACTCGTGTTCTACAAAGGAAGAGCTCCTCACGGTCAGAAATCCGACTGGATCATGCATGAGTATCG</Hsp_qseq>
      <Hsp_hseq>TCACATGTACCTCCTGGATTCAGATTTCATCCAACCGATGAAGAACTTGTAGACTACTACCTAAGGAAAAAGGTTGCATCAAAGAGAATAGAAATCGATTTCATCAAAGACGTTGATCTCTACAAGATTGAGCCATGGGATCTTCAAGGTTTGGCCC-------GAAAATCATGTCATTTCTCTTTAATGATCCTTGTGTTAATTTATAGGAAGGCTAAATTGTGA----TTTTTCTTTGTAAAACTATAGAGTTATGCAAAATAGGA--AACGAAGAGCAAAGTGAATGGTACTTCTTTAGCCATAAAGACAAGAAGTATCCCACGGGAACTCGAACCAATAGAGCGACAAAAGCAGGATTCTGGAAAGCCACTGGAAGAGACAAGTCTATAT--ATTTAAGACATGGTCTTATCGGTATGAGGAAGACACTCGTGTTTTACAAAGGAAGAGCCCCAAATGGACAGAAATCGGATTGGATCATGCACGAGTATCG</Hsp_hseq>
      <Hsp_midline>||| | || ||||| || |||||||| ||||| ||||| ||||||||| |  | ||||| ||  | || || |||   ||  | |  || ||  | ||| ||||    || ||||||||  ||||| ||||||| |||||| |||||||||   |||       |||||  |  || ||||  ||  | || |  | | ||  ||| |        | | || |||    ||||  | || |||  |  ||||  ||| | ||| ||   ||||     ||||  || ||||||||||| ||||| || |||||||||||||| || || ||  | || ||  | || |||   || |||||||||||||| || ||| | |||||    || |  | ||  | |  |     || ||  ||||||||||||||||||| |||||||||||||| ||  | || |||||||| || ||||||||||| ||||||||</Hsp_midline>
    </Hsp>
    <Hsp>
      <Hsp_num>6</Hsp_num>
      <Hsp_bit-score>134.736</Hsp_bit-score>
      <Hsp_score>148</Hsp_score>
      <Hsp_evalue>3.76525e-26</Hsp_evalue>
      <Hsp_query-from>519</Hsp_query-from>
      <Hsp_query-to>733</Hsp_query-to>
      <Hsp_hit-from>4643495</Hsp_hit-from>
      <Hsp_hit-to>4643709</Hsp_hit-to>
      <Hsp_query-frame>1</Hsp_query-frame>
      <Hsp_hit-frame>1</Hsp_hit-frame>
      <Hsp_identity>161</Hsp_identity>
      <Hsp_positive>161</Hsp_positive>
      <Hsp_gaps>4</Hsp_gaps>
      <Hsp_align-len>217</Hsp_align-len>
      <Hsp_qseq>GACTGGTACTTCTTCAGCCACAAGGACAAGAAGTATCCAACCGGGACCAGGACGAACCGGGCAACAGTCGCTGGATTCTGGAAAGCTACCGGACGTGACAAAATCATCTGCAGTTGTGTCCGGAG--AATTGGACTGAGGAAGACACTCGTGTTCTACAAAGGAAGAGCTCCTCACGGTCAGAAATCCGACTGGATCATGCATGAGTATCGCCTCGA</Hsp_qseq>
      <Hsp_hseq>GAATGGTATTTCTTTAGCTACAAGGACAAGAAGTATCCAACAGGGACACGGACAAATAGAGCAACAGGTTCGGGATTTTGGAAAGCAACAGGTCGAGACAAGGCCATAT--ACTCGAAGCAAGAGCTTGTAGGAATGAGGAAAACACTTGTGTTTTACAAAGGCCGTGCCCCAAATGGTCAAAAGTCCGATTGGATAATGCATGAATATCGTCTTGA</Hsp_hseq>
      <Hsp_midline>|| ||||| ||||| ||| |||||||||||||||||||||| |||||  |||| ||  | |||||||   | ||||| |||||||| || || || |||||   ||| |  | | |   |  |||    | ||| ||||||| ||||| ||||| ||||||||  | || ||  | ||||| || ||||| ||||| |||||||| ||||| || ||</Hsp_midline>
    </Hsp>
    <Hsp>
      <Hsp_num>7</Hsp_num>
      <Hsp_bit-score>131.129</Hsp_bit-score>
      <Hsp_score>144</Hsp_score>
      <Hsp_evalue>4.58702e-25</Hsp_evalue>
      <Hsp_query-from>235</Hsp_query-from>
      <Hsp_query-to>394</Hsp_query-to>
      <Hsp_hit-from>60855520</Hsp_hit-from>
      <Hsp_hit-to>60855361</Hsp_hit-to>
      <Hsp_query-frame>1</Hsp_query-frame>
      <Hsp_hit-frame>-1</Hsp_hit-frame>
      <Hsp_identity>127</Hsp_identity>
      <Hsp_positive>127</Hsp_positive>
      <Hsp_gaps>2</Hsp_gaps>
      <Hsp_align-len>161</Hsp_align-len>
      <Hsp_qseq>AATGGACAATCAAAAGTGCCTCCAGGTTTCAGATTCCATCCCACCGAAGAAGAACTTCTCCATTACTATCTCCGTAAGAAAGTTAACTCTCAA-AAGATCGATCTTGATGTCATTCGTGAAGTTGATCTAAACAAGCTTGAGCCTTGGGATATTCAAGGTT</Hsp_qseq>
      <Hsp_hseq>AACGGACAGTCACAAGTGCCTCCTGGCTTTAGGTTTCACCCGACTGAGGAAGAGCTCTTGCAGTATTACCTCCGCAAAAAAAT-ATCTAACATCAAGATTGATCTCGATGTTATTCGTGATGTTGATCTCAACAAGCTCGAGCCTTGGGATATTCAAGGTT</Hsp_hseq>
      <Hsp_midline>|| ||||| ||| |||||||||| || || || || || || || || ||||| ||  | || || || ||||| || ||| | | ||  ||  ||||| ||||| ||||| |||||||| |||||||| |||||||| ||||||||||||||||||||||</Hsp_midline>
    </Hsp>
    <Hsp>
      <Hsp_num>8</Hsp_num>
      <Hsp_bit-score>127.522</Hsp_bit-score>
      <Hsp_score>140</Hsp_score>
      <Hsp_evalue>5.58813e-24</Hsp_evalue>
      <Hsp_query-from>513</Hsp_query-from>
      <Hsp_query-to>728</Hsp_query-to>
      <Hsp_hit-from>65492749</Hsp_hit-from>
      <Hsp_hit-to>65492964</Hsp_hit-to>
      <Hsp_query-frame>1</Hsp_query-frame>
      <Hsp_hit-frame>1</Hsp_hit-frame>
      <Hsp_identity>160</Hsp_identity>
      <Hsp_positive>160</Hsp_positive>
      <Hsp_gaps>4</Hsp_gaps>
      <Hsp_align-len>218</Hsp_align-len>
      <Hsp_qseq>CAAAACGACTGGTACTTCTTCAGCCACAAGGACAAGAAGTATCCAACCGGGACCAGGACGAACCGGGCAACAGTCGCTGGATTCTGGAAAGCTACCGGACGTGACAAAATCATCTGCAGTTGTGTC--CGGAGAATTGGACTGAGGAAGACACTCGTGTTCTACAAAGGAAGAGCTCCTCACGGTCAGAAATCCGACTGGATCATGCATGAGTATCGC</Hsp_qseq>
      <Hsp_hseq>CAAAGTGATTGGTACTTCTTTAGCCATAAAGACAAGAAGTATCCCACAGGGACTCGAACCAATAGAGCAACCAAAGCAGGATTTTGGAAAGCCACAGGAAGAGACAAGGCTATAT--ACTTGAGGCATAGTCTTATTGGTATGAGGAAAACACTTGTGTTCTACATGGGGAGAGCCCCAAATGGACAAAAATCCGACTGGATCATGCACGAATACCGC</Hsp_hseq>
      <Hsp_midline>||||  || ||||||||||| ||||| || |||||||||||||| || |||||  | || ||  | |||||    || ||||| |||||||| || ||| | |||||    || |  | ||| | |   |    |||||  ||||||| ||||| ||||||||||  || ||||| ||  | || || |||||||||||||||||||| || || |||</Hsp_midline>
    </Hsp>
    <Hsp>
      <Hsp_num>9</Hsp_num>
      <Hsp_bit-score>82.4379</Hsp_bit-score>
      <Hsp_score>90</Hsp_score>
      <Hsp_evalue>2.08434e-10</Hsp_evalue>
      <Hsp_query-from>250</Hsp_query-from>
      <Hsp_query-to>393</Hsp_query-to>
      <Hsp_hit-from>19327452</Hsp_hit-from>
      <Hsp_hit-to>19327595</Hsp_hit-to>
      <Hsp_query-frame>1</Hsp_query-frame>
      <Hsp_hit-frame>1</Hsp_hit-frame>
      <Hsp_identity>107</Hsp_identity>
      <Hsp_positive>107</Hsp_positive>
      <Hsp_gaps>6</Hsp_gaps>
      <Hsp_align-len>147</Hsp_align-len>
      <Hsp_qseq>GTGCCTCCAGGTTTCAGATTCCATCCCACCGAAGAAGAACTTCTCCATTACTATCTCCGTAAGAAAGTTAACTCT---CAAAAGATCGATCTTGATGTCATTCGTGAAGTTGATCTAAACAAGCTTGAGCCTTGGGATATTCAAGGT</Hsp_qseq>
      <Hsp_hseq>GTGCCACCTGGGTTTCGGTTTCATCCGACAGACGAAGAGCTTCTACATTACTACCTAAAGAAGAAAAT---CTCTTACCAGAAGTTTGAGATGGAAGTTATCAGAGAGGTTGACTTAAACAAGCTTGAGCCTTGGGATTTACAAGGT</Hsp_hseq>
      <Hsp_midline>||||| || || ||  | || ||||| || || ||||| ||||| |||||||| ||    |||||| |   ||||   || ||| | ||  | || || ||  | || |||||  ||||||||||||||||||||||| | ||||||</Hsp_midline>
    </Hsp>
    <Hsp>
      <Hsp_num>10</Hsp_num>
      <Hsp_bit-score>73.4211</Hsp_bit-score>
      <Hsp_score>80</Hsp_score>
      <Hsp_evalue>1.07972e-07</Hsp_evalue>
      <Hsp_query-from>514</Hsp_query-from>
      <Hsp_query-to>728</Hsp_query-to>
      <Hsp_hit-from>2508979</Hsp_hit-from>
      <Hsp_hit-to>2509193</Hsp_hit-to>
      <Hsp_query-frame>1</Hsp_query-frame>
      <Hsp_hit-frame>1</Hsp_hit-frame>
      <Hsp_identity>145</Hsp_identity>
      <Hsp_positive>145</Hsp_positive>
      <Hsp_gaps>0</Hsp_gaps>
      <Hsp_align-len>215</Hsp_align-len>
      <Hsp_qseq>AAAACGACTGGTACTTCTTCAGCCACAAGGACAAGAAGTATCCAACCGGGACCAGGACGAACCGGGCAACAGTCGCTGGATTCTGGAAAGCTACCGGACGTGACAAAATCATCTGCAGTTGTGTCCGGAGAATTGGACTGAGGAAGACACTCGTGTTCTACAAAGGAAGAGCTCCTCACGGTCAGAAATCCGACTGGATCATGCATGAGTATCGC</Hsp_qseq>
      <Hsp_hseq>AAAAAGAGTGGTACTTCTTCTGCGTAAGAGATCGGAAATACCCGACTGGTTTAAGGACGAACCGGGCTACTAAGGCCGGTTATTGGAAAGCTACAGGCAAAGACAAAGAGATCTTCAAAGAAAAATGTATTGTTGGTATGAAGAAAACTTTGGTTTTCTACAAAGGAAGAGCTCCTAAAGGAGTAAAAACCAATTGGGTCATGCACGAATATCGC</Hsp_hseq>
      <Hsp_midline>|||| || |||||||||||| ||   |  ||   ||| || || || ||    |||||||||||||| ||    || || |  ||||||||||| ||    ||||||   |||| ||         | |   ||||  ||| ||| ||  | || ||||||||||||||||||||| | ||    ||| || | ||| ||||||| || ||||||</Hsp_midline>
    </Hsp>
    <Hsp>
      <Hsp_num>11</Hsp_num>
      <Hsp_bit-score>59.8958</Hsp_bit-score>
      <Hsp_score>65</Hsp_score>
      <Hsp_evalue>0.00237823</Hsp_evalue>
      <Hsp_query-from>646</Hsp_query-from>
      <Hsp_query-to>730</Hsp_query-to>
      <Hsp_hit-from>61885038</Hsp_hit-from>
      <Hsp_hit-to>61885122</Hsp_hit-to>
      <Hsp_query-frame>1</Hsp_query-frame>
      <Hsp_hit-frame>1</Hsp_hit-frame>
      <Hsp_identity>64</Hsp_identity>
      <Hsp_positive>64</Hsp_positive>
      <Hsp_gaps>0</Hsp_gaps>
      <Hsp_align-len>85</Hsp_align-len>
      <Hsp_qseq>TTGGACTGAGGAAGACACTCGTGTTCTACAAAGGAAGAGCTCCTCACGGTCAGAAATCCGACTGGATCATGCATGAGTATCGCCT</Hsp_qseq>
      <Hsp_hseq>TTGGAATGAAGAAGACTTTGGTCTTCTACAGAGGAAGAGCTCCTCGTGGGGAGAAGACTAGTTGGGTCATGCATGAATACCGACT</Hsp_hseq>
      <Hsp_midline>||||| ||| ||||||  | || ||||||| ||||||||||||||  ||  ||||  |    ||| |||||||||| || || ||</Hsp_midline>
    </Hsp>
    <Hsp>
      <Hsp_num>12</Hsp_num>
      <Hsp_bit-score>58.9941</Hsp_bit-score>
      <Hsp_score>64</Hsp_score>
      <Hsp_evalue>0.00237823</Hsp_evalue>
      <Hsp_query-from>519</Hsp_query-from>
      <Hsp_query-to>731</Hsp_query-to>
      <Hsp_hit-from>10590353</Hsp_hit-from>
      <Hsp_hit-to>10590138</Hsp_hit-to>
      <Hsp_query-frame>1</Hsp_query-frame>
      <Hsp_hit-frame>-1</Hsp_hit-frame>
      <Hsp_identity>144</Hsp_identity>
      <Hsp_positive>144</Hsp_positive>
      <Hsp_gaps>5</Hsp_gaps>
      <Hsp_align-len>217</Hsp_align-len>
      <Hsp_qseq>GACTGGTACTTCTTCAGCCACAAGGACAAGAAGTATCCAACCGGGACCAGGACGAACCGGGCAACAGTCGCTGGATTCTGGAAAGCTACCGGACGTGACAAAATCATCTGCAGTTGT----GTCCGGAGAATTGGACTGAGGAAGACACTCGTGTTCTACAAAGGAAGAGCTCCTCACGGTCAGAAATCCGACTGGATCATGCATGAGTATCGCCTC</Hsp_qseq>
      <Hsp_hseq>GAGTGGTACTTCTTTAGTCCTAGAGATCGGAAGTATCCCAATGGGGTTAGGCCGAATCGGGCAGCAACTTCTGGTTACTGGAAAGCCACGGGAACCGATAAACCAATATTTACGTGCAATAGTCACAAGG-TTGGGGTCAAGAAAGCGCTTGTGTTCTATGGTGGAAAACCTCCTAAAGGGATTAAAACTGATTGGATCATGCATGAATATCGCCTC</Hsp_hseq>
      <Hsp_midline>|| ||||||||||| || |  |  ||   ||||||||| |  |||   ||| |||| |||||| ||    |||| | ||||||||| || |||   || |||   || |  |  ||     |||   ||  ||||  | | |||  | || ||||||||    |||| | ||||| | ||    ||| | || |||||||||||||| |||||||||</Hsp_midline>
    </Hsp>
    <Hsp>
      <Hsp_num>13</Hsp_num>
      <Hsp_bit-score>56.2891</Hsp_bit-score>
      <Hsp_score>61</Hsp_score>
      <Hsp_evalue>0.0289728</Hsp_evalue>
      <Hsp_query-from>645</Hsp_query-from>
      <Hsp_query-to>727</Hsp_query-to>
      <Hsp_hit-from>53498785</Hsp_hit-from>
      <Hsp_hit-to>53498867</Hsp_hit-to>
      <Hsp_query-frame>1</Hsp_query-frame>
      <Hsp_hit-frame>1</Hsp_hit-frame>
      <Hsp_identity>62</Hsp_identity>
      <Hsp_positive>62</Hsp_positive>
      <Hsp_gaps>0</Hsp_gaps>
      <Hsp_align-len>83</Hsp_align-len>
      <Hsp_qseq>ATTGGACTGAGGAAGACACTCGTGTTCTACAAAGGAAGAGCTCCTCACGGTCAGAAATCCGACTGGATCATGCATGAGTATCG</Hsp_qseq>
      <Hsp_hseq>ATAGGTCTAAAGAAGTCACTGGTGTTCTACCAAGGAAGAGCTGCGAAAGGAGTTAAGACTGATTGGATGATGCATGAGTTTCG</Hsp_hseq>
      <Hsp_midline>|| || || | |||| |||| ||||||||| ||||||||||| |  | ||    ||  | || ||||| |||||||||| |||</Hsp_midline>
    </Hsp>
    <Hsp>
      <Hsp_num>14</Hsp_num>
      <Hsp_bit-score>54.4857</Hsp_bit-score>
      <Hsp_score>59</Hsp_score>
      <Hsp_evalue>0.101125</Hsp_evalue>
      <Hsp_query-from>648</Hsp_query-from>
      <Hsp_query-to>724</Hsp_query-to>
      <Hsp_hit-from>47499706</Hsp_hit-from>
      <Hsp_hit-to>47499630</Hsp_hit-to>
      <Hsp_query-frame>1</Hsp_query-frame>
      <Hsp_hit-frame>-1</Hsp_hit-frame>
      <Hsp_identity>58</Hsp_identity>
      <Hsp_positive>58</Hsp_positive>
      <Hsp_gaps>0</Hsp_gaps>
      <Hsp_align-len>77</Hsp_align-len>
      <Hsp_qseq>GGACTGAGGAAGACACTCGTGTTCTACAAAGGAAGAGCTCCTCACGGTCAGAAATCCGACTGGATCATGCATGAGTA</Hsp_qseq>
      <Hsp_hseq>GGACTCAAAAAGACACTTGTTTTCTATAGAGGTCGTGCTCCTAATGGTGAGCGTACTGACTGGGTCATGCATGAGTA</Hsp_hseq>
      <Hsp_midline>||||| |  |||||||| || ||||| | |||  | |||||| | ||| ||    | |||||| |||||||||||||</Hsp_midline>
    </Hsp>
    <Hsp>
      <Hsp_num>15</Hsp_num>
      <Hsp_bit-score>50.8789</Hsp_bit-score>
      <Hsp_score>55</Hsp_score>
      <Hsp_evalue>1.23195</Hsp_evalue>
      <Hsp_query-from>252</Hsp_query-from>
      <Hsp_query-to>306</Hsp_query-to>
      <Hsp_hit-from>6592200</Hsp_hit-from>
      <Hsp_hit-to>6592254</Hsp_hit-to>
      <Hsp_query-frame>1</Hsp_query-frame>
      <Hsp_hit-frame>1</Hsp_hit-frame>
      <Hsp_identity>44</Hsp_identity>
      <Hsp_positive>44</Hsp_positive>
      <Hsp_gaps>0</Hsp_gaps>
      <Hsp_align-len>55</Hsp_align-len>
      <Hsp_qseq>GCCTCCAGGTTTCAGATTCCATCCCACCGAAGAAGAACTTCTCCATTACTATCTC</Hsp_qseq>
      <Hsp_hseq>GCTTCCAGGTTTCAGATTCCACCCGACCGAGGAGGAGCTTACTGATTACTACCTC</Hsp_hseq>
      <Hsp_midline>|| |||||||||||||||||| || ||||| || || |||    ||||||| |||</Hsp_midline>
    </Hsp>
    <Hsp>
      <Hsp_num>16</Hsp_num>
      <Hsp_bit-score>50.8789</Hsp_bit-score>
      <Hsp_score>55</Hsp_score>
      <Hsp_evalue>1.23195</Hsp_evalue>
      <Hsp_query-from>1088</Hsp_query-from>
      <Hsp_query-to>1142</Hsp_query-to>
      <Hsp_hit-from>8505437</Hsp_hit-from>
      <Hsp_hit-to>8505382</Hsp_hit-to>
      <Hsp_query-frame>1</Hsp_query-frame>
      <Hsp_hit-frame>-1</Hsp_hit-frame>
      <Hsp_identity>47</Hsp_identity>
      <Hsp_positive>47</Hsp_positive>
      <Hsp_gaps>7</Hsp_gaps>
      <Hsp_align-len>59</Hsp_align-len>
      <Hsp_qseq>ATTTTTTTTTTTGTTTCAAAAT----AAAAGTTGCATTTTTACATCATCAAGATTTAAT</Hsp_qseq>
      <Hsp_hseq>ATTTTTTTTTTTGCTTCAAAATCATTAAAATTTTCATTTTTA---CATAAACATTTAAT</Hsp_hseq>
      <Hsp_midline>||||||||||||| ||||||||    |||| || ||||||||   ||| || |||||||</Hsp_midline>
    </Hsp>
    <Hsp>
      <Hsp_num>17</Hsp_num>
      <Hsp_bit-score>48.1739</Hsp_bit-score>
      <Hsp_score>52</Hsp_score>
      <Hsp_evalue>4.29995</Hsp_evalue>
      <Hsp_query-from>259</Hsp_query-from>
      <Hsp_query-to>309</Hsp_query-to>
      <Hsp_hit-from>3848595</Hsp_hit-from>
      <Hsp_hit-to>3848645</Hsp_hit-to>
      <Hsp_query-frame>1</Hsp_query-frame>
      <Hsp_hit-frame>1</Hsp_hit-frame>
      <Hsp_identity>41</Hsp_identity>
      <Hsp_positive>41</Hsp_positive>
      <Hsp_gaps>0</Hsp_gaps>
      <Hsp_align-len>51</Hsp_align-len>
      <Hsp_qseq>GGTTTCAGATTCCATCCCACCGAAGAAGAACTTCTCCATTACTATCTCCGT</Hsp_qseq>
      <Hsp_hseq>GGATTCAGATTCAGTCCCACGGACGAGGAGCTAGTCCGTTACTATCTCCGT</Hsp_hseq>
      <Hsp_midline>|| |||||||||  |||||| || || || ||  ||| |||||||||||||</Hsp_midline>
    </Hsp>
  </Hit_hsps>
</Hit>
<Hit>
  <Hit_num>39</Hit_num>
  <Hit_id>gi|1820521186|emb|LR778316.1|</Hit_id>
  <Hit_def>Raphanus sativus genome assembly, chromosome: 7</Hit_def>
  <Hit_accession>LR778316</Hit_accession>
  <Hit_len>33162177</Hit_len>
  <Hit_hsps>
    <Hsp>
      <Hsp_num>1</Hsp_num>
      <Hsp_bit-score>736.159</Hsp_bit-score>
      <Hsp_score>815</Hsp_score>
      <Hsp_evalue>0</Hsp_evalue>
      <Hsp_query-from>1</Hsp_query-from>
      <Hsp_query-to>790</Hsp_query-to>
      <Hsp_hit-from>17239432</Hsp_hit-from>
      <Hsp_hit-to>17240206</Hsp_hit-to>
      <Hsp_query-frame>1</Hsp_query-frame>
      <Hsp_hit-frame>1</Hsp_hit-frame>
      <Hsp_identity>650</Hsp_identity>
      <Hsp_positive>650</Hsp_positive>
      <Hsp_gaps>65</Hsp_gaps>
      <Hsp_align-len>815</Hsp_align-len>
      <Hsp_qseq>AAAGACACTTTAATGCATG---AACTTCTTTGT-------TTAAATAACAATTTCCCCCTTTTGGG-GGCTATGTCTCGTCGAGTCCTACCACCATTATAAATTATCTCATCGTTTGCTTTCTTTTTTTTAAGTTGTAACCATTTCCACTCGTAATCATACAACTTCTCTACTCTTCTAGAGCAAAAACCCAAAAATATATTGCTATCTTCGTTAATGGCTGATAATAAGGTCAATCTTTCGATTAATGGACAATCAAAAGTGCCTCCAGGTTTCAGATTCCATCCCACCGAAGAAGAACTTCTCCATTACTATCTCCGTAAGAAAGTTAACTCTCAAAAGATCGATCTTGATGTCATTCGTGAAGTTGATCTAAACAAGCTTGAGCCTTGGGATATTCAAGGTT--------AAACCCTAA---ATATGAAAAAA---AACTCTTTCATTTCTACGAACTCTCTATTTCTTTGTTCTTTATTTTTGAACCATTTTGGTATGCAAATGCAGAGGAATGTAGAATCGGTTCAACGCCACAAAACGACTGGTACTTCTTCAGCCACAAGGACAAGAAGTATCCAACCGGGACCAGGACGAACCGGGCAACAGTCGCTGGATTCTGGAAAGCTACCGGACGTGACAAAATCATCTGCAGTTGTGTCCGGAGAATTGGACTGAGGAAGACACTCGTGTTCTACAAAGGAAGAGCTCCTCACGGTCAGAAATCCGACTGGATCATGCATGAGTATCGCCTCGACGATACTCCAATGTCTAATGTAAGTATATATAGCAATCATCAATTTGCAGTTTAGGT</Hsp_qseq>
      <Hsp_hseq>AAAGACACTTTAATGCATGCTAAATTTCTACATCTAACATTTAAATAATAATTTCACCCTTTTCCGTGGCTATGTGTCATAGACTCCCACCATCATTATAAATGATCTCATTGCCTGCTTTCT-----------------CATCT--ACTTGTAACCATACAACTTCGCTACTCTTGTAGAGCAAAAAA--AAGAAGATATCGTTATGATCATCAATGGCGGAGAATAAGGTAAACCTGTCGATTAATGGACAATCAAAAGTGCCACCAGGTTTCAGATTCCATCCAACAGAAGAAGAACTTCTCCATTACTATCTTCGCAAGAAAGTTCACTCTCAAAAGATTGATCTTGATGTTATTCGCGAAGTAGATCTCAACAAGCTTGAGCCTTGGGATATTCAAGGTTCTAACAATAAACCCTAATTAATATAAATATATATAAAAATTTCATTTCCATGAGGTCTCTATTA---------------TTGAACCATTTTGCCAACCAAATGCAGAAGAATGTAGAATCGGTTCGACGCCGCAGAACGACTGGTACTTCTTCAGCCACAAGGACAAAAAATATCCAACGGGGACCAGGACTAACCGGGCAACCGTTTCCGGATTCTGGAAGGCGACCGGACGTGACAAGATCATCTACAGTTGTGTCAGGAGGATTGGATTGAGAAAGACGCTCGTGTTCTACCAAGGAAGAGCTCCCCACGGTCAGAAATCTGATTGGATCATGCATGAGTATCGCCTCGACGAGACTCCAACAATTAATGTAAG----TATAGCTATTATCAATATTGATTGTAGGT</Hsp_hseq>
      <Hsp_midline>|||||||||||||||||||   || ||||   |       |||||||| |||||| |||||||  | |||||||| || | || ||| |||| |||||||||| ||||||| |  ||||||||                 ||| |  ||| |||| ||||||||||| |||||||| |||||||||||   || || |||| | |||  || | |||||| || |||||||| || || |||||||||||||||||||||||||| |||||||||||||||||||| || |||||||||||||||||||||||||| || ||||||||| ||||||||||||| ||||||||||| ||||| ||||| ||||| |||||||||||||||||||||||||||||||        |||||||||   |||| || | |   ||   ||||||||| | ||  ||||||||                |||||||||||||  |  |||||||||| ||||||||||||||||| ||||| || |||||||||||||||||||||||||||||||| || |||||||| ||||||||||| ||||||||||| ||  | ||||||||||| || |||||||||||||| ||||||| |||||||||| |||| |||||| |||| ||||| |||||||||||| ||||||||||||| |||||||||||||| || ||||||||||||||||||||||||||||| |||||||    |||||||||    |||||| || |||||| |  | | |||||</Hsp_midline>
    </Hsp>
    <Hsp>
      <Hsp_num>2</Hsp_num>
      <Hsp_bit-score>668.533</Hsp_bit-score>
      <Hsp_score>740</Hsp_score>
      <Hsp_evalue>0</Hsp_evalue>
      <Hsp_query-from>1178</Hsp_query-from>
      <Hsp_query-to>1847</Hsp_query-to>
      <Hsp_hit-from>17241464</Hsp_hit-from>
      <Hsp_hit-to>17242159</Hsp_hit-to>
      <Hsp_query-frame>1</Hsp_query-frame>
      <Hsp_hit-frame>1</Hsp_hit-frame>
      <Hsp_identity>570</Hsp_identity>
      <Hsp_positive>570</Hsp_positive>
      <Hsp_gaps>32</Hsp_gaps>
      <Hsp_align-len>699</Hsp_align-len>
      <Hsp_qseq>TCCATTATCAGGGCTATGCTGATGTTGTTACAGAAGATCCAATGAGCTATAACGAAGAAGGTTGGGTGGTATGTCGAGTGTTCAGGAAGAAGAACTATCAAAAGATTGACGATTGTCCTAAAATCACTCTATCTTCTTTACCTGATGACACGGAGG--AAGAGAAGGGGC-CCACCTTTCACAACACTCAAAACGTTACCGGTTTAGACCATGTTCTTCTCTACATGGACCGTACCGGTTCTAACATTTGCATGCCCGAGAGCCAAACAACG------ACTCAAC---ATCAAGATGATGTCTTATTCATGCAACTCCCAAGTCTTGAGACACCTAAATCCGAGAGCCCGGTCGACCAAAGTTTCCTGACTCCAAGCAAACTCG---ATTTCTCTCCCGTTCAAGAGAAGATAACCGAAAGACCGGTTTGCAGCAACTGGGCTAGTCTTGACCGGCTCGTAGCTTGGCAATTGAACAATGGTCATCATAATCCGTGTCATCGTAAGAGTTTTGATGAAGAAGAAGAAAATGGTGATACTATGATGCAGCGATGGGATCTTCATTGGAATAATGATGATAATGTTGATCTTTGGAGTAGTTTCACTGAGTCTT---------CTTCGTCTTTAGACCCACTTCTTCATTTATCTGTATGATTATCTATAC----ATACACATACACAA-AATATAAAATA</Hsp_qseq>
      <Hsp_hseq>TCCATTATCAGGAATATTCAGATGTTGTAAGTGAAGATCCAATGAGCTACTACGAAGAAGGTTGGGTGGTATGTCGAGTGTTCAGGAAGAAGAACTATCGAAAGATCGACGATTCTCCTAGAACCACTCTATCTTCTTCACCTGATGCAACGGAGGAAAAGAGAAGGTCCACCACCTCCCACGATAATCAAAACGGCAACGTCTTGGACCACGTCCTTCTATACATGAACCATTCCTGTCCTAACATCTGCATGCCCGAGCACCAAACTACGATCCCAACTCAACGTAATCAAGACGATATTTTATTCATGCAAGTCCGGAGTCTTGAGACACCCAAATCCGAAGACCTGGTCGACCAAAGTTTAAAGATTCCACACCAGGTCGATCATTCCTCTCTGGTTCAAGAGAAGAAAACCGGGGGACCGGTTTGCAGTAATTGGGCTAGTCTTGACCGGCTAGTGGCGTGGCAGTTGAACAACGGTCATCATAA---GTGTGATCGTACAAGTTTTGATGAAGAAGAGGAATATGGTGATACCATGATGCAGCGATGGGATCTTCACTGGAGTAATGATGATCATGTCGATTTTTGGAGTAGTTTCACTGAATCTTCTTCATCCCCTTCGTCTTTAGATCCTCTTCTTCATTTATCTGTATGATTGTATATTCACGTAAACACATACATAACACAATAAAATA</Hsp_hseq>
      <Hsp_midline>||||||||||||  ||| | |||||||| |  |||||||||||||||||  |||||||||||||||||||||||||||||||||||||||||||||||| |||||| ||||||| ||||| || |||||||||||||| ||||||||  |||||||  |||||||||  | ||||||  ||| | | ||||||||  | ||  || ||||| || ||||| |||||| ||| | || || ||||||| ||||||||||||  |||||| |||      |||||||   ||||||| ||| | |||||||||||| |||  |||||||||||||| ||||||||   || |||||||||||||||   || ||||  | |  |||   ||| |||||  ||||||||||||| |||||   ||||||||||||| || |||||||||||||||||||| || || ||||| |||||||| |||||||||||   |||| ||||||  ||||||||||||||||| ||| |||||||||| ||||||||||||||||||||||| |||| |||||||||| |||| ||| ||||||||||||||||||| ||||         ||||||||||||| || ||||||||||||||||||||||| | ||| |    | ||||||||| || |  ||||||||</Hsp_midline>
    </Hsp>
    <Hsp>
      <Hsp_num>3</Hsp_num>
      <Hsp_bit-score>121.21</Hsp_bit-score>
      <Hsp_score>133</Hsp_score>
      <Hsp_evalue>8.29352e-22</Hsp_evalue>
      <Hsp_query-from>519</Hsp_query-from>
      <Hsp_query-to>728</Hsp_query-to>
      <Hsp_hit-from>27735803</Hsp_hit-from>
      <Hsp_hit-to>27736012</Hsp_hit-to>
      <Hsp_query-frame>1</Hsp_query-frame>
      <Hsp_hit-frame>1</Hsp_hit-frame>
      <Hsp_identity>155</Hsp_identity>
      <Hsp_positive>155</Hsp_positive>
      <Hsp_gaps>4</Hsp_gaps>
      <Hsp_align-len>212</Hsp_align-len>
      <Hsp_qseq>GACTGGTACTTCTTCAGCCACAAGGACAAGAAGTATCCAACCGGGACCAGGACGAACCGGGCAACAGTCGCTGGATTCTGGAAAGCTACCGGACGTGACAAAATCATCTGCAGTTGTGTCC--GGAGAATTGGACTGAGGAAGACACTCGTGTTCTACAAAGGAAGAGCTCCTCACGGTCAGAAATCCGACTGGATCATGCATGAGTATCGC</Hsp_qseq>
      <Hsp_hseq>GATTGGTACTTCTTTAGCCATAAAGACAAGAAGTATCCCACAGGGACTCGAACCAATAGAGCAACAAAAGTAGGGTTTTGGAAAGCCACTGGAAGAGATAAAGCTATAT--ATTTGAGGCATAGTCTTATTGGCATGAGGAAAACACTTGTGTTTTACAAGGGAAGAGCCCCAAATGGACAAAAATCCGATTGGATCATGCACGAATACCGC</Hsp_hseq>
      <Hsp_midline>|| ||||||||||| ||||| || |||||||||||||| || |||||  | || ||  | ||||||   |  || || |||||||| || ||| | || |||   || |  | ||| | |   |    |||||  ||||||| ||||| ||||| ||||| |||||||| ||  | || || |||||||| ||||||||||| || || |||</Hsp_midline>
    </Hsp>
    <Hsp>
      <Hsp_num>4</Hsp_num>
      <Hsp_bit-score>85.143</Hsp_bit-score>
      <Hsp_score>93</Hsp_score>
      <Hsp_evalue>5.97174e-11</Hsp_evalue>
      <Hsp_query-from>519</Hsp_query-from>
      <Hsp_query-to>731</Hsp_query-to>
      <Hsp_hit-from>122409</Hsp_hit-from>
      <Hsp_hit-to>122621</Hsp_hit-to>
      <Hsp_query-frame>1</Hsp_query-frame>
      <Hsp_hit-frame>1</Hsp_hit-frame>
      <Hsp_identity>155</Hsp_identity>
      <Hsp_positive>155</Hsp_positive>
      <Hsp_gaps>16</Hsp_gaps>
      <Hsp_align-len>221</Hsp_align-len>
      <Hsp_qseq>GACTGGTACTTCTTCAGCCACAAGG-ACAAGAAGTATCCAACCGGGACCAGGACGAACCGGGCAACAGTCGCTGGATTCTGGAAAGCTACCGGACGTGACAAAATCATCTGCAGTTGTGTC--CGGAGA-----ATTGGACTGAGGAAGACACTCGTGTTCTACAAAGGAAGAGCTCCTCACGGTCAGAAATCCGACTGGATCATGCATGAGTATCGCCTC</Hsp_qseq>
      <Hsp_hseq>GAATGGTACTTCTACAGC-ACAAGGGATAAGAAGTATCCAAATGGGTCCAGGACAAACCGTGCGACCCGAGCGGGTTACTGGAAAGCTACAGG----GA-AAGACC--GTGCAGTAGAATCAAAGAAGATGAAGATGGGGATGAAGAAGACCCTTGTTTATTACAGAGGAAGGGCTCCTCATGGCCTTCGTACTAACTGGGTGATGCATGAATATCGTCTC</Hsp_hseq>
      <Hsp_midline>|| |||||||||| |||| |||||| | |||||||||||||  ||| ||||||| ||||| || ||    || || | |||||||||||| ||    || || | |   |||||| |  ||   | |||     || ||  ||| |||||| || || |  |||| |||||| |||||||| || |      |  ||||| | |||||||| ||||| |||</Hsp_midline>
    </Hsp>
    <Hsp>
      <Hsp_num>5</Hsp_num>
      <Hsp_bit-score>71.6177</Hsp_bit-score>
      <Hsp_score>78</Hsp_score>
      <Hsp_evalue>3.76858e-07</Hsp_evalue>
      <Hsp_query-from>251</Hsp_query-from>
      <Hsp_query-to>384</Hsp_query-to>
      <Hsp_hit-from>122072</Hsp_hit-from>
      <Hsp_hit-to>122205</Hsp_hit-to>
      <Hsp_query-frame>1</Hsp_query-frame>
      <Hsp_hit-frame>1</Hsp_hit-frame>
      <Hsp_identity>96</Hsp_identity>
      <Hsp_positive>96</Hsp_positive>
      <Hsp_gaps>0</Hsp_gaps>
      <Hsp_align-len>134</Hsp_align-len>
      <Hsp_qseq>TGCCTCCAGGTTTCAGATTCCATCCCACCGAAGAAGAACTTCTCCATTACTATCTCCGTAAGAAAGTTAACTCTCAAAAGATCGATCTTGATGTCATTCGTGAAGTTGATCTAAACAAGCTTGAGCCTTGGGAT</Hsp_qseq>
      <Hsp_hseq>TGCCTCCAGGTTTCAGGTTTCATCCAACAGACGAAGAGCTAGTGGGATACTATCTGGATAGGAAGGTCAACGGCCAAACCATTGAGCTTGAGATCATCCCCGAAGTTGATCTCTATAAATGCGAGCCATGGGAT</Hsp_hseq>
      <Hsp_midline>|||||||||||||||| || ||||| || || ||||| ||  |    ||||||||   || ||| || |||   ||||  || || |||||  |||| |  |||||||||||  | ||    ||||| ||||||</Hsp_midline>
    </Hsp>
    <Hsp>
      <Hsp_num>6</Hsp_num>
      <Hsp_bit-score>68.9126</Hsp_bit-score>
      <Hsp_score>75</Hsp_score>
      <Hsp_evalue>4.59107e-06</Hsp_evalue>
      <Hsp_query-from>514</Hsp_query-from>
      <Hsp_query-to>731</Hsp_query-to>
      <Hsp_hit-from>1323334</Hsp_hit-from>
      <Hsp_hit-to>1323551</Hsp_hit-to>
      <Hsp_query-frame>1</Hsp_query-frame>
      <Hsp_hit-frame>1</Hsp_hit-frame>
      <Hsp_identity>148</Hsp_identity>
      <Hsp_positive>148</Hsp_positive>
      <Hsp_gaps>2</Hsp_gaps>
      <Hsp_align-len>219</Hsp_align-len>
      <Hsp_qseq>AAAACGACTGGTACTTCTTCAGCCACAAGGACAAGAAGTATCCAACCGGGACCAGGACGAACCGGGCAACAGTCGCTGGATTCTGGAAAGCTACCGG-ACGTGACAAAATCATCTGCAGTTGTGTCCGGAGAATTGGACTGAGGAAGACACTCGTGTTCTACAAAGGAAGAGCTCCTCACGGTCAGAAATCCGACTGGATCATGCATGAGTATCGCCTC</Hsp_qseq>
      <Hsp_hseq>AAAAGGAATGGTATTTTTTTAGTCCTAGGGACAGAAAGTACCCAAACGGATCAAGACCGAACCGGGTAGCCGGGTCGGGTTATTGGAAAGCTACGGGTACG-GATAAGATTATCTCGACAGAAGGAAAGAGAGTTGGTATCAAGAAGGCTTTGGTGTTTTACATCGGTAAAGCACCTAAAGGCACTAAAACAAATTGGATCATGCATGAGTATCGTCTC</Hsp_hseq>
      <Hsp_midline>|||| || ||||| || || || |  | |||||  ||||| |||| |||  | ||  ||||||||| | | |   | || |  ||||||||||| || ||| || || || ||||  |     |    |||| ||||  | | |||| |  | ||||| ||||  || | ||| ||| | ||    ||| |  | |||||||||||||||||||| |||</Hsp_midline>
    </Hsp>
    <Hsp>
      <Hsp_num>7</Hsp_num>
      <Hsp_bit-score>63.5025</Hsp_bit-score>
      <Hsp_score>69</Hsp_score>
      <Hsp_evalue>0.000195217</Hsp_evalue>
      <Hsp_query-from>514</Hsp_query-from>
      <Hsp_query-to>737</Hsp_query-to>
      <Hsp_hit-from>28106131</Hsp_hit-from>
      <Hsp_hit-to>28105911</Hsp_hit-to>
      <Hsp_query-frame>1</Hsp_query-frame>
      <Hsp_hit-frame>-1</Hsp_hit-frame>
      <Hsp_identity>152</Hsp_identity>
      <Hsp_positive>152</Hsp_positive>
      <Hsp_gaps>7</Hsp_gaps>
      <Hsp_align-len>226</Hsp_align-len>
      <Hsp_qseq>AAAACGACTGGTACTTCTTCAGCCACAAG-GACAAGAAGTATCCAACCGGGACCAGGACGAACCGGGCAACAGTCGCTGGATTCTGGAAAGCTACCGGACGTGACAAAATCATCTGCAGTTGTGT-CCGGAGAATTGGACTGAGGAAGACACTCGTGTTCTACAAAGGAAGAGCTCCTCACGGTCAGAAATCCGACTGGATCATGCATGAGTATCGCCTCGACGAT</Hsp_qseq>
      <Hsp_hseq>AAAAGGAATGGTATTTCTTCTCTC-CAAGAGACAGAAAATATCCAAATGGATCTCGGCCAAACCGGTCAGCTGGTTCGGGTTACTGGAAAGCAACTGGAGCTGATAAACCGATCGGACTTCCTAAACCGG----TTGGGATTAAGAAGGCTCTTGTTTTCTACGCCGGTAAAGCTCCCAGGGGTGAGAAAACCAATTGGATCATGCATGAGTACCGTCTTGCCGAT</Hsp_hseq>
      <Hsp_midline>|||| || ||||| ||||||   | |||| ||||  || |||||||  ||  |  || | |||||| || | |   | || | ||||||||| || |||  ||| |||   ||| |   |  |   ||||    ||||  | | |||| | || || ||||||   || | ||||||    ||| ||||| || | ||||||||||||||||| || || | ||||</Hsp_midline>
    </Hsp>
    <Hsp>
      <Hsp_num>8</Hsp_num>
      <Hsp_bit-score>51.7806</Hsp_bit-score>
      <Hsp_score>56</Hsp_score>
      <Hsp_evalue>0.352961</Hsp_evalue>
      <Hsp_query-from>645</Hsp_query-from>
      <Hsp_query-to>727</Hsp_query-to>
      <Hsp_hit-from>21697704</Hsp_hit-from>
      <Hsp_hit-to>21697786</Hsp_hit-to>
      <Hsp_query-frame>1</Hsp_query-frame>
      <Hsp_hit-frame>1</Hsp_hit-frame>
      <Hsp_identity>61</Hsp_identity>
      <Hsp_positive>61</Hsp_positive>
      <Hsp_gaps>0</Hsp_gaps>
      <Hsp_align-len>83</Hsp_align-len>
      <Hsp_qseq>ATTGGACTGAGGAAGACACTCGTGTTCTACAAAGGAAGAGCTCCTCACGGTCAGAAATCCGACTGGATCATGCATGAGTATCG</Hsp_qseq>
      <Hsp_hseq>ATAGGTCTAAAGAAGTCATTGGTGTTCTACCAAGGAAGAGCTGCGAAAGGAGTTAAGACTGATTGGATGATGCATGAGTTTCG</Hsp_hseq>
      <Hsp_midline>|| || || | |||| || | ||||||||| ||||||||||| |  | ||    ||  | || ||||| |||||||||| |||</Hsp_midline>
    </Hsp>
  </Hit_hsps>
</Hit>
<Hit>
  <Hit_num>40</Hit_num>
  <Hit_id>gi|1827932359|ref|XM_009116611.3|</Hit_id>
  <Hit_def>PREDICTED: Brassica rapa NAC domain-containing protein 12 (LOC103840139), mRNA</Hit_def>
  <Hit_accession>XM_009116611</Hit_accession>
  <Hit_len>4363</Hit_len>
  <Hit_hsps>
    <Hsp>
      <Hsp_num>1</Hsp_num>
      <Hsp_bit-score>714.519</Hsp_bit-score>
      <Hsp_score>791</Hsp_score>
      <Hsp_evalue>0</Hsp_evalue>
      <Hsp_query-from>1192</Hsp_query-from>
      <Hsp_query-to>1838</Hsp_query-to>
      <Hsp_hit-from>3667</Hsp_hit-from>
      <Hsp_hit-to>4338</Hsp_hit-to>
      <Hsp_query-frame>1</Hsp_query-frame>
      <Hsp_hit-frame>1</Hsp_hit-frame>
      <Hsp_identity>563</Hsp_identity>
      <Hsp_positive>563</Hsp_positive>
      <Hsp_gaps>31</Hsp_gaps>
      <Hsp_align-len>675</Hsp_align-len>
      <Hsp_qseq>TATGCTGATGTTGTTACAGAAGATCCAATGAGCTATAACGAAGAAGGTTGGGTGGTATGTCGAGTGTTCAGGAAGAAGAACTATCAAAAGATTGACGATTGTCCTAAAATCACTCTATCTTCTTTACCTGATGACACGGAGGAA--GAGAAGGGGC-CCACCTTTCACAACACTCAAAACGTTACCGGTTTAGACCATGTTCTTCTCTACATGGACCGTACCGGTTCTAACATTTGCATGCCCGAGAGCCAAACAACGACTCAAC---------ATCAAGATGATGTCTTATTCATGCAACTCCCAAGTCTTGAGACACCTAAATCCGAGAGCCCGGTCGACCAAAGTTTCCTGACTCCAAGCAAACTCGATTTCTCTCCCGTTCAAGAGAAGATAACCGAAAGACCGGTTTGCAGCAACTGGGCTAGTCTTGACCGGCTCGTAGCTTGGCAATTGAACAATGGTCATCATAATCCGTGTCATCGTAAGAGTTTTGATGAAGAAGAAGAAAATGGTGATACTATGATGCAGCGATGGGATCTTCATTGGAATAATGATGATAATGTTGATCTTTGGAGTAGTTTCACTGAGTCTT---------CTTCGTCTTTAGACCCACTTCTTCATTTATCTGTATGATTATCTAT-------ACATACACATACACAAAA</Hsp_qseq>
      <Hsp_hseq>TATTCAGATGTTGTAAGTGAAGATCCAATGAGCTACAACGAAGAAGGTTGGGTGGTATGTCGAGTGTTCAGGAAGAAGAACTATCAAAAGATCGACGACTCTCCTAAAATCACTCTATCTTCTTCACCTGGTGACACGGAGGAAAAGAGAAAGTCCACCACCTCCCACAACACTCAAAATGGCAACGTCTTGGACCACGTTCTTCTATACATGGACCGTTCCTGTCCCAACATCTGCATGCCCGAGCGCCAAACCACGATCCAACGTCAACATAATCAAGACGATATTTTATTCATGCAACTTCCAAGTCTTGAGACACCCAAATCCGAGGACCTGGTCTACCAAAGTTTAAAGATTCCAAACCAGCTCGATTCCTCTCTGGTTCAAGAGAAGAAAAACGGCAGACCGGTTTGCAGTAATTGGGCTAGTCTTGACCGGCTAGTGGCGTGGCAGTTGAACAACGGTCATCATAA---GTGTGATCGTGCGAGTTTTGATGAAGAAGAGGAAGATGGTGATACCATGATGCAGCGTTGGGATCTTCACTGGAGTAATGATGATCATGTTGATCTTTGGAGTAGTTTCACTGAATCTTCTTCATCCCCTTCGTCTTTAGATCCTCTTCTTCATTTATCTGTATGATTGTATATTCACGTAACATACATATATACAAAA</Hsp_hseq>
      <Hsp_midline>||| | |||||||| |  ||||||||||||||||| |||||||||||||||||||||||||||||||||||||||||||||||||||||||| ||||| | ||||||||||||||||||||||| ||||| |||||||||||||  ||||| |  | ||||||  |||||||||||||| |  | ||  || ||||| |||||||| |||||||||||| || || | ||||| |||||||||||| ||||||| ||||  ||||         ||||||| ||| | |||||||||||||| ||||||||||||||||| |||||||||  || |||| ||||||||||   || ||||| | | ||||||| |||||  ||||||||||||| || ||  |||||||||||||| || |||||||||||||||||||| || || ||||| |||||||| |||||||||||   |||| |||||  |||||||||||||||||| ||| |||||||||| ||||||||||| ||||||||||| |||| |||||||||| |||||||||||||||||||||||||||| ||||         ||||||||||||| || ||||||||||||||||||||||| | |||       ||||||| ||| ||||||</Hsp_midline>
    </Hsp>
    <Hsp>
      <Hsp_num>2</Hsp_num>
      <Hsp_bit-score>370.977</Hsp_bit-score>
      <Hsp_score>410</Hsp_score>
      <Hsp_evalue>2.88451e-97</Hsp_evalue>
      <Hsp_query-from>1</Hsp_query-from>
      <Hsp_query-to>391</Hsp_query-to>
      <Hsp_hit-from>3016</Hsp_hit-from>
      <Hsp_hit-to>3397</Hsp_hit-to>
      <Hsp_query-frame>1</Hsp_query-frame>
      <Hsp_hit-frame>1</Hsp_hit-frame>
      <Hsp_identity>323</Hsp_identity>
      <Hsp_positive>323</Hsp_positive>
      <Hsp_gaps>31</Hsp_gaps>
      <Hsp_align-len>402</Hsp_align-len>
      <Hsp_qseq>AAAGACACTTTAATGCATGA-ACTTCTTTG---------TTTAAATAACAATTTCCCCCTTTTGGGG-GCTATGTCTCGTCGAGTCCTACCACCATTATAAATTATCTCATCGTTTGCTTTCTTTTTTTTAAGTTGTAACCATTTCCACTCGTAATCATACAACTTCTCTACTCTTCTAGAGCAAAAACCCAAAAATATATTGCTATCTTCGTTAATGGCTGATAATAAGGTCAATCTTTCGATTAATGGACAATCAAAAGTGCCTCCAGGTTTCAGATTCCATCCCACCGAAGAAGAACTTCTCCATTACTATCTCCGTAAGAAAGTTAACTCTCAAAAGATCGATCTTGATGTCATTCGTGAAGTTGATCTAAACAAGCTTGAGCCTTGGGATATTCAAG</Hsp_qseq>
      <Hsp_hseq>AAAGACACTTTAATGCATGATAATTTTCTACATATAACATTTAAATAATAATTTCTCCCTTTTGCGGAGCTATGTGTCATAGACTCCCACCATCATTATAAATGATCTCATCGCCTGCTTTCT-----------------CATCT--ACTTGTAACCATACAACTTCGCTACTCTGGTAGAGCAAAAAAA-AAGAAGATATCGTTACCATCATCAATGGCGGAGAATAAGGTAAACCTGTCGATCAATGGACAATCAAAAGTGCCACCAGGTTTCAGATTCCATCCAACAGAAGAAGAGCTTCTCCATTACTATCTTTGCAAGAAAGTTCACTCTCAAAAGATAGATCTTGATGTCATTCGTGAAGTTGATCTCAACAAGCTTGAGCCTTGGGATATTCAAG</Hsp_hseq>
      <Hsp_midline>|||||||||||||||||||| | || | |          ||||||||| |||||| |||||||| || ||||||| || | || ||| |||| |||||||||| |||||||||  ||||||||                 ||| |  ||| |||| ||||||||||| |||||||  |||||||||||   || || |||| | || | || | |||||| || |||||||| || || ||||| |||||||||||||||||||| |||||||||||||||||||| || |||||||| |||||||||||||||||  | ||||||||| ||||||||||||| ||||||||||||||||||||||||||||| ||||||||||||||||||||||||||||</Hsp_midline>
    </Hsp>
    <Hsp>
      <Hsp_num>3</Hsp_num>
      <Hsp_bit-score>346.631</Hsp_bit-score>
      <Hsp_score>383</Hsp_score>
      <Hsp_evalue>1.14875e-89</Hsp_evalue>
      <Hsp_query-from>485</Hsp_query-from>
      <Hsp_query-to>753</Hsp_query-to>
      <Hsp_hit-from>3396</Hsp_hit-from>
      <Hsp_hit-to>3664</Hsp_hit-to>
      <Hsp_query-frame>1</Hsp_query-frame>
      <Hsp_hit-frame>1</Hsp_hit-frame>
      <Hsp_identity>238</Hsp_identity>
      <Hsp_positive>238</Hsp_positive>
      <Hsp_gaps>0</Hsp_gaps>
      <Hsp_align-len>269</Hsp_align-len>
      <Hsp_qseq>AGAGGAATGTAGAATCGGTTCAACGCCACAAAACGACTGGTACTTCTTCAGCCACAAGGACAAGAAGTATCCAACCGGGACCAGGACGAACCGGGCAACAGTCGCTGGATTCTGGAAAGCTACCGGACGTGACAAAATCATCTGCAGTTGTGTCCGGAGAATTGGACTGAGGAAGACACTCGTGTTCTACAAAGGAAGAGCTCCTCACGGTCAGAAATCCGACTGGATCATGCATGAGTATCGCCTCGACGATACTCCAATGTCTAATG</Hsp_qseq>
      <Hsp_hseq>AGAAGAATGTAGAATCGGTTCAGCGCCGCAGACCGACTGGTACTTCTTCAGTCACAAGGACAAAAAATATCCAACGGGGACCAGGACAAACCGGGCAACAGTTTCCGGATTCTGGAAGGCGACTGGACGTGACAAGATCATCTACAGTTGTGTCAGGAGGATTGGATTGAGAAAGACGCTCGTGTTCTACAAAGGAAGAGCTCCCCATGGTCAGAAATCTGATTGGATCATGCATGAGTATCGCCTCGACGAGACTCCAACAACTAATG</Hsp_hseq>
      <Hsp_midline>||| |||||||||||||||||| |||| || | |||||||||||||||||| ||||||||||| || |||||||| ||||||||||| ||||||||||||||  | ||||||||||| || || ||||||||||| ||||||| |||||||||| |||| |||||| |||| ||||| |||||||||||||||||||||||||| || ||||||||||| || ||||||||||||||||||||||||||||| |||||||   ||||||</Hsp_midline>
    </Hsp>
  </Hit_hsps>
</Hit>
<Hit>
  <Hit_num>41</Hit_num>
  <Hit_id>gi|1072956726|ref|XM_018633768.1|</Hit_id>
  <Hit_def>PREDICTED: Raphanus sativus NAC domain-containing protein 12 (LOC108859862), mRNA</Hit_def>
  <Hit_accession>XM_018633768</Hit_accession>
  <Hit_len>1251</Hit_len>
  <Hit_hsps>
    <Hsp>
      <Hsp_num>1</Hsp_num>
      <Hsp_bit-score>706.404</Hsp_bit-score>
      <Hsp_score>782</Hsp_score>
      <Hsp_evalue>0</Hsp_evalue>
      <Hsp_query-from>1196</Hsp_query-from>
      <Hsp_query-to>1835</Hsp_query-to>
      <Hsp_hit-from>574</Hsp_hit-from>
      <Hsp_hit-to>1219</Hsp_hit-to>
      <Hsp_query-frame>1</Hsp_query-frame>
      <Hsp_hit-frame>1</Hsp_hit-frame>
      <Hsp_identity>548</Hsp_identity>
      <Hsp_positive>548</Hsp_positive>
      <Hsp_gaps>18</Hsp_gaps>
      <Hsp_align-len>652</Hsp_align-len>
      <Hsp_qseq>CTGATGTTGTTACAGAAGATCCAATGAGCTATAACGAAGAAGGTTGGGTGGTATGTCGAGTGTTCAGGAAGAAGAACTATCAAAAGATTGACGATTGTCCTAAAATCACTCTATCTTCTTTACCTGATGACACGGAGGAAGAGAAGGGGCCCAC---CTTTCACAACACTCAAAACGTTACCGGTTTAGACCATGTTCTTCTCTACATGGACCGTACCGGTTCTAACATTTGCATGCCCGAGAGCCAAACAACGACTCAACATCAAGATGATGTCTTATTCATGCAACTCCCAAGTCTTGAGACACCTAAATCCGAGAGCCCGGTCGACCAAAGTTTCCTGACTCCAAGCAAACTCGATTTCTCTCCCGTTCAAGAGAAGATAACCGAAAGACCGGTTTGCAGCAACTGGGCTAGTCTTGACCGGCTCGTAGCTTGGCAATTGAACAATGGTCATCATAATCCGTGTCATCGTAAGAGTTTTGATGAAGAAGAAGAAAATGGTGATACTATGATGCAGCGATGGGATCTTCATTGGAATAATGATGATAATGTTGATCTTTGGAGTAGTTTCACTGAGTCTTC---------TTCGTCTTTAGACCCACTTCTTCATTTATCTGTATGATTATCTATACATACACATACACA</Hsp_qseq>
      <Hsp_hseq>CTGATGTTGTAACTGAAGACCCAATGAGTTACAACGAAGACGGTTGGGTGGTATGTCGAGTGTTCAGGAAGAAGAACTATCAAAAGATCGACGATTCTCCTAAAATCACTCAATCTTCTTCACCTGATGACACTGACGAAAACAAAAGGCCCACCACCTTTCACAACACTCTAAACGCAACCGTTTTGGACCACGTTCTTCTATGCATGGACCTTTCCGGTCCCAATATTTCCGTGCCCGAGGTCCAAACCAAAACTCAACATCAAGACGATCTTTTATTCATGCAACTCCCAAGTCTTGAGACACCCAAATCCGAAAACCTAGTTGGCCAAAGTTTAACGACCACTAACCAACTCGATTCCTCTCTGGTTCAAGAGAAGATAACCGGCAGACCGGTTTGCAGTAATTGGGCTAGTCTTGACCGGTTAGTGGCGTGGCAATTGAACAATGGTCATCTTA---CGTGTGATCGTACGAGTTTTGACGAAGAAGAAGAA---GGTGATGCCATGATGCAGCGATGGGATCTACACTGGAATAATGATGATAATGTCGATATCTGGAGTAGTTTCGCCGAATCATCTTCGTCACTTTCGTCTTTAGACCCTCTTCTTCATTTATCTGTATGATTGTATATACACAAACATATACA</Hsp_hseq>
      <Hsp_midline>|||||||||| || ||||| |||||||| || |||||||| ||||||||||||||||||||||||||||||||||||||||||||||| ||||||| |||||||||||||| |||||||| |||||||||||| || ||| | ||  |||||||   |||||||||||||| |||||  |||| ||| ||||| |||||||| | |||||||| | ||||| | || |||| | ||||||||  |||||| |  |||||||||||||| ||| | |||||||||||||||||||||||||||||||| |||||||| | ||  || | |||||||||   |||  | | | ||||||||| |||||  |||||||||||||||||||  |||||||||||||| || |||||||||||||||||| | || || |||||||||||||||||||||| ||   ||||| |||||| ||||||||| ||||||||||||   |||||| | |||||||||||||||||||| || |||||||||||||||||||| ||| | |||||||||||| | || || ||         ||||||||||||||| ||||||||||||||||||||||| | |||||| | ||||| |||</Hsp_midline>
    </Hsp>
    <Hsp>
      <Hsp_num>2</Hsp_num>
      <Hsp_bit-score>367.37</Hsp_bit-score>
      <Hsp_score>406</Hsp_score>
      <Hsp_evalue>3.51406e-96</Hsp_evalue>
      <Hsp_query-from>89</Hsp_query-from>
      <Hsp_query-to>391</Hsp_query-to>
      <Hsp_hit-from>1</Hsp_hit-from>
      <Hsp_hit-to>300</Hsp_hit-to>
      <Hsp_query-frame>1</Hsp_query-frame>
      <Hsp_hit-frame>1</Hsp_hit-frame>
      <Hsp_identity>268</Hsp_identity>
      <Hsp_positive>268</Hsp_positive>
      <Hsp_gaps>9</Hsp_gaps>
      <Hsp_align-len>306</Hsp_align-len>
      <Hsp_qseq>AAATTATCTCATCGT-TTGCTTTCTTTTTTTTAAGTTGTAACCATTTCCACTCGTAATCATACAACTTCTCTACTCTTCTAGAGC--AAAAACCCAAAAATATATTGCTATCTTCGTTAATGGCTGATAATAAGGTCAATCTTTCGATTAATGGACAATCAAAAGTGCCTCCAGGTTTCAGATTCCATCCCACCGAAGAAGAACTTCTCCATTACTATCTCCGTAAGAAAGTTAACTCTCAAAAGATCGATCTTGATGTCATTCGTGAAGTTGATCTAAACAAGCTTGAGCCTTGGGATATTCAAG</Hsp_qseq>
      <Hsp_hseq>AAATGATCTCATCGCCTTGCTCTCTTATGCT-AAGTTGTAACCACTTC-ACTTGTAATCA----ACTTCTCTACTCTACTAGAGCCAAAAAAAGTAAAAAGATATCGTTATCATCATAAATGGCGGAGAATAAGGTAAATCTTTCGATTAATGGACAGTCAAAAGTGCCTCCAGGTTTCAGATTCCATCCGACAGAAGAAGAACTTCTCCATTACTATCTCCGCAAGAAAGTTCACTCACAAAAGATCGATCTTGATGTCATTCGTGAAGTAGATCTCAACAAGCTTGAGCCTTGGGATATTCAAG</Hsp_hseq>
      <Hsp_midline>|||| |||||||||  ||||| |||| |  | |||||||||||| ||| ||| |||||||    ||||||||||||| |||||||  |||||   ||||| |||| | |||| || | |||||| || |||||||| |||||||||||||||||||| |||||||||||||||||||||||||||||||| || ||||||||||||||||||||||||||||| ||||||||| |||| |||||||||||||||||||||||||||||||| ||||| ||||||||||||||||||||||||||||</Hsp_midline>
    </Hsp>
    <Hsp>
      <Hsp_num>3</Hsp_num>
      <Hsp_bit-score>352.943</Hsp_bit-score>
      <Hsp_score>390</Hsp_score>
      <Hsp_evalue>7.74023e-92</Hsp_evalue>
      <Hsp_query-from>485</Hsp_query-from>
      <Hsp_query-to>744</Hsp_query-to>
      <Hsp_hit-from>299</Hsp_hit-from>
      <Hsp_hit-to>558</Hsp_hit-to>
      <Hsp_query-frame>1</Hsp_query-frame>
      <Hsp_hit-frame>1</Hsp_hit-frame>
      <Hsp_identity>234</Hsp_identity>
      <Hsp_positive>234</Hsp_positive>
      <Hsp_gaps>0</Hsp_gaps>
      <Hsp_align-len>260</Hsp_align-len>
      <Hsp_qseq>AGAGGAATGTAGAATCGGTTCAACGCCACAAAACGACTGGTACTTCTTCAGCCACAAGGACAAGAAGTATCCAACCGGGACCAGGACGAACCGGGCAACAGTCGCTGGATTCTGGAAAGCTACCGGACGTGACAAAATCATCTGCAGTTGTGTCCGGAGAATTGGACTGAGGAAGACACTCGTGTTCTACAAAGGAAGAGCTCCTCACGGTCAGAAATCCGACTGGATCATGCATGAGTATCGCCTCGACGATACTCCAA</Hsp_qseq>
      <Hsp_hseq>AGAGGAATGTAGAATCGGTTTGACGCCACAGAACGATTGGTACTTCTTCAGTCATAAGGACAAGAAATATCCAACTGGGACAAGAACAAACCGGGCTACAGTCACTGGATTCTGGAAAGCTACTGGACGTGATAAGATCATCTATTGTTGTGTCCGGAGAATTGGACTGAGAAAGACGCTCGTGTTCTATAAAGGAAGAGCTCCTCATGGTGAGAAATCTGATTGGATCATGCATGAGTATCGCCTCGACGATACTCCAA</Hsp_hseq>
      <Hsp_midline>||||||||||||||||||||  |||||||| ||||| |||||||||||||| || ||||||||||| |||||||| ||||| || || |||||||| |||||| ||||||||||||||||||| |||||||| || |||||||   ||||||||||||||||||||||||| ||||| ||||||||||| ||||||||||||||||| ||| ||||||| || |||||||||||||||||||||||||||||||||||||</Hsp_midline>
    </Hsp>
  </Hit_hsps>
</Hit>
<Hit>
  <Hit_num>42</Hit_num>
  <Hit_id>gi|1249741281|ref|XM_013867162.2|</Hit_id>
  <Hit_def>PREDICTED: Brassica napus NAC domain-containing protein 12 (LOC106426442), mRNA</Hit_def>
  <Hit_accession>XM_013867162</Hit_accession>
  <Hit_len>1361</Hit_len>
  <Hit_hsps>
    <Hsp>
      <Hsp_num>1</Hsp_num>
      <Hsp_bit-score>704.6</Hsp_bit-score>
      <Hsp_score>780</Hsp_score>
      <Hsp_evalue>0</Hsp_evalue>
      <Hsp_query-from>1192</Hsp_query-from>
      <Hsp_query-to>1823</Hsp_query-to>
      <Hsp_hit-from>580</Hsp_hit-from>
      <Hsp_hit-to>1229</Hsp_hit-to>
      <Hsp_query-frame>1</Hsp_query-frame>
      <Hsp_hit-frame>1</Hsp_hit-frame>
      <Hsp_identity>547</Hsp_identity>
      <Hsp_positive>547</Hsp_positive>
      <Hsp_gaps>24</Hsp_gaps>
      <Hsp_align-len>653</Hsp_align-len>
      <Hsp_qseq>TATGCTGATGTTGTTACAGAAGATCCAATGAGCTATAACGAAGAAGGTTGGGTGGTATGTCGAGTGTTCAGGAAGAAGAACTATCAAAAGATTGACGATTGTCCTAAAATCACTCTATCTTCTTTACCTGATGACACGGAGGAAGAGAAGGGGCCCACC---TTTCACAACACTCAAAACGTTACCGGTTTAGACCATGTTCTTCTCTACATGGACCGTACCGGTTCTAACATTTGCATGCCCGAGAGCCAAACAACGACTCAAC---------ATCAAGATGATGTCTTATTCATGCAACTCCCAAGTCTTGAGACACCTAAATCCGAGAGCCCGGTCGACCAAAGTTTCCTGACTCCAAGCAAACTCGATTTCTCTCCCGTTCAAGAGAAGATAACCGAAAGACCGGTTTGCAGCAACTGGGCTAGTCTTGACCGGCTCGTAGCTTGGCAATTGAACAATGGTCATCATAATCCGTGTCATCGTAAGAGTTTTGATGAAGAAGAAGAAAATGGTGATACTATGATGCAGCGATGGGATCTTCATTGGAATAATGATGATAATGTTGATCTTTGGAGTAGTTTCACTGAGTCTT---------CTTCGTCTTTAGACCCACTTCTTCATTTATCTGTATGATTATCTATACA</Hsp_qseq>
      <Hsp_hseq>TATTCAGATGTTGTAAGTGAAGATCCAATGAGCTACAACGAAGAAGGTTGGGTGGTATGTCGAGTGTTCAGGAAGAAGAACTATCAAAAGATCGACGACTCTCCTAAAATCACTCTATCTTCTTCACCTGGTGACACGGAGGAAAAGAAAAGGTCCACCACCTCCCACAACACTCAAAACGGCAACGTCTTGGACCACGTTCTTCTATACATGGACCGTTCCTGTCCCAACATCTGCATGCCCGAGCTCCAAACCACGATCCAACGTCAACATAATCAAGACGATATTTTATTCATGCAACTCCCAAGTCTTGAGACACCCAAATCCGAGGACCTGGTCGACCAAAGTTTAAATATTCCAAACCAGCTCGATTCCTCTCTGGTTCAAGAGAAGAAAAACGGCAGACCGGTTTGCAGTAATTGGGCTAGTCTTGACCGACTAGTGGCGTGGCAGTTGAACAACGGTCATCATAA---GTGTGATCGTGCGAGTTTTGATGAAGAAGAGGAAGATGGTGATACCATGATGCAGCGATGGGATCTTCACTGGAGTAATGATGATCATGTCGATCTTTGGAGTAGTTTCACTGAATCTTCTTCATCCCCTTCGTCTTTAGATCCTCTTCTCCATTTATCTGTATGATTGTTTATTCA</Hsp_hseq>
      <Hsp_midline>||| | |||||||| |  ||||||||||||||||| |||||||||||||||||||||||||||||||||||||||||||||||||||||||| ||||| | ||||||||||||||||||||||| ||||| ||||||||||||| ||||  || |||||   |  ||||||||||||||||  | ||  || ||||| |||||||| |||||||||||| || || | ||||| ||||||||||||  |||||| ||||  ||||         ||||||| ||| | |||||||||||||||||||||||||||||||| |||||||||  || |||||||||||||||    | ||||| | | ||||||| |||||  ||||||||||||| || ||  |||||||||||||| || ||||||||||||||||| || || || ||||| |||||||| |||||||||||   |||| |||||  |||||||||||||||||| ||| |||||||||| ||||||||||||||||||||||| |||| |||||||||| |||| ||||||||||||||||||||||| ||||         ||||||||||||| || ||||| ||||||||||||||||| | ||| ||</Hsp_midline>
    </Hsp>
    <Hsp>
      <Hsp_num>2</Hsp_num>
      <Hsp_bit-score>351.14</Hsp_bit-score>
      <Hsp_score>388</Hsp_score>
      <Hsp_evalue>2.7016e-91</Hsp_evalue>
      <Hsp_query-from>485</Hsp_query-from>
      <Hsp_query-to>753</Hsp_query-to>
      <Hsp_hit-from>309</Hsp_hit-from>
      <Hsp_hit-to>577</Hsp_hit-to>
      <Hsp_query-frame>1</Hsp_query-frame>
      <Hsp_hit-frame>1</Hsp_hit-frame>
      <Hsp_identity>239</Hsp_identity>
      <Hsp_positive>239</Hsp_positive>
      <Hsp_gaps>0</Hsp_gaps>
      <Hsp_align-len>269</Hsp_align-len>
      <Hsp_qseq>AGAGGAATGTAGAATCGGTTCAACGCCACAAAACGACTGGTACTTCTTCAGCCACAAGGACAAGAAGTATCCAACCGGGACCAGGACGAACCGGGCAACAGTCGCTGGATTCTGGAAAGCTACCGGACGTGACAAAATCATCTGCAGTTGTGTCCGGAGAATTGGACTGAGGAAGACACTCGTGTTCTACAAAGGAAGAGCTCCTCACGGTCAGAAATCCGACTGGATCATGCATGAGTATCGCCTCGACGATACTCCAATGTCTAATG</Hsp_qseq>
      <Hsp_hseq>AGAAGAATGTAGAATCGGTTCGACGCCGCAGAACGACTGGTACTTCTTCAGTCACAAGGACAAAAAATATCCAACGGGGACCAGGACAAACCGGGCAACAGTTTCCGGATTCTGGAAGGCGACTGGACGTGACAAGATCATCTACAGTTGTGTCAGGAGGATTGGATTGAGAAAGACGCTCGTGTTCTACAAAGGAAGAGCTCCCCATGGTCAGAAATCTGATTGGATCATGCATGAGTATCGCCTCGACGAGACTCCAACAACTAATG</Hsp_hseq>
      <Hsp_midline>||| ||||||||||||||||| ||||| || |||||||||||||||||||| ||||||||||| || |||||||| ||||||||||| ||||||||||||||  | ||||||||||| || || ||||||||||| ||||||| |||||||||| |||| |||||| |||| ||||| |||||||||||||||||||||||||| || ||||||||||| || ||||||||||||||||||||||||||||| |||||||   ||||||</Hsp_midline>
    </Hsp>
    <Hsp>
      <Hsp_num>3</Hsp_num>
      <Hsp_bit-score>324.991</Hsp_bit-score>
      <Hsp_score>359</Hsp_score>
      <Hsp_evalue>3.75529e-83</Hsp_evalue>
      <Hsp_query-from>62</Hsp_query-from>
      <Hsp_query-to>391</Hsp_query-to>
      <Hsp_hit-from>1</Hsp_hit-from>
      <Hsp_hit-to>310</Hsp_hit-to>
      <Hsp_query-frame>1</Hsp_query-frame>
      <Hsp_hit-frame>1</Hsp_hit-frame>
      <Hsp_identity>270</Hsp_identity>
      <Hsp_positive>270</Hsp_positive>
      <Hsp_gaps>22</Hsp_gaps>
      <Hsp_align-len>331</Hsp_align-len>
      <Hsp_qseq>TGTCTCGTCGAGTCCTACCACCATTATAAATTATCTCATCGTTTGCTTTCTTTTTTTTAAGTTGTAACCATTTCCACTCGTAATCATACAACTTCTCTACTCTTCTAGAGCAAAAACCCAAAAAT-ATATTGCTATCTTCGTTAATGGCTGATAATAAGGTCAATCTTTCGATTAATGGACAATCAAAAGTGCCTCCAGGTTTCAGATTCCATCCCACCGAAGAAGAACTTCTCCATTACTATCTCCGTAAGAAAGTTAACTCTCAAAAGATCGATCTTGATGTCATTCGTGAAGTTGATCTAAACAAGCTTGAGCCTTGGGATATTCAAG</Hsp_qseq>
      <Hsp_hseq>TGTGTCATAGACTCCCACCATCATTATAAATGATCTCATCGCCTGCTTTCT-----------------CATCT--ACTTGTAACCATACAACTTCGCTACTCTGGTAGAGCAAAAAA--AAAAATGATATCGTTACCATCATCAATGGCGGAGAGTAAGGTAAACCTGTCGATCAATGGACAATCAAAAGTGCCACCAGGTTTCAGATTCCATCCAACAGAAGAAGAGCTTCTCCATTACTATCTTCGCAAGAAAGTTCACTCTCAAAAGATAGATCTTGATGTCATTCGTGAAGTTGATCTCAACAAGCTGGAGCCTTGGGATATTCAAG</Hsp_hseq>
      <Hsp_midline>||| || | || ||| |||| |||||||||| |||||||||  ||||||||                 ||| |  ||| |||| ||||||||||| |||||||  |||||||||||   |||||| |||| | || | || | |||||| || | |||||| || || ||||| |||||||||||||||||||| |||||||||||||||||||| || |||||||| ||||||||||||||||| || ||||||||| ||||||||||||| ||||||||||||||||||||||||||||| |||||||| |||||||||||||||||||</Hsp_midline>
    </Hsp>
  </Hit_hsps>
</Hit>
<Hit>
  <Hit_num>43</Hit_num>
  <Hit_id>gi|1827820779|ref|XM_009153203.3|</Hit_id>
  <Hit_def>PREDICTED: Brassica rapa NAC domain-containing protein 12 (LOC103874763), mRNA</Hit_def>
  <Hit_accession>XM_009153203</Hit_accession>
  <Hit_len>11830</Hit_len>
  <Hit_hsps>
    <Hsp>
      <Hsp_num>1</Hsp_num>
      <Hsp_bit-score>697.387</Hsp_bit-score>
      <Hsp_score>772</Hsp_score>
      <Hsp_evalue>0</Hsp_evalue>
      <Hsp_query-from>1189</Hsp_query-from>
      <Hsp_query-to>1835</Hsp_query-to>
      <Hsp_hit-from>10773</Hsp_hit-from>
      <Hsp_hit-to>11427</Hsp_hit-to>
      <Hsp_query-frame>1</Hsp_query-frame>
      <Hsp_hit-frame>1</Hsp_hit-frame>
      <Hsp_identity>553</Hsp_identity>
      <Hsp_positive>553</Hsp_positive>
      <Hsp_gaps>20</Hsp_gaps>
      <Hsp_align-len>661</Hsp_align-len>
      <Hsp_qseq>GGCTATGCTGATGTTGTTACAGAAGATCCAATGAGCTATAACGAAGAAGGTTGGGTGGTATGTCGAGTGTTCAGGAAGAAGAACTATCAAAAGATTGACGATTGTCCTAAAATCACTCTATCTTCTTTACCTGATGACACGGAGGAAGA--GAAGGGGC-CCACCTTTCACAACACTCAAAACGTTACCGGTTTAGACCATGTTCTTCTCTACATGGACCGTACCGGTTCTAACATTTGCATGCCCGAGAGCCAAACAACGACTCAACATCAAGATGATGTCTTATTCATGCAACTCCCAAGTCTTGAGACACCTAAATCCGAGAGCCCGGTCGACCAAAGTTTCCTGACTCCAAGCAAACTCGATTTCTCTCCCGTTCAAGAGAAGATAACCGAAAGACCGGTTTGCAGCAACTGGGCTAGTCTTGACCGGCTCGTAGCTTGGCAATTGAACAATGGTCATCATAATCCGTGTCATCGTAAGAGTTTTGATGAAGAAGAAGAAAATGGTGATACTATGATGCAGCGATGGGATCTTCATTGGAATAATGATGATAATGTTGATCTTTGGAGTAGTTTCACTGA---------GTCTTCTTCGTCTTTAGACCCACTTCTTCATTTATCTGTATGAT--TATCTATACATACACATACACA</Hsp_qseq>
      <Hsp_hseq>GGCTGTTCTGATGTTGTAACTGAAGACCCAATGAGTTACAACGAAGACGGTTGGGTGGTATGTCGAGTGTTCAGGAAGAAAAATTATCAAAAGATCGACGATTCTCCTAAAATCACTCTATTTTCTTCACCTGATGACACTGACGAAAACAGAAGGCCCACCACCTTTCACAACACTCTAAACGCAACCGTTTTGGACCACGTTCTTCTATGCATGGACCGTTCCGGTCCCAATATTTTCATGCCCGAGATCCAAACCAAAAATCAACATCAAGACGATCTTTTATTCATGCAACTCCCAAGTCTTGAGACACCCAAATCTGAAAATCTTGTCGGCCAATGTTTAACGACCACTAACCAACTCGATCTCTCTTTGGTTGAAGAGAAGATAACCGGCAGACCGGGTTGCAGTAATTGGGCTAGTCTTGACCGGTTAGTGGCGTGGCAATTGAACAATGGTCATCATA---CGTGTGATCGTACGAGTTTTGACGAAGAAGAAG---ATGGTGATGCCATGATGCAGCGATGGGATCTTCACTGGAATAATGATGATAATGTCGATATCTGGAGTAGCTTCGCAGAATCTTCTTCGTCTCCTTCGTCTTTAGACCCTCTTCTTCATTTATCTGTATGATTGTATATACACATAAACATACACA</Hsp_hseq>
      <Hsp_midline>|||| | |||||||||| || ||||| |||||||| || |||||||| |||||||||||||||||||||||||||||||| || ||||||||||| ||||||| ||||||||||||||||| ||||| |||||||||||| || ||| |  |||||  | |||||||||||||||||| |||||  |||| ||| ||||| |||||||| | |||||||||| ||||| | || |||| ||||||||||| |||||| |  | |||||||||||| ||| | |||||||||||||||||||||||||||||||| ||||| || |  |  |||| |||| ||||   |||  | | | |||||||| |||||   ||| |||||||||||||||  ||||||| |||||| || |||||||||||||||||| | || || |||||||||||||||||||||||||   ||||| |||||| ||||||||| ||||||||||   |||||||| | ||||||||||||||||||||||| |||||||||||||||||||| ||| | |||||||| ||| | ||         |||| |||||||||||||||| ||||||||||||||||||||||  ||| || ||||| |||||||||</Hsp_midline>
    </Hsp>
    <Hsp>
      <Hsp_num>2</Hsp_num>
      <Hsp_bit-score>435.898</Hsp_bit-score>
      <Hsp_score>482</Hsp_score>
      <Hsp_evalue>8.25697e-117</Hsp_evalue>
      <Hsp_query-from>1</Hsp_query-from>
      <Hsp_query-to>391</Hsp_query-to>
      <Hsp_hit-from>10108</Hsp_hit-from>
      <Hsp_hit-to>10506</Hsp_hit-to>
      <Hsp_query-frame>1</Hsp_query-frame>
      <Hsp_hit-frame>1</Hsp_hit-frame>
      <Hsp_identity>344</Hsp_identity>
      <Hsp_positive>344</Hsp_positive>
      <Hsp_gaps>26</Hsp_gaps>
      <Hsp_align-len>408</Hsp_align-len>
      <Hsp_qseq>AAAGACACTTTAATGCATGA---------ACTTCTTTGTTTAAATAACAATTTCCCCCTT-TTGGGGGCTATGTCTCGTCGAGT---CCTACCACCATTATAAATT-ATCTCATCGTTTGCTTTCTTTTTTTTAAGTTGTAACCATTTCCACTCGTAATCATACAACTTCTCTACTCTTCTAGAGCAAAAAC---CCAAAAATATATTGCTATCTTCGTTAATGGCTGATAATAAGGTCAATCTTTCGATTAATGGACAATCAAAAGTGCCTCCAGGTTTCAGATTCCATCCCACCGAAGAAGAACTTCTCCATTACTATCTCCGTAAGAAAGTTAACTCTCAAAAGATCGATCTTGATGTCATTCGTGAAGTTGATCTAAACAAGCTTGAGCCTTGGGATATTCAAG</Hsp_qseq>
      <Hsp_hseq>AAAGACACTTTAATGCATTCTAATTTTCCACATCTTTATTTAAATAATAATTTCCCCCTTATTAGGGGCT--GTATCCTCGAGTGATCCCACCACCATTATAAAATGATCTCATCGCCTGCTATGCT------AAGTTGTAACCACTTC-ACTTGTAATCATTCAACTTCTCTACTCTACTAGAGCAAAAACAAACTAAAAAGATATCGTTATCATCATCAATGGCGGAGAAAAATGTAAATCTTTCAATTAATGGACAATCAAAAGTGCCTCCAGGTTTCAGATTCCATCCAACAGAAGAAGAACTTCTCCATTACTATCTCCGCAAGAAAGTTCACTCTCAAAAGATCGATCTTGATGTCATTCGTGAAGTAGATCTCAACAAGCTTGAGCCTTGGGATATTCAAG</Hsp_hseq>
      <Hsp_midline>||||||||||||||||||           || ||||| ||||||||| |||||||||||| || ||||||  || || ||||||   || |||||||||||||| | |||||||||  |||| |  |      |||||||||||| ||| ||| |||||||| ||||||||||||||| |||||||||||||   | ||||| |||| | |||| || | |||||| || || || || |||||||| |||||||||||||||||||||||||||||||||||||||||||| || ||||||||||||||||||||||||||||| ||||||||| ||||||||||||||||||||||||||||||||||||| ||||| ||||||||||||||||||||||||||||</Hsp_midline>
    </Hsp>
    <Hsp>
      <Hsp_num>3</Hsp_num>
      <Hsp_bit-score>357.452</Hsp_bit-score>
      <Hsp_score>395</Hsp_score>
      <Hsp_evalue>6.35356e-93</Hsp_evalue>
      <Hsp_query-from>485</Hsp_query-from>
      <Hsp_query-to>744</Hsp_query-to>
      <Hsp_hit-from>10505</Hsp_hit-from>
      <Hsp_hit-to>10764</Hsp_hit-to>
      <Hsp_query-frame>1</Hsp_query-frame>
      <Hsp_hit-frame>1</Hsp_hit-frame>
      <Hsp_identity>235</Hsp_identity>
      <Hsp_positive>235</Hsp_positive>
      <Hsp_gaps>0</Hsp_gaps>
      <Hsp_align-len>260</Hsp_align-len>
      <Hsp_qseq>AGAGGAATGTAGAATCGGTTCAACGCCACAAAACGACTGGTACTTCTTCAGCCACAAGGACAAGAAGTATCCAACCGGGACCAGGACGAACCGGGCAACAGTCGCTGGATTCTGGAAAGCTACCGGACGTGACAAAATCATCTGCAGTTGTGTCCGGAGAATTGGACTGAGGAAGACACTCGTGTTCTACAAAGGAAGAGCTCCTCACGGTCAGAAATCCGACTGGATCATGCATGAGTATCGCCTCGACGATACTCCAA</Hsp_qseq>
      <Hsp_hseq>AGAGGAATGTAGAATCGGGTTGACGCCACAGAACGATTGGTACTTCTTCAGTCATAAGGACAAGAAATATCCAACCGGGACTAGAACAAACCGGGCAACAGTCGCTGGATTCTGGAAAGCTACTGGACGTGATAAGATCATCTATAGTTGTGTCCGGAGAATTGGATTGAGAAAGACCCTCGTGTTCTATAAAGGAAGAGCTCCTCATGGTGAAAAATCTGATTGGATCATGCATGAGTATCGCCTCGACGATACTCCAA</Hsp_hseq>
      <Hsp_midline>|||||||||||||||||| |  |||||||| ||||| |||||||||||||| || ||||||||||| |||||||||||||| || || ||||||||||||||||||||||||||||||||||| |||||||| || |||||||  ||||||||||||||||||||| |||| ||||| ||||||||||| ||||||||||||||||| ||| | ||||| || |||||||||||||||||||||||||||||||||||||</Hsp_midline>
    </Hsp>
  </Hit_hsps>
</Hit>
<Hit>
  <Hit_num>44</Hit_num>
  <Hit_id>gi|1249627449|ref|XM_013871635.2|</Hit_id>
  <Hit_def>PREDICTED: Brassica napus NAC domain-containing protein 12 (LOC106430839), mRNA</Hit_def>
  <Hit_accession>XM_013871635</Hit_accession>
  <Hit_len>1268</Hit_len>
  <Hit_hsps>
    <Hsp>
      <Hsp_num>1</Hsp_num>
      <Hsp_bit-score>697.387</Hsp_bit-score>
      <Hsp_score>772</Hsp_score>
      <Hsp_evalue>0</Hsp_evalue>
      <Hsp_query-from>1189</Hsp_query-from>
      <Hsp_query-to>1835</Hsp_query-to>
      <Hsp_hit-from>541</Hsp_hit-from>
      <Hsp_hit-to>1195</Hsp_hit-to>
      <Hsp_query-frame>1</Hsp_query-frame>
      <Hsp_hit-frame>1</Hsp_hit-frame>
      <Hsp_identity>553</Hsp_identity>
      <Hsp_positive>553</Hsp_positive>
      <Hsp_gaps>20</Hsp_gaps>
      <Hsp_align-len>661</Hsp_align-len>
      <Hsp_qseq>GGCTATGCTGATGTTGTTACAGAAGATCCAATGAGCTATAACGAAGAAGGTTGGGTGGTATGTCGAGTGTTCAGGAAGAAGAACTATCAAAAGATTGACGATTGTCCTAAAATCACTCTATCTTCTTTACCTGATGACACGGAGGAAGA--GAAGGGGC-CCACCTTTCACAACACTCAAAACGTTACCGGTTTAGACCATGTTCTTCTCTACATGGACCGTACCGGTTCTAACATTTGCATGCCCGAGAGCCAAACAACGACTCAACATCAAGATGATGTCTTATTCATGCAACTCCCAAGTCTTGAGACACCTAAATCCGAGAGCCCGGTCGACCAAAGTTTCCTGACTCCAAGCAAACTCGATTTCTCTCCCGTTCAAGAGAAGATAACCGAAAGACCGGTTTGCAGCAACTGGGCTAGTCTTGACCGGCTCGTAGCTTGGCAATTGAACAATGGTCATCATAATCCGTGTCATCGTAAGAGTTTTGATGAAGAAGAAGAAAATGGTGATACTATGATGCAGCGATGGGATCTTCATTGGAATAATGATGATAATGTTGATCTTTGGAGTAGTTTCACTGA---------GTCTTCTTCGTCTTTAGACCCACTTCTTCATTTATCTGTATGAT--TATCTATACATACACATACACA</Hsp_qseq>
      <Hsp_hseq>GGCTGTTCTGATGTTGTAACTGAAGACCCAATGAGTTACAACGAAGACGGTTGGGTGGTATGTCGAGTGTTCAGGAAGAAAAATTATCAAAAGATCGACGATTCTCCTAAAATCACTCTATTTTCTTCACCTGATGACACTGACGAAAACAGAAGGCCCACCACCTTTCACAACACTCTAAACGCAACCGTTTTGGACCACGTTCTTCTATGCATGGACCGTTCCGGTCCCAATATTTTCATGCCCGAGATCCAAACCAAAAATCAACATCAAGACGATCTTTTATTCATGCAACTCCCAAGTCTTGAGACACCCAAATCTGAAAATCTTGTCGGCCAATGTTTAACGACCACTAACCAACTCGATCTCTCTTTGGTTGAAGAGAAGATAACCGGCAGACCGGGTTGCAGTAATTGGGCTAGTCTTGACCGGTTAGTGGCGTGGCAATTGAACAATGGTCATCATA---CGTGTGATCGTACGAGTTTTGACGAAGAAGAAG---ATGGTGATGCCATGATGCAGCGATGGGATCTTCACTGGAATAATGATGATAATGTCGATATCTGGAGTAGCTTCGCAGAATCTTCTTCGTCTCCTTCGTCTTTAGACCCTCTTCTTCATTTATCTGTATGATTGTATATACACATAAACATACACA</Hsp_hseq>
      <Hsp_midline>|||| | |||||||||| || ||||| |||||||| || |||||||| |||||||||||||||||||||||||||||||| || ||||||||||| ||||||| ||||||||||||||||| ||||| |||||||||||| || ||| |  |||||  | |||||||||||||||||| |||||  |||| ||| ||||| |||||||| | |||||||||| ||||| | || |||| ||||||||||| |||||| |  | |||||||||||| ||| | |||||||||||||||||||||||||||||||| ||||| || |  |  |||| |||| ||||   |||  | | | |||||||| |||||   ||| |||||||||||||||  ||||||| |||||| || |||||||||||||||||| | || || |||||||||||||||||||||||||   ||||| |||||| ||||||||| ||||||||||   |||||||| | ||||||||||||||||||||||| |||||||||||||||||||| ||| | |||||||| ||| | ||         |||| |||||||||||||||| ||||||||||||||||||||||  ||| || ||||| |||||||||</Hsp_midline>
    </Hsp>
    <Hsp>
      <Hsp_num>2</Hsp_num>
      <Hsp_bit-score>370.075</Hsp_bit-score>
      <Hsp_score>409</Hsp_score>
      <Hsp_evalue>1.00679e-96</Hsp_evalue>
      <Hsp_query-from>120</Hsp_query-from>
      <Hsp_query-to>391</Hsp_query-to>
      <Hsp_hit-from>1</Hsp_hit-from>
      <Hsp_hit-to>274</Hsp_hit-to>
      <Hsp_query-frame>1</Hsp_query-frame>
      <Hsp_hit-frame>1</Hsp_hit-frame>
      <Hsp_identity>248</Hsp_identity>
      <Hsp_positive>248</Hsp_positive>
      <Hsp_gaps>4</Hsp_gaps>
      <Hsp_align-len>275</Hsp_align-len>
      <Hsp_qseq>AAGTTGTAACCATTTCCACTCGTAATCATACAACTTCTCTACTCTTCTAGAGCAAAAAC---CCAAAAATATATTGCTATCTTCGTTAATGGCTGATAATAAGGTCAATCTTTCGATTAATGGACAATCAAAAGTGCCTCCAGGTTTCAGATTCCATCCCACCGAAGAAGAACTTCTCCATTACTATCTCCGTAAGAAAGTTAACTCTCAAAAGATCGATCTTGATGTCATTCGTGAAGTTGATCTAAACAAGCTTGAGCCTTGGGATATTCAAG</Hsp_qseq>
      <Hsp_hseq>AAGTTGTAACCACTTC-ACTTGTAATCATTCAACTTCTCTACTCTACTAGAGCAAAAACAAACTAAAAAGATATCGTTATCATCATCAATGGCGGAGAAAAATGTAAATCTTTCAATTAATGGACAATCAAAAGTGCCTCCAGGTTTCAGATTCCATCCAACAGAAGAAGAACTTCTCCATTACTATCTCCGCAAGAAAGTTCACTCTCAAAAGATCGATCTTGATGTCATTCGTGAAGTAGATCTCAACAAGCTTGAGCCTTGGGATATTCAAG</Hsp_hseq>
      <Hsp_midline>|||||||||||| ||| ||| |||||||| ||||||||||||||| |||||||||||||   | ||||| |||| | |||| || | |||||| || || || || |||||||| |||||||||||||||||||||||||||||||||||||||||||| || ||||||||||||||||||||||||||||| ||||||||| ||||||||||||||||||||||||||||||||||||| ||||| ||||||||||||||||||||||||||||</Hsp_midline>
    </Hsp>
    <Hsp>
      <Hsp_num>3</Hsp_num>
      <Hsp_bit-score>357.452</Hsp_bit-score>
      <Hsp_score>395</Hsp_score>
      <Hsp_evalue>6.35356e-93</Hsp_evalue>
      <Hsp_query-from>485</Hsp_query-from>
      <Hsp_query-to>744</Hsp_query-to>
      <Hsp_hit-from>273</Hsp_hit-from>
      <Hsp_hit-to>532</Hsp_hit-to>
      <Hsp_query-frame>1</Hsp_query-frame>
      <Hsp_hit-frame>1</Hsp_hit-frame>
      <Hsp_identity>235</Hsp_identity>
      <Hsp_positive>235</Hsp_positive>
      <Hsp_gaps>0</Hsp_gaps>
      <Hsp_align-len>260</Hsp_align-len>
      <Hsp_qseq>AGAGGAATGTAGAATCGGTTCAACGCCACAAAACGACTGGTACTTCTTCAGCCACAAGGACAAGAAGTATCCAACCGGGACCAGGACGAACCGGGCAACAGTCGCTGGATTCTGGAAAGCTACCGGACGTGACAAAATCATCTGCAGTTGTGTCCGGAGAATTGGACTGAGGAAGACACTCGTGTTCTACAAAGGAAGAGCTCCTCACGGTCAGAAATCCGACTGGATCATGCATGAGTATCGCCTCGACGATACTCCAA</Hsp_qseq>
      <Hsp_hseq>AGAGGAATGTAGAATCGGGTTGACGCCACAGAACGATTGGTACTTCTTCAGTCATAAGGACAAGAAATATCCAACCGGGACTAGAACAAACCGGGCAACAGTCGCTGGATTCTGGAAAGCTACTGGACGTGATAAGATCATCTATAGTTGTGTCCGGAGAATTGGATTGAGAAAGACCCTCGTGTTCTATAAAGGAAGAGCTCCTCATGGTGAAAAATCTGATTGGATCATGCATGAGTATCGCCTCGACGATACTCCAA</Hsp_hseq>
      <Hsp_midline>|||||||||||||||||| |  |||||||| ||||| |||||||||||||| || ||||||||||| |||||||||||||| || || ||||||||||||||||||||||||||||||||||| |||||||| || |||||||  ||||||||||||||||||||| |||| ||||| ||||||||||| ||||||||||||||||| ||| | ||||| || |||||||||||||||||||||||||||||||||||||</Hsp_midline>
    </Hsp>
  </Hit_hsps>
</Hit>
<Hit>
  <Hit_num>45</Hit_num>
  <Hit_id>gi|937575140|ref|NM_001316051.1|</Hit_id>
  <Hit_def>Brassica napus NAC domain-containing protein 12-like (LOC106364571), mRNA &gt;gi|693302569|gb|KF974755.1| Brassica napus NAC transcription factor 12-1 (NAC12-1.1) mRNA, complete cds</Hit_def>
  <Hit_accession>NM_001316051</Hit_accession>
  <Hit_len>1095</Hit_len>
  <Hit_hsps>
    <Hsp>
      <Hsp_num>1</Hsp_num>
      <Hsp_bit-score>693.78</Hsp_bit-score>
      <Hsp_score>768</Hsp_score>
      <Hsp_evalue>0</Hsp_evalue>
      <Hsp_query-from>1192</Hsp_query-from>
      <Hsp_query-to>1812</Hsp_query-to>
      <Hsp_hit-from>457</Hsp_hit-from>
      <Hsp_hit-to>1095</Hsp_hit-to>
      <Hsp_query-frame>1</Hsp_query-frame>
      <Hsp_hit-frame>1</Hsp_hit-frame>
      <Hsp_identity>539</Hsp_identity>
      <Hsp_positive>539</Hsp_positive>
      <Hsp_gaps>24</Hsp_gaps>
      <Hsp_align-len>642</Hsp_align-len>
      <Hsp_qseq>TATGCTGATGTTGTTACAGAAGATCCAATGAGCTATAACGAAGAAGGTTGGGTGGTATGTCGAGTGTTCAGGAAGAAGAACTATCAAAAGATTGACGATTGTCCTAAAATCACTCTATCTTCTTTACCTGATGACACGGAGGAA--GAGAAGGGGC-CCACCTTTCACAACACTCAAAACGTTACCGGTTTAGACCATGTTCTTCTCTACATGGACCGTACCGGTTCTAACATTTGCATGCCCGAGAGCCAAACAACGACTCAAC---------ATCAAGATGATGTCTTATTCATGCAACTCCCAAGTCTTGAGACACCTAAATCCGAGAGCCCGGTCGACCAAAGTTTCCTGACTCCAAGCAAACTCGATTTCTCTCCCGTTCAAGAGAAGATAACCGAAAGACCGGTTTGCAGCAACTGGGCTAGTCTTGACCGGCTCGTAGCTTGGCAATTGAACAATGGTCATCATAATCCGTGTCATCGTAAGAGTTTTGATGAAGAAGAAGAAAATGGTGATACTATGATGCAGCGATGGGATCTTCATTGGAATAATGATGATAATGTTGATCTTTGGAGTAGTTTCACTGAGTCTT---------CTTCGTCTTTAGACCCACTTCTTCATTTATCTGTATGA</Hsp_qseq>
      <Hsp_hseq>TATTCAGATGTTGTAAGTGAAGATCCAATGAGCTACAACGAAGAAGGTTGGGTGGTATGTCGAGTGTTCAGGAAGAAGAACTATCAAAAGATCGACGACTCTCCTAAAATCACTCTATCTTCTTCACATGGTGACACGGAGGAAAAGAGAAAGTCCACCACCTCCCACAACACTCAAAATGGCAACGTCTTGGACCACGTTCTTCTATACATGGACCGTTCCTGTCCCAACATCTGCATGCCCGAGCTCCAAACCACGATCCAACGTCAACATAATCAAGACGATATTTTATTCATGCAACTTCCAAGTCTTGAGACACCCAAATCCGAGGACCTGGTCTACCAAAGTTTAAAGATTCCAAACCAGCTCGATTCCTCTCTGGTTCAAGAGAAGAAAAACGGCAGACCGGTTTGCAGTAATTGGGCTAGTCTTGACCGGCTAGTGGCGTGGCAGTTGAACAACGGTCATCATAA---GTGTGATCGTGCGAGTTTTGATGAAGAAGAGGAAGATGGTGATACCATGATGCAGCGTTGGGATCTTCACTGGAGTAATGATGATCATGTTGATCTTTGGAGTAGTTTCACTGAATCTTCTTCATCCCCTTCGTCTTTAGATCCTCTTCTTCATTTATCTGTATGA</Hsp_hseq>
      <Hsp_midline>||| | |||||||| |  ||||||||||||||||| |||||||||||||||||||||||||||||||||||||||||||||||||||||||| ||||| | ||||||||||||||||||||||| || || |||||||||||||  ||||| |  | ||||||  |||||||||||||| |  | ||  || ||||| |||||||| |||||||||||| || || | ||||| ||||||||||||  |||||| ||||  ||||         ||||||| ||| | |||||||||||||| ||||||||||||||||| |||||||||  || |||| ||||||||||   || ||||| | | ||||||| |||||  ||||||||||||| || ||  |||||||||||||| || |||||||||||||||||||| || || ||||| |||||||| |||||||||||   |||| |||||  |||||||||||||||||| ||| |||||||||| ||||||||||| ||||||||||| |||| |||||||||| |||||||||||||||||||||||||||| ||||         ||||||||||||| || |||||||||||||||||||||</Hsp_midline>
    </Hsp>
    <Hsp>
      <Hsp_num>2</Hsp_num>
      <Hsp_bit-score>346.631</Hsp_bit-score>
      <Hsp_score>383</Hsp_score>
      <Hsp_evalue>1.14875e-89</Hsp_evalue>
      <Hsp_query-from>485</Hsp_query-from>
      <Hsp_query-to>753</Hsp_query-to>
      <Hsp_hit-from>186</Hsp_hit-from>
      <Hsp_hit-to>454</Hsp_hit-to>
      <Hsp_query-frame>1</Hsp_query-frame>
      <Hsp_hit-frame>1</Hsp_hit-frame>
      <Hsp_identity>238</Hsp_identity>
      <Hsp_positive>238</Hsp_positive>
      <Hsp_gaps>0</Hsp_gaps>
      <Hsp_align-len>269</Hsp_align-len>
      <Hsp_qseq>AGAGGAATGTAGAATCGGTTCAACGCCACAAAACGACTGGTACTTCTTCAGCCACAAGGACAAGAAGTATCCAACCGGGACCAGGACGAACCGGGCAACAGTCGCTGGATTCTGGAAAGCTACCGGACGTGACAAAATCATCTGCAGTTGTGTCCGGAGAATTGGACTGAGGAAGACACTCGTGTTCTACAAAGGAAGAGCTCCTCACGGTCAGAAATCCGACTGGATCATGCATGAGTATCGCCTCGACGATACTCCAATGTCTAATG</Hsp_qseq>
      <Hsp_hseq>AGAAGAATGTAGAATCGGTTCAGCGCCGCAGACCGACTGGTACTTCTTCAGTCACAAGGACAAAAAATATCCAACGGGGACCAGGACAAACCGGGCAACAGTTTCCGGATTCTGGAAGGCGACTGGACGTGACAAGATCATCTACAGTTGTGTCAGGAGGATTGGATTGAGAAAGACGCTCGTGTTCTACAAAGGAAGAGCTCCCCATGGTCAGAAATCTGATTGGATCATGCATGAGTATCGCCTCGACGAGACTCCAACAACTAATG</Hsp_hseq>
      <Hsp_midline>||| |||||||||||||||||| |||| || | |||||||||||||||||| ||||||||||| || |||||||| ||||||||||| ||||||||||||||  | ||||||||||| || || ||||||||||| ||||||| |||||||||| |||| |||||| |||| ||||| |||||||||||||||||||||||||| || ||||||||||| || ||||||||||||||||||||||||||||| |||||||   ||||||</Hsp_midline>
    </Hsp>
    <Hsp>
      <Hsp_num>3</Hsp_num>
      <Hsp_bit-score>266.382</Hsp_bit-score>
      <Hsp_score>294</Hsp_score>
      <Hsp_evalue>8.83939e-66</Hsp_evalue>
      <Hsp_query-from>205</Hsp_query-from>
      <Hsp_query-to>391</Hsp_query-to>
      <Hsp_hit-from>1</Hsp_hit-from>
      <Hsp_hit-to>187</Hsp_hit-to>
      <Hsp_query-frame>1</Hsp_query-frame>
      <Hsp_hit-frame>1</Hsp_hit-frame>
      <Hsp_identity>171</Hsp_identity>
      <Hsp_positive>171</Hsp_positive>
      <Hsp_gaps>0</Hsp_gaps>
      <Hsp_align-len>187</Hsp_align-len>
      <Hsp_qseq>ATGGCTGATAATAAGGTCAATCTTTCGATTAATGGACAATCAAAAGTGCCTCCAGGTTTCAGATTCCATCCCACCGAAGAAGAACTTCTCCATTACTATCTCCGTAAGAAAGTTAACTCTCAAAAGATCGATCTTGATGTCATTCGTGAAGTTGATCTAAACAAGCTTGAGCCTTGGGATATTCAAG</Hsp_qseq>
      <Hsp_hseq>ATGGCGGAGAATAAGGTAAACCTGTCGATCAATGGACAATCAAAAGTGCCACCAGGTTTCAGATTCCATCCAACAGAAGAAGAGCTTCTCCATTACTATCTTCGCAAGAAAGTTCACTCTCAAAAGATAGATCTTGATGTCATTCGTGAAGTTGATCTCAACAAGCTTGAGCCTTGGGACATTCAAG</Hsp_hseq>
      <Hsp_midline>||||| || |||||||| || || ||||| |||||||||||||||||||| |||||||||||||||||||| || |||||||| ||||||||||||||||| || ||||||||| ||||||||||||| ||||||||||||||||||||||||||||| |||||||||||||||||||| |||||||</Hsp_midline>
    </Hsp>
  </Hit_hsps>
</Hit>
<Hit>
  <Hit_num>46</Hit_num>
  <Hit_id>gi|922490076|ref|XM_013729290.1|</Hit_id>
  <Hit_def>PREDICTED: Brassica oleracea var. oleracea NAC domain-containing protein 12 (LOC106293616), mRNA</Hit_def>
  <Hit_accession>XM_013729290</Hit_accession>
  <Hit_len>1210</Hit_len>
  <Hit_hsps>
    <Hsp>
      <Hsp_num>1</Hsp_num>
      <Hsp_bit-score>691.075</Hsp_bit-score>
      <Hsp_score>765</Hsp_score>
      <Hsp_evalue>0</Hsp_evalue>
      <Hsp_query-from>1192</Hsp_query-from>
      <Hsp_query-to>1823</Hsp_query-to>
      <Hsp_hit-from>550</Hsp_hit-from>
      <Hsp_hit-to>1199</Hsp_hit-to>
      <Hsp_query-frame>1</Hsp_query-frame>
      <Hsp_hit-frame>1</Hsp_hit-frame>
      <Hsp_identity>544</Hsp_identity>
      <Hsp_positive>544</Hsp_positive>
      <Hsp_gaps>24</Hsp_gaps>
      <Hsp_align-len>653</Hsp_align-len>
      <Hsp_qseq>TATGCTGATGTTGTTACAGAAGATCCAATGAGCTATAACGAAGAAGGTTGGGTGGTATGTCGAGTGTTCAGGAAGAAGAACTATCAAAAGATTGACGATTGTCCTAAAATCACTCTATCTTCTTTACCTGATGACACGGAGGAAGAGAAGGGG---CCCACCTTTCACAACACTCAAAACGTTACCGGTTTAGACCATGTTCTTCTCTACATGGACCGTACCGGTTCTAACATTTGCATGCCCGAGAGCCAAACAACGACTCAAC---------ATCAAGATGATGTCTTATTCATGCAACTCCCAAGTCTTGAGACACCTAAATCCGAGAGCCCGGTCGACCAAAGTTTCCTGACTCCAAGCAAACTCGATTTCTCTCCCGTTCAAGAGAAGATAACCGAAAGACCGGTTTGCAGCAACTGGGCTAGTCTTGACCGGCTCGTAGCTTGGCAATTGAACAATGGTCATCATAATCCGTGTCATCGTAAGAGTTTTGATGAAGAAGAAGAAAATGGTGATACTATGATGCAGCGATGGGATCTTCATTGGAATAATGATGATAATGTTGATCTTTGGAGTAGTTTCACTGAGTCTT---------CTTCGTCTTTAGACCCACTTCTTCATTTATCTGTATGATTATCTATACA</Hsp_qseq>
      <Hsp_hseq>TATTCAGATGTTGTAAGTGAAGATCCAATGAGCTACAACGAAGAAGGTTGGGTGGTATGTCGAGTGTTCAGGAAGAAGAACTATCAAAAGATCGACGACTCTCCTAAAATCACTCTATCTTCTTCACCTGGTGACACGGAGGAAAAGAAAAGGTCCACCACCTCCCACAACACTCAAAACGGCAACGTCTTGGACCACGTTCTTCTATACATGGACCGTTGCTGTCCCAACATCTGCATGCCCGAGCTCCAAACCACGATCCAACGTCAACATAATCAAGACGATATTTTATTCATGCAACTCCCAAGTCTTGAGACACCCAGATCCGAGGATCTGGTCGACCAAAGTTTAAATATTCCAAACCAGCTCGATTCCTCTCTGGTTCAAGAGAAGAAAAACGGCAGACCGGTTTGCAGTAATTGGGCTAGTCTTGACCGACTAGTGGCGTGGCAGTTGAACAACGGTCATCATAA---GTGTGATCGTGCGAGTTTTGATGAAGAAGAGGAAGATGGTGATACCATGATGCAGCGATGGGATCTTCACTGGAGTAATGATGATCATGTCGATCTTTGGAGTAGTTTCACTGAATCTTCTTCATCCCCTTCGTCTTTAGATCCTCTTCTCCATTTATCTGTATGATTGTATATTCA</Hsp_hseq>
      <Hsp_midline>||| | |||||||| |  ||||||||||||||||| |||||||||||||||||||||||||||||||||||||||||||||||||||||||| ||||| | ||||||||||||||||||||||| ||||| ||||||||||||| ||||  ||    ||||||  ||||||||||||||||  | ||  || ||||| |||||||| ||||||||||||  | || | ||||| ||||||||||||  |||||| ||||  ||||         ||||||| ||| | |||||||||||||||||||||||||||||||| | |||||||   | |||||||||||||||    | ||||| | | ||||||| |||||  ||||||||||||| || ||  |||||||||||||| || ||||||||||||||||| || || || ||||| |||||||| |||||||||||   |||| |||||  |||||||||||||||||| ||| |||||||||| ||||||||||||||||||||||| |||| |||||||||| |||| ||||||||||||||||||||||| ||||         ||||||||||||| || ||||| ||||||||||||||||| | ||| ||</Hsp_midline>
    </Hsp>
    <Hsp>
      <Hsp_num>2</Hsp_num>
      <Hsp_bit-score>351.14</Hsp_bit-score>
      <Hsp_score>388</Hsp_score>
      <Hsp_evalue>2.7016e-91</Hsp_evalue>
      <Hsp_query-from>485</Hsp_query-from>
      <Hsp_query-to>753</Hsp_query-to>
      <Hsp_hit-from>279</Hsp_hit-from>
      <Hsp_hit-to>547</Hsp_hit-to>
      <Hsp_query-frame>1</Hsp_query-frame>
      <Hsp_hit-frame>1</Hsp_hit-frame>
      <Hsp_identity>239</Hsp_identity>
      <Hsp_positive>239</Hsp_positive>
      <Hsp_gaps>0</Hsp_gaps>
      <Hsp_align-len>269</Hsp_align-len>
      <Hsp_qseq>AGAGGAATGTAGAATCGGTTCAACGCCACAAAACGACTGGTACTTCTTCAGCCACAAGGACAAGAAGTATCCAACCGGGACCAGGACGAACCGGGCAACAGTCGCTGGATTCTGGAAAGCTACCGGACGTGACAAAATCATCTGCAGTTGTGTCCGGAGAATTGGACTGAGGAAGACACTCGTGTTCTACAAAGGAAGAGCTCCTCACGGTCAGAAATCCGACTGGATCATGCATGAGTATCGCCTCGACGATACTCCAATGTCTAATG</Hsp_qseq>
      <Hsp_hseq>AGAAGAATGTAGAATCGGTTCGACGCCGCAGAACGACTGGTACTTCTTCAGTCACAAGGACAAAAAATATCCAACGGGGACCAGGACAAACCGGGCAACAGTTTCCGGATTCTGGAAGGCGACTGGACGTGACAAGATCATCTACAGTTGTGTCAGGAGGATTGGATTGAGAAAGACGCTCGTGTTCTACAAAGGAAGAGCTCCCCATGGTCAGAAATCTGATTGGATCATGCATGAGTATCGCCTCGACGAGACTCCAACAACTAATG</Hsp_hseq>
      <Hsp_midline>||| ||||||||||||||||| ||||| || |||||||||||||||||||| ||||||||||| || |||||||| ||||||||||| ||||||||||||||  | ||||||||||| || || ||||||||||| ||||||| |||||||||| |||| |||||| |||| ||||| |||||||||||||||||||||||||| || ||||||||||| || ||||||||||||||||||||||||||||| |||||||   ||||||</Hsp_midline>
    </Hsp>
    <Hsp>
      <Hsp_num>3</Hsp_num>
      <Hsp_bit-score>318.679</Hsp_bit-score>
      <Hsp_score>352</Hsp_score>
      <Hsp_evalue>1.59679e-81</Hsp_evalue>
      <Hsp_query-from>134</Hsp_query-from>
      <Hsp_query-to>391</Hsp_query-to>
      <Hsp_hit-from>21</Hsp_hit-from>
      <Hsp_hit-to>280</Hsp_hit-to>
      <Hsp_query-frame>1</Hsp_query-frame>
      <Hsp_hit-frame>1</Hsp_hit-frame>
      <Hsp_identity>227</Hsp_identity>
      <Hsp_positive>227</Hsp_positive>
      <Hsp_gaps>2</Hsp_gaps>
      <Hsp_align-len>260</Hsp_align-len>
      <Hsp_qseq>TCCACTCGTAATCATACAACTTCTCTACTCTTCTAGAGCAAAAACCCAAAAAT--ATATTGCTATCTTCGTTAATGGCTGATAATAAGGTCAATCTTTCGATTAATGGACAATCAAAAGTGCCTCCAGGTTTCAGATTCCATCCCACCGAAGAAGAACTTCTCCATTACTATCTCCGTAAGAAAGTTAACTCTCAAAAGATCGATCTTGATGTCATTCGTGAAGTTGATCTAAACAAGCTTGAGCCTTGGGATATTCAAG</Hsp_qseq>
      <Hsp_hseq>TCCACTTGTAACCATACAACTTCGCTACTCTGGTATAGCAAAAAAAAAAAAAATGATATCGTTACCATCATCAATGGCGGAGAATAAGGTAAACCTGTCGATCAATGGACAATCAAAAGTGCCACCAGGTTTCAGATTCCATCCAACAGAAGAAGAGCTTCTCCATTACTATCTTCGCAAGAAAGTTCACTCTCAAAAGATAGATCTTGATGTCATTCGTGAAGTTGATCTCAACAAGCTTGAGCCTTGGGATATTCAAG</Hsp_hseq>
      <Hsp_midline>|||||| |||| ||||||||||| |||||||  || ||||||||   |||||   |||| | || | || | |||||| || |||||||| || || ||||| |||||||||||||||||||| |||||||||||||||||||| || |||||||| ||||||||||||||||| || ||||||||| ||||||||||||| ||||||||||||||||||||||||||||| ||||||||||||||||||||||||||||</Hsp_midline>
    </Hsp>
  </Hit_hsps>
</Hit>
<Hit>
  <Hit_num>47</Hit_num>
  <Hit_id>gi|1350314352|ref|XM_006415088.2|</Hit_id>
  <Hit_def>PREDICTED: Eutrema salsugineum NAC domain-containing protein 12 (LOC18991765), mRNA</Hit_def>
  <Hit_accession>XM_006415088</Hit_accession>
  <Hit_len>1172</Hit_len>
  <Hit_hsps>
    <Hsp>
      <Hsp_num>1</Hsp_num>
      <Hsp_bit-score>669.434</Hsp_bit-score>
      <Hsp_score>741</Hsp_score>
      <Hsp_evalue>0</Hsp_evalue>
      <Hsp_query-from>1196</Hsp_query-from>
      <Hsp_query-to>1831</Hsp_query-to>
      <Hsp_hit-from>491</Hsp_hit-from>
      <Hsp_hit-to>1121</Hsp_hit-to>
      <Hsp_query-frame>1</Hsp_query-frame>
      <Hsp_hit-frame>1</Hsp_hit-frame>
      <Hsp_identity>544</Hsp_identity>
      <Hsp_positive>544</Hsp_positive>
      <Hsp_gaps>57</Hsp_gaps>
      <Hsp_align-len>662</Hsp_align-len>
      <Hsp_qseq>CTGATGTTGTTACAGAAGATCCAATGAGCTATAACGAAGAAGGTTGGGTGGTATGTCGAGTGTTCAGGAAGAAGAACTATCAAAAGATTGACGATTGTCCTAAAATCACTCTATCTTCTTTACCTGATGA---CACGGAGGAAGAGAAGGGGCCC--ACCTTTCACAACACTCAAAACGTTACCGGTTTAGACCATGTTCTTCTCTACATGGACCGTACCGGTTCTAACATTTGCATGCCCGAGAGCCAAACAACGA------CTCAACATCAAGATGATGTCTTATTCATGCAACTCCCAAGTCTTGAGAC---ACCTAAATCCGAGAGCCCGGTCGACCAAAGTTTCCTGACTCCAAGCAAACTCGATTTCTCTCCCGTTCAAGAGAAGATAACCGAAAGACCGGTTTGCAGCAACTGGGCTAGTCTTGACCGGCTCGTAGCTTGGCAATTGAACAATGGTCATCATAATCCGTGTCATCGTAAGAGTTTTGATGAAGAAGAAGAAAATGGTGATACTATGATGCAGCGATGGGATCTTCATTGGAATAATGAT---GATAATGTTGATCTTTGGAGTAGTTTCACTGAGTCTT---------CTTCGTCTTTAGACCCACTTCTTCATTTATCTGTATGATTATCTATACATACACATA</Hsp_qseq>
      <Hsp_hseq>CTGATGTTGTAACTGAAGATCCGATGAGCTATAATGAAGAAGGTTGGGTGGTATGTCGAGTGTTCAGAAAGAAGAACTATCAAAAGATCGACGATTGTCCTAAAACCACACTATCATCTTCACCTGATGATGACACGGAGGAAAAGAAAAGGACCGTATCTT---------------CTTCAC-----TAGACCGTGTTCTTCTCTACATGGACCGTACCGGTTCTAACATTTGCATGCCGGAAAGCCAAACGACGATCAAAACTCAAAATCAAGACGATCTCTTATTCATGCAACTCCCAAATCTTGAGACGACAACCAAATTAGTTACCCCGGTAGACCAAAGCTTCATGATTCCGA---------ATTCCTTTCCGGTTCAAGAAAAGATAACCGGCAGGCCGGTTTGTAGTAACTGGGCTAGTCTTGACCGGCTTGTGGCTTGGCAATTGAACAATGGTCATCATGATACTTGTGATCGTTCGAGTTTTGATGAAGAAGAAGAAGACGGTGATACTATGATGCAGAGATGGGATCTTCATTGGAATAATGATCAGGATAATGTCGATCTTTGGAGTAGTTTCACTGAGTCTTCTTCGTCTCCTTCGTCTTTAGACCCTCTTCTTCATTTATCTGTATGATTA--TATATATACACGTA</Hsp_hseq>
      <Hsp_midline>|||||||||| || |||||||| ||||||||||| |||||||||||||||||||||||||||||||| |||||||||||||||||||| |||||||||||||||| ||| ||||| |||| |||||||||   |||||||||| ||||  || ||  | |||               | | ||     |||||| ||||||||||||||||||||||||||||||||||||||||||||| || |||||||| ||||      ||||| ||||||| ||| ||||||||||||||||||||| |||||||||   | | ||||  |  | |||||| |||||||| ||| ||| ||| |         ||| || ||| |||||||| ||||||||||  || |||||||| || ||||||||||||||||||||||| || ||||||||||||||||||||||||||| || | ||| |||||  |||||||||||||||||||||| | |||||||||||||||||| ||||||||||||||||||||||||||   |||||||| ||||||||||||||||||||||||||||         |||||||||||||||| ||||||||||||||||||||||||  |||| |||||| ||</Hsp_midline>
    </Hsp>
    <Hsp>
      <Hsp_num>2</Hsp_num>
      <Hsp_bit-score>379.994</Hsp_bit-score>
      <Hsp_score>420</Hsp_score>
      <Hsp_evalue>5.56842e-100</Hsp_evalue>
      <Hsp_query-from>485</Hsp_query-from>
      <Hsp_query-to>739</Hsp_query-to>
      <Hsp_hit-from>222</Hsp_hit-from>
      <Hsp_hit-to>476</Hsp_hit-to>
      <Hsp_query-frame>1</Hsp_query-frame>
      <Hsp_hit-frame>1</Hsp_hit-frame>
      <Hsp_identity>237</Hsp_identity>
      <Hsp_positive>237</Hsp_positive>
      <Hsp_gaps>0</Hsp_gaps>
      <Hsp_align-len>255</Hsp_align-len>
      <Hsp_qseq>AGAGGAATGTAGAATCGGTTCAACGCCACAAAACGACTGGTACTTCTTCAGCCACAAGGACAAGAAGTATCCAACCGGGACCAGGACGAACCGGGCAACAGTCGCTGGATTCTGGAAAGCTACCGGACGTGACAAAATCATCTGCAGTTGTGTCCGGAGAATTGGACTGAGGAAGACACTCGTGTTCTACAAAGGAAGAGCTCCTCACGGTCAGAAATCCGACTGGATCATGCATGAGTATCGCCTCGACGATAC</Hsp_qseq>
      <Hsp_hseq>AGAGGAATGTAGAATCGGTTCGACGCCGCAGAACGACTGGTACTTCTTCAGCCACAAGGACAAGAAGTATCCAACAGGGACTAGGACAAACCGGGCAACTGTCGCAGGTTTCTGGAAAGCTACTGGTCGTGACAAGATCATCTACAGTTGTGTCCGGAGGATTGGATTGAGGAAGACACTTGTGTTCTACAAAGGAAGAGCTCCTCACGGTCAGAAATCCGATTGGATCATGCATGAATATCGCCTCGACGATAC</Hsp_hseq>
      <Hsp_midline>||||||||||||||||||||| ||||| || |||||||||||||||||||||||||||||||||||||||||||| ||||| ||||| ||||||||||| ||||| || |||||||||||||| || |||||||| ||||||| ||||||||||||||| |||||| ||||||||||||| ||||||||||||||||||||||||||||||||||||||||| |||||||||||||| |||||||||||||||||</Hsp_midline>
    </Hsp>
    <Hsp>
      <Hsp_num>3</Hsp_num>
      <Hsp_bit-score>300.646</Hsp_bit-score>
      <Hsp_score>332</Hsp_score>
      <Hsp_evalue>4.28478e-76</Hsp_evalue>
      <Hsp_query-from>173</Hsp_query-from>
      <Hsp_query-to>391</Hsp_query-to>
      <Hsp_hit-from>10</Hsp_hit-from>
      <Hsp_hit-to>223</Hsp_hit-to>
      <Hsp_query-frame>1</Hsp_query-frame>
      <Hsp_hit-frame>1</Hsp_hit-frame>
      <Hsp_identity>199</Hsp_identity>
      <Hsp_positive>199</Hsp_positive>
      <Hsp_gaps>7</Hsp_gaps>
      <Hsp_align-len>220</Hsp_align-len>
      <Hsp_qseq>AAAAACCCAAAAATATATTGCT-ATCTTCGTTAATGGCTGATAATAAGGTCAATCTTTCGATTAATGGACAATCAAAAGTGCCTCCAGGTTTCAGATTCCATCCCACCGAAGAAGAACTTCTCCATTACTATCTCCGTAAGAAAGTTAACTCTCAAAAGATCGATCTTGATGTCATTCGTGAAGTTGATCTAAACAAGCTTGAGCCTTGGGATATTCAAG</Hsp_qseq>
      <Hsp_hseq>AAAAAACAAAAAAGATATCGCTGATC------AATGGCGGAGAATAAGGTAAATCTGTCGATTAATGGACAATCAAAAGTGCCTCCAGGTTTCAGATTCCATCCCACTGAAGAAGAACTTCTCCATTACTATCTCCGCAAGAAAGTTCACTCTCAAAAGATCGATCTTGATGTCATTCGTGAAGTAGATCTCAACAAGCTTGAGCCTTGGGATATTCTAG</Hsp_hseq>
      <Hsp_midline>||||| | ||||| |||| ||| |||      |||||| || |||||||| ||||| |||||||||||||||||||||||||||||||||||||||||||||||||| ||||||||||||||||||||||||||||| ||||||||| ||||||||||||||||||||||||||||||||||||| ||||| ||||||||||||||||||||||||| ||</Hsp_midline>
    </Hsp>
  </Hit_hsps>
</Hit>
<Hit>
  <Hit_num>48</Hit_num>
  <Hit_id>gi|1072905348|ref|XM_018627846.1|</Hit_id>
  <Hit_def>PREDICTED: Raphanus sativus NAC domain-containing protein 12-like (LOC108854319), mRNA</Hit_def>
  <Hit_accession>XM_018627846</Hit_accession>
  <Hit_len>1272</Hit_len>
  <Hit_hsps>
    <Hsp>
      <Hsp_num>1</Hsp_num>
      <Hsp_bit-score>652.302</Hsp_bit-score>
      <Hsp_score>722</Hsp_score>
      <Hsp_evalue>0</Hsp_evalue>
      <Hsp_query-from>1192</Hsp_query-from>
      <Hsp_query-to>1847</Hsp_query-to>
      <Hsp_hit-from>570</Hsp_hit-from>
      <Hsp_hit-to>1251</Hsp_hit-to>
      <Hsp_query-frame>1</Hsp_query-frame>
      <Hsp_hit-frame>1</Hsp_hit-frame>
      <Hsp_identity>558</Hsp_identity>
      <Hsp_positive>558</Hsp_positive>
      <Hsp_gaps>32</Hsp_gaps>
      <Hsp_align-len>685</Hsp_align-len>
      <Hsp_qseq>TATGCTGATGTTGTTACAGAAGATCCAATGAGCTATAACGAAGAAGGTTGGGTGGTATGTCGAGTGTTCAGGAAGAAGAACTATCAAAAGATTGACGATTGTCCTAAAATCACTCTATCTTCTTTACCTGATGACACGGAGG--AAGAGAAGGGGC-CCACCTTTCACAACACTCAAAACGTTACCGGTTTAGACCATGTTCTTCTCTACATGGACCGTACCGGTTCTAACATTTGCATGCCCGAGAGCCAAACAACG------ACTCAAC---ATCAAGATGATGTCTTATTCATGCAACTCCCAAGTCTTGAGACACCTAAATCCGAGAGCCCGGTCGACCAAAGTTTCCTGACTCCAAGCAAACTCG---ATTTCTCTCCCGTTCAAGAGAAGATAACCGAAAGACCGGTTTGCAGCAACTGGGCTAGTCTTGACCGGCTCGTAGCTTGGCAATTGAACAATGGTCATCATAATCCGTGTCATCGTAAGAGTTTTGATGAAGAAGAAGAAAATGGTGATACTATGATGCAGCGATGGGATCTTCATTGGAATAATGATGATAATGTTGATCTTTGGAGTAGTTTCACTGAGTCTT---------CTTCGTCTTTAGACCCACTTCTTCATTTATCTGTATGATTATCTATAC----ATACACATACACAA-AATATAAAATA</Hsp_qseq>
      <Hsp_hseq>TATTCAGATGTTGTAAGTGAAGATCCAATGAGCTACTACGAAGAAGGTTGGGTGGTATGTCGAGTGTTCAGGAAGAAGAACTATCGAAAGATCGACGATTCTCCTAGAACCACTCTATCTTCTTCACCTGATGCAACGGAGGAAAAGAGAAGGTCCACCACCTCCCACGATAATCAAAACGGCAACGTCTTGGACCACGTCCTTCTATACATGAACCATTCCTGTCCTAACATCTGCATGCCCGAGCACCAAACTACGATCCCAACTCAACGTAATCAAGACGATATTTTATTCATGCAAGTCCGGAGTCTTGAGACACCCAAATCCGAAGACCTGGTCGACCAAAGTTTAAAGATTCCACACCAGGTCGATCATTCCTCTCTGGTTCAAGAGAAGAAAACCGGGGGACCGGTTTGCAGTAATTGGGCTAGTCTTGACCGGCTAGTGGCGTGGCAGTTGAACAACGGTCATCATAA---GTGTGATCGTACAAGTTTTGATGAAGAAGAGGAATATGGTGATACCATGATGCAGCGATGGGATCTTCACTGGAGTAATGATGATCATGTCGATTTTTGGAGTAGTTTCACTGAATCTTCTTCATCCCCTTCGTCTTTAGATCCTCTTCTTCATTTATCTGTATGATTGTATATTCACGTAAACACATACATAACACAATAAAATA</Hsp_hseq>
      <Hsp_midline>||| | |||||||| |  |||||||||||||||||  |||||||||||||||||||||||||||||||||||||||||||||||| |||||| ||||||| ||||| || |||||||||||||| ||||||||  |||||||  |||||||||  | ||||||  ||| | | ||||||||  | ||  || ||||| || ||||| |||||| ||| | || || ||||||| ||||||||||||  |||||| |||      |||||||   ||||||| ||| | |||||||||||| |||  |||||||||||||| ||||||||   || |||||||||||||||   || ||||  | |  |||   ||| |||||  ||||||||||||| |||||   ||||||||||||| || |||||||||||||||||||| || || ||||| |||||||| |||||||||||   |||| ||||||  ||||||||||||||||| ||| |||||||||| ||||||||||||||||||||||| |||| |||||||||| |||| ||| ||||||||||||||||||| ||||         ||||||||||||| || ||||||||||||||||||||||| | ||| |    | ||||||||| || |  ||||||||</Hsp_midline>
    </Hsp>
    <Hsp>
      <Hsp_num>2</Hsp_num>
      <Hsp_bit-score>352.943</Hsp_bit-score>
      <Hsp_score>390</Hsp_score>
      <Hsp_evalue>7.74023e-92</Hsp_evalue>
      <Hsp_query-from>485</Hsp_query-from>
      <Hsp_query-to>744</Hsp_query-to>
      <Hsp_hit-from>299</Hsp_hit-from>
      <Hsp_hit-to>558</Hsp_hit-to>
      <Hsp_query-frame>1</Hsp_query-frame>
      <Hsp_hit-frame>1</Hsp_hit-frame>
      <Hsp_identity>234</Hsp_identity>
      <Hsp_positive>234</Hsp_positive>
      <Hsp_gaps>0</Hsp_gaps>
      <Hsp_align-len>260</Hsp_align-len>
      <Hsp_qseq>AGAGGAATGTAGAATCGGTTCAACGCCACAAAACGACTGGTACTTCTTCAGCCACAAGGACAAGAAGTATCCAACCGGGACCAGGACGAACCGGGCAACAGTCGCTGGATTCTGGAAAGCTACCGGACGTGACAAAATCATCTGCAGTTGTGTCCGGAGAATTGGACTGAGGAAGACACTCGTGTTCTACAAAGGAAGAGCTCCTCACGGTCAGAAATCCGACTGGATCATGCATGAGTATCGCCTCGACGATACTCCAA</Hsp_qseq>
      <Hsp_hseq>AGAAGAATGTAGAATCGGTTCGACGCCGCAGAACGACTGGTACTTCTTCAGCCACAAGGACAAAAAATATCCAACGGGGACCAGGACTAACCGGGCAACCGTTTCCGGATTCTGGAAGGCGACCGGACGTGACAAGATCATCTACAGTTGTGTCAGGAGGATTGGATTGAGAAAGACGCTCGTGTTCTACCAAGGAAGAGCTCCCCACGGTCAGAAATCTGATTGGATCATGCATGAGTATCGCCTCGACGAGACTCCAA</Hsp_hseq>
      <Hsp_midline>||| ||||||||||||||||| ||||| || |||||||||||||||||||||||||||||||| || |||||||| ||||||||||| ||||||||||| ||  | ||||||||||| || |||||||||||||| ||||||| |||||||||| |||| |||||| |||| ||||| |||||||||||| ||||||||||||| |||||||||||||| || ||||||||||||||||||||||||||||| |||||||</Hsp_midline>
    </Hsp>
    <Hsp>
      <Hsp_num>3</Hsp_num>
      <Hsp_bit-score>324.089</Hsp_bit-score>
      <Hsp_score>358</Hsp_score>
      <Hsp_evalue>3.75529e-83</Hsp_evalue>
      <Hsp_query-from>71</Hsp_query-from>
      <Hsp_query-to>391</Hsp_query-to>
      <Hsp_hit-from>1</Hsp_hit-from>
      <Hsp_hit-to>300</Hsp_hit-to>
      <Hsp_query-frame>1</Hsp_query-frame>
      <Hsp_hit-frame>1</Hsp_hit-frame>
      <Hsp_identity>263</Hsp_identity>
      <Hsp_positive>263</Hsp_positive>
      <Hsp_gaps>21</Hsp_gaps>
      <Hsp_align-len>321</Hsp_align-len>
      <Hsp_qseq>GAGTCCTACCACCATTATAAATTATCTCATCGTTTGCTTTCTTTTTTTTAAGTTGTAACCATTTCCACTCGTAATCATACAACTTCTCTACTCTTCTAGAGCAAAAACCCAAAAATATATTGCTATCTTCGTTAATGGCTGATAATAAGGTCAATCTTTCGATTAATGGACAATCAAAAGTGCCTCCAGGTTTCAGATTCCATCCCACCGAAGAAGAACTTCTCCATTACTATCTCCGTAAGAAAGTTAACTCTCAAAAGATCGATCTTGATGTCATTCGTGAAGTTGATCTAAACAAGCTTGAGCCTTGGGATATTCAAG</Hsp_qseq>
      <Hsp_hseq>GACTCCCACCATCATTATAAATGATCTCATTGCCTGCTTTCT-----------------CATCT--ACTTGTAACCATACAACTTCGCTACTCTTGTAGAGCAAAAAA--AAGAAGATATCGTTATGATCATCAATGGCGGAGAATAAGGTAAACCTGTCGATTAATGGACAATCAAAAGTGCCACCAGGTTTCAGATTCCATCCAACAGAAGAAGAACTTCTCCATTACTATCTTCGCAAGAAAGTTCACTCTCAAAAGATTGATCTTGATGTTATTCGCGAAGTAGATCTCAACAAGCTTGAGCCTTGGGATATTCAAG</Hsp_hseq>
      <Hsp_midline>|| ||| |||| |||||||||| ||||||| |  ||||||||                 ||| |  ||| |||| ||||||||||| |||||||| |||||||||||   || || |||| | |||  || | |||||| || |||||||| || || |||||||||||||||||||||||||| |||||||||||||||||||| || |||||||||||||||||||||||||| || ||||||||| ||||||||||||| ||||||||||| ||||| ||||| ||||| ||||||||||||||||||||||||||||</Hsp_midline>
    </Hsp>
  </Hit_hsps>
</Hit>
<Hit>
  <Hit_num>49</Hit_num>
  <Hit_id>gi|1323038536|gb|KY502263.1|</Hit_id>
  <Hit_def>Lepidium campestre NAC domain containing protein 12 (NAC012) gene, partial cds</Hit_def>
  <Hit_accession>KY502263</Hit_accession>
  <Hit_len>392</Hit_len>
  <Hit_hsps>
    <Hsp>
      <Hsp_num>1</Hsp_num>
      <Hsp_bit-score>452.129</Hsp_bit-score>
      <Hsp_score>500</Hsp_score>
      <Hsp_evalue>1.07401e-121</Hsp_evalue>
      <Hsp_query-from>335</Hsp_query-from>
      <Hsp_query-to>734</Hsp_query-to>
      <Hsp_hit-from>1</Hsp_hit-from>
      <Hsp_hit-to>392</Hsp_hit-to>
      <Hsp_query-frame>1</Hsp_query-frame>
      <Hsp_hit-frame>1</Hsp_hit-frame>
      <Hsp_identity>345</Hsp_identity>
      <Hsp_positive>345</Hsp_positive>
      <Hsp_gaps>14</Hsp_gaps>
      <Hsp_align-len>403</Hsp_align-len>
      <Hsp_qseq>ATCTTGATGTCATTCGTGAAGTTGATCTAAACAAGCTTGAGCCTTGGGATATTCAAGGTTAAACCCTAAATATGAAAAAAAACTCTTTCATTTCTA-CGAACTCTCTAT-TTCTTTGTTCTTTATTTTTGA-ACCATTTTGGTATGCAAATGCAGAGGAATGTAGAATCGGTTCAACGCCACAAAACGACTGGTACTTCTTCAGCCACAAGGACAAGAAGTATCCAACCGGGACCAGGACGAACCGGGCAACAGTCGCTGGATTCTGGAAAGCTACCGGACGTGACAAAATCATCTGCAGTTGTGTCCGGAGAATTGGACTGAGGAAGACACTCGTGTTCTACAAAGGAAGAGCTCCTCACGGTCAGAAATCCGACTGGATCATGCATGAGTATCGCCTCGAC</Hsp_qseq>
      <Hsp_hseq>ATCTTGATGTCATTCGTGAAGTTGATCTTAACAAGCTTGAGCCTTGGGATATTCAAGGTTTCTTC-TAATTA---------ACATTTTCAAGTCTCTCTTACTTTCTTTCTTCCAT-TTCTATACTTCTGAGACCATTTTGGTAAGCAAATGCAGAGGAATGTAGGATCGGTTCGACGCCACAAAACGACTGGTACTTCTTTAGCCATAAGGACAAGAAGTATCCAACAGGGACTAGGACAAACCGAGCAACAGTTGCTGGATTCTGGAAAGCTACTGGACGTGACAAGATTATCTGTAGTTGTGTTCGGAGGATTGGTTTGAGGAAGACACTTGTGTTCTACCAAGGAAGAGCTCCTCGTGGTCAGAAATCTGATTGGATCATGCATGAGTATCGCCTCGAC</Hsp_hseq>
      <Hsp_midline>|||||||||||||||||||||||||||| |||||||||||||||||||||||||||||||    | ||| ||         ||  |||||  |||  |  ||| ||| | |||  | |||| || || ||| |||||||||||| |||||||||||||||||||| |||||||| |||||||||||||||||||||||||| ||||| |||||||||||||||||||| ||||| ||||| ||||| |||||||| |||||||||||||||||||| ||||||||||| || ||||| |||||||| ||||| |||||  ||||||||||||| ||||||||| |||||||||||||||  ||||||||||| || |||||||||||||||||||||||||||</Hsp_midline>
    </Hsp>
  </Hit_hsps>
</Hit>
<Hit>
  <Hit_num>50</Hit_num>
  <Hit_id>gi|727654126|ref|XM_010499386.1|</Hit_id>
  <Hit_def>PREDICTED: Camelina sativa NAC domain-containing protein 12-like (LOC104775121), partial mRNA</Hit_def>
  <Hit_accession>XM_010499386</Hit_accession>
  <Hit_len>312</Hit_len>
  <Hit_hsps>
    <Hsp>
      <Hsp_num>1</Hsp_num>
      <Hsp_bit-score>412.454</Hsp_bit-score>
      <Hsp_score>456</Hsp_score>
      <Hsp_evalue>9.4212e-110</Hsp_evalue>
      <Hsp_query-from>485</Hsp_query-from>
      <Hsp_query-to>752</Hsp_query-to>
      <Hsp_hit-from>45</Hsp_hit-from>
      <Hsp_hit-to>312</Hsp_hit-to>
      <Hsp_query-frame>1</Hsp_query-frame>
      <Hsp_hit-frame>1</Hsp_hit-frame>
      <Hsp_identity>252</Hsp_identity>
      <Hsp_positive>252</Hsp_positive>
      <Hsp_gaps>0</Hsp_gaps>
      <Hsp_align-len>268</Hsp_align-len>
      <Hsp_qseq>AGAGGAATGTAGAATCGGTTCAACGCCACAAAACGACTGGTACTTCTTCAGCCACAAGGACAAGAAGTATCCAACCGGGACCAGGACGAACCGGGCAACAGTCGCTGGATTCTGGAAAGCTACCGGACGTGACAAAATCATCTGCAGTTGTGTCCGGAGAATTGGACTGAGGAAGACACTCGTGTTCTACAAAGGAAGAGCTCCTCACGGTCAGAAATCCGACTGGATCATGCATGAGTATCGCCTCGACGATACTCCAATGTCTAAT</Hsp_qseq>
      <Hsp_hseq>AGAGGAATGTAGAATCGGTTCGACGCCGCAAAACGACTGGTACTTCTTCAGCCACAAAGACAAAAAGTATCCAACCGGGACCAGGACAAACCGGGCAACAGTTGCTGGATTCTGGAAAGCTACGGGACGTGACAAGATCATATGTAGTTGTGTCCGAAGGATTGGATTGCGGAAGACACTCGTGTTCTACAAAGGAAGAGCTCCTCACGGTCAGAAATCCGATTGGATCATGCATGAGTATCGCCTCGACGATACTCCAATGACTAAT</Hsp_hseq>
      <Hsp_midline>||||||||||||||||||||| ||||| ||||||||||||||||||||||||||||| ||||| ||||||||||||||||||||||| |||||||||||||| |||||||||||||||||||| ||||||||||| ||||| || ||||||||||| || |||||| || |||||||||||||||||||||||||||||||||||||||||||||||||||| ||||||||||||||||||||||||||||||||||||||| |||||</Hsp_midline>
    </Hsp>
    <Hsp>
      <Hsp_num>2</Hsp_num>
      <Hsp_bit-score>79.7328</Hsp_bit-score>
      <Hsp_score>87</Hsp_score>
      <Hsp_evalue>2.53925e-09</Hsp_evalue>
      <Hsp_query-from>346</Hsp_query-from>
      <Hsp_query-to>391</Hsp_query-to>
      <Hsp_hit-from>1</Hsp_hit-from>
      <Hsp_hit-to>46</Hsp_hit-to>
      <Hsp_query-frame>1</Hsp_query-frame>
      <Hsp_hit-frame>1</Hsp_hit-frame>
      <Hsp_identity>45</Hsp_identity>
      <Hsp_positive>45</Hsp_positive>
      <Hsp_gaps>0</Hsp_gaps>
      <Hsp_align-len>46</Hsp_align-len>
      <Hsp_qseq>ATTCGTGAAGTTGATCTAAACAAGCTTGAGCCTTGGGATATTCAAG</Hsp_qseq>
      <Hsp_hseq>ATTCGTGAAGTTGATCTTAACAAGCTTGAGCCTTGGGATATTCAAG</Hsp_hseq>
      <Hsp_midline>||||||||||||||||| ||||||||||||||||||||||||||||</Hsp_midline>
    </Hsp>
  </Hit_hsps>
</Hit>
</Iteration_hits>
  <Iteration_stat>
    <Statistics>
      <Statistics_db-num>81772598</Statistics_db-num>
      <Statistics_db-len>1836336151</Statistics_db-len>
      <Statistics_hsp-len>0</Statistics_hsp-len>
      <Statistics_eff-space>0</Statistics_eff-space>
      <Statistics_kappa>0.41</Statistics_kappa>
      <Statistics_lambda>0.625</Statistics_lambda>
      <Statistics_entropy>0.78</Statistics_entropy>
    </Statistics>
  </Iteration_stat>
</Iteration>
</BlastOutput_iterations>
</BlastOutput>
